Unity Editor version:    2019.4.41f2 (6b23d448b533)
Branch:                  HEAD
Build type:              Debug
Batch mode:              YES
System name:             Linux
Distro version:          #35~24.04.1-Ubuntu SMP PREEMPT_DYNAMIC Tue May 26 19:30:42 UTC 2
Kernel version:          6.17.0-35-generic
Architecture:            x86_64
Available memory:        128159 MB
[redacted: Unity licensing line withheld from published provenance]
[redacted: Unity licensing line withheld from published provenance]
[redacted: Unity licensing line withheld from published provenance]
[SignatureVerifier] Application signature verification not supported on this platform.
[redacted: Unity licensing line withheld from published provenance]
[redacted: Unity licensing line withheld from published provenance]
Entitlement-based licensing initiated
[redacted: Unity licensing line withheld from published provenance]
[redacted: Unity licensing line withheld from published provenance]

[redacted: Unity licensing line withheld from published provenance]


[redacted: Unity licensing line withheld from published provenance]
[Package Manager] Server::Start -- Port 47269 was selected

COMMAND LINE ARGUMENTS:
/home/sukai/.local/share/novphy-unity/2019.4.41f2-6b23d448b533/editor/Editor/Unity
-batchmode
-nographics
-projectPath
/mnt/array/sukaih/Project/NovPhy/tasks/task_template_designer
-executeMethod
NovPhyBuild.BuildPhysicsLinux
-quit
-logFile
/tmp/novphy_physics_build_c7NCSj/unity-build.log
Successfully changed project path to: /mnt/array/sukaih/Project/NovPhy/tasks/task_template_designer
/mnt/array/sukaih/Project/NovPhy/tasks/task_template_designer
Using Asset Import Pipeline V2.
DisplayProgressbar: Unity Package Manager
Adding genesis user token [Package Manager] Done resolving packages in 0.36s seconds
[Package Manager] Done checking package constraints in 0.00s seconds
[Package Manager] 
Registered 41 packages:
  Packages from [https://packages.unity.com]:
    com.unity.collab-proxy@1.14.18 (location: /mnt/array/sukaih/Project/NovPhy/tasks/task_template_designer/Library/PackageCache/com.unity.collab-proxy@1.14.18)
    com.unity.ide.rider@1.2.1 (location: /mnt/array/sukaih/Project/NovPhy/tasks/task_template_designer/Library/PackageCache/com.unity.ide.rider@1.2.1)
    com.unity.ide.visualstudio@2.0.15 (location: /mnt/array/sukaih/Project/NovPhy/tasks/task_template_designer/Library/PackageCache/com.unity.ide.visualstudio@2.0.15)
    com.unity.ide.vscode@1.2.5 (location: /mnt/array/sukaih/Project/NovPhy/tasks/task_template_designer/Library/PackageCache/com.unity.ide.vscode@1.2.5)
    com.unity.test-framework@1.1.31 (location: /mnt/array/sukaih/Project/NovPhy/tasks/task_template_designer/Library/PackageCache/com.unity.test-framework@1.1.31)
    com.unity.textmeshpro@2.1.6 (location: /mnt/array/sukaih/Project/NovPhy/tasks/task_template_designer/Library/PackageCache/com.unity.textmeshpro@2.1.6)
    com.unity.timeline@1.2.18 (location: /mnt/array/sukaih/Project/NovPhy/tasks/task_template_designer/Library/PackageCache/com.unity.timeline@1.2.18)
    com.unity.ext.nunit@1.0.6 (location: /mnt/array/sukaih/Project/NovPhy/tasks/task_template_designer/Library/PackageCache/com.unity.ext.nunit@1.0.6)
  Built-in packages:
    com.unity.ugui@1.0.0 (location: /mnt/array/sukaih/Project/NovPhy/tasks/task_template_designer/Library/PackageCache/com.unity.ugui@1.0.0)
    com.unity.modules.ai@1.0.0 (location: /mnt/array/sukaih/Project/NovPhy/tasks/task_template_designer/Library/PackageCache/com.unity.modules.ai@1.0.0)
    com.unity.modules.androidjni@1.0.0 (location: /mnt/array/sukaih/Project/NovPhy/tasks/task_template_designer/Library/PackageCache/com.unity.modules.androidjni@1.0.0)
    com.unity.modules.animation@1.0.0 (location: /mnt/array/sukaih/Project/NovPhy/tasks/task_template_designer/Library/PackageCache/com.unity.modules.animation@1.0.0)
    com.unity.modules.assetbundle@1.0.0 (location: /mnt/array/sukaih/Project/NovPhy/tasks/task_template_designer/Library/PackageCache/com.unity.modules.assetbundle@1.0.0)
    com.unity.modules.audio@1.0.0 (location: /mnt/array/sukaih/Project/NovPhy/tasks/task_template_designer/Library/PackageCache/com.unity.modules.audio@1.0.0)
    com.unity.modules.cloth@1.0.0 (location: /mnt/array/sukaih/Project/NovPhy/tasks/task_template_designer/Library/PackageCache/com.unity.modules.cloth@1.0.0)
    com.unity.modules.director@1.0.0 (location: /mnt/array/sukaih/Project/NovPhy/tasks/task_template_designer/Library/PackageCache/com.unity.modules.director@1.0.0)
    com.unity.modules.imageconversion@1.0.0 (location: /mnt/array/sukaih/Project/NovPhy/tasks/task_template_designer/Library/PackageCache/com.unity.modules.imageconversion@1.0.0)
    com.unity.modules.imgui@1.0.0 (location: /mnt/array/sukaih/Project/NovPhy/tasks/task_template_designer/Library/PackageCache/com.unity.modules.imgui@1.0.0)
    com.unity.modules.jsonserialize@1.0.0 (location: /mnt/array/sukaih/Project/NovPhy/tasks/task_template_designer/Library/PackageCache/com.unity.modules.jsonserialize@1.0.0)
    com.unity.modules.particlesystem@1.0.0 (location: /mnt/array/sukaih/Project/NovPhy/tasks/task_template_designer/Library/PackageCache/com.unity.modules.particlesystem@1.0.0)
    com.unity.modules.physics@1.0.0 (location: /mnt/array/sukaih/Project/NovPhy/tasks/task_template_designer/Library/PackageCache/com.unity.modules.physics@1.0.0)
    com.unity.modules.physics2d@1.0.0 (location: /mnt/array/sukaih/Project/NovPhy/tasks/task_template_designer/Library/PackageCache/com.unity.modules.physics2d@1.0.0)
    com.unity.modules.screencapture@1.0.0 (location: /mnt/array/sukaih/Project/NovPhy/tasks/task_template_designer/Library/PackageCache/com.unity.modules.screencapture@1.0.0)
    com.unity.modules.terrain@1.0.0 (location: /mnt/array/sukaih/Project/NovPhy/tasks/task_template_designer/Library/PackageCache/com.unity.modules.terrain@1.0.0)
    com.unity.modules.terrainphysics@1.0.0 (location: /mnt/array/sukaih/Project/NovPhy/tasks/task_template_designer/Library/PackageCache/com.unity.modules.terrainphysics@1.0.0)
    com.unity.modules.tilemap@1.0.0 (location: /mnt/array/sukaih/Project/NovPhy/tasks/task_template_designer/Library/PackageCache/com.unity.modules.tilemap@1.0.0)
    com.unity.modules.ui@1.0.0 (location: /mnt/array/sukaih/Project/NovPhy/tasks/task_template_designer/Library/PackageCache/com.unity.modules.ui@1.0.0)
    com.unity.modules.uielements@1.0.0 (location: /mnt/array/sukaih/Project/NovPhy/tasks/task_template_designer/Library/PackageCache/com.unity.modules.uielements@1.0.0)
    com.unity.modules.umbra@1.0.0 (location: /mnt/array/sukaih/Project/NovPhy/tasks/task_template_designer/Library/PackageCache/com.unity.modules.umbra@1.0.0)
    com.unity.modules.unityanalytics@1.0.0 (location: /mnt/array/sukaih/Project/NovPhy/tasks/task_template_designer/Library/PackageCache/com.unity.modules.unityanalytics@1.0.0)
    com.unity.modules.unitywebrequest@1.0.0 (location: /mnt/array/sukaih/Project/NovPhy/tasks/task_template_designer/Library/PackageCache/com.unity.modules.unitywebrequest@1.0.0)
    com.unity.modules.unitywebrequestassetbundle@1.0.0 (location: /mnt/array/sukaih/Project/NovPhy/tasks/task_template_designer/Library/PackageCache/com.unity.modules.unitywebrequestassetbundle@1.0.0)
    com.unity.modules.unitywebrequestaudio@1.0.0 (location: /mnt/array/sukaih/Project/NovPhy/tasks/task_template_designer/Library/PackageCache/com.unity.modules.unitywebrequestaudio@1.0.0)
    com.unity.modules.unitywebrequesttexture@1.0.0 (location: /mnt/array/sukaih/Project/NovPhy/tasks/task_template_designer/Library/PackageCache/com.unity.modules.unitywebrequesttexture@1.0.0)
    com.unity.modules.unitywebrequestwww@1.0.0 (location: /mnt/array/sukaih/Project/NovPhy/tasks/task_template_designer/Library/PackageCache/com.unity.modules.unitywebrequestwww@1.0.0)
    com.unity.modules.vehicles@1.0.0 (location: /mnt/array/sukaih/Project/NovPhy/tasks/task_template_designer/Library/PackageCache/com.unity.modules.vehicles@1.0.0)
    com.unity.modules.video@1.0.0 (location: /mnt/array/sukaih/Project/NovPhy/tasks/task_template_designer/Library/PackageCache/com.unity.modules.video@1.0.0)
    com.unity.modules.vr@1.0.0 (location: /mnt/array/sukaih/Project/NovPhy/tasks/task_template_designer/Library/PackageCache/com.unity.modules.vr@1.0.0)
    com.unity.modules.wind@1.0.0 (location: /mnt/array/sukaih/Project/NovPhy/tasks/task_template_designer/Library/PackageCache/com.unity.modules.wind@1.0.0)
    com.unity.modules.xr@1.0.0 (location: /mnt/array/sukaih/Project/NovPhy/tasks/task_template_designer/Library/PackageCache/com.unity.modules.xr@1.0.0)
    com.unity.modules.subsystems@1.0.0 (location: /mnt/array/sukaih/Project/NovPhy/tasks/task_template_designer/Library/PackageCache/com.unity.modules.subsystems@1.0.0)

[Subsystems] No new subsystems found in resolved package list.
[Package Manager] Done registering packages in 0.03s seconds
Refreshing native plugins compatible for Editor in 19.66 ms, found 0 plugins.
Preloading 0 native plugins for Editor in 0.00 ms.
Initialize engine version: 2019.4.41f2 (6b23d448b533)
[Subsystems] Discovering subsystems at path /home/sukai/.local/share/novphy-unity/2019.4.41f2-6b23d448b533/editor/Editor/Data/Resources/UnitySubsystems
[Subsystems] Discovering subsystems at path /mnt/array/sukaih/Project/NovPhy/tasks/task_template_designer/Assets
Forcing GfxDevice: Null
GfxDevice: creating device client; threaded=0
NullGfxDevice:
    Version:  NULL 1.0 [1.0]
    Renderer: Null Device
    Vendor:   Unity Technologies
Initialize mono
Mono path[0] = '/home/sukai/.local/share/novphy-unity/2019.4.41f2-6b23d448b533/editor/Editor/Data/Managed'
Mono path[1] = '/home/sukai/.local/share/novphy-unity/2019.4.41f2-6b23d448b533/editor/Editor/Data/MonoBleedingEdge/lib/mono/unityjit'
Mono config path = '/home/sukai/.local/share/novphy-unity/2019.4.41f2-6b23d448b533/editor/Editor/Data/MonoBleedingEdge/etc'
Using monoOptions --debugger-agent=transport=dt_socket,embedding=1,server=y,suspend=n,address=127.0.0.1:56096
ImportWorker Server TCP listen port: 33861
Begin MonoManager ReloadAssembly
Registering precompiled unity dll's ...
Register platform support module: /home/sukai/.local/share/novphy-unity/2019.4.41f2-6b23d448b533/editor/Editor/Data/PlaybackEngines/LinuxStandaloneSupport/UnityEditor.LinuxStandalone.Extensions.dll
Registered in 0.000802 seconds.
Native extension for LinuxStandalone target not found
Refreshing native plugins compatible for Editor in 18.54 ms, found 0 plugins.
Preloading 0 native plugins for Editor in 0.00 ms.
Mono: successfully reloaded assembly
- Completed reload, in  0.550 seconds
Domain Reload Profiling:
	ReloadAssembly (563ms)
		BeginReloadAssembly (17ms)
			ExecutionOrderSort (0ms)
			DisableScriptedObjects (0ms)
			BackupInstance (0ms)
			ReleaseScriptingObjects (0ms)
			CreateAndSetChildDomain (1ms)
		EndReloadAssembly (204ms)
			LoadAssemblies (17ms)
			RebuildTransferFunctionScriptingTraits (0ms)
			SetupTypeCache (78ms)
			ReleaseScriptCaches (0ms)
			RebuildScriptCaches (20ms)
			SetupLoadedEditorAssemblies (73ms)
				LogAssemblyErrors (0ms)
				InitializePlatformSupportModulesInManaged (3ms)
				SetLoadedEditorAssemblies (0ms)
				RefreshPlugins (19ms)
				BeforeProcessingInitializeOnLoad (1ms)
				ProcessInitializeOnLoadAttributes (46ms)
				ProcessInitializeOnLoadMethodAttributes (4ms)
				AfterProcessingInitializeOnLoad (0ms)
				EditorAssembliesLoaded (0ms)
			ExecutionOrderSort2 (0ms)
			AwakeInstancesAfterBackupRestoration (0ms)
Registering precompiled user dll's ...
Registered in 0.067013 seconds.
Platform modules already initialized, skipping
Validating Project structure ... 0.005747 seconds.
Shader import version has changed; will reimport all shaders...
Upgrading shader files ...0.005355 seconds.
Begin MonoManager ReloadAssembly
Native extension for LinuxStandalone target not found
Refreshing native plugins compatible for Editor in 0.38 ms, found 0 plugins.
Preloading 0 native plugins for Editor in 0.00 ms.
Mono: successfully reloaded assembly
- Completed reload, in  0.519 seconds
Domain Reload Profiling:
	ReloadAssembly (540ms)
		BeginReloadAssembly (33ms)
			ExecutionOrderSort (0ms)
			DisableScriptedObjects (1ms)
			BackupInstance (0ms)
			ReleaseScriptingObjects (0ms)
			CreateAndSetChildDomain (15ms)
		EndReloadAssembly (469ms)
			LoadAssemblies (44ms)
			RebuildTransferFunctionScriptingTraits (0ms)
			SetupTypeCache (150ms)
			ReleaseScriptCaches (0ms)
			RebuildScriptCaches (32ms)
			SetupLoadedEditorAssemblies (203ms)
				LogAssemblyErrors (0ms)
				InitializePlatformSupportModulesInManaged (5ms)
				SetLoadedEditorAssemblies (0ms)
				RefreshPlugins (0ms)
				BeforeProcessingInitializeOnLoad (52ms)
				ProcessInitializeOnLoadAttributes (141ms)
				ProcessInitializeOnLoadMethodAttributes (2ms)
				AfterProcessingInitializeOnLoad (1ms)
				EditorAssembliesLoaded (0ms)
			ExecutionOrderSort2 (0ms)
			AwakeInstancesAfterBackupRestoration (1ms)
Platform modules already initialized, skipping
RefreshInfo: InitialScriptRefreshV2(NoUpdateAssetOptions)
RefreshProfiler: Total: 917.858ms
	InvokeBeforeRefreshCallbacks: 0.254ms
	ApplyChangesToAssetFolders: 0.056ms
	WriteModifiedImportersToTextMetaFiles: 0.000ms
	CleanLegacyArtifacts: 0.000ms
	Scan: 114.172ms
	OnSourceAssetsModified: 0.001ms
	UnregisterDeletedAssets: 0.000ms
	InitializeImportedAssetsSnapshot: 0.140ms
	GetAllGuidsForCategorization: 0.086ms
	CategorizeAssets: 19.289ms
	ImportAndPostprocessOutOfDateAssets: 778.103ms (777.761ms without children)
		ImportManagerImport: 0.000ms (0.000ms without children)
			ImportInProcess: 0.000ms
			ImportOutOfProcess: 0.000ms
			UpdateCategorizedAssets: 0.000ms
			RemoteAssetCacheGetArtifact: 0.000ms (0.000ms without children)
				RemoteAssetCacheResolve: 0.000ms
				RemoteAssetCacheDownloadFile: 0.000ms
		CompileScripts: 0.000ms
		PostProcessAllAssets: 0.000ms
		ReloadImportedAssets: 0.000ms
		VerifyAssetsAreUpToDateAndCorrect: 0.000ms
		EnsureUptoDateAssetsAreRegisteredWithGuidPM: 0.129ms
		InitializingProgressBar: 0.001ms
		PostProcessAllAssetNotificationsAddChangedAssets: 0.087ms
		OnDemandSchedulerStart: 0.000ms
		RestoreLoadedAssetsState: 0.125ms
	InvokeProjectHasChanged: 0.000ms
	UpdateImportedAssetsSnapshot: 0.000ms
	ReloadSourceAssets: 0.276ms
	UnloadImportedAssets: 0.004ms
	Hotreload: 0.100ms
	FixTempGuids: 0.002ms
	VerifyGuidPMRegistrations: 0.000ms
	GatherAllCurrentPrimaryArtifactRevisions: 0.000ms
	UnloadStreamsBegin: 0.243ms
	LoadedImportedAssetsSnapshotReleaseGCHandles: 0.003ms
	GetLoadedSourceAssetsSnapshot: 0.168ms
	PersistCurrentRevisions: 0.000ms
	UnloadStreamsEnd: 4.566ms
	GenerateScriptTypeHashes: 0.167ms
	Untracked: 0.395ms
Refreshing native plugins compatible for Editor in 0.22 ms, found 0 plugins.
Preloading 0 native plugins for Editor in 0.00 ms.
Refresh completed in 0.163582 seconds.
RefreshInfo: RefreshV2(ForceSynchronousImport)
RefreshProfiler: Total: 163.575ms
	InvokeBeforeRefreshCallbacks: 0.427ms
	ApplyChangesToAssetFolders: 0.054ms
	WriteModifiedImportersToTextMetaFiles: 0.000ms
	CleanLegacyArtifacts: 0.000ms
	Scan: 89.961ms
	OnSourceAssetsModified: 0.001ms
	UnregisterDeletedAssets: 0.000ms
	InitializeImportedAssetsSnapshot: 2.969ms
	GetAllGuidsForCategorization: 0.085ms
	CategorizeAssets: 18.070ms
	ImportAndPostprocessOutOfDateAssets: 49.904ms (0.888ms without children)
		ImportManagerImport: 0.000ms (0.000ms without children)
			ImportInProcess: 0.000ms
			ImportOutOfProcess: 0.000ms
			UpdateCategorizedAssets: 0.000ms
			RemoteAssetCacheGetArtifact: 0.000ms (0.000ms without children)
				RemoteAssetCacheResolve: 0.000ms
				RemoteAssetCacheDownloadFile: 0.000ms
		CompileScripts: 0.000ms
		PostProcessAllAssets: 46.320ms
		ReloadImportedAssets: 0.002ms
		VerifyAssetsAreUpToDateAndCorrect: 0.000ms
		EnsureUptoDateAssetsAreRegisteredWithGuidPM: 0.149ms
		InitializingProgressBar: 0.000ms
		PostProcessAllAssetNotificationsAddChangedAssets: 0.077ms
		OnDemandSchedulerStart: 0.394ms
		RestoreLoadedAssetsState: 0.748ms
	InvokeProjectHasChanged: 0.000ms
	UpdateImportedAssetsSnapshot: 1.326ms
	ReloadSourceAssets: 0.245ms
	UnloadImportedAssets: 0.044ms
	Hotreload: 0.442ms
	FixTempGuids: 0.001ms
	VerifyGuidPMRegistrations: 0.000ms
	GatherAllCurrentPrimaryArtifactRevisions: 0.106ms
	UnloadStreamsBegin: 0.005ms
	LoadedImportedAssetsSnapshotReleaseGCHandles: 0.195ms
	GetLoadedSourceAssetsSnapshot: 1.362ms
	PersistCurrentRevisions: 0.000ms
	UnloadStreamsEnd: 0.412ms
	GenerateScriptTypeHashes: 0.355ms
	Untracked: -0.709ms
RefreshInfo: StopAssetImportingV2(ForceSynchronousImport)
RefreshProfiler: Total: 38.706ms
	InvokeBeforeRefreshCallbacks: 0.323ms
	ApplyChangesToAssetFolders: 0.052ms
	WriteModifiedImportersToTextMetaFiles: 0.000ms
	CleanLegacyArtifacts: 0.000ms
	Scan: 35.546ms
	OnSourceAssetsModified: 0.000ms
	UnregisterDeletedAssets: 0.000ms
	InitializeImportedAssetsSnapshot: 1.819ms
	GetAllGuidsForCategorization: 0.000ms
	CategorizeAssets: 0.000ms
	ImportAndPostprocessOutOfDateAssets: 0.000ms (0.000ms without children)
		ImportManagerImport: 0.000ms (0.000ms without children)
			ImportInProcess: 0.000ms
			ImportOutOfProcess: 0.000ms
			UpdateCategorizedAssets: 0.000ms
			RemoteAssetCacheGetArtifact: 0.000ms (0.000ms without children)
				RemoteAssetCacheResolve: 0.000ms
				RemoteAssetCacheDownloadFile: 0.000ms
		CompileScripts: 0.000ms
		PostProcessAllAssets: 0.000ms
		ReloadImportedAssets: 0.000ms
		VerifyAssetsAreUpToDateAndCorrect: 0.000ms
		EnsureUptoDateAssetsAreRegisteredWithGuidPM: 0.000ms
		InitializingProgressBar: 0.000ms
		PostProcessAllAssetNotificationsAddChangedAssets: 0.000ms
		OnDemandSchedulerStart: 0.000ms
		RestoreLoadedAssetsState: 0.000ms
	InvokeProjectHasChanged: 0.000ms
	UpdateImportedAssetsSnapshot: 0.000ms
	ReloadSourceAssets: 0.000ms
	UnloadImportedAssets: 0.000ms
	Hotreload: 0.009ms
	FixTempGuids: 0.002ms
	VerifyGuidPMRegistrations: 0.000ms
	GatherAllCurrentPrimaryArtifactRevisions: 0.095ms
	UnloadStreamsBegin: 0.028ms
	LoadedImportedAssetsSnapshotReleaseGCHandles: 0.181ms
	GetLoadedSourceAssetsSnapshot: 0.294ms
	PersistCurrentRevisions: 0.000ms
	UnloadStreamsEnd: 0.003ms
	GenerateScriptTypeHashes: 0.000ms
	Untracked: 0.353ms
Refresh completed in 0.131467 seconds.
RefreshInfo: RefreshV2(NoUpdateAssetOptions)
RefreshProfiler: Total: 131.462ms
	InvokeBeforeRefreshCallbacks: 0.000ms
	ApplyChangesToAssetFolders: 0.068ms
	WriteModifiedImportersToTextMetaFiles: 0.000ms
	CleanLegacyArtifacts: 0.000ms
	Scan: 109.675ms
	OnSourceAssetsModified: 0.000ms
	UnregisterDeletedAssets: 0.000ms
	InitializeImportedAssetsSnapshot: 1.273ms
	GetAllGuidsForCategorization: 0.041ms
	CategorizeAssets: 17.239ms
	ImportAndPostprocessOutOfDateAssets: 1.525ms (0.303ms without children)
		ImportManagerImport: 0.000ms (0.000ms without children)
			ImportInProcess: 0.000ms
			ImportOutOfProcess: 0.000ms
			UpdateCategorizedAssets: 0.000ms
			RemoteAssetCacheGetArtifact: 0.000ms (0.000ms without children)
				RemoteAssetCacheResolve: 0.000ms
				RemoteAssetCacheDownloadFile: 0.000ms
		CompileScripts: 0.000ms
		PostProcessAllAssets: 0.000ms
		ReloadImportedAssets: 0.000ms
		VerifyAssetsAreUpToDateAndCorrect: 0.000ms
		EnsureUptoDateAssetsAreRegisteredWithGuidPM: 0.138ms
		InitializingProgressBar: 0.000ms
		PostProcessAllAssetNotificationsAddChangedAssets: 0.068ms
		OnDemandSchedulerStart: 0.171ms
		RestoreLoadedAssetsState: 0.845ms
	InvokeProjectHasChanged: 0.000ms
	UpdateImportedAssetsSnapshot: 0.000ms
	ReloadSourceAssets: 0.293ms
	UnloadImportedAssets: 0.041ms
	Hotreload: 0.051ms
	FixTempGuids: 0.001ms
	VerifyGuidPMRegistrations: 0.000ms
	GatherAllCurrentPrimaryArtifactRevisions: 0.093ms
	UnloadStreamsBegin: 0.010ms
	LoadedImportedAssetsSnapshotReleaseGCHandles: 0.217ms
	GetLoadedSourceAssetsSnapshot: 1.129ms
	PersistCurrentRevisions: 0.000ms
	UnloadStreamsEnd: 0.004ms
	GenerateScriptTypeHashes: 0.000ms
	Untracked: -0.199ms
Initializing Unity extensions:
 '/home/sukai/.local/share/novphy-unity/2019.4.41f2-6b23d448b533/editor/Editor/Data/UnityExtensions/Unity/UnityVR/Editor/UnityEditor.VR.dll'  GUID: 4ba2329b63d54f0187bcaa12486b1b0f
UpdateMenuTitleForLanguage: 10
Unloading 87 Unused Serialized files (Serialized files now loaded: 0)
System memory in use before: 35.0 MB.
System memory in use after: 34.3 MB.

Unloading 139 unused Assets to reduce memory usage. Loaded Objects now: 1821.
Total: 2.071809 ms (FindLiveObjects: 0.104557 ms CreateObjectMapping: 0.028553 ms MarkObjects: 1.443195 ms  DeleteObjects: 0.494932 ms)

[ScriptCompilation] Recompiling all scripts because: Recompiling scripts for player build.
BuildPlayer: start building target 24
- Starting script compilation
- Starting compile Library/PlayerScriptAssemblies/UnityEngine.UI.dll
- Starting compile Library/PlayerScriptAssemblies/UnityEngine.TestRunner.dll
- Finished compile Library/PlayerScriptAssemblies/UnityEngine.TestRunner.dll in 1.194306 seconds
- Finished compile Library/PlayerScriptAssemblies/UnityEngine.UI.dll in 1.301449 seconds
- Starting compile Library/PlayerScriptAssemblies/Unity.TextMeshPro.dll
- Starting compile Library/PlayerScriptAssemblies/Unity.Timeline.dll
- Finished compile Library/PlayerScriptAssemblies/Unity.Timeline.dll in 1.202799 seconds
- Finished compile Library/PlayerScriptAssemblies/Unity.TextMeshPro.dll in 1.447837 seconds
- Starting compile Library/PlayerScriptAssemblies/Assembly-CSharp.dll
- Finished compile Library/PlayerScriptAssemblies/Assembly-CSharp.dll in 1.238573 seconds
- Finished script compilation in 4.025178 seconds
Assets/Scripts/GameWorld/ABSlingshot.cs(35,9): warning CS0618: 'LineRenderer.SetWidth(float, float)' is obsolete: 'Use startWidth, endWidth or widthCurve instead.'
Assets/Scripts/GameWorld/Characters/Birds/ABBird.cs(145,13): warning CS0618: 'LineRenderer.SetVertexCount(int)' is obsolete: 'Use positionCount instead.'
Assets/Scripts/GameWorld/Characters/Birds/ABBird.cs(271,9): warning CS0618: 'LineRenderer.SetColors(Color, Color)' is obsolete: 'Use startColor, endColor or colorGradient instead.'
Assets/Scripts/GameWorld/Characters/Birds/ABBird.cs(273,9): warning CS0618: 'LineRenderer.SetVertexCount(int)' is obsolete: 'Use positionCount instead.'
DisplayProgressbar: Building Player
Refresh completed in 0.155670 seconds.
RefreshInfo: RefreshV2()
RefreshProfiler: Total: 155.661ms
	InvokeBeforeRefreshCallbacks: 0.001ms
	ApplyChangesToAssetFolders: 0.089ms
	WriteModifiedImportersToTextMetaFiles: 0.000ms
	CleanLegacyArtifacts: 0.000ms
	Scan: 129.850ms
	OnSourceAssetsModified: 0.000ms
	UnregisterDeletedAssets: 0.000ms
	InitializeImportedAssetsSnapshot: 3.346ms
	GetAllGuidsForCategorization: 0.042ms
	CategorizeAssets: 17.552ms
	ImportAndPostprocessOutOfDateAssets: 1.607ms (0.290ms without children)
		ImportManagerImport: 0.000ms (0.000ms without children)
			ImportInProcess: 0.000ms
			ImportOutOfProcess: 0.000ms
			UpdateCategorizedAssets: 0.000ms
			RemoteAssetCacheGetArtifact: 0.000ms (0.000ms without children)
				RemoteAssetCacheResolve: 0.000ms
				RemoteAssetCacheDownloadFile: 0.000ms
		CompileScripts: 0.000ms
		PostProcessAllAssets: 0.000ms
		ReloadImportedAssets: 0.000ms
		VerifyAssetsAreUpToDateAndCorrect: 0.000ms
		EnsureUptoDateAssetsAreRegisteredWithGuidPM: 0.169ms
		InitializingProgressBar: 0.000ms
		PostProcessAllAssetNotificationsAddChangedAssets: 0.071ms
		OnDemandSchedulerStart: 0.170ms
		RestoreLoadedAssetsState: 0.907ms
	InvokeProjectHasChanged: 0.000ms
	UpdateImportedAssetsSnapshot: 0.000ms
	ReloadSourceAssets: 0.281ms
	UnloadImportedAssets: 0.045ms
	Hotreload: 0.036ms
	FixTempGuids: 0.001ms
	VerifyGuidPMRegistrations: 0.000ms
	GatherAllCurrentPrimaryArtifactRevisions: 0.242ms
	UnloadStreamsBegin: 0.502ms
	LoadedImportedAssetsSnapshotReleaseGCHandles: 0.239ms
	GetLoadedSourceAssetsSnapshot: 1.295ms
	PersistCurrentRevisions: 0.000ms
	UnloadStreamsEnd: 0.004ms
	GenerateScriptTypeHashes: 0.000ms
	Untracked: 0.529ms
- Collect Sprites to Pack : (SequentialAtlasing : 0) 
[     33 MB ]- Grouping sprites using the selected SpritePackerPolicy.
[     45 MB ]- Completed grouping sprites to Atlas.
[     45 MB ]- Build Sprite Atlas. 
[     45 MB ]- Packing 0 atlases.
[     45 MB ]- Packing completed.
[     45 MB ]- Update Sprites and Cleanup. 
[     45 MB ]Opening scene 'Assets/Scenes/Menus/SplashScreen.unity'
LightmapEditorSettings: switching bake backend from 1 to 0.
Unloading 315 Unused Serialized files (Serialized files now loaded: 0)
Loaded scene 'Assets/Scenes/Menus/SplashScreen.unity'
	Deserialize:            7.173 ms
	Integration:            12.549 ms
	Integration of assets:  0.870 ms
	Thread Wait Time:       12.890 ms
	Total Operation Time:   33.482 ms
System memory in use before: 34.5 MB.
System memory in use after: 34.3 MB.

Unloading 27 unused Assets to reduce memory usage. Loaded Objects now: 1877.
Total: 3.872852 ms (FindLiveObjects: 0.112739 ms CreateObjectMapping: 0.028683 ms MarkObjects: 3.527244 ms  DeleteObjects: 0.203635 ms)

Opening scene 'Assets/Scenes/Menus/MainMenu.unity'
LightmapEditorSettings: switching bake backend from 1 to 0.
Unloading 120 Unused Serialized files (Serialized files now loaded: 0)
Loaded scene 'Assets/Scenes/Menus/MainMenu.unity'
	Deserialize:            2.773 ms
	Integration:            6.103 ms
	Integration of assets:  0.031 ms
	Thread Wait Time:       17.338 ms
	Total Operation Time:   26.245 ms
System memory in use before: 50.8 MB.
System memory in use after: 40.2 MB.

Unloading 671 unused Assets to reduce memory usage. Loaded Objects now: 1905.
Total: 4.825762 ms (FindLiveObjects: 0.184107 ms CreateObjectMapping: 0.039419 ms MarkObjects: 3.313192 ms  DeleteObjects: 1.288474 ms)

Opening scene 'Assets/Scenes/Menus/LevelSelectMenu.unity'
LightmapEditorSettings: switching bake backend from 1 to 0.
Unloading 5 Unused Serialized files (Serialized files now loaded: 0)
Loaded scene 'Assets/Scenes/Menus/LevelSelectMenu.unity'
	Deserialize:            6.352 ms
	Integration:            5.635 ms
	Integration of assets:  0.596 ms
	Thread Wait Time:       13.714 ms
	Total Operation Time:   26.297 ms
System memory in use before: 40.6 MB.
System memory in use after: 40.7 MB.

Unloading 3 unused Assets to reduce memory usage. Loaded Objects now: 1942.
Total: 2.965500 ms (FindLiveObjects: 0.075263 ms CreateObjectMapping: 0.017636 ms MarkObjects: 2.857529 ms  DeleteObjects: 0.014712 ms)

Opening scene 'Assets/Scenes/Menus/LoadingScene.unity'
LightmapEditorSettings: switching bake backend from 1 to 0.
Unloading 5 Unused Serialized files (Serialized files now loaded: 0)
Loaded scene 'Assets/Scenes/Menus/LoadingScene.unity'
	Deserialize:            0.964 ms
	Integration:            2.394 ms
	Integration of assets:  0.001 ms
	Thread Wait Time:       19.129 ms
	Total Operation Time:   22.488 ms
System memory in use before: 40.4 MB.
System memory in use after: 35.7 MB.

Unloading 20 unused Assets to reduce memory usage. Loaded Objects now: 1882.
Total: 2.535716 ms (FindLiveObjects: 0.103205 ms CreateObjectMapping: 0.028252 ms MarkObjects: 2.361995 ms  DeleteObjects: 0.041833 ms)

Script attached to 'Main Camera' in scene 'Assets/Scenes/Menus/LoadingScene.unity' is missing or no valid script is attached.
UnityEngine.StackTraceUtility:ExtractStackTrace () (at /home/bokken/build/output/unity/unity/Runtime/Export/Scripting/StackTrace.cs:37)
UnityEditor.BuildPipeline:BuildPlayerInternal (string[],string,string,UnityEditor.BuildTargetGroup,UnityEditor.BuildTarget,UnityEditor.BuildOptions) (at /home/bokken/build/output/unity/unity/Editor/Mono/BuildPipeline.bindings.cs:396)
UnityEditor.BuildPipeline:BuildPlayer (string[],string,string,UnityEditor.BuildTargetGroup,UnityEditor.BuildTarget,UnityEditor.BuildOptions) (at /home/bokken/build/output/unity/unity/Editor/Mono/BuildPipeline.bindings.cs:295)
UnityEditor.BuildPipeline:BuildPlayer (UnityEditor.BuildPlayerOptions) (at /home/bokken/build/output/unity/unity/Editor/Mono/BuildPipeline.bindings.cs:269)
NovPhyBuild:BuildPhysicsLinux () (at Assets/Scripts/Editor/NovPhyBuild.cs:41)

[./Runtime/Mono/ManagedMonoBehaviourRef.cpp line 181] 
(Filename: /home/bokken/build/output/unity/unity/Runtime/Export/Scripting/StackTrace.cs Line: 37)

Script attached to 'Main Camera' in scene 'Assets/Scenes/Menus/LoadingScene.unity' is missing or no valid script is attached.
UnityEngine.StackTraceUtility:ExtractStackTrace () (at /home/bokken/build/output/unity/unity/Runtime/Export/Scripting/StackTrace.cs:37)
UnityEditor.BuildPipeline:BuildPlayerInternal (string[],string,string,UnityEditor.BuildTargetGroup,UnityEditor.BuildTarget,UnityEditor.BuildOptions) (at /home/bokken/build/output/unity/unity/Editor/Mono/BuildPipeline.bindings.cs:396)
UnityEditor.BuildPipeline:BuildPlayer (string[],string,string,UnityEditor.BuildTargetGroup,UnityEditor.BuildTarget,UnityEditor.BuildOptions) (at /home/bokken/build/output/unity/unity/Editor/Mono/BuildPipeline.bindings.cs:295)
UnityEditor.BuildPipeline:BuildPlayer (UnityEditor.BuildPlayerOptions) (at /home/bokken/build/output/unity/unity/Editor/Mono/BuildPipeline.bindings.cs:269)
NovPhyBuild:BuildPhysicsLinux () (at Assets/Scripts/Editor/NovPhyBuild.cs:41)

[./Runtime/Mono/ManagedMonoBehaviourRef.cpp line 181] 
(Filename: /home/bokken/build/output/unity/unity/Runtime/Export/Scripting/StackTrace.cs Line: 37)

Opening scene 'Assets/Scenes/GameWorld.unity'
LightmapEditorSettings: switching bake backend from 1 to 0.
Unloading 4 Unused Serialized files (Serialized files now loaded: 0)
Loaded scene 'Assets/Scenes/GameWorld.unity'
	Deserialize:            7.322 ms
	Integration:            3.722 ms
	Integration of assets:  0.377 ms
	Thread Wait Time:       12.790 ms
	Total Operation Time:   24.210 ms
System memory in use before: 38.4 MB.
System memory in use after: 38.5 MB.

Unloading 1 unused Assets to reduce memory usage. Loaded Objects now: 2001.
Total: 3.003107 ms (FindLiveObjects: 0.126790 ms CreateObjectMapping: 0.030626 ms MarkObjects: 2.840183 ms  DeleteObjects: 0.004947 ms)

Script attached to 'Camera' in scene 'Assets/Scenes/GameWorld.unity' is missing or no valid script is attached.
UnityEngine.StackTraceUtility:ExtractStackTrace () (at /home/bokken/build/output/unity/unity/Runtime/Export/Scripting/StackTrace.cs:37)
UnityEditor.BuildPipeline:BuildPlayerInternal (string[],string,string,UnityEditor.BuildTargetGroup,UnityEditor.BuildTarget,UnityEditor.BuildOptions) (at /home/bokken/build/output/unity/unity/Editor/Mono/BuildPipeline.bindings.cs:396)
UnityEditor.BuildPipeline:BuildPlayer (string[],string,string,UnityEditor.BuildTargetGroup,UnityEditor.BuildTarget,UnityEditor.BuildOptions) (at /home/bokken/build/output/unity/unity/Editor/Mono/BuildPipeline.bindings.cs:295)
UnityEditor.BuildPipeline:BuildPlayer (UnityEditor.BuildPlayerOptions) (at /home/bokken/build/output/unity/unity/Editor/Mono/BuildPipeline.bindings.cs:269)
NovPhyBuild:BuildPhysicsLinux () (at Assets/Scripts/Editor/NovPhyBuild.cs:41)

[./Runtime/Mono/ManagedMonoBehaviourRef.cpp line 181] 
(Filename: /home/bokken/build/output/unity/unity/Runtime/Export/Scripting/StackTrace.cs Line: 37)



Mono dependencies included in the build
Dependency assembly - System.Diagnostics.StackTrace.dll
Dependency assembly - System.Globalization.Extensions.dll
Dependency assembly - System.Runtime.Serialization.Xml.dll
Dependency assembly - System.Xml.XPath.XDocument.dll
Dependency assembly - netstandard.dll
Dependency assembly - Mono.Security.dll
Dependency assembly - System.ComponentModel.Composition.dll
Dependency assembly - System.Configuration.dll
Dependency assembly - System.Core.dll
Dependency assembly - System.Data.dll
Dependency assembly - System.Drawing.dll
Dependency assembly - System.EnterpriseServices.dll
Dependency assembly - System.IO.Compression.FileSystem.dll
Dependency assembly - System.IO.Compression.dll
Dependency assembly - System.Net.Http.dll
Dependency assembly - System.Numerics.dll
Dependency assembly - System.Runtime.Serialization.dll
Dependency assembly - System.ServiceModel.Internals.dll
Dependency assembly - System.Transactions.dll
Dependency assembly - System.Xml.Linq.dll
Dependency assembly - System.Xml.dll
Dependency assembly - System.dll
Dependency assembly - mscorlib.dll
Dependency assembly - websocket-sharp.dll
Dependency assembly - Assembly-CSharp.dll
Dependency assembly - Unity.TextMeshPro.dll
Dependency assembly - Unity.Timeline.dll
Dependency assembly - UnityEngine.UI.dll

Unloading 15 Unused Serialized files (Serialized files now loaded: 0)
System memory in use before: 43.3 MB.
System memory in use after: 40.8 MB.

Unloading 27 unused Assets to reduce memory usage. Loaded Objects now: 1852.
Total: 3.567874 ms (FindLiveObjects: 0.177607 ms CreateObjectMapping: 0.028152 ms MarkObjects: 3.267644 ms  DeleteObjects: 0.093761 ms)

[EnlightenBakeManager] m_Clear = false;
Setting up 24 worker threads for Enlighten.
Unloading 0 Unused Serialized files (Serialized files now loaded: 0)
  Thread -> id: 790826d1c6c0 -> priority: 1 
  Thread -> id: 79082651b6c0 -> priority: 1 
  Thread -> id: 790825d1a6c0 -> priority: 1 
  Thread -> id: 7908255196c0 -> priority: 1 
  Thread -> id: 790824d186c0 -> priority: 1 
  Thread -> id: 7908245176c0 -> priority: 1 
  Thread -> id: 790823d166c0 -> priority: 1 
  Thread -> id: 7908235156c0 -> priority: 1 
  Thread -> id: 790822d146c0 -> priority: 1 
  Thread -> id: 7908225136c0 -> priority: 1 
  Thread -> id: 790821d126c0 -> priority: 1 
  Thread -> id: 7908215116c0 -> priority: 1 
  Thread -> id: 790820d106c0 -> priority: 1 
  Thread -> id: 7907fffff6c0 -> priority: 1 
  Thread -> id: 7907ff7fe6c0 -> priority: 1 
  Thread -> id: 7907feffd6c0 -> priority: 1 
  Thread -> id: 7907fe7fc6c0 -> priority: 1 
  Thread -> id: 7907fdffb6c0 -> priority: 1 
  Thread -> id: 7907fd7fa6c0 -> priority: 1 
  Thread -> id: 7907fcff96c0 -> priority: 1 
  Thread -> id: 7907fc7f86c0 -> priority: 1 
  Thread -> id: 7907fbff76c0 -> priority: 1 
  Thread -> id: 7907fb7f66c0 -> priority: 1 
  Thread -> id: 7907faff56c0 -> priority: 1 
System memory in use before: 40.3 MB.
System memory in use after: 40.4 MB.

Unloading 0 unused Assets to reduce memory usage. Loaded Objects now: 1860.
Total: 2.598850 ms (FindLiveObjects: 0.103716 ms CreateObjectMapping: 0.027672 ms MarkObjects: 2.464088 ms  DeleteObjects: 0.002894 ms)

Unloading 1 Unused Serialized files (Serialized files now loaded: 0)
System memory in use before: 174.9 MB.
System memory in use after: 40.6 MB.

Unloading 153 unused Assets to reduce memory usage. Loaded Objects now: 1852.
Total: 18.532682 ms (FindLiveObjects: 0.122524 ms CreateObjectMapping: 0.018618 ms MarkObjects: 3.301755 ms  DeleteObjects: 15.089224 ms)

Launched and connected shader compiler UnityShaderCompiler after 0.01 seconds
DisplayProgressbar: Compiling shader variants
DisplayProgressbar: Building Player
DisplayProgressbar: Compiling shader variants
DisplayProgressbar: Building Player
DisplayProgressbar: Compiling shader variants
DisplayProgressbar: Building Player

-------------------------------------------------------------------------------
Build Report
Uncompressed usage by category (Percentages based on user generated assets only):
Textures               13.8 mb	 47.5% 
Meshes                 0.0 kb	 0.0% 
Animations             86.7 kb	 0.3% 
Sounds                 0.0 kb	 0.0% 
Shaders                322.8 kb	 1.1% 
Other Assets           268.4 kb	 0.9% 
Levels                 48.7 kb	 0.2% 
Scripts                1.2 mb	 4.1% 
Included DLLs          13.3 mb	 45.9% 
File headers           42.7 kb	 0.1% 
Total User Assets      29.0 mb	 100.0% 
Complete build size    40.0 mb
Used Assets and files from the Resources folder, sorted by uncompressed size:
 2.4 mb	 6.1% Assets/Sprites/Foreground/blocks.png
 2.3 mb	 5.8% Assets/Sprites/HUD/hud.png
 2.3 mb	 5.8% Assets/Sprites/Characters/pigs.png
 1.9 mb	 4.8% Assets/Sprites/Foreground/ground.png
 1.8 mb	 4.4% Assets/Sprites/Characters/birds.png
 1.0 mb	 2.6% Assets/Sprites/Effects/effects.png
 1.0 mb	 2.5% Assets/Sprites/Background/Background-2.png
 445.9 kb	 1.1% Assets/Sprites/Background/Background.png
 426.5 kb	 1.0% Assets/Sprites/Background/Background-1.png
 331.1 kb	 0.8% Resources/unity_builtin_extra
 244.3 kb	 0.6% Assets/Sprites/Effects/dot.png
 49.1 kb	 0.1% Assets/Fonts/angrybirds-regular.ttf
 4.1 kb	 0.0% Assets/Scripts/Shaders/SolidColor.shader
 2.6 kb	 0.0% Assets/Animations/Bird/BirdBlack/bird_black_explode.anim
 2.5 kb	 0.0% Assets/Animations/Effects/dust.anim
 2.5 kb	 0.0% Assets/Animations/Bird/BirdYellow/bird_yellow_hurled.anim
 2.4 kb	 0.0% Assets/Animations/Bird/BirdWhite/bird_white_hurled.anim
 2.4 kb	 0.0% Assets/Animations/Bird/BirdBlack/bird_black_hurled.anim
 2.4 kb	 0.0% Assets/Animations/Bird/BirdBlue/bird_blue_hurled.anim
 2.4 kb	 0.0% Assets/Animations/Effects/explosion.anim
 2.4 kb	 0.0% Assets/Animations/Bird/bird_hurled.anim
 2.4 kb	 0.0% Assets/Animations/Pig/basic_medium_hurt.anim
 2.4 kb	 0.0% Assets/Animations/Pig/basic_medium_blink.anim
 2.4 kb	 0.0% Assets/Animations/Bird/BirdYellow/bird_yellow_pressed.anim
 2.4 kb	 0.0% Assets/Animations/Bird/BirdYellow/bird_yellow_blink.anim
 2.4 kb	 0.0% Assets/Animations/Bird/BirdWhite/bird_white_pressed.anim
 2.4 kb	 0.0% Assets/Animations/Bird/BirdBlue/bird_blue_pressed.anim
 2.4 kb	 0.0% Assets/Animations/Bird/BirdBlack/bird_black_pressed.anim
 2.4 kb	 0.0% Assets/Animations/Pig/basic_big_blink.anim
 2.4 kb	 0.0% Assets/Animations/Bird/BirdWhite/bird_white_blink.anim
 2.4 kb	 0.0% Assets/Animations/Bird/BirdBlue/bird_blue_blink.anim
 2.4 kb	 0.0% Assets/Animations/Bird/BirdBlack/bird_black_blink.anim
 2.3 kb	 0.0% Assets/Animations/Pig/pig_blink.anim
 2.3 kb	 0.0% Assets/Animations/Bird/bird_pressed.anim
 2.3 kb	 0.0% Assets/Animations/Bird/bird_blink.anim
 2.3 kb	 0.0% Assets/Resources/Prefabs/GameWorld/Slingshot.prefab
 2.3 kb	 0.0% Assets/Animations/Pig/pig_hurt.anim
 2.3 kb	 0.0% Assets/Animations/Pig/basic_medium_idle.anim
 2.3 kb	 0.0% Assets/Animations/Pig/basic_big_idle.anim
 2.3 kb	 0.0% Assets/Animations/Pig/basic_big_hurt.anim
 2.3 kb	 0.0% Assets/Animations/Bird/BirdYellow/bird_yellow_idle.anim
 2.3 kb	 0.0% Assets/Animations/Bird/BirdYellow/bird_yellow_die.anim
 2.3 kb	 0.0% Assets/Animations/Bird/BirdWhite/bird_white_idle.anim
 2.3 kb	 0.0% Assets/Animations/Bird/BirdWhite/bird_white_die.anim
 2.3 kb	 0.0% Assets/Animations/Bird/BirdBlue/bird_blue_idle.anim
 2.3 kb	 0.0% Assets/Animations/Bird/BirdBlue/bird_blue_die.anim
 2.3 kb	 0.0% Assets/Animations/Bird/BirdBlack/bird_black_idle.anim
 2.3 kb	 0.0% Assets/Animations/Bird/BirdBlack/bird_black_die.anim
 2.3 kb	 0.0% Assets/Animations/Bird/bird_idle.anim
 2.3 kb	 0.0% Assets/Animations/Pig/pig_idle.anim
 2.3 kb	 0.0% Assets/Animations/Bird/bird_die.anim
 1.5 kb	 0.0% Assets/Animations/Bird/BirdBlack/BirdBlack.controller
 1.5 kb	 0.0% Assets/Resources/Prefabs/GameWorld/Landscape.prefab
 1.3 kb	 0.0% Assets/Animations/Bird/BirdYellow/BirdYellow.controller
 1.3 kb	 0.0% Assets/Animations/Bird/BirdWhite/BirdWhite.controller
 1.3 kb	 0.0% Assets/Animations/Bird/BirdBlue/BirdBlue.controller
 1.3 kb	 0.0% Assets/Animations/Bird/bird.controller
 1.2 kb	 0.0% Assets/Resources/Prefabs/GameWorld/Background.prefab
 1.2 kb	 0.0% Assets/Resources/Prefabs/GameWorld/Characters/Pigs/BasicBig.prefab
 1.1 kb	 0.0% Assets/Resources/Prefabs/GameWorld/Blocks/SquareTiny.prefab
 1.1 kb	 0.0% Assets/Resources/Prefabs/GameWorld/Characters/Pigs/BasicMedium.prefab
 1.1 kb	 0.0% Assets/Resources/Prefabs/GameWorld/Characters/Pigs/BasicSmall.prefab
 1.1 kb	 0.0% Assets/Resources/Prefabs/GameWorld/Blocks/Circle.prefab
 1.1 kb	 0.0% Assets/Resources/Prefabs/GameWorld/Blocks/SquareHole.prefab
 1.1 kb	 0.0% Assets/Resources/Prefabs/GameWorld/Particles/Egg.prefab
 1.0 kb	 0.0% Assets/Resources/Prefabs/Menus/LevelSelector.prefab
 1.0 kb	 0.0% Assets/Resources/Prefabs/GameWorld/Blocks/CircleSmall.prefab
 1.0 kb	 0.0% Assets/Resources/Materials/LineMat.mat
 1.0 kb	 0.0% Assets/Resources/Prefabs/GameWorld/TNT.prefab
 0.9 kb	 0.0% Assets/Resources/Prefabs/GameWorld/Blocks/TriangleHole.prefab
 0.9 kb	 0.0% Assets/Animations/Pig/BasicBig.controller
 0.9 kb	 0.0% Assets/Resources/Prefabs/GameWorld/Blocks/Triangle.prefab
 0.9 kb	 0.0% Assets/Animations/Pig/BasicMedium.controller
 0.9 kb	 0.0% Assets/Resources/Prefabs/GameWorld/Blocks/SquareSmall.prefab
 0.9 kb	 0.0% Assets/Resources/Prefabs/GameWorld/Blocks/RectSmall.prefab
 0.9 kb	 0.0% Assets/Resources/Prefabs/GameWorld/Blocks/RectMedium.prefab
 0.9 kb	 0.0% Assets/Resources/Prefabs/GameWorld/Blocks/RectTiny.prefab
 0.9 kb	 0.0% Assets/Resources/Prefabs/GameWorld/Blocks/RectFat.prefab
 0.9 kb	 0.0% Assets/Resources/Prefabs/GameWorld/Blocks/RectBig.prefab
 0.8 kb	 0.0% Assets/Animations/Pig/pig1.controller
 0.7 kb	 0.0% Assets/Resources/Prefabs/GameWorld/Characters/Birds/BirdBlack.prefab
 0.7 kb	 0.0% Assets/Resources/Prefabs/GameWorld/Characters/Birds/BirdWhite.prefab
 0.7 kb	 0.0% Assets/Resources/Prefabs/GameWorld/Characters/Birds/BirdYellow.prefab
 0.7 kb	 0.0% Assets/Resources/Prefabs/GameWorld/Characters/Birds/BirdBlue.prefab
 0.7 kb	 0.0% Assets/Resources/Prefabs/GameWorld/Characters/Birds/BirdRed.prefab
 0.5 kb	 0.0% Assets/Resources/Prefabs/GameWorld/Platform.prefab
 0.4 kb	 0.0% Assets/Animations/Effects/explosion_0.controller
 0.4 kb	 0.0% Assets/Animations/Effects/dust_0.controller
 0.4 kb	 0.0% Assets/Resources/Prefabs/GameWorld/Particles/Explosion.prefab
 0.4 kb	 0.0% Assets/Resources/Prefabs/GameWorld/Particles/Dust.prefab
 0.3 kb	 0.0% Assets/Resources/Prefabs/GameWorld/Particles/ScorePoints.prefab
 0.3 kb	 0.0% Assets/Resources/Prefabs/GameWorld/GroundExtension.prefab
 0.3 kb	 0.0% Assets/Resources/Prefabs/GameWorld/Particles/BirdTrail/Particle3.prefab
 0.3 kb	 0.0% Assets/Resources/Prefabs/GameWorld/Particles/BirdTrail/Particle2.prefab
 0.3 kb	 0.0% Assets/Resources/Prefabs/GameWorld/Particles/BirdTrail/Particle1.prefab
 0.3 kb	 0.0% Assets/Resources/Prefabs/GameWorld/Characters/Birds/Not Used/BirdRedBig.prefab
 0.3 kb	 0.0% Assets/Resources/Prefabs/GameWorld/Characters/Birds/Not Used/BirdOrange.prefab
 0.3 kb	 0.0% Assets/Resources/Prefabs/GameWorld/Characters/Birds/Not Used/BirdGreen.prefab
 0.3 kb	 0.0% Assets/Resources/Prefabs/GameWorld/Particles/Stone.prefab
 0.3 kb	 0.0% Assets/Resources/Prefabs/GameWorld/Particles/Feathers/Feather8.prefab
 0.3 kb	 0.0% Assets/Resources/Prefabs/GameWorld/Particles/Feathers/Feather7.prefab
 0.3 kb	 0.0% Assets/Resources/Prefabs/GameWorld/Particles/Feathers/Feather6.prefab
 0.3 kb	 0.0% Assets/Resources/Prefabs/GameWorld/Particles/Feathers/Feather5.prefab
 0.3 kb	 0.0% Assets/Resources/Prefabs/GameWorld/Particles/Feathers/Feather4.prefab
 0.3 kb	 0.0% Assets/Resources/Prefabs/GameWorld/Particles/Feathers/Feather3.prefab
 0.3 kb	 0.0% Assets/Resources/Prefabs/GameWorld/Particles/Feathers/Feather2.prefab
 0.3 kb	 0.0% Assets/Resources/Prefabs/GameWorld/Particles/Feathers/Feather1.prefab
 0.3 kb	 0.0% Assets/Resources/Prefabs/GameWorld/Particles/Wood.prefab
 0.2 kb	 0.0% Packages/com.unity.test-framework/UnityEngine.TestRunner/NUnitExtensions/Runner/RestoreTestContextAfterDomainReload.cs
 0.2 kb	 0.0% Packages/com.unity.test-framework/UnityEngine.TestRunner/NUnitExtensions/Runner/UnityLogCheckDelegatingCommand.cs
 0.2 kb	 0.0% Packages/com.unity.timeline/Runtime/AssetUpgrade/AnimationPlayableAssetUpgrade.cs
 0.2 kb	 0.0% Packages/com.unity.test-framework/UnityEngine.TestRunner/NUnitExtensions/Runner/UnityTestExecutionContext.cs
 0.2 kb	 0.0% Packages/com.unity.test-framework/UnityEngine.TestRunner/NUnitExtensions/Commands/EnumerableApplyChangesToContextCommand.cs
 0.2 kb	 0.0% Packages/com.unity.test-framework/UnityEngine.TestRunner/Utils/Vector4ComparerWithEqualsOperator.cs
 0.2 kb	 0.0% Packages/com.unity.test-framework/UnityEngine.TestRunner/Utils/Vector3ComparerWithEqualsOperator.cs
 0.2 kb	 0.0% Packages/com.unity.test-framework/UnityEngine.TestRunner/Utils/Vector2ComparerWithEqualsOperator.cs
 0.2 kb	 0.0% Packages/com.unity.test-framework/UnityEngine.TestRunner/TestRunner/RemoteHelpers/RemoteTestResultDataWithTestData.cs
 0.2 kb	 0.0% Packages/com.unity.test-framework/UnityEngine.TestRunner/TestRunner/Callbacks/TestResultRendererCallback.cs
 0.2 kb	 0.0% Packages/com.unity.test-framework/UnityEngine.TestRunner/TestRunner/PlaymodeTestsControllerSettings.cs
 0.2 kb	 0.0% Packages/com.unity.test-framework/UnityEngine.TestRunner/NUnitExtensions/Runner/UnityWorkItemDataHolder.cs
 0.2 kb	 0.0% Packages/com.unity.test-framework/UnityEngine.TestRunner/NUnitExtensions/Runner/UnityTestAssemblyRunner.cs
 0.2 kb	 0.0% Packages/com.unity.test-framework/UnityEngine.TestRunner/NUnitExtensions/Runner/PlaymodeWorkItemFactory.cs
 0.2 kb	 0.0% Packages/com.unity.test-framework/UnityEngine.TestRunner/NUnitExtensions/Runner/CoroutineTestWorkItem.cs
 0.2 kb	 0.0% Packages/com.unity.test-framework/UnityEngine.TestRunner/NUnitExtensions/Filters/CategoryFilterExtended.cs
 0.2 kb	 0.0% Packages/com.unity.test-framework/UnityEngine.TestRunner/Assertions/UnexpectedLogMessageException.cs
 0.2 kb	 0.0% Packages/com.unity.test-framework/UnityEngine.TestRunner/TestRunner/RemoteHelpers/RemoteTestResultDataFactory.cs
 0.2 kb	 0.0% Packages/com.unity.test-framework/UnityEngine.TestRunner/TestRunner/RemoteHelpers/PlayerConnectionMessageIds.cs
 0.2 kb	 0.0% Packages/com.unity.test-framework/UnityEngine.TestRunner/TestRunner/Callbacks/RemoteTestResultSender.cs
 0.2 kb	 0.0% Packages/com.unity.test-framework/UnityEngine.TestRunner/TestRunner/Callbacks/PlayModeRunnerCallback.cs
 0.2 kb	 0.0% Packages/com.unity.test-framework/UnityEngine.TestRunner/Assertions/AllocatingGCMemoryConstraint.cs
 0.1 kb	 0.0% Packages/com.unity.test-framework/UnityEngine.TestRunner/NUnitExtensions/UnityTestAssemblyBuilder.cs
 0.1 kb	 0.0% Packages/com.unity.test-framework/UnityEngine.TestRunner/NUnitExtensions/Runner/TestCommandBuilder.cs
 0.1 kb	 0.0% Packages/com.unity.test-framework/UnityEngine.TestRunner/NUnitExtensions/Runner/DefaultTestWorkItem.cs
 0.1 kb	 0.0% Packages/com.unity.test-framework/UnityEngine.TestRunner/NUnitExtensions/Runner/CompositeWorkItem.cs
 0.1 kb	 0.0% Packages/com.unity.test-framework/UnityEngine.TestRunner/NUnitExtensions/Filters/AssemblyNameFilter.cs
 0.1 kb	 0.0% Packages/com.unity.test-framework/UnityEngine.TestRunner/NUnitExtensions/Commands/EnumerableSetUpTearDownCommand.cs
 0.1 kb	 0.0% Packages/com.unity.test-framework/UnityEngine.TestRunner/NUnitExtensions/Commands/EnumerableRepeatedTestCommand.cs
 0.1 kb	 0.0% Packages/com.unity.test-framework/UnityEngine.TestRunner/NUnitExtensions/Attributes/TestMustExpectAllLogsAttribute.cs
 0.1 kb	 0.0% Packages/com.unity.test-framework/UnityEngine.TestRunner/Assertions/UnityTestTimeoutException.cs
 0.1 kb	 0.0% Packages/com.unity.test-framework/UnityEngine.TestRunner/Assertions/UnhandledLogMessageException.cs
 0.1 kb	 0.0% Packages/com.unity.test-framework/UnityEngine.TestRunner/Assertions/InvalidSignatureException.cs
 0.1 kb	 0.0% Packages/com.unity.test-framework/UnityEngine.TestRunner/Utils/QuaternionEqualityComparer.cs
 0.1 kb	 0.0% Packages/com.unity.test-framework/UnityEngine.TestRunner/Utils/AssemblyProvider/PlayerTestAssemblyProvider.cs
 0.1 kb	 0.0% Packages/com.unity.test-framework/UnityEngine.TestRunner/TestRunner/RuntimeTestRunnerFilter.cs
 0.1 kb	 0.0% Packages/com.unity.test-framework/UnityEngine.TestRunner/TestRunner/Callbacks/TestResultRenderer.cs
 0.1 kb	 0.0% Packages/com.unity.test-framework/UnityEngine.TestRunner/TestRunner/Callbacks/PlayerQuitHandler.cs
 0.1 kb	 0.0% Packages/com.unity.test-framework/UnityEngine.TestRunner/Utils/PostBuildCleanupAttribute.cs
 0.1 kb	 0.0% Packages/com.unity.test-framework/UnityEngine.TestRunner/TestRunner/TestEnumeratorWrapper.cs
 0.1 kb	 0.0% Packages/com.unity.test-framework/UnityEngine.TestRunner/TestRunner/PlaymodeTestsController.cs
 0.1 kb	 0.0% Packages/com.unity.test-framework/UnityEngine.TestRunner/NUnitExtensions/TestResultExtensions.cs
 0.1 kb	 0.0% Packages/com.unity.test-framework/UnityEngine.TestRunner/NUnitExtensions/Runner/WorkItemFactory.cs
 0.1 kb	 0.0% Packages/com.unity.test-framework/UnityEngine.TestRunner/NUnitExtensions/Runner/UnityWorkItem.cs
 0.1 kb	 0.0% Packages/com.unity.test-framework/UnityEngine.TestRunner/NUnitExtensions/Filters/FullNameFilter.cs
 0.1 kb	 0.0% Packages/com.unity.test-framework/UnityEngine.TestRunner/NUnitExtensions/ConstructDelegator.cs
 0.1 kb	 0.0% Packages/com.unity.test-framework/UnityEngine.TestRunner/NUnitExtensions/Commands/OuterUnityTestActionCommand.cs
 0.1 kb	 0.0% Packages/com.unity.test-framework/UnityEngine.TestRunner/NUnitExtensions/Commands/ImmediateEnumerableCommand.cs
 0.1 kb	 0.0% Packages/com.unity.test-framework/UnityEngine.TestRunner/NUnitExtensions/Commands/EnumerableTestMethodCommand.cs
 0.1 kb	 0.0% Packages/com.unity.test-framework/UnityEngine.TestRunner/NUnitExtensions/Commands/EnumerableRetryTestCommand.cs
 0.1 kb	 0.0% Packages/com.unity.test-framework/UnityEngine.TestRunner/NUnitExtensions/Commands/BeforeAfterTestCommandState.cs
 0.1 kb	 0.0% Packages/com.unity.test-framework/UnityEngine.TestRunner/NUnitExtensions/Attributes/UnityCombinatorialStrategy.cs
 0.1 kb	 0.0% Packages/com.unity.test-framework/UnityEngine.TestRunner/NUnitExtensions/Attributes/ConditionalIgnoreAttribute.cs
 0.1 kb	 0.0% Packages/com.unity.timeline/Runtime/Animation/AnimationPreviewUpdateCallback.cs
 0.1 kb	 0.0% Packages/com.unity.timeline/Runtime/Animation/AnimationOutputWeightProcessor.cs
 0.1 kb	 0.0% Packages/com.unity.test-framework/UnityEngine.TestRunner/Utils/Vector4EqualityComparer.cs
 0.1 kb	 0.0% Packages/com.unity.test-framework/UnityEngine.TestRunner/Utils/Vector3EqualityComparer.cs
 0.1 kb	 0.0% Packages/com.unity.test-framework/UnityEngine.TestRunner/Utils/Vector2EqualityComparer.cs
 0.1 kb	 0.0% Packages/com.unity.test-framework/UnityEngine.TestRunner/Utils/TestRunCallbackListener.cs
 0.1 kb	 0.0% Packages/com.unity.test-framework/UnityEngine.TestRunner/Utils/FloatEqualityComparer.cs
 0.1 kb	 0.0% Packages/com.unity.test-framework/UnityEngine.TestRunner/Utils/ColorEqualityComparer.cs
 0.1 kb	 0.0% Packages/com.unity.test-framework/UnityEngine.TestRunner/Utils/AssemblyProvider/ScriptingRuntimeProxy.cs
 0.1 kb	 0.0% Packages/com.unity.test-framework/UnityEngine.TestRunner/TestRunner/SynchronousFilter.cs
 0.1 kb	 0.0% Packages/com.unity.test-framework/UnityEngine.TestRunner/TestRunner/RemoteHelpers/RemoteTestResultData.cs
 0.1 kb	 0.0% Packages/com.unity.ugui/Runtime/UI/Core/Layout/HorizontalOrVerticalLayoutGroup.cs
 0.1 kb	 0.0% Packages/com.unity.test-framework/UnityEngine.TestRunner/Utils/TestRunCallbackAttribute.cs
 0.1 kb	 0.0% Packages/com.unity.test-framework/UnityEngine.TestRunner/TestRunner/TestListenerWrapper.cs
 0.1 kb	 0.0% Packages/com.unity.test-framework/UnityEngine.TestRunner/NUnitExtensions/TestExtensions.cs
 0.1 kb	 0.0% Packages/com.unity.test-framework/UnityEngine.TestRunner/NUnitExtensions/Runner/FailCommand.cs
 0.1 kb	 0.0% Packages/com.unity.test-framework/UnityEngine.TestRunner/NUnitExtensions/Commands/UnityTestMethodCommand.cs
 0.1 kb	 0.0% Packages/com.unity.test-framework/UnityEngine.TestRunner/NUnitExtensions/BaseDelegator.cs
 0.1 kb	 0.0% Packages/com.unity.test-framework/UnityEngine.TestRunner/NUnitExtensions/Attributes/UnityTearDownAttribute.cs
 0.1 kb	 0.0% Packages/com.unity.test-framework/UnityEngine.TestRunner/NUnitExtensions/Attributes/UnityPlatformAttribute.cs
 0.1 kb	 0.0% Packages/com.unity.test-framework/UnityEngine.TestRunner/NUnitExtensions/ActionDelegator.cs
 0.1 kb	 0.0% Packages/com.unity.timeline/Runtime/Utilities/AnimationPreviewUtilities.cs
 0.1 kb	 0.0% Packages/com.unity.timeline/Runtime/Playables/TimeNotificationBehaviour.cs
 0.1 kb	 0.0% Packages/com.unity.timeline/Runtime/Playables/ActivationControlPlayable.cs
 0.1 kb	 0.0% Packages/com.unity.test-framework/UnityEngine.TestRunner/Utils/AssemblyProvider/AssemblyLoadProxy.cs
 0.1 kb	 0.0% Packages/com.unity.test-framework/UnityEngine.TestRunner/TestRunner/RemoteHelpers/RemoteTestData.cs
 0.1 kb	 0.0% Packages/com.unity.ugui/Runtime/EventSystem/InputModules/StandaloneInputModule.cs
 0.1 kb	 0.0% Packages/com.unity.timeline/Runtime/AssetUpgrade/AnimationTrackUpgrade.cs
 0.1 kb	 0.0% Packages/com.unity.test-framework/UnityEngine.TestRunner/TestRunner/Messages/IEditModeTestYieldInstruction.cs
 0.1 kb	 0.0% Packages/com.unity.test-framework/UnityEngine.TestRunner/NUnitExtensions/Commands/TestCommandPcHelper.cs
 0.1 kb	 0.0% Packages/com.unity.test-framework/UnityEngine.TestRunner/NUnitExtensions/Commands/TestActionCommand.cs
 0.1 kb	 0.0% Packages/com.unity.test-framework/UnityEngine.TestRunner/NUnitExtensions/Commands/SetUpTearDownCommand.cs
 0.1 kb	 0.0% Packages/com.unity.test-framework/UnityEngine.TestRunner/NUnitExtensions/Commands/EnumerableTestState.cs
 0.1 kb	 0.0% Packages/com.unity.test-framework/UnityEngine.TestRunner/NUnitExtensions/Attributes/UnityTestAttribute.cs
 0.1 kb	 0.0% Packages/com.unity.test-framework/UnityEngine.TestRunner/NUnitExtensions/Attributes/UnitySetUpAttribute.cs
 0.1 kb	 0.0% Assets/Scripts/GroundTruth/PhysicsCaptureV2FixedStepRecorder.cs
 0.1 kb	 0.0% Packages/com.unity.timeline/Runtime/Utilities/TimelineCreateUtilities.cs
 0.1 kb	 0.0% Packages/com.unity.timeline/Runtime/Utilities/NotificationUtilities.cs
 0.1 kb	 0.0% Packages/com.unity.timeline/Runtime/Playables/PrefabControlPlayable.cs
 0.1 kb	 0.0% Packages/com.unity.timeline/Runtime/Playables/ParticleControlPlayable.cs
 0.1 kb	 0.0% Packages/com.unity.timeline/Runtime/Playables/DirectorControlPlayable.cs
 0.1 kb	 0.0% Packages/com.unity.timeline/Runtime/Events/Signals/CustomSignalEventDrawer.cs
 0.1 kb	 0.0% Packages/com.unity.timeline/Runtime/Animation/AnimationPlayableAsset.cs
 0.1 kb	 0.0% Packages/com.unity.timeline/Runtime/Activation/ActivationPlayableAsset.cs
 0.1 kb	 0.0% Packages/com.unity.timeline/Runtime/Activation/ActivationMixerPlayable.cs
 0.1 kb	 0.0% Packages/com.unity.textmeshpro/Scripts/Runtime/TMP_ScrollbarEventHandler.cs
 0.1 kb	 0.0% Packages/com.unity.textmeshpro/Scripts/Runtime/TMP_PackageResourceImporter.cs
 0.1 kb	 0.0% Packages/com.unity.textmeshpro/Scripts/Runtime/TMP_EditorResourceManager.cs
 0.1 kb	 0.0% Packages/com.unity.test-framework/UnityEngine.TestRunner/Utils/CoroutineRunner.cs
 0.1 kb	 0.0% Packages/com.unity.test-framework/UnityEngine.TestRunner/Utils/AssemblyProvider/AssemblyWrapper.cs
 0.1 kb	 0.0% Packages/com.unity.ugui/Runtime/UI/Core/Utility/ReflectionMethodsCache.cs
 0.1 kb	 0.0% Packages/com.unity.ugui/Runtime/UI/Core/MultipleDisplayUtilities.cs
 0.1 kb	 0.0% Packages/com.unity.ugui/Runtime/UI/Core/Layout/HorizontalLayoutGroup.cs
 0.1 kb	 0.0% Packages/com.unity.ugui/Runtime/UI/Core/GraphicRebuildTracker.cs
 0.1 kb	 0.0% Packages/com.unity.ugui/Runtime/UI/Core/Culling/RectangularVertexClipper.cs
 0.1 kb	 0.0% Packages/com.unity.ugui/Runtime/EventSystem/Raycasters/Physics2DRaycaster.cs
 0.1 kb	 0.0% Packages/com.unity.ugui/Runtime/EventSystem/InputModules/PointerInputModule.cs
 0.1 kb	 0.0% Packages/com.unity.test-framework/UnityEngine.TestRunner/Utils/PrebuildSceneSetupAttribute.cs
 0.1 kb	 0.0% Packages/com.unity.test-framework/UnityEngine.TestRunner/Utils/AttributeHelper.cs
 0.1 kb	 0.0% Packages/com.unity.test-framework/UnityEngine.TestRunner/TestRunner/RemoteHelpers/IRemoteTestResultDataFactory.cs
 0.1 kb	 0.0% Packages/com.unity.test-framework/UnityEngine.TestRunner/NUnitExtensions/Runner/IEnumerableTestMethodCommand.cs
 0.1 kb	 0.0% Packages/com.unity.test-framework/UnityEngine.TestRunner/NUnitExtensions/IAsyncTestAssemblyBuilder.cs
 0.1 kb	 0.0% Packages/com.unity.test-framework/UnityEngine.TestRunner/NUnitExtensions/Commands/BeforeAfterTestCommandBase.cs
 0.1 kb	 0.0% Packages/com.unity.test-framework/UnityEngine.TestRunner/NUnitExtensions/Attributes/TestEnumerator.cs
 0.1 kb	 0.0% Assets/Scripts/GroundTruth/PhysicsViolationEngineEvidence.cs
 0.1 kb	 0.0% Assets/Scripts/GroundTruth/PhysicsCaptureV2EntityGeometry.cs
 0.1 kb	 0.0% Assets/Scripts/GroundTruth/PhysicsCaptureV2EngineProtocol.cs
 0.1 kb	 0.0% Packages/com.unity.timeline/Runtime/Utilities/AnimatorBindingCache.cs
 0.1 kb	 0.0% Packages/com.unity.timeline/Runtime/Playables/TimeControlPlayable.cs
 0.1 kb	 0.0% Packages/com.unity.timeline/Runtime/Evaluation/ScheduleRuntimeClip.cs
 0.1 kb	 0.0% Packages/com.unity.timeline/Runtime/Evaluation/InfiniteRuntimeClip.cs
 0.1 kb	 0.0% Packages/com.unity.timeline/Runtime/Control/ControlPlayableAsset.cs
 0.1 kb	 0.0% Packages/com.unity.timeline/Runtime/Audio/AudioPlayableAsset.cs
 0.1 kb	 0.0% Packages/com.unity.timeline/Runtime/Audio/AudioMixerProperties.cs
 0.1 kb	 0.0% Packages/com.unity.timeline/Runtime/Audio/AudioClipProperties.cs
 0.1 kb	 0.0% Packages/com.unity.timeline/Runtime/Attributes/TrackColorAttribute.cs
 0.1 kb	 0.0% Packages/com.unity.textmeshpro/Scripts/Runtime/TMPro_ExtensionMethods.cs
 0.1 kb	 0.0% Packages/com.unity.textmeshpro/Scripts/Runtime/TMP_TextParsingUtilities.cs
 0.1 kb	 0.0% Packages/com.unity.textmeshpro/Scripts/Runtime/TMP_TextElement_Legacy.cs
 0.1 kb	 0.0% Packages/com.unity.textmeshpro/Scripts/Runtime/TMP_SpriteAssetImportFormats.cs
 0.1 kb	 0.0% Packages/com.unity.textmeshpro/Scripts/Runtime/TMP_FontAssetUtilities.cs
 0.1 kb	 0.0% Packages/com.unity.textmeshpro/Scripts/Runtime/MaterialReferenceManager.cs
 0.1 kb	 0.0% Packages/com.unity.ugui/Runtime/UI/Core/SetPropertyUtility.cs
 0.1 kb	 0.0% Packages/com.unity.ugui/Runtime/UI/Core/Layout/VerticalLayoutGroup.cs
 0.1 kb	 0.0% Packages/com.unity.ugui/Runtime/UI/Core/Layout/ContentSizeFitter.cs
 0.1 kb	 0.0% Packages/com.unity.ugui/Runtime/UI/Core/Layout/AspectRatioFitter.cs
 0.1 kb	 0.0% Packages/com.unity.ugui/Runtime/UI/Core/FontUpdateTracker.cs
 0.1 kb	 0.0% Packages/com.unity.ugui/Runtime/UI/Core/CanvasUpdateRegistry.cs
 0.1 kb	 0.0% Packages/com.unity.ugui/Runtime/UI/Core/AnimationTriggers.cs
 0.1 kb	 0.0% Packages/com.unity.ugui/Runtime/EventSystem/Raycasters/PhysicsRaycaster.cs
 0.1 kb	 0.0% Packages/com.unity.ugui/Runtime/EventSystem/Raycasters/BaseRaycaster.cs
 0.1 kb	 0.0% Packages/com.unity.ugui/Runtime/EventSystem/RaycasterManager.cs
 0.1 kb	 0.0% Packages/com.unity.ugui/Runtime/EventSystem/InputModules/TouchInputModule.cs
 0.1 kb	 0.0% Packages/com.unity.ugui/Runtime/EventSystem/InputModules/BaseInputModule.cs
 0.1 kb	 0.0% Packages/com.unity.ugui/Runtime/EventSystem/ExecuteEvents.cs
 0.1 kb	 0.0% Packages/com.unity.ugui/Runtime/EventSystem/EventData/PointerEventData.cs
 0.1 kb	 0.0% Packages/com.unity.ugui/Runtime/EventSystem/EventData/BaseEventData.cs
 0.1 kb	 0.0% Packages/com.unity.ugui/Runtime/EventSystem/EventData/AxisEventData.cs
 0.1 kb	 0.0% Packages/com.unity.timeline/Runtime/TimelineAsset_CreateRemove.cs
 0.1 kb	 0.0% Packages/com.unity.timeline/Runtime/Events/INotificationOptionProvider.cs
 0.1 kb	 0.0% Packages/com.unity.test-framework/UnityEngine.TestRunner/Utils/IOuterUnityTestAction.cs
 0.1 kb	 0.0% Packages/com.unity.test-framework/UnityEngine.TestRunner/Utils/AssemblyProvider/ITestAssemblyProvider.cs
 0.1 kb	 0.0% Packages/com.unity.test-framework/UnityEngine.TestRunner/Utils/AssemblyProvider/IScriptingRuntimeProxy.cs
 0.1 kb	 0.0% Packages/com.unity.test-framework/UnityEngine.TestRunner/Assertions/LogScope/LogScope.cs
 0.1 kb	 0.0% Packages/com.unity.test-framework/UnityEngine.TestRunner/Assertions/LogScope/LogMatch.cs
 0.1 kb	 0.0% Packages/com.unity.test-framework/UnityEngine.TestRunner/Assertions/LogScope/LogEvent.cs
 0.1 kb	 0.0% Packages/com.unity.test-framework/UnityEngine.TestRunner/Assertions/LogAssert.cs
 0.1 kb	 0.0% Packages/com.unity.test-framework/UnityEngine.TestRunner/Assertions/ConstraintsExtensions.cs
 0.1 kb	 0.0% Assets/Scripts/GroundTruth/ObservationCaptureProtocol.cs
 0.1 kb	 0.0% Packages/com.unity.timeline/Runtime/Utilities/WeightUtility.cs
 0.1 kb	 0.0% Packages/com.unity.timeline/Runtime/Utilities/Extrapolation.cs
 0.1 kb	 0.0% Packages/com.unity.timeline/Runtime/TimelinePlayable.cs
 0.1 kb	 0.0% Packages/com.unity.timeline/Runtime/TimelineAsset.cs
 0.1 kb	 0.0% Packages/com.unity.timeline/Runtime/Scripting/PlayableTrack.cs
 0.1 kb	 0.0% Packages/com.unity.timeline/Runtime/Events/Signals/SignalReceiver.cs
 0.1 kb	 0.0% Packages/com.unity.timeline/Runtime/Events/Signals/SignalEmitter.cs
 0.1 kb	 0.0% Packages/com.unity.timeline/Runtime/Evaluation/RuntimeElement.cs
 0.1 kb	 0.0% Packages/com.unity.timeline/Runtime/Evaluation/RuntimeClipBase.cs
 0.1 kb	 0.0% Packages/com.unity.timeline/Runtime/Animation/AnimationTrack.cs
 0.1 kb	 0.0% Packages/com.unity.timeline/Runtime/Activation/ActivationTrack.cs
 0.1 kb	 0.0% Packages/com.unity.textmeshpro/Scripts/Runtime/TMPro_EventManager.cs
 0.1 kb	 0.0% Packages/com.unity.textmeshpro/Scripts/Runtime/TMP_UpdateManager.cs
 0.1 kb	 0.0% Packages/com.unity.textmeshpro/Scripts/Runtime/TMP_TextUtilities.cs
 0.1 kb	 0.0% Packages/com.unity.textmeshpro/Scripts/Runtime/TMP_TextProcessingStack.cs
 0.1 kb	 0.0% Packages/com.unity.textmeshpro/Scripts/Runtime/TMP_SpriteCharacter.cs
 0.1 kb	 0.0% Packages/com.unity.textmeshpro/Scripts/Runtime/TMP_SpriteAnimator.cs
 0.1 kb	 0.0% Packages/com.unity.textmeshpro/Scripts/Runtime/TMP_SelectionCaret.cs
 0.1 kb	 0.0% Packages/com.unity.textmeshpro/Scripts/Runtime/TMP_RichTextTagsCommon.cs
 0.1 kb	 0.0% Packages/com.unity.textmeshpro/Scripts/Runtime/TMP_MaterialManager.cs
 0.1 kb	 0.0% Packages/com.unity.textmeshpro/Scripts/Runtime/TMP_InputValidator.cs
 0.1 kb	 0.0% Packages/com.unity.textmeshpro/Scripts/Runtime/TMP_FontFeaturesCommon.cs
 0.1 kb	 0.0% Packages/com.unity.textmeshpro/Scripts/Runtime/TMP_FontFeatureTable.cs
 0.1 kb	 0.0% Packages/com.unity.textmeshpro/Scripts/Runtime/TMP_DefaultControls.cs
 0.1 kb	 0.0% Packages/com.unity.textmeshpro/Scripts/Runtime/TMP_Compatibility.cs
 0.1 kb	 0.0% Packages/com.unity.textmeshpro/Scripts/Runtime/TMP_ColorGradient.cs
 0.1 kb	 0.0% Packages/com.unity.test-framework/UnityEngine.TestRunner/Utils/Utils.cs
 0.1 kb	 0.0% Packages/com.unity.test-framework/UnityEngine.TestRunner/Assertions/Is.cs
 0.1 kb	 0.0% Packages/com.unity.ugui/Runtime/UI/Core/VertexModifiers/PositionAsUV1.cs
 0.1 kb	 0.0% Packages/com.unity.ugui/Runtime/UI/Core/VertexModifiers/BaseMeshEffect.cs
 0.1 kb	 0.0% Packages/com.unity.ugui/Runtime/UI/Core/StencilMaterial.cs
 0.1 kb	 0.0% Packages/com.unity.ugui/Runtime/UI/Core/MaskableGraphic.cs
 0.1 kb	 0.0% Packages/com.unity.ugui/Runtime/UI/Core/MaskUtilities.cs
 0.1 kb	 0.0% Packages/com.unity.ugui/Runtime/UI/Core/Layout/LayoutUtility.cs
 0.1 kb	 0.0% Packages/com.unity.ugui/Runtime/UI/Core/Layout/LayoutRebuilder.cs
 0.1 kb	 0.0% Packages/com.unity.ugui/Runtime/UI/Core/Layout/LayoutElement.cs
 0.1 kb	 0.0% Packages/com.unity.ugui/Runtime/UI/Core/Layout/GridLayoutGroup.cs
 0.1 kb	 0.0% Packages/com.unity.ugui/Runtime/UI/Core/IGraphicEnabledDisabled.cs
 0.1 kb	 0.0% Packages/com.unity.ugui/Runtime/UI/Core/GraphicRegistry.cs
 0.1 kb	 0.0% Packages/com.unity.ugui/Runtime/UI/Core/GraphicRaycaster.cs
 0.1 kb	 0.0% Packages/com.unity.ugui/Runtime/UI/Core/DefaultControls.cs
 0.1 kb	 0.0% Packages/com.unity.ugui/Runtime/UI/Core/Culling/ClipperRegistry.cs
 0.1 kb	 0.0% Packages/com.unity.ugui/Runtime/EventSystem/UIBehaviour.cs
 0.1 kb	 0.0% Packages/com.unity.ugui/Runtime/EventSystem/InputModules/BaseInput.cs
 0.1 kb	 0.0% Packages/com.unity.ugui/Runtime/EventSystem/EventTrigger.cs
 0.1 kb	 0.0% Packages/com.unity.ugui/Runtime/EventSystem/EventSystem.cs
 0.1 kb	 0.0% Packages/com.unity.test-framework/UnityEngine.TestRunner/Utils/MonoBehaviourTest/MonoBehaviourTest.cs
 0.1 kb	 0.0% Packages/com.unity.test-framework/UnityEngine.TestRunner/Utils/MonoBehaviourTest/IMonoBehaviourTest.cs
 0.1 kb	 0.0% Packages/com.unity.test-framework/UnityEngine.TestRunner/Utils/IPrebuildSceneSetup.cs
 0.1 kb	 0.0% Packages/com.unity.test-framework/UnityEngine.TestRunner/Utils/IPostBuildCleanup.cs
 0.1 kb	 0.0% Packages/com.unity.test-framework/UnityEngine.TestRunner/Utils/AssemblyProvider/IAssemblyLoadProxy.cs
 0.1 kb	 0.0% Packages/com.unity.test-framework/UnityEngine.TestRunner/TestRunner/ITestRunnerListener.cs
 0.1 kb	 0.0% Assets/Scripts/RepresentationNovelty.cs
 0.1 kb	 0.0% Assets/Scripts/GroundTruth/ScenarioObjectIdentity.cs
 0.1 kb	 0.0% Assets/Scripts/GroundTruth/PhysicsCaptureV2Events.cs
 0.1 kb	 0.0% Assets/Scripts/GroundTruth/PhysicsCaptureV2Contacts.cs
 0.1 kb	 0.0% Assets/Scripts/GroundTruth/PhysicsCaptureProtocol.cs
 0.1 kb	 0.0% Assets/Scripts/GroundTruth/PhysicalSnapshotRuntime.cs
 0.1 kb	 0.0% Assets/Scripts/GroundTruth/PhysicalSnapshotModels.cs
 0.1 kb	 0.0% Assets/Scripts/GroundTruth/PhysicalSnapshotExporter.cs
 0.1 kb	 0.0% Assets/Scripts/GroundTruth/PhysicalEntityRegistry.cs
 0.1 kb	 0.0% Assets/Scripts/GroundTruth/PhysicalCaptureModels.cs
 0.1 kb	 0.0% Packages/com.unity.timeline/Runtime/Utilities/TimelineUndo.cs
 0.1 kb	 0.0% Packages/com.unity.timeline/Runtime/Utilities/TimeUtility.cs
 0.1 kb	 0.0% Packages/com.unity.timeline/Runtime/Utilities/HashUtility.cs
 0.1 kb	 0.0% Packages/com.unity.timeline/Runtime/TrackAsset.cs
 0.1 kb	 0.0% Packages/com.unity.timeline/Runtime/TimelineClip.cs
 0.1 kb	 0.0% Packages/com.unity.timeline/Runtime/GroupTrack.cs
 0.1 kb	 0.0% Packages/com.unity.timeline/Runtime/Events/Signals/SignalAsset.cs
 0.1 kb	 0.0% Packages/com.unity.timeline/Runtime/Events/SignalTrack.cs
 0.1 kb	 0.0% Packages/com.unity.timeline/Runtime/Events/MarkerTrack.cs
 0.1 kb	 0.0% Packages/com.unity.timeline/Runtime/Evaluation/RuntimeClip.cs
 0.1 kb	 0.0% Packages/com.unity.timeline/Runtime/Control/ControlTrack.cs
 0.1 kb	 0.0% Packages/com.unity.timeline/Runtime/Audio/AudioTrack.cs
 0.1 kb	 0.0% Packages/com.unity.textmeshpro/Scripts/Runtime/TextMeshProUGUI.cs
 0.1 kb	 0.0% Packages/com.unity.textmeshpro/Scripts/Runtime/TextContainer.cs
 0.1 kb	 0.0% Packages/com.unity.textmeshpro/Scripts/Runtime/TMPro_UGUI_Private.cs
 0.1 kb	 0.0% Packages/com.unity.textmeshpro/Scripts/Runtime/TMPro_MeshUtilities.cs
 0.1 kb	 0.0% Packages/com.unity.textmeshpro/Scripts/Runtime/TMP_UpdateRegistery.cs
 0.1 kb	 0.0% Packages/com.unity.textmeshpro/Scripts/Runtime/TMP_TextElement.cs
 0.1 kb	 0.0% Packages/com.unity.textmeshpro/Scripts/Runtime/TMP_SubMeshUI.cs
 0.1 kb	 0.0% Packages/com.unity.textmeshpro/Scripts/Runtime/TMP_StyleSheet.cs
 0.1 kb	 0.0% Packages/com.unity.textmeshpro/Scripts/Runtime/TMP_SpriteGlyph.cs
 0.1 kb	 0.0% Packages/com.unity.textmeshpro/Scripts/Runtime/TMP_SpriteAsset.cs
 0.1 kb	 0.0% Packages/com.unity.textmeshpro/Scripts/Runtime/TMP_ShaderUtilities.cs
 0.1 kb	 0.0% Packages/com.unity.textmeshpro/Scripts/Runtime/TMP_ResourcesManager.cs
 0.1 kb	 0.0% Packages/com.unity.textmeshpro/Scripts/Runtime/TMP_InputField.cs
 0.1 kb	 0.0% Packages/com.unity.textmeshpro/Scripts/Runtime/TMP_FontAssetCommon.cs
 0.1 kb	 0.0% Packages/com.unity.textmeshpro/Scripts/Runtime/TMP_FontAsset.cs
 0.1 kb	 0.0% Packages/com.unity.textmeshpro/Scripts/Runtime/TMP_CoroutineTween.cs
 0.1 kb	 0.0% Packages/com.unity.textmeshpro/Scripts/Runtime/TMP_CharacterInfo.cs
 0.1 kb	 0.0% Packages/com.unity.textmeshpro/Scripts/Runtime/TMP_Character.cs
 0.1 kb	 0.0% Packages/com.unity.textmeshpro/Scripts/Runtime/ITextPreProcessor.cs
 0.1 kb	 0.0% Packages/com.unity.ugui/Runtime/UI/Core/Utility/VertexHelper.cs
 0.1 kb	 0.0% Packages/com.unity.ugui/Runtime/UI/Core/ToggleGroup.cs
 0.1 kb	 0.0% Packages/com.unity.ugui/Runtime/UI/Core/Selectable.cs
 0.1 kb	 0.0% Packages/com.unity.ugui/Runtime/UI/Core/Scrollbar.cs
 0.1 kb	 0.0% Packages/com.unity.ugui/Runtime/UI/Core/ScrollRect.cs
 0.1 kb	 0.0% Packages/com.unity.ugui/Runtime/UI/Core/RectMask2D.cs
 0.1 kb	 0.0% Packages/com.unity.ugui/Runtime/UI/Core/MaterialModifiers/IMaterialModifier.cs
 0.1 kb	 0.0% Packages/com.unity.ugui/Runtime/UI/Core/Layout/LayoutGroup.cs
 0.1 kb	 0.0% Packages/com.unity.ugui/Runtime/UI/Core/Layout/CanvasScaler.cs
 0.1 kb	 0.0% Packages/com.unity.ugui/Runtime/UI/Core/InputField.cs
 0.1 kb	 0.0% Packages/com.unity.timeline/Runtime/Utilities/IPropertyCollector.cs
 0.1 kb	 0.0% Packages/com.unity.timeline/Runtime/TimelineAttributes.cs
 0.1 kb	 0.0% Packages/com.unity.timeline/Runtime/Timeline.deprecated.cs
 0.1 kb	 0.0% Packages/com.unity.timeline/Runtime/Playables/NotificationFlags.cs
 0.1 kb	 0.0% Packages/com.unity.timeline/Runtime/Playables/BasicScriptPlayable.cs
 0.1 kb	 0.0% Packages/com.unity.test-framework/UnityEngine.TestRunner/Utils/StacktraceFilter.cs
 0.1 kb	 0.0% Packages/com.unity.test-framework/UnityEngine.TestRunner/Utils/ITestRunCallback.cs
 0.1 kb	 0.0% Packages/com.unity.test-framework/UnityEngine.TestRunner/Utils/AssemblyProvider/IAssemblyWrapper.cs
 0.1 kb	 0.0% Packages/com.unity.test-framework/UnityEngine.TestRunner/NUnitExtensions/IStateSerializer.cs
 0.1 kb	 0.0% Assets/Scripts/Utils/ABAudioController.cs
 0.1 kb	 0.0% Assets/Scripts/ScreenshotHandler.cs
 0.1 kb	 0.0% Assets/Scripts/GroundTruth/SymbolicGameState.cs
 0.1 kb	 0.0% Assets/Scripts/GroundTruth/PhysicsShotRecorder.cs
 0.1 kb	 0.0% Assets/Scripts/GroundTruth/PhysicalSnapshotJson.cs
 0.1 kb	 0.0% Assets/Scripts/EvaluationHandler.cs
 0.1 kb	 0.0% Assets/Scripts/AIBirdsConnection.cs
 0.1 kb	 0.0% Packages/com.unity.timeline/Runtime/Events/Marker.cs
 0.1 kb	 0.0% Packages/com.unity.textmeshpro/Scripts/Runtime/TextMeshPro.cs
 0.1 kb	 0.0% Packages/com.unity.textmeshpro/Scripts/Runtime/TMPro_Private.cs
 0.1 kb	 0.0% Packages/com.unity.textmeshpro/Scripts/Runtime/TMP_TextInfo.cs
 0.1 kb	 0.0% Packages/com.unity.textmeshpro/Scripts/Runtime/TMP_SubMesh.cs
 0.1 kb	 0.0% Packages/com.unity.textmeshpro/Scripts/Runtime/TMP_Style.cs
 0.1 kb	 0.0% Packages/com.unity.textmeshpro/Scripts/Runtime/TMP_Sprite.cs
 0.1 kb	 0.0% Packages/com.unity.textmeshpro/Scripts/Runtime/TMP_Settings.cs
 0.1 kb	 0.0% Packages/com.unity.textmeshpro/Scripts/Runtime/TMP_ObjectPool.cs
 0.1 kb	 0.0% Packages/com.unity.textmeshpro/Scripts/Runtime/TMP_Dropdown.cs
 0.1 kb	 0.0% Packages/com.unity.textmeshpro/Scripts/Runtime/TMP_Asset.cs
 0.1 kb	 0.0% Packages/com.unity.textmeshpro/Scripts/Runtime/FastAction.cs
 0.1 kb	 0.0% Packages/com.unity.ugui/Runtime/UI/Core/VertexModifiers/Shadow.cs
 0.1 kb	 0.0% Packages/com.unity.ugui/Runtime/UI/Core/VertexModifiers/Outline.cs
 0.1 kb	 0.0% Packages/com.unity.ugui/Runtime/UI/Core/VertexModifiers/IMeshModifier.cs
 0.1 kb	 0.0% Packages/com.unity.ugui/Runtime/UI/Core/Toggle.cs
 0.1 kb	 0.0% Packages/com.unity.ugui/Runtime/UI/Core/Slider.cs
 0.1 kb	 0.0% Packages/com.unity.ugui/Runtime/UI/Core/RawImage.cs
 0.1 kb	 0.0% Packages/com.unity.ugui/Runtime/UI/Core/Layout/ILayoutElement.cs
 0.1 kb	 0.0% Packages/com.unity.ugui/Runtime/UI/Core/Image.cs
 0.1 kb	 0.0% Packages/com.unity.ugui/Runtime/UI/Core/Graphic.cs
 0.1 kb	 0.0% Packages/com.unity.ugui/Runtime/UI/Core/FontData.cs
 0.1 kb	 0.0% Packages/com.unity.ugui/Runtime/UI/Core/Dropdown.cs
 0.1 kb	 0.0% Packages/com.unity.ugui/Runtime/UI/Core/Culling/Clipping.cs
 0.1 kb	 0.0% Packages/com.unity.ugui/Runtime/UI/Core/Button.cs
 0.1 kb	 0.0% Packages/com.unity.ugui/Runtime/UI/Animation/CoroutineTween.cs
 0.1 kb	 0.0% Packages/com.unity.ugui/Runtime/EventSystem/RaycastResult.cs
 0.1 kb	 0.0% Packages/com.unity.ugui/Runtime/EventSystem/MoveDirection.cs
 0.1 kb	 0.0% Packages/com.unity.ugui/Runtime/EventSystem/EventTriggerType.cs
 0.1 kb	 0.0% Packages/com.unity.ugui/Runtime/EventSystem/EventInterfaces.cs
 0.1 kb	 0.0% Packages/com.unity.timeline/Runtime/Utilities/IPropertyPreview.cs
 0.1 kb	 0.0% Packages/com.unity.timeline/Runtime/Extensions/TrackExtensions.cs
 0.1 kb	 0.0% Packages/com.unity.timeline/Runtime/AssetUpgrade/TimelineUpgrade.cs
 0.1 kb	 0.0% Packages/com.unity.test-framework/UnityEngine.TestRunner/TestRunner/TestPlatform.cs
 0.1 kb	 0.0% Packages/com.unity.test-framework/UnityEngine.TestRunner/Assertions/LogScope/ILogScope.cs
 0.1 kb	 0.0% Packages/com.unity.test-framework/UnityEngine.TestRunner/AssemblyInfo.cs
 0.1 kb	 0.0% Assets/Scripts/Utils/ABSceneManager.cs
 0.1 kb	 0.0% Assets/Scripts/Utils/ABGameManager.cs
 0.1 kb	 0.0% Assets/Scripts/TestHarness/LoadLevelSchema.cs
 0.1 kb	 0.0% Assets/Scripts/TestHarness/GameLevelSetInfo.cs
 0.1 kb	 0.0% Assets/Scripts/TestHarness/ConfigGenerator.cs
 0.1 kb	 0.0% Assets/Scripts/ParticleSystem/ABParticleSystem.cs
 0.1 kb	 0.0% Assets/Scripts/Menus/Buttons/ABLevelSelector.cs
 0.1 kb	 0.0% Assets/Scripts/Menus/ABSplashScreen.cs
 0.1 kb	 0.0% Assets/Scripts/Menus/ABLevelSelect.cs
 0.1 kb	 0.0% Assets/Scripts/Levels/ABLevelUpdate.cs
 0.1 kb	 0.0% Assets/Scripts/GameWorld/Characters/Camera/ABParallaxLayer.cs
 0.1 kb	 0.0% Assets/Scripts/GameWorld/Characters/Camera/ABGameplayCamera.cs
 0.1 kb	 0.0% Packages/com.unity.textmeshpro/Scripts/Runtime/TMP_Text.cs
 0.1 kb	 0.0% Packages/com.unity.textmeshpro/Scripts/Runtime/TMP_MeshInfo.cs
 0.1 kb	 0.0% Packages/com.unity.textmeshpro/Scripts/Runtime/TMP_ListPool.cs
 0.1 kb	 0.0% Packages/com.unity.textmeshpro/Scripts/Runtime/TMP_LineInfo.cs
 0.1 kb	 0.0% Packages/com.unity.textmeshpro/Scripts/Runtime/AssemblyInfo.cs
 0.1 kb	 0.0% Packages/com.unity.ugui/Runtime/UI/Core/Utility/ObjectPool.cs
 0.1 kb	 0.0% Packages/com.unity.ugui/Runtime/UI/Core/Text.cs
 0.1 kb	 0.0% Packages/com.unity.ugui/Runtime/UI/Core/SpriteState.cs
 0.1 kb	 0.0% Packages/com.unity.ugui/Runtime/UI/Core/SpecializedCollections/IndexedSet.cs
 0.1 kb	 0.0% Packages/com.unity.ugui/Runtime/UI/Core/Navigation.cs
 0.1 kb	 0.0% Packages/com.unity.ugui/Runtime/UI/Core/Misc.cs
 0.1 kb	 0.0% Packages/com.unity.ugui/Runtime/UI/Core/Mask.cs
 0.1 kb	 0.0% Packages/com.unity.ugui/Runtime/UI/Core/IMaskable.cs
 0.1 kb	 0.0% Packages/com.unity.ugui/Runtime/UI/Core/Culling/IClipRegion.cs
 0.1 kb	 0.0% Packages/com.unity.ugui/Runtime/UI/Core/ColorBlock.cs
 0.1 kb	 0.0% Packages/com.unity.ugui/Runtime/Properties/AssemblyInfo.cs
 0.1 kb	 0.0% Packages/com.unity.ugui/Runtime/EventSystem/EventHandle.cs
 0.1 kb	 0.0% Packages/com.unity.timeline/Runtime/Properties/AssemblyInfo.cs
 0.1 kb	 0.0% Packages/com.unity.timeline/Runtime/Playables/ITimeControl.cs
 0.1 kb	 0.0% Packages/com.unity.timeline/Runtime/ILayerable.cs
 0.1 kb	 0.0% Packages/com.unity.timeline/Runtime/Events/MarkerList.cs
 0.1 kb	 0.0% Packages/com.unity.timeline/Runtime/Evaluation/IntervalTree.cs
 0.1 kb	 0.0% Packages/com.unity.timeline/Runtime/DiscreteTime.cs
 0.1 kb	 0.0% Packages/com.unity.timeline/Runtime/AssetUpgrade/TrackUpgrade.cs
 0.1 kb	 0.0% Packages/com.unity.timeline/Runtime/AssetUpgrade/ClipUpgrade.cs
 0.1 kb	 0.0% Packages/com.unity.timeline/Runtime/Animation/ICurvesOwner.cs
 0.1 kb	 0.0% Assets/Scripts/Utils/ABSingleton.cs
 0.1 kb	 0.0% Assets/Scripts/Utils/ABObjectPool.cs
 0.1 kb	 0.0% Assets/Scripts/Utils/ABConstants.cs
 0.1 kb	 0.0% Assets/Scripts/Utils/ABArrayUtils.cs
 0.1 kb	 0.0% Assets/Scripts/TestHarness/TrialInfo.cs
 0.1 kb	 0.0% Assets/Scripts/TestHarness/TrainingSet.cs
 0.1 kb	 0.0% Assets/Scripts/Plugins/WebSocket/WebSocket.cs
 0.1 kb	 0.0% Assets/Scripts/Plugins/SimpleJSON.cs
 0.1 kb	 0.0% Assets/Scripts/ParticleSystem/PhysicalBody.cs
 0.1 kb	 0.0% Assets/Scripts/ParticleSystem/ABParticle.cs
 0.1 kb	 0.0% Assets/Scripts/Levels/LevelLoader.cs
 0.1 kb	 0.0% Assets/Scripts/Levels/LevelList.cs
 0.1 kb	 0.0% Assets/Scripts/GroundTruth/GTTrajectory.cs
 0.1 kb	 0.0% Assets/Scripts/GroundTruth/GTObjectBase.cs
 0.1 kb	 0.0% Assets/Scripts/GameWorld/Characters/Birds/ABBirdYellow.cs
 0.1 kb	 0.0% Assets/Scripts/GameWorld/Characters/Birds/ABBirdWhite.cs
 0.1 kb	 0.0% Assets/Scripts/GameWorld/Characters/Birds/ABBirdDown.cs
 0.1 kb	 0.0% Assets/Scripts/GameWorld/Characters/Birds/ABBirdBlack.cs
 0.1 kb	 0.0% Assets/Scripts/GameWorld/Characters/Birds/ABBBirdBlue.cs
 0.1 kb	 0.0% Assets/Scripts/GameWorld/Characters/ABCharacter.cs
 0.1 kb	 0.0% Assets/Scripts/GameWorld/ABSlingshot.cs
 0.1 kb	 0.0% Assets/Scripts/GameWorld/ABGameWorld.cs
 0.1 kb	 0.0% Assets/Scripts/GameWorld/ABGameObject.cs
 0.1 kb	 0.0% Packages/com.unity.ugui/Runtime/UI/Core/Utility/ListPool.cs
 0.1 kb	 0.0% Packages/com.unity.ugui/Runtime/UI/Core/IMask.cs
 0.1 kb	 0.0% Packages/com.unity.timeline/Runtime/Events/IMarker.cs
 0.1 kb	 0.0% Packages/com.unity.timeline/Runtime/ClipCaps.cs
 0.1 kb	 0.0% Assets/Scripts/Utils/ABMath.cs
 0.1 kb	 0.0% Assets/Scripts/TestHarness/TestSet.cs
 0.1 kb	 0.0% Assets/Scripts/Menus/ABMenu.cs
 0.1 kb	 0.0% Assets/Scripts/Levels/ABLevel.cs
 0.1 kb	 0.0% Assets/Scripts/HUD/ScoreHud.cs
 0.1 kb	 0.0% Assets/Scripts/GroundTruth/GTObject.cs
 0.1 kb	 0.0% Assets/Scripts/GroundTruth/GTNoise.cs
 0.1 kb	 0.0% Assets/Scripts/GroundTruth/GTGround.cs
 0.1 kb	 0.0% Assets/Scripts/GroundTruth/ColorMap.cs
 0.1 kb	 0.0% Assets/Scripts/GameWorld/Characters/Birds/ABBird.cs
 0.1 kb	 0.0% Assets/Scripts/GameWorld/Characters/ABPig.cs
 0.1 kb	 0.0% Assets/Scripts/GameWorld/ABTNT.cs
 0.1 kb	 0.0% Assets/Scripts/GameWorld/ABEggTNT.cs
 0.1 kb	 0.0% Assets/Scripts/GameWorld/ABEgg.cs
 0.1 kb	 0.0% Assets/Scripts/GameWorld/ABBlock.cs
 0.1 kb	 0.0% Assets/Scripts/HUD/HUD.cs
 0.0 kb	 0.0% Assets/Resources/Materials/YellowBird.physicsMaterial2D
 0.0 kb	 0.0% Assets/Resources/Materials/WhiteBird.physicsMaterial2D
 0.0 kb	 0.0% Assets/Resources/Materials/PigMedium.physicsMaterial2D
 0.0 kb	 0.0% Assets/Resources/Materials/BlackBird.physicsMaterial2D
 0.0 kb	 0.0% Assets/Resources/Materials/Stone.physicsMaterial2D
 0.0 kb	 0.0% Assets/Resources/Materials/RedBird.physicsMaterial2D
 0.0 kb	 0.0% Assets/Resources/Materials/PigSmall.physicsMaterial2D
 0.0 kb	 0.0% Assets/Resources/Materials/PigBig.physicsMaterial2D
 0.0 kb	 0.0% Assets/Resources/Materials/BlueBird.physicsMaterial2D
 0.0 kb	 0.0% Assets/Resources/Materials/Wood.physicsMaterial2D
 0.0 kb	 0.0% Assets/Resources/Materials/Ice.physicsMaterial2D
-------------------------------------------------------------------------------
DisplayProgressbar: 
Unloading 136 Unused Serialized files (Serialized files now loaded: 0)
System memory in use before: 59.1 MB.
System memory in use after: 46.0 MB.

Unloading 697 unused Assets to reduce memory usage. Loaded Objects now: 1875.
Total: 6.086935 ms (FindLiveObjects: 0.270075 ms CreateObjectMapping: 0.026470 ms MarkObjects: 3.498240 ms  DeleteObjects: 2.291659 ms)

Unloading 0 Unused Serialized files (Serialized files now loaded: 0)
Loaded scene 'Temp/__Backupscenes/0.backup'
	Deserialize:            0.604 ms
	Integration:            2.807 ms
	Integration of assets:  0.002 ms
	Thread Wait Time:       19.510 ms
	Total Operation Time:   22.923 ms
System memory in use before: 43.2 MB.
System memory in use after: 43.4 MB.

Unloading 0 unused Assets to reduce memory usage. Loaded Objects now: 1871.
Total: 3.402416 ms (FindLiveObjects: 0.159259 ms CreateObjectMapping: 0.027841 ms MarkObjects: 3.211490 ms  DeleteObjects: 0.003305 ms)

Batchmode quit successfully invoked - shutting down!
[Performance] Application.InitializeProject                               :        1 samples, Peak.  2.99 s (1.0x), Avg.  2.99 s, Total. 2.989 s (30.4%)
[Performance] Application.PackageManager.StartServer                      :        1 samples, Peak.  1.11 ms (1.0x), Avg.  1.11 ms, Total. 1.112 ms (0.0%)
[Performance] Application.IsBrowserCacheEmpty                             :        1 samples, Peak.   102 us (1.0x), Avg.   102 us, Total. 101.8 us (0.0%)
[Performance] Application.AcquireProjectLock                              :        1 samples, Peak.  1.98 ms (1.0x), Avg.  1.98 ms, Total. 1.978 ms (0.0%)
[Performance] Application.InitializeEngineNoGraphics                      :        1 samples, Peak.  15.4 ms (1.0x), Avg.  15.4 ms, Total. 15.38 ms (0.2%)
[Performance] Application.PackageManager.Initialize                       :        1 samples, Peak.   412 ms (1.0x), Avg.   412 ms, Total. 412.4 ms (4.2%)
[Performance] CurlRequestCheck                                            :        9 samples, Peak.  43.6 us (2.8x), Avg.  15.4 us, Total. 138.9 us (0.0%)
[Performance] PackageManager::RunRequestSynchronously                     :        8 samples, Peak.   489 us (7.1x), Avg.  69.3 us, Total. 554.5 us (0.0%)
[Performance] Application.EngineGraphics.Initialize                       :        1 samples, Peak.  29.2 ms (1.0x), Avg.  29.2 ms, Total. 29.17 ms (0.3%)
[Performance] Application.GI.Initialize                                   :        1 samples, Peak.  1.97 ms (1.0x), Avg.  1.97 ms, Total. 1.974 ms (0.0%)
[Performance] Application.LoadAllDefaultResourcesFromEditor               :        1 samples, Peak.  1.81 ms (1.0x), Avg.  1.81 ms, Total. 1.812 ms (0.0%)
[Performance] Application.LoadMonoAssemblies                              :        1 samples, Peak.   639 ms (1.0x), Avg.   639 ms, Total. 639.0 ms (6.5%)
[Performance] RestoreManagedReferences                                    :        2 samples, Peak.  1.96 ms (2.0x), Avg.   981 us, Total. 1.962 ms (0.0%)
[Performance] ProcessService.EditorAfterLoadAllAssemblies                 :        2 samples, Peak.  20.1 ms (1.2x), Avg.  16.2 ms, Total. 32.46 ms (0.3%)
[Performance] Application.ReadLicenseInfo                                 :        1 samples, Peak.  12.9 ms (1.0x), Avg.  12.9 ms, Total. 12.85 ms (0.1%)
[Performance] Application.InitialScriptRefresh                            :        1 samples, Peak.   919 ms (1.0x), Avg.   919 ms, Total. 918.8 ms (9.4%)
[Performance] Application.AssetDatabase.Refresh                           :        1 samples, Peak.   164 ms (1.0x), Avg.   164 ms, Total. 163.6 ms (1.7%)
[Performance] BuildCatalog                                                :        1 samples, Peak.  31.1 ms (1.0x), Avg.  31.1 ms, Total. 31.11 ms (0.3%)
[Performance] Application.ImportAssetsWithMismatchingAssetImporterVersion :        1 samples, Peak.   180 ms (1.0x), Avg.   180 ms, Total. 180.0 ms (1.8%)
[Performance] Application.SyncCurrentColorSpace                           :        1 samples, Peak.  5.69 ms (1.0x), Avg.  5.69 ms, Total. 5.695 ms (0.1%)
[Performance] Application.OnUsbDevicesChanged                             :        1 samples, Peak.   891 ns (1.0x), Avg.   891 ns, Total. 891.0 ns (0.0%)
[Performance] Application.AssetInstanceCacheUpdate                        :        1 samples, Peak.   230 ns (1.0x), Avg.   230 ns, Total. 230.0 ns (0.0%)
[Performance] Application.UnityExtensions.Initialize                      :        1 samples, Peak.   499 us (1.0x), Avg.   499 us, Total. 498.6 us (0.0%)
[Performance] Application.InitializeManagedCompilationPipeline            :        1 samples, Peak.  27.2 ms (1.0x), Avg.  27.2 ms, Total. 27.18 ms (0.3%)
[Performance] Application.ExecuteStartups                                 :        1 samples, Peak.  4.22 ms (1.0x), Avg.  4.22 ms, Total. 4.216 ms (0.0%)
[Performance] Application.RebuildOSMenu                                   :        1 samples, Peak.  29.9 ms (1.0x), Avg.  29.9 ms, Total. 29.89 ms (0.3%)
[Performance] UpdateAllMenus                                              :        1 samples, Peak.  29.9 ms (1.0x), Avg.  29.9 ms, Total. 29.89 ms (0.3%)
[Performance] Application.editorInitializingProject                       :        1 samples, Peak.  12.6 us (1.0x), Avg.  12.6 us, Total. 12.57 us (0.0%)
[Performance] GUIView.RepaintAll.PlayerLoopController                     :        4 samples, Peak.   390 ns (1.1x), Avg.   365 ns, Total. 1.462 us (0.0%)
[Performance] Application.InvokeFinishedLoadingProject                    :        1 samples, Peak.  21.7 ms (1.0x), Avg.  21.7 ms, Total. 21.72 ms (0.2%)
[Performance] ProcessService.OnProjectLoaded                              :        1 samples, Peak.  19.8 ms (1.0x), Avg.  19.8 ms, Total. 19.75 ms (0.2%)
Cleanup mono
debugger-agent: Unable to listen on 41
Exiting batchmode successfully now!
Checking for leaked weakptr:
  Found no leaked weakptrs.
[Package Manager] Server::Kill -- Server was shutdown
##utp:{"type":"MemoryLeaks","version":2,"phase":"Immediate","time":1787406742816,"processId":1990096,"allocatedMemory":292478,"memoryLabels":[{"Default":-1092},{"Permanent":384},{"Thread":503},{"Manager":5600},{"GfxDevice":31056},{"GfxThread":480},{"Physics":177},{"Serialization":456},{"Renderer":32},{"String":29369},{"DynamicArray":163979},{"HashMap":13681},{"Curl":1112},{"PoolAlloc":120},{"ScriptManager":13044},{"GI":720},{"VR":3867},{"Subsystems":-664},{"EditorUtility":408},{"AssetDatabase":6006},{"RestService":64},{"UnityConnect":21192},{"Collab":632},{"Licensing":1352}]}
