Unity Editor version:    2019.4.41f2 (6b23d448b533)
Branch:                  HEAD
Build type:              Debug
Batch mode:              YES
System name:             Linux
Distro version:          #35~24.04.1-Ubuntu SMP PREEMPT_DYNAMIC Tue May 26 19:30:42 UTC 2
Kernel version:          6.17.0-35-generic
Architecture:            x86_64
Available memory:        128159 MB
[redacted: Unity licensing line withheld from published provenance]
[redacted: Unity licensing line withheld from published provenance]
[redacted: Unity licensing line withheld from published provenance]
[SignatureVerifier] Application signature verification not supported on this platform.
[redacted: Unity licensing line withheld from published provenance]
[redacted: Unity licensing line withheld from published provenance]
Entitlement-based licensing initiated
[redacted: Unity licensing line withheld from published provenance]
[redacted: Unity licensing line withheld from published provenance]

[redacted: Unity licensing line withheld from published provenance]


[redacted: Unity licensing line withheld from published provenance]
[Package Manager] Server::Start -- Port 51025 was selected

COMMAND LINE ARGUMENTS:
/home/sukai/.local/share/novphy-unity/2019.4.41f2-6b23d448b533/editor/Editor/Unity
-batchmode
-nographics
-projectPath
/home/sukai/Project/NovPhy/tasks/task_template_designer
-executeMethod
NovPhyBuild.BuildPhysicsLinux
-quit
-logFile
/tmp/novphy_physics_build_0vpxt8/unity-build.log
Successfully changed project path to: /home/sukai/Project/NovPhy/tasks/task_template_designer
/home/sukai/Project/NovPhy/tasks/task_template_designer
Using Asset Import Pipeline V2.
DisplayProgressbar: Unity Package Manager
Adding genesis user token [Package Manager] Done resolving packages in 0.41s seconds
[Package Manager] Done checking package constraints in 0.00s seconds
[Package Manager]
Registered 41 packages:
  Packages from [https://packages.unity.com]:
    com.unity.collab-proxy@1.14.18 (location: /home/sukai/Project/NovPhy/tasks/task_template_designer/Library/PackageCache/com.unity.collab-proxy@1.14.18)
    com.unity.ide.rider@1.2.1 (location: /home/sukai/Project/NovPhy/tasks/task_template_designer/Library/PackageCache/com.unity.ide.rider@1.2.1)
    com.unity.ide.visualstudio@2.0.15 (location: /home/sukai/Project/NovPhy/tasks/task_template_designer/Library/PackageCache/com.unity.ide.visualstudio@2.0.15)
    com.unity.ide.vscode@1.2.5 (location: /home/sukai/Project/NovPhy/tasks/task_template_designer/Library/PackageCache/com.unity.ide.vscode@1.2.5)
    com.unity.test-framework@1.1.31 (location: /home/sukai/Project/NovPhy/tasks/task_template_designer/Library/PackageCache/com.unity.test-framework@1.1.31)
    com.unity.textmeshpro@2.1.6 (location: /home/sukai/Project/NovPhy/tasks/task_template_designer/Library/PackageCache/com.unity.textmeshpro@2.1.6)
    com.unity.timeline@1.2.18 (location: /home/sukai/Project/NovPhy/tasks/task_template_designer/Library/PackageCache/com.unity.timeline@1.2.18)
    com.unity.ext.nunit@1.0.6 (location: /home/sukai/Project/NovPhy/tasks/task_template_designer/Library/PackageCache/com.unity.ext.nunit@1.0.6)
  Built-in packages:
    com.unity.ugui@1.0.0 (location: /home/sukai/Project/NovPhy/tasks/task_template_designer/Library/PackageCache/com.unity.ugui@1.0.0)
    com.unity.modules.ai@1.0.0 (location: /home/sukai/Project/NovPhy/tasks/task_template_designer/Library/PackageCache/com.unity.modules.ai@1.0.0)
    com.unity.modules.androidjni@1.0.0 (location: /home/sukai/Project/NovPhy/tasks/task_template_designer/Library/PackageCache/com.unity.modules.androidjni@1.0.0)
    com.unity.modules.animation@1.0.0 (location: /home/sukai/Project/NovPhy/tasks/task_template_designer/Library/PackageCache/com.unity.modules.animation@1.0.0)
    com.unity.modules.assetbundle@1.0.0 (location: /home/sukai/Project/NovPhy/tasks/task_template_designer/Library/PackageCache/com.unity.modules.assetbundle@1.0.0)
    com.unity.modules.audio@1.0.0 (location: /home/sukai/Project/NovPhy/tasks/task_template_designer/Library/PackageCache/com.unity.modules.audio@1.0.0)
    com.unity.modules.cloth@1.0.0 (location: /home/sukai/Project/NovPhy/tasks/task_template_designer/Library/PackageCache/com.unity.modules.cloth@1.0.0)
    com.unity.modules.director@1.0.0 (location: /home/sukai/Project/NovPhy/tasks/task_template_designer/Library/PackageCache/com.unity.modules.director@1.0.0)
    com.unity.modules.imageconversion@1.0.0 (location: /home/sukai/Project/NovPhy/tasks/task_template_designer/Library/PackageCache/com.unity.modules.imageconversion@1.0.0)
    com.unity.modules.imgui@1.0.0 (location: /home/sukai/Project/NovPhy/tasks/task_template_designer/Library/PackageCache/com.unity.modules.imgui@1.0.0)
    com.unity.modules.jsonserialize@1.0.0 (location: /home/sukai/Project/NovPhy/tasks/task_template_designer/Library/PackageCache/com.unity.modules.jsonserialize@1.0.0)
    com.unity.modules.particlesystem@1.0.0 (location: /home/sukai/Project/NovPhy/tasks/task_template_designer/Library/PackageCache/com.unity.modules.particlesystem@1.0.0)
    com.unity.modules.physics@1.0.0 (location: /home/sukai/Project/NovPhy/tasks/task_template_designer/Library/PackageCache/com.unity.modules.physics@1.0.0)
    com.unity.modules.physics2d@1.0.0 (location: /home/sukai/Project/NovPhy/tasks/task_template_designer/Library/PackageCache/com.unity.modules.physics2d@1.0.0)
    com.unity.modules.screencapture@1.0.0 (location: /home/sukai/Project/NovPhy/tasks/task_template_designer/Library/PackageCache/com.unity.modules.screencapture@1.0.0)
    com.unity.modules.terrain@1.0.0 (location: /home/sukai/Project/NovPhy/tasks/task_template_designer/Library/PackageCache/com.unity.modules.terrain@1.0.0)
    com.unity.modules.terrainphysics@1.0.0 (location: /home/sukai/Project/NovPhy/tasks/task_template_designer/Library/PackageCache/com.unity.modules.terrainphysics@1.0.0)
    com.unity.modules.tilemap@1.0.0 (location: /home/sukai/Project/NovPhy/tasks/task_template_designer/Library/PackageCache/com.unity.modules.tilemap@1.0.0)
    com.unity.modules.ui@1.0.0 (location: /home/sukai/Project/NovPhy/tasks/task_template_designer/Library/PackageCache/com.unity.modules.ui@1.0.0)
    com.unity.modules.uielements@1.0.0 (location: /home/sukai/Project/NovPhy/tasks/task_template_designer/Library/PackageCache/com.unity.modules.uielements@1.0.0)
    com.unity.modules.umbra@1.0.0 (location: /home/sukai/Project/NovPhy/tasks/task_template_designer/Library/PackageCache/com.unity.modules.umbra@1.0.0)
    com.unity.modules.unityanalytics@1.0.0 (location: /home/sukai/Project/NovPhy/tasks/task_template_designer/Library/PackageCache/com.unity.modules.unityanalytics@1.0.0)
    com.unity.modules.unitywebrequest@1.0.0 (location: /home/sukai/Project/NovPhy/tasks/task_template_designer/Library/PackageCache/com.unity.modules.unitywebrequest@1.0.0)
    com.unity.modules.unitywebrequestassetbundle@1.0.0 (location: /home/sukai/Project/NovPhy/tasks/task_template_designer/Library/PackageCache/com.unity.modules.unitywebrequestassetbundle@1.0.0)
    com.unity.modules.unitywebrequestaudio@1.0.0 (location: /home/sukai/Project/NovPhy/tasks/task_template_designer/Library/PackageCache/com.unity.modules.unitywebrequestaudio@1.0.0)
    com.unity.modules.unitywebrequesttexture@1.0.0 (location: /home/sukai/Project/NovPhy/tasks/task_template_designer/Library/PackageCache/com.unity.modules.unitywebrequesttexture@1.0.0)
    com.unity.modules.unitywebrequestwww@1.0.0 (location: /home/sukai/Project/NovPhy/tasks/task_template_designer/Library/PackageCache/com.unity.modules.unitywebrequestwww@1.0.0)
    com.unity.modules.vehicles@1.0.0 (location: /home/sukai/Project/NovPhy/tasks/task_template_designer/Library/PackageCache/com.unity.modules.vehicles@1.0.0)
    com.unity.modules.video@1.0.0 (location: /home/sukai/Project/NovPhy/tasks/task_template_designer/Library/PackageCache/com.unity.modules.video@1.0.0)
    com.unity.modules.vr@1.0.0 (location: /home/sukai/Project/NovPhy/tasks/task_template_designer/Library/PackageCache/com.unity.modules.vr@1.0.0)
    com.unity.modules.wind@1.0.0 (location: /home/sukai/Project/NovPhy/tasks/task_template_designer/Library/PackageCache/com.unity.modules.wind@1.0.0)
    com.unity.modules.xr@1.0.0 (location: /home/sukai/Project/NovPhy/tasks/task_template_designer/Library/PackageCache/com.unity.modules.xr@1.0.0)
    com.unity.modules.subsystems@1.0.0 (location: /home/sukai/Project/NovPhy/tasks/task_template_designer/Library/PackageCache/com.unity.modules.subsystems@1.0.0)

[Subsystems] No new subsystems found in resolved package list.
[Package Manager] Done registering packages in 0.03s seconds
Refreshing native plugins compatible for Editor in 27.15 ms, found 0 plugins.
Preloading 0 native plugins for Editor in 0.00 ms.
Initialize engine version: 2019.4.41f2 (6b23d448b533)
[Subsystems] Discovering subsystems at path /home/sukai/.local/share/novphy-unity/2019.4.41f2-6b23d448b533/editor/Editor/Data/Resources/UnitySubsystems
[Subsystems] Discovering subsystems at path /mnt/array/sukaih/Project/NovPhy/tasks/task_template_designer/Assets
Forcing GfxDevice: Null
GfxDevice: creating device client; threaded=0
NullGfxDevice:
    Version:  NULL 1.0 [1.0]
    Renderer: Null Device
    Vendor:   Unity Technologies
Initialize mono
Mono path[0] = '/home/sukai/.local/share/novphy-unity/2019.4.41f2-6b23d448b533/editor/Editor/Data/Managed'
Mono path[1] = '/home/sukai/.local/share/novphy-unity/2019.4.41f2-6b23d448b533/editor/Editor/Data/MonoBleedingEdge/lib/mono/unityjit'
Mono config path = '/home/sukai/.local/share/novphy-unity/2019.4.41f2-6b23d448b533/editor/Editor/Data/MonoBleedingEdge/etc'
Using monoOptions --debugger-agent=transport=dt_socket,embedding=1,server=y,suspend=n,address=127.0.0.1:56592
ImportWorker Server TCP listen port: 33587
Begin MonoManager ReloadAssembly
Registering precompiled unity dll's ...
Register platform support module: /home/sukai/.local/share/novphy-unity/2019.4.41f2-6b23d448b533/editor/Editor/Data/PlaybackEngines/LinuxStandaloneSupport/UnityEditor.LinuxStandalone.Extensions.dll
Registered in 0.000954 seconds.
Native extension for LinuxStandalone target not found
Refreshing native plugins compatible for Editor in 23.25 ms, found 0 plugins.
Preloading 0 native plugins for Editor in 0.00 ms.
Mono: successfully reloaded assembly
- Completed reload, in  0.678 seconds
Domain Reload Profiling:
	ReloadAssembly (691ms)
		BeginReloadAssembly (23ms)
			ExecutionOrderSort (0ms)
			DisableScriptedObjects (0ms)
			BackupInstance (0ms)
			ReleaseScriptingObjects (0ms)
			CreateAndSetChildDomain (1ms)
		EndReloadAssembly (248ms)
			LoadAssemblies (22ms)
			RebuildTransferFunctionScriptingTraits (0ms)
			SetupTypeCache (97ms)
			ReleaseScriptCaches (0ms)
			RebuildScriptCaches (24ms)
			SetupLoadedEditorAssemblies (89ms)
				LogAssemblyErrors (0ms)
				InitializePlatformSupportModulesInManaged (4ms)
				SetLoadedEditorAssemblies (0ms)
				RefreshPlugins (23ms)
				BeforeProcessingInitializeOnLoad (1ms)
				ProcessInitializeOnLoadAttributes (54ms)
				ProcessInitializeOnLoadMethodAttributes (5ms)
				AfterProcessingInitializeOnLoad (0ms)
				EditorAssembliesLoaded (0ms)
			ExecutionOrderSort2 (0ms)
			AwakeInstancesAfterBackupRestoration (0ms)
Registering precompiled user dll's ...
Registered in 0.186213 seconds.
Platform modules already initialized, skipping
Validating Project structure ... 0.011025 seconds.
Shader import version has changed; will reimport all shaders...
Upgrading shader files ...0.008372 seconds.
Begin MonoManager ReloadAssembly
Native extension for LinuxStandalone target not found
Refreshing native plugins compatible for Editor in 0.43 ms, found 0 plugins.
Preloading 0 native plugins for Editor in 0.00 ms.
Mono: successfully reloaded assembly
- Completed reload, in  0.634 seconds
Domain Reload Profiling:
	ReloadAssembly (659ms)
		BeginReloadAssembly (39ms)
			ExecutionOrderSort (0ms)
			DisableScriptedObjects (1ms)
			BackupInstance (0ms)
			ReleaseScriptingObjects (0ms)
			CreateAndSetChildDomain (18ms)
		EndReloadAssembly (573ms)
			LoadAssemblies (51ms)
			RebuildTransferFunctionScriptingTraits (0ms)
			SetupTypeCache (185ms)
			ReleaseScriptCaches (0ms)
			RebuildScriptCaches (39ms)
			SetupLoadedEditorAssemblies (253ms)
				LogAssemblyErrors (0ms)
				InitializePlatformSupportModulesInManaged (7ms)
				SetLoadedEditorAssemblies (0ms)
				RefreshPlugins (0ms)
				BeforeProcessingInitializeOnLoad (64ms)
				ProcessInitializeOnLoadAttributes (176ms)
				ProcessInitializeOnLoadMethodAttributes (2ms)
				AfterProcessingInitializeOnLoad (2ms)
				EditorAssembliesLoaded (0ms)
			ExecutionOrderSort2 (0ms)
			AwakeInstancesAfterBackupRestoration (1ms)
Platform modules already initialized, skipping
RefreshInfo: InitialScriptRefreshV2(NoUpdateAssetOptions)
RefreshProfiler: Total: 1130.528ms
	InvokeBeforeRefreshCallbacks: 0.487ms
	ApplyChangesToAssetFolders: 0.063ms
	WriteModifiedImportersToTextMetaFiles: 0.000ms
	CleanLegacyArtifacts: 0.000ms
	Scan: 91.844ms
	OnSourceAssetsModified: 0.001ms
	UnregisterDeletedAssets: 0.000ms
	InitializeImportedAssetsSnapshot: 0.183ms
	GetAllGuidsForCategorization: 0.171ms
	CategorizeAssets: 24.999ms
	ImportAndPostprocessOutOfDateAssets: 1006.481ms (1006.066ms without children)
		ImportManagerImport: 0.000ms (0.000ms without children)
			ImportInProcess: 0.000ms
			ImportOutOfProcess: 0.000ms
			UpdateCategorizedAssets: 0.000ms
			RemoteAssetCacheGetArtifact: 0.000ms (0.000ms without children)
				RemoteAssetCacheResolve: 0.000ms
				RemoteAssetCacheDownloadFile: 0.000ms
		CompileScripts: 0.000ms
		PostProcessAllAssets: 0.000ms
		ReloadImportedAssets: 0.000ms
		VerifyAssetsAreUpToDateAndCorrect: 0.000ms
		EnsureUptoDateAssetsAreRegisteredWithGuidPM: 0.158ms
		InitializingProgressBar: 0.002ms
		PostProcessAllAssetNotificationsAddChangedAssets: 0.097ms
		OnDemandSchedulerStart: 0.000ms
		RestoreLoadedAssetsState: 0.158ms
	InvokeProjectHasChanged: 0.000ms
	UpdateImportedAssetsSnapshot: 0.000ms
	ReloadSourceAssets: 0.393ms
	UnloadImportedAssets: 0.003ms
	Hotreload: 0.197ms
	FixTempGuids: 0.005ms
	VerifyGuidPMRegistrations: 0.000ms
	GatherAllCurrentPrimaryArtifactRevisions: 0.000ms
	UnloadStreamsBegin: 0.246ms
	LoadedImportedAssetsSnapshotReleaseGCHandles: 0.004ms
	GetLoadedSourceAssetsSnapshot: 0.210ms
	PersistCurrentRevisions: 0.000ms
	UnloadStreamsEnd: 4.769ms
	GenerateScriptTypeHashes: 0.183ms
	Untracked: 0.469ms
Refreshing native plugins compatible for Editor in 0.37 ms, found 0 plugins.
Preloading 0 native plugins for Editor in 0.00 ms.
Refresh completed in 0.251571 seconds.
RefreshInfo: RefreshV2(ForceSynchronousImport)
RefreshProfiler: Total: 251.563ms
	InvokeBeforeRefreshCallbacks: 0.485ms
	ApplyChangesToAssetFolders: 0.062ms
	WriteModifiedImportersToTextMetaFiles: 0.000ms
	CleanLegacyArtifacts: 0.000ms
	Scan: 158.148ms
	OnSourceAssetsModified: 0.001ms
	UnregisterDeletedAssets: 0.000ms
	InitializeImportedAssetsSnapshot: 4.567ms
	GetAllGuidsForCategorization: 0.110ms
	CategorizeAssets: 20.438ms
	ImportAndPostprocessOutOfDateAssets: 64.935ms (1.231ms without children)
		ImportManagerImport: 0.000ms (0.000ms without children)
			ImportInProcess: 0.000ms
			ImportOutOfProcess: 0.000ms
			UpdateCategorizedAssets: 0.000ms
			RemoteAssetCacheGetArtifact: 0.000ms (0.000ms without children)
				RemoteAssetCacheResolve: 0.000ms
				RemoteAssetCacheDownloadFile: 0.000ms
		CompileScripts: 0.000ms
		PostProcessAllAssets: 59.840ms
		ReloadImportedAssets: 0.002ms
		VerifyAssetsAreUpToDateAndCorrect: 0.000ms
		EnsureUptoDateAssetsAreRegisteredWithGuidPM: 0.168ms
		InitializingProgressBar: 0.000ms
		PostProcessAllAssetNotificationsAddChangedAssets: 0.087ms
		OnDemandSchedulerStart: 0.284ms
		RestoreLoadedAssetsState: 1.069ms
	InvokeProjectHasChanged: 0.000ms
	UpdateImportedAssetsSnapshot: 2.253ms
	ReloadSourceAssets: 0.258ms
	UnloadImportedAssets: 0.076ms
	Hotreload: 0.660ms
	FixTempGuids: 0.002ms
	VerifyGuidPMRegistrations: 0.000ms
	GatherAllCurrentPrimaryArtifactRevisions: 0.108ms
	UnloadStreamsBegin: 0.006ms
	LoadedImportedAssetsSnapshotReleaseGCHandles: 0.235ms
	GetLoadedSourceAssetsSnapshot: 2.175ms
	PersistCurrentRevisions: 0.000ms
	UnloadStreamsEnd: 0.483ms
	GenerateScriptTypeHashes: 0.423ms
	Untracked: -1.185ms
RefreshInfo: StopAssetImportingV2(ForceSynchronousImport)
RefreshProfiler: Total: 44.733ms
	InvokeBeforeRefreshCallbacks: 0.382ms
	ApplyChangesToAssetFolders: 0.062ms
	WriteModifiedImportersToTextMetaFiles: 0.000ms
	CleanLegacyArtifacts: 0.000ms
	Scan: 39.829ms
	OnSourceAssetsModified: 0.000ms
	UnregisterDeletedAssets: 0.000ms
	InitializeImportedAssetsSnapshot: 2.655ms
	GetAllGuidsForCategorization: 0.000ms
	CategorizeAssets: 0.000ms
	ImportAndPostprocessOutOfDateAssets: 0.000ms (0.000ms without children)
		ImportManagerImport: 0.000ms (0.000ms without children)
			ImportInProcess: 0.000ms
			ImportOutOfProcess: 0.000ms
			UpdateCategorizedAssets: 0.000ms
			RemoteAssetCacheGetArtifact: 0.000ms (0.000ms without children)
				RemoteAssetCacheResolve: 0.000ms
				RemoteAssetCacheDownloadFile: 0.000ms
		CompileScripts: 0.000ms
		PostProcessAllAssets: 0.000ms
		ReloadImportedAssets: 0.000ms
		VerifyAssetsAreUpToDateAndCorrect: 0.000ms
		EnsureUptoDateAssetsAreRegisteredWithGuidPM: 0.000ms
		InitializingProgressBar: 0.000ms
		PostProcessAllAssetNotificationsAddChangedAssets: 0.000ms
		OnDemandSchedulerStart: 0.000ms
		RestoreLoadedAssetsState: 0.000ms
	InvokeProjectHasChanged: 0.000ms
	UpdateImportedAssetsSnapshot: 0.000ms
	ReloadSourceAssets: 0.000ms
	UnloadImportedAssets: 0.000ms
	Hotreload: 0.024ms
	FixTempGuids: 0.004ms
	VerifyGuidPMRegistrations: 0.000ms
	GatherAllCurrentPrimaryArtifactRevisions: 0.110ms
	UnloadStreamsBegin: 0.040ms
	LoadedImportedAssetsSnapshotReleaseGCHandles: 0.265ms
	GetLoadedSourceAssetsSnapshot: 0.854ms
	PersistCurrentRevisions: 0.000ms
	UnloadStreamsEnd: 0.009ms
	GenerateScriptTypeHashes: 0.000ms
	Untracked: 0.500ms
Refresh completed in 0.117911 seconds.
RefreshInfo: RefreshV2(NoUpdateAssetOptions)
RefreshProfiler: Total: 117.903ms
	InvokeBeforeRefreshCallbacks: 0.001ms
	ApplyChangesToAssetFolders: 0.056ms
	WriteModifiedImportersToTextMetaFiles: 0.000ms
	CleanLegacyArtifacts: 0.000ms
	Scan: 89.917ms
	OnSourceAssetsModified: 0.001ms
	UnregisterDeletedAssets: 0.000ms
	InitializeImportedAssetsSnapshot: 2.314ms
	GetAllGuidsForCategorization: 0.097ms
	CategorizeAssets: 21.734ms
	ImportAndPostprocessOutOfDateAssets: 1.675ms (0.316ms without children)
		ImportManagerImport: 0.000ms (0.000ms without children)
			ImportInProcess: 0.000ms
			ImportOutOfProcess: 0.000ms
			UpdateCategorizedAssets: 0.000ms
			RemoteAssetCacheGetArtifact: 0.000ms (0.000ms without children)
				RemoteAssetCacheResolve: 0.000ms
				RemoteAssetCacheDownloadFile: 0.000ms
		CompileScripts: 0.000ms
		PostProcessAllAssets: 0.000ms
		ReloadImportedAssets: 0.000ms
		VerifyAssetsAreUpToDateAndCorrect: 0.000ms
		EnsureUptoDateAssetsAreRegisteredWithGuidPM: 0.157ms
		InitializingProgressBar: 0.000ms
		PostProcessAllAssetNotificationsAddChangedAssets: 0.077ms
		OnDemandSchedulerStart: 0.140ms
		RestoreLoadedAssetsState: 0.985ms
	InvokeProjectHasChanged: 0.000ms
	UpdateImportedAssetsSnapshot: 0.000ms
	ReloadSourceAssets: 0.303ms
	UnloadImportedAssets: 0.069ms
	Hotreload: 0.052ms
	FixTempGuids: 0.001ms
	VerifyGuidPMRegistrations: 0.000ms
	GatherAllCurrentPrimaryArtifactRevisions: 0.103ms
	UnloadStreamsBegin: 0.017ms
	LoadedImportedAssetsSnapshotReleaseGCHandles: 0.246ms
	GetLoadedSourceAssetsSnapshot: 1.492ms
	PersistCurrentRevisions: 0.000ms
	UnloadStreamsEnd: 0.005ms
	GenerateScriptTypeHashes: 0.000ms
	Untracked: -0.180ms
Initializing Unity extensions:
 '/home/sukai/.local/share/novphy-unity/2019.4.41f2-6b23d448b533/editor/Editor/Data/UnityExtensions/Unity/UnityVR/Editor/UnityEditor.VR.dll'  GUID: 4ba2329b63d54f0187bcaa12486b1b0f
UpdateMenuTitleForLanguage: 10
Unloading 87 Unused Serialized files (Serialized files now loaded: 0)
System memory in use before: 35.0 MB.
System memory in use after: 34.3 MB.

Unloading 139 unused Assets to reduce memory usage. Loaded Objects now: 1821.
Total: 2.657088 ms (FindLiveObjects: 0.143826 ms CreateObjectMapping: 0.022784 ms MarkObjects: 1.827162 ms  DeleteObjects: 0.662675 ms)

[ScriptCompilation] Recompiling all scripts because: Recompiling scripts for player build.
BuildPlayer: start building target 24
- Starting script compilation
- Starting compile Library/PlayerScriptAssemblies/UnityEngine.UI.dll
- Starting compile Library/PlayerScriptAssemblies/UnityEngine.TestRunner.dll
- Finished compile Library/PlayerScriptAssemblies/UnityEngine.TestRunner.dll in 1.438059 seconds
- Finished compile Library/PlayerScriptAssemblies/UnityEngine.UI.dll in 1.532444 seconds
- Starting compile Library/PlayerScriptAssemblies/Unity.TextMeshPro.dll
- Starting compile Library/PlayerScriptAssemblies/Unity.Timeline.dll
- Finished compile Library/PlayerScriptAssemblies/Unity.Timeline.dll in 1.420067 seconds
- Finished compile Library/PlayerScriptAssemblies/Unity.TextMeshPro.dll in 1.685847 seconds
- Starting compile Library/PlayerScriptAssemblies/Assembly-CSharp.dll
- Finished compile Library/PlayerScriptAssemblies/Assembly-CSharp.dll in 1.507314 seconds
- Finished script compilation in 4.773189 seconds
Assets/Scripts/GameWorld/ABSlingshot.cs(35,9): warning CS0618: 'LineRenderer.SetWidth(float, float)' is obsolete: 'Use startWidth, endWidth or widthCurve instead.'
Assets/Scripts/GameWorld/Characters/Birds/ABBird.cs(145,13): warning CS0618: 'LineRenderer.SetVertexCount(int)' is obsolete: 'Use positionCount instead.'
Assets/Scripts/GameWorld/Characters/Birds/ABBird.cs(271,9): warning CS0618: 'LineRenderer.SetColors(Color, Color)' is obsolete: 'Use startColor, endColor or colorGradient instead.'
Assets/Scripts/GameWorld/Characters/Birds/ABBird.cs(273,9): warning CS0618: 'LineRenderer.SetVertexCount(int)' is obsolete: 'Use positionCount instead.'
DisplayProgressbar: Building Player
Refresh completed in 0.231236 seconds.
RefreshInfo: RefreshV2()
RefreshProfiler: Total: 231.226ms
	InvokeBeforeRefreshCallbacks: 0.001ms
	ApplyChangesToAssetFolders: 0.090ms
	WriteModifiedImportersToTextMetaFiles: 0.000ms
	CleanLegacyArtifacts: 0.000ms
	Scan: 199.684ms
	OnSourceAssetsModified: 0.000ms
	UnregisterDeletedAssets: 0.000ms
	InitializeImportedAssetsSnapshot: 3.222ms
	GetAllGuidsForCategorization: 0.091ms
	CategorizeAssets: 22.516ms
	ImportAndPostprocessOutOfDateAssets: 2.029ms (0.382ms without children)
		ImportManagerImport: 0.000ms (0.000ms without children)
			ImportInProcess: 0.000ms
			ImportOutOfProcess: 0.000ms
			UpdateCategorizedAssets: 0.000ms
			RemoteAssetCacheGetArtifact: 0.000ms (0.000ms without children)
				RemoteAssetCacheResolve: 0.000ms
				RemoteAssetCacheDownloadFile: 0.000ms
		CompileScripts: 0.000ms
		PostProcessAllAssets: 0.000ms
		ReloadImportedAssets: 0.000ms
		VerifyAssetsAreUpToDateAndCorrect: 0.000ms
		EnsureUptoDateAssetsAreRegisteredWithGuidPM: 0.233ms
		InitializingProgressBar: 0.000ms
		PostProcessAllAssetNotificationsAddChangedAssets: 0.073ms
		OnDemandSchedulerStart: 0.139ms
		RestoreLoadedAssetsState: 1.202ms
	InvokeProjectHasChanged: 0.000ms
	UpdateImportedAssetsSnapshot: 0.000ms
	ReloadSourceAssets: 0.367ms
	UnloadImportedAssets: 0.107ms
	Hotreload: 0.036ms
	FixTempGuids: 0.002ms
	VerifyGuidPMRegistrations: 0.000ms
	GatherAllCurrentPrimaryArtifactRevisions: 0.209ms
	UnloadStreamsBegin: 0.455ms
	LoadedImportedAssetsSnapshotReleaseGCHandles: 0.250ms
	GetLoadedSourceAssetsSnapshot: 1.790ms
	PersistCurrentRevisions: 0.000ms
	UnloadStreamsEnd: 0.005ms
	GenerateScriptTypeHashes: 0.000ms
	Untracked: 0.372ms
- Collect Sprites to Pack : (SequentialAtlasing : 0)
[     33 MB ]- Grouping sprites using the selected SpritePackerPolicy.
[     45 MB ]- Completed grouping sprites to Atlas.
[     45 MB ]- Build Sprite Atlas.
[     45 MB ]- Packing 0 atlases.
[     45 MB ]- Packing completed.
[     45 MB ]- Update Sprites and Cleanup.
[     45 MB ]Opening scene 'Assets/Scenes/Menus/SplashScreen.unity'
LightmapEditorSettings: switching bake backend from 1 to 0.
Unloading 315 Unused Serialized files (Serialized files now loaded: 0)
Loaded scene 'Assets/Scenes/Menus/SplashScreen.unity'
	Deserialize:            7.462 ms
	Integration:            14.927 ms
	Integration of assets:  0.926 ms
	Thread Wait Time:       12.648 ms
	Total Operation Time:   35.963 ms
System memory in use before: 34.5 MB.
System memory in use after: 34.3 MB.

Unloading 27 unused Assets to reduce memory usage. Loaded Objects now: 1877.
Total: 4.714545 ms (FindLiveObjects: 0.219790 ms CreateObjectMapping: 0.023255 ms MarkObjects: 4.187904 ms  DeleteObjects: 0.283074 ms)

Opening scene 'Assets/Scenes/Menus/MainMenu.unity'
LightmapEditorSettings: switching bake backend from 1 to 0.
Unloading 120 Unused Serialized files (Serialized files now loaded: 0)
Loaded scene 'Assets/Scenes/Menus/MainMenu.unity'
	Deserialize:            3.052 ms
	Integration:            7.041 ms
	Integration of assets:  0.041 ms
	Thread Wait Time:       17.068 ms
	Total Operation Time:   27.201 ms
System memory in use before: 50.8 MB.
System memory in use after: 40.2 MB.

Unloading 671 unused Assets to reduce memory usage. Loaded Objects now: 1905.
Total: 5.512032 ms (FindLiveObjects: 0.237807 ms CreateObjectMapping: 0.027741 ms MarkObjects: 3.682397 ms  DeleteObjects: 1.563316 ms)

Opening scene 'Assets/Scenes/Menus/LevelSelectMenu.unity'
LightmapEditorSettings: switching bake backend from 1 to 0.
Unloading 5 Unused Serialized files (Serialized files now loaded: 0)
Loaded scene 'Assets/Scenes/Menus/LevelSelectMenu.unity'
	Deserialize:            7.973 ms
	Integration:            8.707 ms
	Integration of assets:  0.605 ms
	Thread Wait Time:       12.159 ms
	Total Operation Time:   29.444 ms
System memory in use before: 40.6 MB.
System memory in use after: 40.7 MB.

Unloading 3 unused Assets to reduce memory usage. Loaded Objects now: 1942.
Total: 4.363609 ms (FindLiveObjects: 0.263185 ms CreateObjectMapping: 0.042043 ms MarkObjects: 4.022547 ms  DeleteObjects: 0.035303 ms)

Opening scene 'Assets/Scenes/Menus/LoadingScene.unity'
LightmapEditorSettings: switching bake backend from 1 to 0.
Unloading 5 Unused Serialized files (Serialized files now loaded: 0)
Loaded scene 'Assets/Scenes/Menus/LoadingScene.unity'
	Deserialize:            0.833 ms
	Integration:            3.567 ms
	Integration of assets:  0.002 ms
	Thread Wait Time:       19.286 ms
	Total Operation Time:   23.688 ms
System memory in use before: 40.4 MB.
System memory in use after: 35.7 MB.

Unloading 20 unused Assets to reduce memory usage. Loaded Objects now: 1882.
Total: 3.634634 ms (FindLiveObjects: 0.176725 ms CreateObjectMapping: 0.025839 ms MarkObjects: 3.366362 ms  DeleteObjects: 0.065208 ms)

Script attached to 'Main Camera' in scene 'Assets/Scenes/Menus/LoadingScene.unity' is missing or no valid script is attached.
UnityEngine.StackTraceUtility:ExtractStackTrace () (at /home/bokken/build/output/unity/unity/Runtime/Export/Scripting/StackTrace.cs:37)
UnityEditor.BuildPipeline:BuildPlayerInternal (string[],string,string,UnityEditor.BuildTargetGroup,UnityEditor.BuildTarget,UnityEditor.BuildOptions) (at /home/bokken/build/output/unity/unity/Editor/Mono/BuildPipeline.bindings.cs:396)
UnityEditor.BuildPipeline:BuildPlayer (string[],string,string,UnityEditor.BuildTargetGroup,UnityEditor.BuildTarget,UnityEditor.BuildOptions) (at /home/bokken/build/output/unity/unity/Editor/Mono/BuildPipeline.bindings.cs:295)
UnityEditor.BuildPipeline:BuildPlayer (UnityEditor.BuildPlayerOptions) (at /home/bokken/build/output/unity/unity/Editor/Mono/BuildPipeline.bindings.cs:269)
NovPhyBuild:BuildPhysicsLinux () (at Assets/Scripts/Editor/NovPhyBuild.cs:41)

[./Runtime/Mono/ManagedMonoBehaviourRef.cpp line 181]
(Filename: /home/bokken/build/output/unity/unity/Runtime/Export/Scripting/StackTrace.cs Line: 37)

Script attached to 'Main Camera' in scene 'Assets/Scenes/Menus/LoadingScene.unity' is missing or no valid script is attached.
UnityEngine.StackTraceUtility:ExtractStackTrace () (at /home/bokken/build/output/unity/unity/Runtime/Export/Scripting/StackTrace.cs:37)
UnityEditor.BuildPipeline:BuildPlayerInternal (string[],string,string,UnityEditor.BuildTargetGroup,UnityEditor.BuildTarget,UnityEditor.BuildOptions) (at /home/bokken/build/output/unity/unity/Editor/Mono/BuildPipeline.bindings.cs:396)
UnityEditor.BuildPipeline:BuildPlayer (string[],string,string,UnityEditor.BuildTargetGroup,UnityEditor.BuildTarget,UnityEditor.BuildOptions) (at /home/bokken/build/output/unity/unity/Editor/Mono/BuildPipeline.bindings.cs:295)
UnityEditor.BuildPipeline:BuildPlayer (UnityEditor.BuildPlayerOptions) (at /home/bokken/build/output/unity/unity/Editor/Mono/BuildPipeline.bindings.cs:269)
NovPhyBuild:BuildPhysicsLinux () (at Assets/Scripts/Editor/NovPhyBuild.cs:41)

[./Runtime/Mono/ManagedMonoBehaviourRef.cpp line 181]
(Filename: /home/bokken/build/output/unity/unity/Runtime/Export/Scripting/StackTrace.cs Line: 37)

Opening scene 'Assets/Scenes/GameWorld.unity'
LightmapEditorSettings: switching bake backend from 1 to 0.
Unloading 4 Unused Serialized files (Serialized files now loaded: 0)
Loaded scene 'Assets/Scenes/GameWorld.unity'
	Deserialize:            9.450 ms
	Integration:            4.939 ms
	Integration of assets:  0.284 ms
	Thread Wait Time:       10.670 ms
	Total Operation Time:   25.343 ms
System memory in use before: 38.4 MB.
System memory in use after: 38.5 MB.

Unloading 1 unused Assets to reduce memory usage. Loaded Objects now: 2001.
Total: 4.856589 ms (FindLiveObjects: 0.210526 ms CreateObjectMapping: 0.022794 ms MarkObjects: 4.605041 ms  DeleteObjects: 0.017686 ms)

Script attached to 'Camera' in scene 'Assets/Scenes/GameWorld.unity' is missing or no valid script is attached.
UnityEngine.StackTraceUtility:ExtractStackTrace () (at /home/bokken/build/output/unity/unity/Runtime/Export/Scripting/StackTrace.cs:37)
UnityEditor.BuildPipeline:BuildPlayerInternal (string[],string,string,UnityEditor.BuildTargetGroup,UnityEditor.BuildTarget,UnityEditor.BuildOptions) (at /home/bokken/build/output/unity/unity/Editor/Mono/BuildPipeline.bindings.cs:396)
UnityEditor.BuildPipeline:BuildPlayer (string[],string,string,UnityEditor.BuildTargetGroup,UnityEditor.BuildTarget,UnityEditor.BuildOptions) (at /home/bokken/build/output/unity/unity/Editor/Mono/BuildPipeline.bindings.cs:295)
UnityEditor.BuildPipeline:BuildPlayer (UnityEditor.BuildPlayerOptions) (at /home/bokken/build/output/unity/unity/Editor/Mono/BuildPipeline.bindings.cs:269)
NovPhyBuild:BuildPhysicsLinux () (at Assets/Scripts/Editor/NovPhyBuild.cs:41)

[./Runtime/Mono/ManagedMonoBehaviourRef.cpp line 181]
(Filename: /home/bokken/build/output/unity/unity/Runtime/Export/Scripting/StackTrace.cs Line: 37)



Mono dependencies included in the build
Dependency assembly - System.Diagnostics.StackTrace.dll
Dependency assembly - System.Globalization.Extensions.dll
Dependency assembly - System.Runtime.Serialization.Xml.dll
Dependency assembly - System.Xml.XPath.XDocument.dll
Dependency assembly - netstandard.dll
Dependency assembly - Mono.Security.dll
Dependency assembly - System.ComponentModel.Composition.dll
Dependency assembly - System.Configuration.dll
Dependency assembly - System.Core.dll
Dependency assembly - System.Data.dll
Dependency assembly - System.Drawing.dll
Dependency assembly - System.EnterpriseServices.dll
Dependency assembly - System.IO.Compression.FileSystem.dll
Dependency assembly - System.IO.Compression.dll
Dependency assembly - System.Net.Http.dll
Dependency assembly - System.Numerics.dll
Dependency assembly - System.Runtime.Serialization.dll
Dependency assembly - System.ServiceModel.Internals.dll
Dependency assembly - System.Transactions.dll
Dependency assembly - System.Xml.Linq.dll
Dependency assembly - System.Xml.dll
Dependency assembly - System.dll
Dependency assembly - mscorlib.dll
Dependency assembly - websocket-sharp.dll
Dependency assembly - Assembly-CSharp.dll
Dependency assembly - Unity.TextMeshPro.dll
Dependency assembly - Unity.Timeline.dll
Dependency assembly - UnityEngine.UI.dll

Unloading 15 Unused Serialized files (Serialized files now loaded: 0)
System memory in use before: 43.3 MB.
System memory in use after: 40.8 MB.

Unloading 27 unused Assets to reduce memory usage. Loaded Objects now: 1852.
Total: 4.757620 ms (FindLiveObjects: 0.219059 ms CreateObjectMapping: 0.022263 ms MarkObjects: 4.390119 ms  DeleteObjects: 0.125548 ms)

[EnlightenBakeManager] m_Clear = false;
Setting up 24 worker threads for Enlighten.
  Thread -> id: 7f3a209616c0 -> priority: 1
  Thread -> id: 7f39fffff6c0 -> priority: 1
  Thread -> id: 7f39ff7fe6c0 -> priority: 1
  Thread -> id: 7f39feffd6c0 -> priority: 1
  Thread -> id: 7f39fe7fc6c0 -> priority: 1
Unloading 0 Unused Serialized files (Serialized files now loaded: 0)
  Thread -> id: 7f39fdffb6c0 -> priority: 1
  Thread -> id: 7f39fd7fa6c0 -> priority: 1
  Thread -> id: 7f39fcff96c0 -> priority: 1
  Thread -> id: 7f39fc7f86c0 -> priority: 1
  Thread -> id: 7f39fbff76c0 -> priority: 1
  Thread -> id: 7f39fb7f66c0 -> priority: 1
  Thread -> id: 7f39faff56c0 -> priority: 1
  Thread -> id: 7f39fa7f46c0 -> priority: 1
  Thread -> id: 7f39f9ff36c0 -> priority: 1
  Thread -> id: 7f39f97f26c0 -> priority: 1
  Thread -> id: 7f39f8ff16c0 -> priority: 1
  Thread -> id: 7f39f87f06c0 -> priority: 1
  Thread -> id: 7f39f7fef6c0 -> priority: 1
  Thread -> id: 7f39f77ee6c0 -> priority: 1
  Thread -> id: 7f39f6fed6c0 -> priority: 1
  Thread -> id: 7f39f67ec6c0 -> priority: 1
  Thread -> id: 7f39f5feb6c0 -> priority: 1
  Thread -> id: 7f39f57ea6c0 -> priority: 1
  Thread -> id: 7f39f4fe96c0 -> priority: 1
System memory in use before: 40.3 MB.
System memory in use after: 40.4 MB.

Unloading 0 unused Assets to reduce memory usage. Loaded Objects now: 1860.
Total: 4.282787 ms (FindLiveObjects: 0.264637 ms CreateObjectMapping: 0.027091 ms MarkObjects: 3.983829 ms  DeleteObjects: 0.006480 ms)

Unloading 1 Unused Serialized files (Serialized files now loaded: 0)
System memory in use before: 174.9 MB.
System memory in use after: 40.6 MB.

Unloading 153 unused Assets to reduce memory usage. Loaded Objects now: 1852.
Total: 22.907598 ms (FindLiveObjects: 0.327612 ms CreateObjectMapping: 0.031447 ms MarkObjects: 4.147324 ms  DeleteObjects: 18.400413 ms)

Launched and connected shader compiler UnityShaderCompiler after 0.01 seconds
DisplayProgressbar: Compiling shader variants
DisplayProgressbar: Building Player
DisplayProgressbar: Compiling shader variants
DisplayProgressbar: Building Player
DisplayProgressbar: Compiling shader variants
Launched and connected shader compiler UnityShaderCompiler after 0.01 seconds
Launched and connected shader compiler UnityShaderCompiler after 0.01 seconds
Launched and connected shader compiler UnityShaderCompiler after 0.01 seconds
Launched and connected shader compiler UnityShaderCompiler after 0.01 seconds
Launched and connected shader compiler UnityShaderCompiler after 0.01 seconds
Launched and connected shader compiler UnityShaderCompiler after 0.01 seconds
Launched and connected shader compiler UnityShaderCompiler after 0.01 seconds
Launched and connected shader compiler UnityShaderCompiler after 0.01 seconds
Launched and connected shader compiler UnityShaderCompiler after 0.01 seconds
DisplayProgressbar: Building Player

-------------------------------------------------------------------------------
Build Report
Uncompressed usage by category (Percentages based on user generated assets only):
Textures               13.8 mb	 47.5%
Meshes                 0.0 kb	 0.0%
Animations             86.7 kb	 0.3%
Sounds                 0.0 kb	 0.0%
Shaders                322.8 kb	 1.1%
Other Assets           268.4 kb	 0.9%
Levels                 48.7 kb	 0.2%
Scripts                1.2 mb	 4.1%
Included DLLs          13.3 mb	 45.9%
File headers           42.7 kb	 0.1%
Total User Assets      29.0 mb	 100.0%
Complete build size    40.0 mb
Used Assets and files from the Resources folder, sorted by uncompressed size:
 2.4 mb	 6.1% Assets/Sprites/Foreground/blocks.png
 2.3 mb	 5.8% Assets/Sprites/HUD/hud.png
 2.3 mb	 5.8% Assets/Sprites/Characters/pigs.png
 1.9 mb	 4.8% Assets/Sprites/Foreground/ground.png
 1.8 mb	 4.4% Assets/Sprites/Characters/birds.png
 1.0 mb	 2.6% Assets/Sprites/Effects/effects.png
 1.0 mb	 2.5% Assets/Sprites/Background/Background-2.png
 445.9 kb	 1.1% Assets/Sprites/Background/Background.png
 426.5 kb	 1.0% Assets/Sprites/Background/Background-1.png
 331.1 kb	 0.8% Resources/unity_builtin_extra
 244.3 kb	 0.6% Assets/Sprites/Effects/dot.png
 49.1 kb	 0.1% Assets/Fonts/angrybirds-regular.ttf
 4.1 kb	 0.0% Assets/Scripts/Shaders/SolidColor.shader
 2.6 kb	 0.0% Assets/Animations/Bird/BirdBlack/bird_black_explode.anim
 2.5 kb	 0.0% Assets/Animations/Effects/dust.anim
 2.5 kb	 0.0% Assets/Animations/Bird/BirdYellow/bird_yellow_hurled.anim
 2.4 kb	 0.0% Assets/Animations/Bird/BirdWhite/bird_white_hurled.anim
 2.4 kb	 0.0% Assets/Animations/Bird/BirdBlack/bird_black_hurled.anim
 2.4 kb	 0.0% Assets/Animations/Bird/BirdBlue/bird_blue_hurled.anim
 2.4 kb	 0.0% Assets/Animations/Effects/explosion.anim
 2.4 kb	 0.0% Assets/Animations/Bird/bird_hurled.anim
 2.4 kb	 0.0% Assets/Animations/Pig/basic_medium_hurt.anim
 2.4 kb	 0.0% Assets/Animations/Pig/basic_medium_blink.anim
 2.4 kb	 0.0% Assets/Animations/Bird/BirdYellow/bird_yellow_pressed.anim
 2.4 kb	 0.0% Assets/Animations/Bird/BirdYellow/bird_yellow_blink.anim
 2.4 kb	 0.0% Assets/Animations/Bird/BirdWhite/bird_white_pressed.anim
 2.4 kb	 0.0% Assets/Animations/Bird/BirdBlue/bird_blue_pressed.anim
 2.4 kb	 0.0% Assets/Animations/Bird/BirdBlack/bird_black_pressed.anim
 2.4 kb	 0.0% Assets/Animations/Pig/basic_big_blink.anim
 2.4 kb	 0.0% Assets/Animations/Bird/BirdWhite/bird_white_blink.anim
 2.4 kb	 0.0% Assets/Animations/Bird/BirdBlue/bird_blue_blink.anim
 2.4 kb	 0.0% Assets/Animations/Bird/BirdBlack/bird_black_blink.anim
 2.3 kb	 0.0% Assets/Animations/Pig/pig_blink.anim
 2.3 kb	 0.0% Assets/Animations/Bird/bird_pressed.anim
 2.3 kb	 0.0% Assets/Animations/Bird/bird_blink.anim
 2.3 kb	 0.0% Assets/Resources/Prefabs/GameWorld/Slingshot.prefab
 2.3 kb	 0.0% Assets/Animations/Pig/pig_hurt.anim
 2.3 kb	 0.0% Assets/Animations/Pig/basic_medium_idle.anim
 2.3 kb	 0.0% Assets/Animations/Pig/basic_big_idle.anim
 2.3 kb	 0.0% Assets/Animations/Pig/basic_big_hurt.anim
 2.3 kb	 0.0% Assets/Animations/Bird/BirdYellow/bird_yellow_idle.anim
 2.3 kb	 0.0% Assets/Animations/Bird/BirdYellow/bird_yellow_die.anim
 2.3 kb	 0.0% Assets/Animations/Bird/BirdWhite/bird_white_idle.anim
 2.3 kb	 0.0% Assets/Animations/Bird/BirdWhite/bird_white_die.anim
 2.3 kb	 0.0% Assets/Animations/Bird/BirdBlue/bird_blue_idle.anim
 2.3 kb	 0.0% Assets/Animations/Bird/BirdBlue/bird_blue_die.anim
 2.3 kb	 0.0% Assets/Animations/Bird/BirdBlack/bird_black_idle.anim
 2.3 kb	 0.0% Assets/Animations/Bird/BirdBlack/bird_black_die.anim
 2.3 kb	 0.0% Assets/Animations/Bird/bird_idle.anim
 2.3 kb	 0.0% Assets/Animations/Pig/pig_idle.anim
 2.3 kb	 0.0% Assets/Animations/Bird/bird_die.anim
 1.5 kb	 0.0% Assets/Animations/Bird/BirdBlack/BirdBlack.controller
 1.5 kb	 0.0% Assets/Resources/Prefabs/GameWorld/Landscape.prefab
 1.3 kb	 0.0% Assets/Animations/Bird/BirdYellow/BirdYellow.controller
 1.3 kb	 0.0% Assets/Animations/Bird/BirdWhite/BirdWhite.controller
 1.3 kb	 0.0% Assets/Animations/Bird/BirdBlue/BirdBlue.controller
 1.3 kb	 0.0% Assets/Animations/Bird/bird.controller
 1.2 kb	 0.0% Assets/Resources/Prefabs/GameWorld/Background.prefab
 1.2 kb	 0.0% Assets/Resources/Prefabs/GameWorld/Characters/Pigs/BasicBig.prefab
 1.1 kb	 0.0% Assets/Resources/Prefabs/GameWorld/Blocks/SquareTiny.prefab
 1.1 kb	 0.0% Assets/Resources/Prefabs/GameWorld/Characters/Pigs/BasicMedium.prefab
 1.1 kb	 0.0% Assets/Resources/Prefabs/GameWorld/Characters/Pigs/BasicSmall.prefab
 1.1 kb	 0.0% Assets/Resources/Prefabs/GameWorld/Blocks/Circle.prefab
 1.1 kb	 0.0% Assets/Resources/Prefabs/GameWorld/Blocks/SquareHole.prefab
 1.1 kb	 0.0% Assets/Resources/Prefabs/GameWorld/Particles/Egg.prefab
 1.0 kb	 0.0% Assets/Resources/Prefabs/Menus/LevelSelector.prefab
 1.0 kb	 0.0% Assets/Resources/Prefabs/GameWorld/Blocks/CircleSmall.prefab
 1.0 kb	 0.0% Assets/Resources/Materials/LineMat.mat
 1.0 kb	 0.0% Assets/Resources/Prefabs/GameWorld/TNT.prefab
 0.9 kb	 0.0% Assets/Resources/Prefabs/GameWorld/Blocks/TriangleHole.prefab
 0.9 kb	 0.0% Assets/Animations/Pig/BasicBig.controller
 0.9 kb	 0.0% Assets/Resources/Prefabs/GameWorld/Blocks/Triangle.prefab
 0.9 kb	 0.0% Assets/Animations/Pig/BasicMedium.controller
 0.9 kb	 0.0% Assets/Resources/Prefabs/GameWorld/Blocks/SquareSmall.prefab
 0.9 kb	 0.0% Assets/Resources/Prefabs/GameWorld/Blocks/RectSmall.prefab
 0.9 kb	 0.0% Assets/Resources/Prefabs/GameWorld/Blocks/RectMedium.prefab
 0.9 kb	 0.0% Assets/Resources/Prefabs/GameWorld/Blocks/RectTiny.prefab
 0.9 kb	 0.0% Assets/Resources/Prefabs/GameWorld/Blocks/RectFat.prefab
 0.9 kb	 0.0% Assets/Resources/Prefabs/GameWorld/Blocks/RectBig.prefab
 0.8 kb	 0.0% Assets/Animations/Pig/pig1.controller
 0.7 kb	 0.0% Assets/Resources/Prefabs/GameWorld/Characters/Birds/BirdBlack.prefab
 0.7 kb	 0.0% Assets/Resources/Prefabs/GameWorld/Characters/Birds/BirdWhite.prefab
 0.7 kb	 0.0% Assets/Resources/Prefabs/GameWorld/Characters/Birds/BirdYellow.prefab
 0.7 kb	 0.0% Assets/Resources/Prefabs/GameWorld/Characters/Birds/BirdBlue.prefab
 0.7 kb	 0.0% Assets/Resources/Prefabs/GameWorld/Characters/Birds/BirdRed.prefab
 0.5 kb	 0.0% Assets/Resources/Prefabs/GameWorld/Platform.prefab
 0.4 kb	 0.0% Assets/Animations/Effects/explosion_0.controller
 0.4 kb	 0.0% Assets/Animations/Effects/dust_0.controller
 0.4 kb	 0.0% Assets/Resources/Prefabs/GameWorld/Particles/Explosion.prefab
 0.4 kb	 0.0% Assets/Resources/Prefabs/GameWorld/Particles/Dust.prefab
 0.3 kb	 0.0% Assets/Resources/Prefabs/GameWorld/Particles/ScorePoints.prefab
 0.3 kb	 0.0% Assets/Resources/Prefabs/GameWorld/GroundExtension.prefab
 0.3 kb	 0.0% Assets/Resources/Prefabs/GameWorld/Particles/BirdTrail/Particle3.prefab
 0.3 kb	 0.0% Assets/Resources/Prefabs/GameWorld/Particles/BirdTrail/Particle2.prefab
 0.3 kb	 0.0% Assets/Resources/Prefabs/GameWorld/Particles/BirdTrail/Particle1.prefab
 0.3 kb	 0.0% Assets/Resources/Prefabs/GameWorld/Characters/Birds/Not Used/BirdRedBig.prefab
 0.3 kb	 0.0% Assets/Resources/Prefabs/GameWorld/Characters/Birds/Not Used/BirdOrange.prefab
 0.3 kb	 0.0% Assets/Resources/Prefabs/GameWorld/Characters/Birds/Not Used/BirdGreen.prefab
 0.3 kb	 0.0% Assets/Resources/Prefabs/GameWorld/Particles/Stone.prefab
 0.3 kb	 0.0% Assets/Resources/Prefabs/GameWorld/Particles/Feathers/Feather8.prefab
 0.3 kb	 0.0% Assets/Resources/Prefabs/GameWorld/Particles/Feathers/Feather7.prefab
 0.3 kb	 0.0% Assets/Resources/Prefabs/GameWorld/Particles/Feathers/Feather6.prefab
 0.3 kb	 0.0% Assets/Resources/Prefabs/GameWorld/Particles/Feathers/Feather5.prefab
 0.3 kb	 0.0% Assets/Resources/Prefabs/GameWorld/Particles/Feathers/Feather4.prefab
 0.3 kb	 0.0% Assets/Resources/Prefabs/GameWorld/Particles/Feathers/Feather3.prefab
 0.3 kb	 0.0% Assets/Resources/Prefabs/GameWorld/Particles/Feathers/Feather2.prefab
 0.3 kb	 0.0% Assets/Resources/Prefabs/GameWorld/Particles/Feathers/Feather1.prefab
 0.3 kb	 0.0% Assets/Resources/Prefabs/GameWorld/Particles/Wood.prefab
 0.2 kb	 0.0% Packages/com.unity.test-framework/UnityEngine.TestRunner/NUnitExtensions/Runner/RestoreTestContextAfterDomainReload.cs
 0.2 kb	 0.0% Packages/com.unity.test-framework/UnityEngine.TestRunner/NUnitExtensions/Runner/UnityLogCheckDelegatingCommand.cs
 0.2 kb	 0.0% Packages/com.unity.timeline/Runtime/AssetUpgrade/AnimationPlayableAssetUpgrade.cs
 0.2 kb	 0.0% Packages/com.unity.test-framework/UnityEngine.TestRunner/NUnitExtensions/Runner/UnityTestExecutionContext.cs
 0.2 kb	 0.0% Packages/com.unity.test-framework/UnityEngine.TestRunner/NUnitExtensions/Commands/EnumerableApplyChangesToContextCommand.cs
 0.2 kb	 0.0% Packages/com.unity.test-framework/UnityEngine.TestRunner/Utils/Vector4ComparerWithEqualsOperator.cs
 0.2 kb	 0.0% Packages/com.unity.test-framework/UnityEngine.TestRunner/Utils/Vector3ComparerWithEqualsOperator.cs
 0.2 kb	 0.0% Packages/com.unity.test-framework/UnityEngine.TestRunner/Utils/Vector2ComparerWithEqualsOperator.cs
 0.2 kb	 0.0% Packages/com.unity.test-framework/UnityEngine.TestRunner/TestRunner/RemoteHelpers/RemoteTestResultDataWithTestData.cs
 0.2 kb	 0.0% Packages/com.unity.test-framework/UnityEngine.TestRunner/TestRunner/Callbacks/TestResultRendererCallback.cs
 0.2 kb	 0.0% Packages/com.unity.test-framework/UnityEngine.TestRunner/TestRunner/PlaymodeTestsControllerSettings.cs
 0.2 kb	 0.0% Packages/com.unity.test-framework/UnityEngine.TestRunner/NUnitExtensions/Runner/UnityWorkItemDataHolder.cs
 0.2 kb	 0.0% Packages/com.unity.test-framework/UnityEngine.TestRunner/NUnitExtensions/Runner/UnityTestAssemblyRunner.cs
 0.2 kb	 0.0% Packages/com.unity.test-framework/UnityEngine.TestRunner/NUnitExtensions/Runner/PlaymodeWorkItemFactory.cs
 0.2 kb	 0.0% Packages/com.unity.test-framework/UnityEngine.TestRunner/NUnitExtensions/Runner/CoroutineTestWorkItem.cs
 0.2 kb	 0.0% Packages/com.unity.test-framework/UnityEngine.TestRunner/NUnitExtensions/Filters/CategoryFilterExtended.cs
 0.2 kb	 0.0% Packages/com.unity.test-framework/UnityEngine.TestRunner/Assertions/UnexpectedLogMessageException.cs
 0.2 kb	 0.0% Packages/com.unity.test-framework/UnityEngine.TestRunner/TestRunner/RemoteHelpers/RemoteTestResultDataFactory.cs
 0.2 kb	 0.0% Packages/com.unity.test-framework/UnityEngine.TestRunner/TestRunner/RemoteHelpers/PlayerConnectionMessageIds.cs
 0.2 kb	 0.0% Packages/com.unity.test-framework/UnityEngine.TestRunner/TestRunner/Callbacks/RemoteTestResultSender.cs
 0.2 kb	 0.0% Packages/com.unity.test-framework/UnityEngine.TestRunner/TestRunner/Callbacks/PlayModeRunnerCallback.cs
 0.2 kb	 0.0% Packages/com.unity.test-framework/UnityEngine.TestRunner/Assertions/AllocatingGCMemoryConstraint.cs
 0.1 kb	 0.0% Packages/com.unity.test-framework/UnityEngine.TestRunner/NUnitExtensions/UnityTestAssemblyBuilder.cs
 0.1 kb	 0.0% Packages/com.unity.test-framework/UnityEngine.TestRunner/NUnitExtensions/Runner/TestCommandBuilder.cs
 0.1 kb	 0.0% Packages/com.unity.test-framework/UnityEngine.TestRunner/NUnitExtensions/Runner/DefaultTestWorkItem.cs
 0.1 kb	 0.0% Packages/com.unity.test-framework/UnityEngine.TestRunner/NUnitExtensions/Runner/CompositeWorkItem.cs
 0.1 kb	 0.0% Packages/com.unity.test-framework/UnityEngine.TestRunner/NUnitExtensions/Filters/AssemblyNameFilter.cs
 0.1 kb	 0.0% Packages/com.unity.test-framework/UnityEngine.TestRunner/NUnitExtensions/Commands/EnumerableSetUpTearDownCommand.cs
 0.1 kb	 0.0% Packages/com.unity.test-framework/UnityEngine.TestRunner/NUnitExtensions/Commands/EnumerableRepeatedTestCommand.cs
 0.1 kb	 0.0% Packages/com.unity.test-framework/UnityEngine.TestRunner/NUnitExtensions/Attributes/TestMustExpectAllLogsAttribute.cs
 0.1 kb	 0.0% Packages/com.unity.test-framework/UnityEngine.TestRunner/Assertions/UnityTestTimeoutException.cs
 0.1 kb	 0.0% Packages/com.unity.test-framework/UnityEngine.TestRunner/Assertions/UnhandledLogMessageException.cs
 0.1 kb	 0.0% Packages/com.unity.test-framework/UnityEngine.TestRunner/Assertions/InvalidSignatureException.cs
 0.1 kb	 0.0% Packages/com.unity.test-framework/UnityEngine.TestRunner/Utils/QuaternionEqualityComparer.cs
 0.1 kb	 0.0% Packages/com.unity.test-framework/UnityEngine.TestRunner/Utils/AssemblyProvider/PlayerTestAssemblyProvider.cs
 0.1 kb	 0.0% Packages/com.unity.test-framework/UnityEngine.TestRunner/TestRunner/RuntimeTestRunnerFilter.cs
 0.1 kb	 0.0% Packages/com.unity.test-framework/UnityEngine.TestRunner/TestRunner/Callbacks/TestResultRenderer.cs
 0.1 kb	 0.0% Packages/com.unity.test-framework/UnityEngine.TestRunner/TestRunner/Callbacks/PlayerQuitHandler.cs
 0.1 kb	 0.0% Packages/com.unity.test-framework/UnityEngine.TestRunner/Utils/PostBuildCleanupAttribute.cs
 0.1 kb	 0.0% Packages/com.unity.test-framework/UnityEngine.TestRunner/TestRunner/TestEnumeratorWrapper.cs
 0.1 kb	 0.0% Packages/com.unity.test-framework/UnityEngine.TestRunner/TestRunner/PlaymodeTestsController.cs
 0.1 kb	 0.0% Packages/com.unity.test-framework/UnityEngine.TestRunner/NUnitExtensions/TestResultExtensions.cs
 0.1 kb	 0.0% Packages/com.unity.test-framework/UnityEngine.TestRunner/NUnitExtensions/Runner/WorkItemFactory.cs
 0.1 kb	 0.0% Packages/com.unity.test-framework/UnityEngine.TestRunner/NUnitExtensions/Runner/UnityWorkItem.cs
 0.1 kb	 0.0% Packages/com.unity.test-framework/UnityEngine.TestRunner/NUnitExtensions/Filters/FullNameFilter.cs
 0.1 kb	 0.0% Packages/com.unity.test-framework/UnityEngine.TestRunner/NUnitExtensions/ConstructDelegator.cs
 0.1 kb	 0.0% Packages/com.unity.test-framework/UnityEngine.TestRunner/NUnitExtensions/Commands/OuterUnityTestActionCommand.cs
 0.1 kb	 0.0% Packages/com.unity.test-framework/UnityEngine.TestRunner/NUnitExtensions/Commands/ImmediateEnumerableCommand.cs
 0.1 kb	 0.0% Packages/com.unity.test-framework/UnityEngine.TestRunner/NUnitExtensions/Commands/EnumerableTestMethodCommand.cs
 0.1 kb	 0.0% Packages/com.unity.test-framework/UnityEngine.TestRunner/NUnitExtensions/Commands/EnumerableRetryTestCommand.cs
 0.1 kb	 0.0% Packages/com.unity.test-framework/UnityEngine.TestRunner/NUnitExtensions/Commands/BeforeAfterTestCommandState.cs
 0.1 kb	 0.0% Packages/com.unity.test-framework/UnityEngine.TestRunner/NUnitExtensions/Attributes/UnityCombinatorialStrategy.cs
 0.1 kb	 0.0% Packages/com.unity.test-framework/UnityEngine.TestRunner/NUnitExtensions/Attributes/ConditionalIgnoreAttribute.cs
 0.1 kb	 0.0% Packages/com.unity.timeline/Runtime/Animation/AnimationPreviewUpdateCallback.cs
 0.1 kb	 0.0% Packages/com.unity.timeline/Runtime/Animation/AnimationOutputWeightProcessor.cs
 0.1 kb	 0.0% Packages/com.unity.test-framework/UnityEngine.TestRunner/Utils/Vector4EqualityComparer.cs
 0.1 kb	 0.0% Packages/com.unity.test-framework/UnityEngine.TestRunner/Utils/Vector3EqualityComparer.cs
 0.1 kb	 0.0% Packages/com.unity.test-framework/UnityEngine.TestRunner/Utils/Vector2EqualityComparer.cs
 0.1 kb	 0.0% Packages/com.unity.test-framework/UnityEngine.TestRunner/Utils/TestRunCallbackListener.cs
 0.1 kb	 0.0% Packages/com.unity.test-framework/UnityEngine.TestRunner/Utils/FloatEqualityComparer.cs
 0.1 kb	 0.0% Packages/com.unity.test-framework/UnityEngine.TestRunner/Utils/ColorEqualityComparer.cs
 0.1 kb	 0.0% Packages/com.unity.test-framework/UnityEngine.TestRunner/Utils/AssemblyProvider/ScriptingRuntimeProxy.cs
 0.1 kb	 0.0% Packages/com.unity.test-framework/UnityEngine.TestRunner/TestRunner/SynchronousFilter.cs
 0.1 kb	 0.0% Packages/com.unity.test-framework/UnityEngine.TestRunner/TestRunner/RemoteHelpers/RemoteTestResultData.cs
 0.1 kb	 0.0% Packages/com.unity.ugui/Runtime/UI/Core/Layout/HorizontalOrVerticalLayoutGroup.cs
 0.1 kb	 0.0% Packages/com.unity.test-framework/UnityEngine.TestRunner/Utils/TestRunCallbackAttribute.cs
 0.1 kb	 0.0% Packages/com.unity.test-framework/UnityEngine.TestRunner/TestRunner/TestListenerWrapper.cs
 0.1 kb	 0.0% Packages/com.unity.test-framework/UnityEngine.TestRunner/NUnitExtensions/TestExtensions.cs
 0.1 kb	 0.0% Packages/com.unity.test-framework/UnityEngine.TestRunner/NUnitExtensions/Runner/FailCommand.cs
 0.1 kb	 0.0% Packages/com.unity.test-framework/UnityEngine.TestRunner/NUnitExtensions/Commands/UnityTestMethodCommand.cs
 0.1 kb	 0.0% Packages/com.unity.test-framework/UnityEngine.TestRunner/NUnitExtensions/BaseDelegator.cs
 0.1 kb	 0.0% Packages/com.unity.test-framework/UnityEngine.TestRunner/NUnitExtensions/Attributes/UnityTearDownAttribute.cs
 0.1 kb	 0.0% Packages/com.unity.test-framework/UnityEngine.TestRunner/NUnitExtensions/Attributes/UnityPlatformAttribute.cs
 0.1 kb	 0.0% Packages/com.unity.test-framework/UnityEngine.TestRunner/NUnitExtensions/ActionDelegator.cs
 0.1 kb	 0.0% Packages/com.unity.timeline/Runtime/Utilities/AnimationPreviewUtilities.cs
 0.1 kb	 0.0% Packages/com.unity.timeline/Runtime/Playables/TimeNotificationBehaviour.cs
 0.1 kb	 0.0% Packages/com.unity.timeline/Runtime/Playables/ActivationControlPlayable.cs
 0.1 kb	 0.0% Packages/com.unity.test-framework/UnityEngine.TestRunner/Utils/AssemblyProvider/AssemblyLoadProxy.cs
 0.1 kb	 0.0% Packages/com.unity.test-framework/UnityEngine.TestRunner/TestRunner/RemoteHelpers/RemoteTestData.cs
 0.1 kb	 0.0% Packages/com.unity.ugui/Runtime/EventSystem/InputModules/StandaloneInputModule.cs
 0.1 kb	 0.0% Packages/com.unity.timeline/Runtime/AssetUpgrade/AnimationTrackUpgrade.cs
 0.1 kb	 0.0% Packages/com.unity.test-framework/UnityEngine.TestRunner/TestRunner/Messages/IEditModeTestYieldInstruction.cs
 0.1 kb	 0.0% Packages/com.unity.test-framework/UnityEngine.TestRunner/NUnitExtensions/Commands/TestCommandPcHelper.cs
 0.1 kb	 0.0% Packages/com.unity.test-framework/UnityEngine.TestRunner/NUnitExtensions/Commands/TestActionCommand.cs
 0.1 kb	 0.0% Packages/com.unity.test-framework/UnityEngine.TestRunner/NUnitExtensions/Commands/SetUpTearDownCommand.cs
 0.1 kb	 0.0% Packages/com.unity.test-framework/UnityEngine.TestRunner/NUnitExtensions/Commands/EnumerableTestState.cs
 0.1 kb	 0.0% Packages/com.unity.test-framework/UnityEngine.TestRunner/NUnitExtensions/Attributes/UnityTestAttribute.cs
 0.1 kb	 0.0% Packages/com.unity.test-framework/UnityEngine.TestRunner/NUnitExtensions/Attributes/UnitySetUpAttribute.cs
 0.1 kb	 0.0% Assets/Scripts/GroundTruth/PhysicsCaptureV2FixedStepRecorder.cs
 0.1 kb	 0.0% Packages/com.unity.timeline/Runtime/Utilities/TimelineCreateUtilities.cs
 0.1 kb	 0.0% Packages/com.unity.timeline/Runtime/Utilities/NotificationUtilities.cs
 0.1 kb	 0.0% Packages/com.unity.timeline/Runtime/Playables/PrefabControlPlayable.cs
 0.1 kb	 0.0% Packages/com.unity.timeline/Runtime/Playables/ParticleControlPlayable.cs
 0.1 kb	 0.0% Packages/com.unity.timeline/Runtime/Playables/DirectorControlPlayable.cs
 0.1 kb	 0.0% Packages/com.unity.timeline/Runtime/Events/Signals/CustomSignalEventDrawer.cs
 0.1 kb	 0.0% Packages/com.unity.timeline/Runtime/Animation/AnimationPlayableAsset.cs
 0.1 kb	 0.0% Packages/com.unity.timeline/Runtime/Activation/ActivationPlayableAsset.cs
 0.1 kb	 0.0% Packages/com.unity.timeline/Runtime/Activation/ActivationMixerPlayable.cs
 0.1 kb	 0.0% Packages/com.unity.textmeshpro/Scripts/Runtime/TMP_ScrollbarEventHandler.cs
 0.1 kb	 0.0% Packages/com.unity.textmeshpro/Scripts/Runtime/TMP_PackageResourceImporter.cs
 0.1 kb	 0.0% Packages/com.unity.textmeshpro/Scripts/Runtime/TMP_EditorResourceManager.cs
 0.1 kb	 0.0% Packages/com.unity.test-framework/UnityEngine.TestRunner/Utils/CoroutineRunner.cs
 0.1 kb	 0.0% Packages/com.unity.test-framework/UnityEngine.TestRunner/Utils/AssemblyProvider/AssemblyWrapper.cs
 0.1 kb	 0.0% Packages/com.unity.ugui/Runtime/UI/Core/Utility/ReflectionMethodsCache.cs
 0.1 kb	 0.0% Packages/com.unity.ugui/Runtime/UI/Core/MultipleDisplayUtilities.cs
 0.1 kb	 0.0% Packages/com.unity.ugui/Runtime/UI/Core/Layout/HorizontalLayoutGroup.cs
 0.1 kb	 0.0% Packages/com.unity.ugui/Runtime/UI/Core/GraphicRebuildTracker.cs
 0.1 kb	 0.0% Packages/com.unity.ugui/Runtime/UI/Core/Culling/RectangularVertexClipper.cs
 0.1 kb	 0.0% Packages/com.unity.ugui/Runtime/EventSystem/Raycasters/Physics2DRaycaster.cs
 0.1 kb	 0.0% Packages/com.unity.ugui/Runtime/EventSystem/InputModules/PointerInputModule.cs
 0.1 kb	 0.0% Packages/com.unity.test-framework/UnityEngine.TestRunner/Utils/PrebuildSceneSetupAttribute.cs
 0.1 kb	 0.0% Packages/com.unity.test-framework/UnityEngine.TestRunner/Utils/AttributeHelper.cs
 0.1 kb	 0.0% Packages/com.unity.test-framework/UnityEngine.TestRunner/TestRunner/RemoteHelpers/IRemoteTestResultDataFactory.cs
 0.1 kb	 0.0% Packages/com.unity.test-framework/UnityEngine.TestRunner/NUnitExtensions/Runner/IEnumerableTestMethodCommand.cs
 0.1 kb	 0.0% Packages/com.unity.test-framework/UnityEngine.TestRunner/NUnitExtensions/IAsyncTestAssemblyBuilder.cs
 0.1 kb	 0.0% Packages/com.unity.test-framework/UnityEngine.TestRunner/NUnitExtensions/Commands/BeforeAfterTestCommandBase.cs
 0.1 kb	 0.0% Packages/com.unity.test-framework/UnityEngine.TestRunner/NUnitExtensions/Attributes/TestEnumerator.cs
 0.1 kb	 0.0% Assets/Scripts/GroundTruth/PhysicsViolationEngineEvidence.cs
 0.1 kb	 0.0% Assets/Scripts/GroundTruth/PhysicsCaptureV2EntityGeometry.cs
 0.1 kb	 0.0% Assets/Scripts/GroundTruth/PhysicsCaptureV2EngineProtocol.cs
 0.1 kb	 0.0% Packages/com.unity.timeline/Runtime/Utilities/AnimatorBindingCache.cs
 0.1 kb	 0.0% Packages/com.unity.timeline/Runtime/Playables/TimeControlPlayable.cs
 0.1 kb	 0.0% Packages/com.unity.timeline/Runtime/Evaluation/ScheduleRuntimeClip.cs
 0.1 kb	 0.0% Packages/com.unity.timeline/Runtime/Evaluation/InfiniteRuntimeClip.cs
 0.1 kb	 0.0% Packages/com.unity.timeline/Runtime/Control/ControlPlayableAsset.cs
 0.1 kb	 0.0% Packages/com.unity.timeline/Runtime/Audio/AudioPlayableAsset.cs
 0.1 kb	 0.0% Packages/com.unity.timeline/Runtime/Audio/AudioMixerProperties.cs
 0.1 kb	 0.0% Packages/com.unity.timeline/Runtime/Audio/AudioClipProperties.cs
 0.1 kb	 0.0% Packages/com.unity.timeline/Runtime/Attributes/TrackColorAttribute.cs
 0.1 kb	 0.0% Packages/com.unity.textmeshpro/Scripts/Runtime/TMPro_ExtensionMethods.cs
 0.1 kb	 0.0% Packages/com.unity.textmeshpro/Scripts/Runtime/TMP_TextParsingUtilities.cs
 0.1 kb	 0.0% Packages/com.unity.textmeshpro/Scripts/Runtime/TMP_TextElement_Legacy.cs
 0.1 kb	 0.0% Packages/com.unity.textmeshpro/Scripts/Runtime/TMP_SpriteAssetImportFormats.cs
 0.1 kb	 0.0% Packages/com.unity.textmeshpro/Scripts/Runtime/TMP_FontAssetUtilities.cs
 0.1 kb	 0.0% Packages/com.unity.textmeshpro/Scripts/Runtime/MaterialReferenceManager.cs
 0.1 kb	 0.0% Packages/com.unity.ugui/Runtime/UI/Core/SetPropertyUtility.cs
 0.1 kb	 0.0% Packages/com.unity.ugui/Runtime/UI/Core/Layout/VerticalLayoutGroup.cs
 0.1 kb	 0.0% Packages/com.unity.ugui/Runtime/UI/Core/Layout/ContentSizeFitter.cs
 0.1 kb	 0.0% Packages/com.unity.ugui/Runtime/UI/Core/Layout/AspectRatioFitter.cs
 0.1 kb	 0.0% Packages/com.unity.ugui/Runtime/UI/Core/FontUpdateTracker.cs
 0.1 kb	 0.0% Packages/com.unity.ugui/Runtime/UI/Core/CanvasUpdateRegistry.cs
 0.1 kb	 0.0% Packages/com.unity.ugui/Runtime/UI/Core/AnimationTriggers.cs
 0.1 kb	 0.0% Packages/com.unity.ugui/Runtime/EventSystem/Raycasters/PhysicsRaycaster.cs
 0.1 kb	 0.0% Packages/com.unity.ugui/Runtime/EventSystem/Raycasters/BaseRaycaster.cs
 0.1 kb	 0.0% Packages/com.unity.ugui/Runtime/EventSystem/RaycasterManager.cs
 0.1 kb	 0.0% Packages/com.unity.ugui/Runtime/EventSystem/InputModules/TouchInputModule.cs
 0.1 kb	 0.0% Packages/com.unity.ugui/Runtime/EventSystem/InputModules/BaseInputModule.cs
 0.1 kb	 0.0% Packages/com.unity.ugui/Runtime/EventSystem/ExecuteEvents.cs
 0.1 kb	 0.0% Packages/com.unity.ugui/Runtime/EventSystem/EventData/PointerEventData.cs
 0.1 kb	 0.0% Packages/com.unity.ugui/Runtime/EventSystem/EventData/BaseEventData.cs
 0.1 kb	 0.0% Packages/com.unity.ugui/Runtime/EventSystem/EventData/AxisEventData.cs
 0.1 kb	 0.0% Packages/com.unity.timeline/Runtime/TimelineAsset_CreateRemove.cs
 0.1 kb	 0.0% Packages/com.unity.timeline/Runtime/Events/INotificationOptionProvider.cs
 0.1 kb	 0.0% Packages/com.unity.test-framework/UnityEngine.TestRunner/Utils/IOuterUnityTestAction.cs
 0.1 kb	 0.0% Packages/com.unity.test-framework/UnityEngine.TestRunner/Utils/AssemblyProvider/ITestAssemblyProvider.cs
 0.1 kb	 0.0% Packages/com.unity.test-framework/UnityEngine.TestRunner/Utils/AssemblyProvider/IScriptingRuntimeProxy.cs
 0.1 kb	 0.0% Packages/com.unity.test-framework/UnityEngine.TestRunner/Assertions/LogScope/LogScope.cs
 0.1 kb	 0.0% Packages/com.unity.test-framework/UnityEngine.TestRunner/Assertions/LogScope/LogMatch.cs
 0.1 kb	 0.0% Packages/com.unity.test-framework/UnityEngine.TestRunner/Assertions/LogScope/LogEvent.cs
 0.1 kb	 0.0% Packages/com.unity.test-framework/UnityEngine.TestRunner/Assertions/LogAssert.cs
 0.1 kb	 0.0% Packages/com.unity.test-framework/UnityEngine.TestRunner/Assertions/ConstraintsExtensions.cs
 0.1 kb	 0.0% Assets/Scripts/GroundTruth/ObservationCaptureProtocol.cs
 0.1 kb	 0.0% Packages/com.unity.timeline/Runtime/Utilities/WeightUtility.cs
 0.1 kb	 0.0% Packages/com.unity.timeline/Runtime/Utilities/Extrapolation.cs
 0.1 kb	 0.0% Packages/com.unity.timeline/Runtime/TimelinePlayable.cs
 0.1 kb	 0.0% Packages/com.unity.timeline/Runtime/TimelineAsset.cs
 0.1 kb	 0.0% Packages/com.unity.timeline/Runtime/Scripting/PlayableTrack.cs
 0.1 kb	 0.0% Packages/com.unity.timeline/Runtime/Events/Signals/SignalReceiver.cs
 0.1 kb	 0.0% Packages/com.unity.timeline/Runtime/Events/Signals/SignalEmitter.cs
 0.1 kb	 0.0% Packages/com.unity.timeline/Runtime/Evaluation/RuntimeElement.cs
 0.1 kb	 0.0% Packages/com.unity.timeline/Runtime/Evaluation/RuntimeClipBase.cs
 0.1 kb	 0.0% Packages/com.unity.timeline/Runtime/Animation/AnimationTrack.cs
 0.1 kb	 0.0% Packages/com.unity.timeline/Runtime/Activation/ActivationTrack.cs
 0.1 kb	 0.0% Packages/com.unity.textmeshpro/Scripts/Runtime/TMPro_EventManager.cs
 0.1 kb	 0.0% Packages/com.unity.textmeshpro/Scripts/Runtime/TMP_UpdateManager.cs
 0.1 kb	 0.0% Packages/com.unity.textmeshpro/Scripts/Runtime/TMP_TextUtilities.cs
 0.1 kb	 0.0% Packages/com.unity.textmeshpro/Scripts/Runtime/TMP_TextProcessingStack.cs
 0.1 kb	 0.0% Packages/com.unity.textmeshpro/Scripts/Runtime/TMP_SpriteCharacter.cs
 0.1 kb	 0.0% Packages/com.unity.textmeshpro/Scripts/Runtime/TMP_SpriteAnimator.cs
 0.1 kb	 0.0% Packages/com.unity.textmeshpro/Scripts/Runtime/TMP_SelectionCaret.cs
 0.1 kb	 0.0% Packages/com.unity.textmeshpro/Scripts/Runtime/TMP_RichTextTagsCommon.cs
 0.1 kb	 0.0% Packages/com.unity.textmeshpro/Scripts/Runtime/TMP_MaterialManager.cs
 0.1 kb	 0.0% Packages/com.unity.textmeshpro/Scripts/Runtime/TMP_InputValidator.cs
 0.1 kb	 0.0% Packages/com.unity.textmeshpro/Scripts/Runtime/TMP_FontFeaturesCommon.cs
 0.1 kb	 0.0% Packages/com.unity.textmeshpro/Scripts/Runtime/TMP_FontFeatureTable.cs
 0.1 kb	 0.0% Packages/com.unity.textmeshpro/Scripts/Runtime/TMP_DefaultControls.cs
 0.1 kb	 0.0% Packages/com.unity.textmeshpro/Scripts/Runtime/TMP_Compatibility.cs
 0.1 kb	 0.0% Packages/com.unity.textmeshpro/Scripts/Runtime/TMP_ColorGradient.cs
 0.1 kb	 0.0% Packages/com.unity.test-framework/UnityEngine.TestRunner/Utils/Utils.cs
 0.1 kb	 0.0% Packages/com.unity.test-framework/UnityEngine.TestRunner/Assertions/Is.cs
 0.1 kb	 0.0% Packages/com.unity.ugui/Runtime/UI/Core/VertexModifiers/PositionAsUV1.cs
 0.1 kb	 0.0% Packages/com.unity.ugui/Runtime/UI/Core/VertexModifiers/BaseMeshEffect.cs
 0.1 kb	 0.0% Packages/com.unity.ugui/Runtime/UI/Core/StencilMaterial.cs
 0.1 kb	 0.0% Packages/com.unity.ugui/Runtime/UI/Core/MaskableGraphic.cs
 0.1 kb	 0.0% Packages/com.unity.ugui/Runtime/UI/Core/MaskUtilities.cs
 0.1 kb	 0.0% Packages/com.unity.ugui/Runtime/UI/Core/Layout/LayoutUtility.cs
 0.1 kb	 0.0% Packages/com.unity.ugui/Runtime/UI/Core/Layout/LayoutRebuilder.cs
 0.1 kb	 0.0% Packages/com.unity.ugui/Runtime/UI/Core/Layout/LayoutElement.cs
 0.1 kb	 0.0% Packages/com.unity.ugui/Runtime/UI/Core/Layout/GridLayoutGroup.cs
 0.1 kb	 0.0% Packages/com.unity.ugui/Runtime/UI/Core/IGraphicEnabledDisabled.cs
 0.1 kb	 0.0% Packages/com.unity.ugui/Runtime/UI/Core/GraphicRegistry.cs
 0.1 kb	 0.0% Packages/com.unity.ugui/Runtime/UI/Core/GraphicRaycaster.cs
 0.1 kb	 0.0% Packages/com.unity.ugui/Runtime/UI/Core/DefaultControls.cs
 0.1 kb	 0.0% Packages/com.unity.ugui/Runtime/UI/Core/Culling/ClipperRegistry.cs
 0.1 kb	 0.0% Packages/com.unity.ugui/Runtime/EventSystem/UIBehaviour.cs
 0.1 kb	 0.0% Packages/com.unity.ugui/Runtime/EventSystem/InputModules/BaseInput.cs
 0.1 kb	 0.0% Packages/com.unity.ugui/Runtime/EventSystem/EventTrigger.cs
 0.1 kb	 0.0% Packages/com.unity.ugui/Runtime/EventSystem/EventSystem.cs
 0.1 kb	 0.0% Packages/com.unity.test-framework/UnityEngine.TestRunner/Utils/MonoBehaviourTest/MonoBehaviourTest.cs
 0.1 kb	 0.0% Packages/com.unity.test-framework/UnityEngine.TestRunner/Utils/MonoBehaviourTest/IMonoBehaviourTest.cs
 0.1 kb	 0.0% Packages/com.unity.test-framework/UnityEngine.TestRunner/Utils/IPrebuildSceneSetup.cs
 0.1 kb	 0.0% Packages/com.unity.test-framework/UnityEngine.TestRunner/Utils/IPostBuildCleanup.cs
 0.1 kb	 0.0% Packages/com.unity.test-framework/UnityEngine.TestRunner/Utils/AssemblyProvider/IAssemblyLoadProxy.cs
 0.1 kb	 0.0% Packages/com.unity.test-framework/UnityEngine.TestRunner/TestRunner/ITestRunnerListener.cs
 0.1 kb	 0.0% Assets/Scripts/RepresentationNovelty.cs
 0.1 kb	 0.0% Assets/Scripts/GroundTruth/ScenarioObjectIdentity.cs
 0.1 kb	 0.0% Assets/Scripts/GroundTruth/PhysicsCaptureV2Events.cs
 0.1 kb	 0.0% Assets/Scripts/GroundTruth/PhysicsCaptureV2Contacts.cs
 0.1 kb	 0.0% Assets/Scripts/GroundTruth/PhysicsCaptureProtocol.cs
 0.1 kb	 0.0% Assets/Scripts/GroundTruth/PhysicalSnapshotRuntime.cs
 0.1 kb	 0.0% Assets/Scripts/GroundTruth/PhysicalSnapshotModels.cs
 0.1 kb	 0.0% Assets/Scripts/GroundTruth/PhysicalSnapshotExporter.cs
 0.1 kb	 0.0% Assets/Scripts/GroundTruth/PhysicalEntityRegistry.cs
 0.1 kb	 0.0% Assets/Scripts/GroundTruth/PhysicalCaptureModels.cs
 0.1 kb	 0.0% Packages/com.unity.timeline/Runtime/Utilities/TimelineUndo.cs
 0.1 kb	 0.0% Packages/com.unity.timeline/Runtime/Utilities/TimeUtility.cs
 0.1 kb	 0.0% Packages/com.unity.timeline/Runtime/Utilities/HashUtility.cs
 0.1 kb	 0.0% Packages/com.unity.timeline/Runtime/TrackAsset.cs
 0.1 kb	 0.0% Packages/com.unity.timeline/Runtime/TimelineClip.cs
 0.1 kb	 0.0% Packages/com.unity.timeline/Runtime/GroupTrack.cs
 0.1 kb	 0.0% Packages/com.unity.timeline/Runtime/Events/Signals/SignalAsset.cs
 0.1 kb	 0.0% Packages/com.unity.timeline/Runtime/Events/SignalTrack.cs
 0.1 kb	 0.0% Packages/com.unity.timeline/Runtime/Events/MarkerTrack.cs
 0.1 kb	 0.0% Packages/com.unity.timeline/Runtime/Evaluation/RuntimeClip.cs
 0.1 kb	 0.0% Packages/com.unity.timeline/Runtime/Control/ControlTrack.cs
 0.1 kb	 0.0% Packages/com.unity.timeline/Runtime/Audio/AudioTrack.cs
 0.1 kb	 0.0% Packages/com.unity.textmeshpro/Scripts/Runtime/TextMeshProUGUI.cs
 0.1 kb	 0.0% Packages/com.unity.textmeshpro/Scripts/Runtime/TextContainer.cs
 0.1 kb	 0.0% Packages/com.unity.textmeshpro/Scripts/Runtime/TMPro_UGUI_Private.cs
 0.1 kb	 0.0% Packages/com.unity.textmeshpro/Scripts/Runtime/TMPro_MeshUtilities.cs
 0.1 kb	 0.0% Packages/com.unity.textmeshpro/Scripts/Runtime/TMP_UpdateRegistery.cs
 0.1 kb	 0.0% Packages/com.unity.textmeshpro/Scripts/Runtime/TMP_TextElement.cs
 0.1 kb	 0.0% Packages/com.unity.textmeshpro/Scripts/Runtime/TMP_SubMeshUI.cs
 0.1 kb	 0.0% Packages/com.unity.textmeshpro/Scripts/Runtime/TMP_StyleSheet.cs
 0.1 kb	 0.0% Packages/com.unity.textmeshpro/Scripts/Runtime/TMP_SpriteGlyph.cs
 0.1 kb	 0.0% Packages/com.unity.textmeshpro/Scripts/Runtime/TMP_SpriteAsset.cs
 0.1 kb	 0.0% Packages/com.unity.textmeshpro/Scripts/Runtime/TMP_ShaderUtilities.cs
 0.1 kb	 0.0% Packages/com.unity.textmeshpro/Scripts/Runtime/TMP_ResourcesManager.cs
 0.1 kb	 0.0% Packages/com.unity.textmeshpro/Scripts/Runtime/TMP_InputField.cs
 0.1 kb	 0.0% Packages/com.unity.textmeshpro/Scripts/Runtime/TMP_FontAssetCommon.cs
 0.1 kb	 0.0% Packages/com.unity.textmeshpro/Scripts/Runtime/TMP_FontAsset.cs
 0.1 kb	 0.0% Packages/com.unity.textmeshpro/Scripts/Runtime/TMP_CoroutineTween.cs
 0.1 kb	 0.0% Packages/com.unity.textmeshpro/Scripts/Runtime/TMP_CharacterInfo.cs
 0.1 kb	 0.0% Packages/com.unity.textmeshpro/Scripts/Runtime/TMP_Character.cs
 0.1 kb	 0.0% Packages/com.unity.textmeshpro/Scripts/Runtime/ITextPreProcessor.cs
 0.1 kb	 0.0% Packages/com.unity.ugui/Runtime/UI/Core/Utility/VertexHelper.cs
 0.1 kb	 0.0% Packages/com.unity.ugui/Runtime/UI/Core/ToggleGroup.cs
 0.1 kb	 0.0% Packages/com.unity.ugui/Runtime/UI/Core/Selectable.cs
 0.1 kb	 0.0% Packages/com.unity.ugui/Runtime/UI/Core/Scrollbar.cs
 0.1 kb	 0.0% Packages/com.unity.ugui/Runtime/UI/Core/ScrollRect.cs
 0.1 kb	 0.0% Packages/com.unity.ugui/Runtime/UI/Core/RectMask2D.cs
 0.1 kb	 0.0% Packages/com.unity.ugui/Runtime/UI/Core/MaterialModifiers/IMaterialModifier.cs
 0.1 kb	 0.0% Packages/com.unity.ugui/Runtime/UI/Core/Layout/LayoutGroup.cs
 0.1 kb	 0.0% Packages/com.unity.ugui/Runtime/UI/Core/Layout/CanvasScaler.cs
 0.1 kb	 0.0% Packages/com.unity.ugui/Runtime/UI/Core/InputField.cs
 0.1 kb	 0.0% Packages/com.unity.timeline/Runtime/Utilities/IPropertyCollector.cs
 0.1 kb	 0.0% Packages/com.unity.timeline/Runtime/TimelineAttributes.cs
 0.1 kb	 0.0% Packages/com.unity.timeline/Runtime/Timeline.deprecated.cs
 0.1 kb	 0.0% Packages/com.unity.timeline/Runtime/Playables/NotificationFlags.cs
 0.1 kb	 0.0% Packages/com.unity.timeline/Runtime/Playables/BasicScriptPlayable.cs
 0.1 kb	 0.0% Packages/com.unity.test-framework/UnityEngine.TestRunner/Utils/StacktraceFilter.cs
 0.1 kb	 0.0% Packages/com.unity.test-framework/UnityEngine.TestRunner/Utils/ITestRunCallback.cs
 0.1 kb	 0.0% Packages/com.unity.test-framework/UnityEngine.TestRunner/Utils/AssemblyProvider/IAssemblyWrapper.cs
 0.1 kb	 0.0% Packages/com.unity.test-framework/UnityEngine.TestRunner/NUnitExtensions/IStateSerializer.cs
 0.1 kb	 0.0% Assets/Scripts/Utils/ABAudioController.cs
 0.1 kb	 0.0% Assets/Scripts/ScreenshotHandler.cs
 0.1 kb	 0.0% Assets/Scripts/GroundTruth/SymbolicGameState.cs
 0.1 kb	 0.0% Assets/Scripts/GroundTruth/PhysicsShotRecorder.cs
 0.1 kb	 0.0% Assets/Scripts/GroundTruth/PhysicalSnapshotJson.cs
 0.1 kb	 0.0% Assets/Scripts/EvaluationHandler.cs
 0.1 kb	 0.0% Assets/Scripts/AIBirdsConnection.cs
 0.1 kb	 0.0% Packages/com.unity.timeline/Runtime/Events/Marker.cs
 0.1 kb	 0.0% Packages/com.unity.textmeshpro/Scripts/Runtime/TextMeshPro.cs
 0.1 kb	 0.0% Packages/com.unity.textmeshpro/Scripts/Runtime/TMPro_Private.cs
 0.1 kb	 0.0% Packages/com.unity.textmeshpro/Scripts/Runtime/TMP_TextInfo.cs
 0.1 kb	 0.0% Packages/com.unity.textmeshpro/Scripts/Runtime/TMP_SubMesh.cs
 0.1 kb	 0.0% Packages/com.unity.textmeshpro/Scripts/Runtime/TMP_Style.cs
 0.1 kb	 0.0% Packages/com.unity.textmeshpro/Scripts/Runtime/TMP_Sprite.cs
 0.1 kb	 0.0% Packages/com.unity.textmeshpro/Scripts/Runtime/TMP_Settings.cs
 0.1 kb	 0.0% Packages/com.unity.textmeshpro/Scripts/Runtime/TMP_ObjectPool.cs
 0.1 kb	 0.0% Packages/com.unity.textmeshpro/Scripts/Runtime/TMP_Dropdown.cs
 0.1 kb	 0.0% Packages/com.unity.textmeshpro/Scripts/Runtime/TMP_Asset.cs
 0.1 kb	 0.0% Packages/com.unity.textmeshpro/Scripts/Runtime/FastAction.cs
 0.1 kb	 0.0% Packages/com.unity.ugui/Runtime/UI/Core/VertexModifiers/Shadow.cs
 0.1 kb	 0.0% Packages/com.unity.ugui/Runtime/UI/Core/VertexModifiers/Outline.cs
 0.1 kb	 0.0% Packages/com.unity.ugui/Runtime/UI/Core/VertexModifiers/IMeshModifier.cs
 0.1 kb	 0.0% Packages/com.unity.ugui/Runtime/UI/Core/Toggle.cs
 0.1 kb	 0.0% Packages/com.unity.ugui/Runtime/UI/Core/Slider.cs
 0.1 kb	 0.0% Packages/com.unity.ugui/Runtime/UI/Core/RawImage.cs
 0.1 kb	 0.0% Packages/com.unity.ugui/Runtime/UI/Core/Layout/ILayoutElement.cs
 0.1 kb	 0.0% Packages/com.unity.ugui/Runtime/UI/Core/Image.cs
 0.1 kb	 0.0% Packages/com.unity.ugui/Runtime/UI/Core/Graphic.cs
 0.1 kb	 0.0% Packages/com.unity.ugui/Runtime/UI/Core/FontData.cs
 0.1 kb	 0.0% Packages/com.unity.ugui/Runtime/UI/Core/Dropdown.cs
 0.1 kb	 0.0% Packages/com.unity.ugui/Runtime/UI/Core/Culling/Clipping.cs
 0.1 kb	 0.0% Packages/com.unity.ugui/Runtime/UI/Core/Button.cs
 0.1 kb	 0.0% Packages/com.unity.ugui/Runtime/UI/Animation/CoroutineTween.cs
 0.1 kb	 0.0% Packages/com.unity.ugui/Runtime/EventSystem/RaycastResult.cs
 0.1 kb	 0.0% Packages/com.unity.ugui/Runtime/EventSystem/MoveDirection.cs
 0.1 kb	 0.0% Packages/com.unity.ugui/Runtime/EventSystem/EventTriggerType.cs
 0.1 kb	 0.0% Packages/com.unity.ugui/Runtime/EventSystem/EventInterfaces.cs
 0.1 kb	 0.0% Packages/com.unity.timeline/Runtime/Utilities/IPropertyPreview.cs
 0.1 kb	 0.0% Packages/com.unity.timeline/Runtime/Extensions/TrackExtensions.cs
 0.1 kb	 0.0% Packages/com.unity.timeline/Runtime/AssetUpgrade/TimelineUpgrade.cs
 0.1 kb	 0.0% Packages/com.unity.test-framework/UnityEngine.TestRunner/TestRunner/TestPlatform.cs
 0.1 kb	 0.0% Packages/com.unity.test-framework/UnityEngine.TestRunner/Assertions/LogScope/ILogScope.cs
 0.1 kb	 0.0% Packages/com.unity.test-framework/UnityEngine.TestRunner/AssemblyInfo.cs
 0.1 kb	 0.0% Assets/Scripts/Utils/ABSceneManager.cs
 0.1 kb	 0.0% Assets/Scripts/Utils/ABGameManager.cs
 0.1 kb	 0.0% Assets/Scripts/TestHarness/LoadLevelSchema.cs
 0.1 kb	 0.0% Assets/Scripts/TestHarness/GameLevelSetInfo.cs
 0.1 kb	 0.0% Assets/Scripts/TestHarness/ConfigGenerator.cs
 0.1 kb	 0.0% Assets/Scripts/ParticleSystem/ABParticleSystem.cs
 0.1 kb	 0.0% Assets/Scripts/Menus/Buttons/ABLevelSelector.cs
 0.1 kb	 0.0% Assets/Scripts/Menus/ABSplashScreen.cs
 0.1 kb	 0.0% Assets/Scripts/Menus/ABLevelSelect.cs
 0.1 kb	 0.0% Assets/Scripts/Levels/ABLevelUpdate.cs
 0.1 kb	 0.0% Assets/Scripts/GameWorld/Characters/Camera/ABParallaxLayer.cs
 0.1 kb	 0.0% Assets/Scripts/GameWorld/Characters/Camera/ABGameplayCamera.cs
 0.1 kb	 0.0% Packages/com.unity.textmeshpro/Scripts/Runtime/TMP_Text.cs
 0.1 kb	 0.0% Packages/com.unity.textmeshpro/Scripts/Runtime/TMP_MeshInfo.cs
 0.1 kb	 0.0% Packages/com.unity.textmeshpro/Scripts/Runtime/TMP_ListPool.cs
 0.1 kb	 0.0% Packages/com.unity.textmeshpro/Scripts/Runtime/TMP_LineInfo.cs
 0.1 kb	 0.0% Packages/com.unity.textmeshpro/Scripts/Runtime/AssemblyInfo.cs
 0.1 kb	 0.0% Packages/com.unity.ugui/Runtime/UI/Core/Utility/ObjectPool.cs
 0.1 kb	 0.0% Packages/com.unity.ugui/Runtime/UI/Core/Text.cs
 0.1 kb	 0.0% Packages/com.unity.ugui/Runtime/UI/Core/SpriteState.cs
 0.1 kb	 0.0% Packages/com.unity.ugui/Runtime/UI/Core/SpecializedCollections/IndexedSet.cs
 0.1 kb	 0.0% Packages/com.unity.ugui/Runtime/UI/Core/Navigation.cs
 0.1 kb	 0.0% Packages/com.unity.ugui/Runtime/UI/Core/Misc.cs
 0.1 kb	 0.0% Packages/com.unity.ugui/Runtime/UI/Core/Mask.cs
 0.1 kb	 0.0% Packages/com.unity.ugui/Runtime/UI/Core/IMaskable.cs
 0.1 kb	 0.0% Packages/com.unity.ugui/Runtime/UI/Core/Culling/IClipRegion.cs
 0.1 kb	 0.0% Packages/com.unity.ugui/Runtime/UI/Core/ColorBlock.cs
 0.1 kb	 0.0% Packages/com.unity.ugui/Runtime/Properties/AssemblyInfo.cs
 0.1 kb	 0.0% Packages/com.unity.ugui/Runtime/EventSystem/EventHandle.cs
 0.1 kb	 0.0% Packages/com.unity.timeline/Runtime/Properties/AssemblyInfo.cs
 0.1 kb	 0.0% Packages/com.unity.timeline/Runtime/Playables/ITimeControl.cs
 0.1 kb	 0.0% Packages/com.unity.timeline/Runtime/ILayerable.cs
 0.1 kb	 0.0% Packages/com.unity.timeline/Runtime/Events/MarkerList.cs
 0.1 kb	 0.0% Packages/com.unity.timeline/Runtime/Evaluation/IntervalTree.cs
 0.1 kb	 0.0% Packages/com.unity.timeline/Runtime/DiscreteTime.cs
 0.1 kb	 0.0% Packages/com.unity.timeline/Runtime/AssetUpgrade/TrackUpgrade.cs
 0.1 kb	 0.0% Packages/com.unity.timeline/Runtime/AssetUpgrade/ClipUpgrade.cs
 0.1 kb	 0.0% Packages/com.unity.timeline/Runtime/Animation/ICurvesOwner.cs
 0.1 kb	 0.0% Assets/Scripts/Utils/ABSingleton.cs
 0.1 kb	 0.0% Assets/Scripts/Utils/ABObjectPool.cs
 0.1 kb	 0.0% Assets/Scripts/Utils/ABConstants.cs
 0.1 kb	 0.0% Assets/Scripts/Utils/ABArrayUtils.cs
 0.1 kb	 0.0% Assets/Scripts/TestHarness/TrialInfo.cs
 0.1 kb	 0.0% Assets/Scripts/TestHarness/TrainingSet.cs
 0.1 kb	 0.0% Assets/Scripts/Plugins/WebSocket/WebSocket.cs
 0.1 kb	 0.0% Assets/Scripts/Plugins/SimpleJSON.cs
 0.1 kb	 0.0% Assets/Scripts/ParticleSystem/PhysicalBody.cs
 0.1 kb	 0.0% Assets/Scripts/ParticleSystem/ABParticle.cs
 0.1 kb	 0.0% Assets/Scripts/Levels/LevelLoader.cs
 0.1 kb	 0.0% Assets/Scripts/Levels/LevelList.cs
 0.1 kb	 0.0% Assets/Scripts/GroundTruth/GTTrajectory.cs
 0.1 kb	 0.0% Assets/Scripts/GroundTruth/GTObjectBase.cs
 0.1 kb	 0.0% Assets/Scripts/GameWorld/Characters/Birds/ABBirdYellow.cs
 0.1 kb	 0.0% Assets/Scripts/GameWorld/Characters/Birds/ABBirdWhite.cs
 0.1 kb	 0.0% Assets/Scripts/GameWorld/Characters/Birds/ABBirdDown.cs
 0.1 kb	 0.0% Assets/Scripts/GameWorld/Characters/Birds/ABBirdBlack.cs
 0.1 kb	 0.0% Assets/Scripts/GameWorld/Characters/Birds/ABBBirdBlue.cs
 0.1 kb	 0.0% Assets/Scripts/GameWorld/Characters/ABCharacter.cs
 0.1 kb	 0.0% Assets/Scripts/GameWorld/ABSlingshot.cs
 0.1 kb	 0.0% Assets/Scripts/GameWorld/ABGameWorld.cs
 0.1 kb	 0.0% Assets/Scripts/GameWorld/ABGameObject.cs
 0.1 kb	 0.0% Packages/com.unity.ugui/Runtime/UI/Core/Utility/ListPool.cs
 0.1 kb	 0.0% Packages/com.unity.ugui/Runtime/UI/Core/IMask.cs
 0.1 kb	 0.0% Packages/com.unity.timeline/Runtime/Events/IMarker.cs
 0.1 kb	 0.0% Packages/com.unity.timeline/Runtime/ClipCaps.cs
 0.1 kb	 0.0% Assets/Scripts/Utils/ABMath.cs
 0.1 kb	 0.0% Assets/Scripts/TestHarness/TestSet.cs
 0.1 kb	 0.0% Assets/Scripts/Menus/ABMenu.cs
 0.1 kb	 0.0% Assets/Scripts/Levels/ABLevel.cs
 0.1 kb	 0.0% Assets/Scripts/HUD/ScoreHud.cs
 0.1 kb	 0.0% Assets/Scripts/GroundTruth/GTObject.cs
 0.1 kb	 0.0% Assets/Scripts/GroundTruth/GTNoise.cs
 0.1 kb	 0.0% Assets/Scripts/GroundTruth/GTGround.cs
 0.1 kb	 0.0% Assets/Scripts/GroundTruth/ColorMap.cs
 0.1 kb	 0.0% Assets/Scripts/GameWorld/Characters/Birds/ABBird.cs
 0.1 kb	 0.0% Assets/Scripts/GameWorld/Characters/ABPig.cs
 0.1 kb	 0.0% Assets/Scripts/GameWorld/ABTNT.cs
 0.1 kb	 0.0% Assets/Scripts/GameWorld/ABEggTNT.cs
 0.1 kb	 0.0% Assets/Scripts/GameWorld/ABEgg.cs
 0.1 kb	 0.0% Assets/Scripts/GameWorld/ABBlock.cs
 0.1 kb	 0.0% Assets/Scripts/HUD/HUD.cs
 0.0 kb	 0.0% Assets/Resources/Materials/YellowBird.physicsMaterial2D
 0.0 kb	 0.0% Assets/Resources/Materials/WhiteBird.physicsMaterial2D
 0.0 kb	 0.0% Assets/Resources/Materials/PigMedium.physicsMaterial2D
 0.0 kb	 0.0% Assets/Resources/Materials/BlackBird.physicsMaterial2D
 0.0 kb	 0.0% Assets/Resources/Materials/Stone.physicsMaterial2D
 0.0 kb	 0.0% Assets/Resources/Materials/RedBird.physicsMaterial2D
 0.0 kb	 0.0% Assets/Resources/Materials/PigSmall.physicsMaterial2D
 0.0 kb	 0.0% Assets/Resources/Materials/PigBig.physicsMaterial2D
 0.0 kb	 0.0% Assets/Resources/Materials/BlueBird.physicsMaterial2D
 0.0 kb	 0.0% Assets/Resources/Materials/Wood.physicsMaterial2D
 0.0 kb	 0.0% Assets/Resources/Materials/Ice.physicsMaterial2D
-------------------------------------------------------------------------------
DisplayProgressbar:
Unloading 136 Unused Serialized files (Serialized files now loaded: 0)
System memory in use before: 59.1 MB.
System memory in use after: 46.0 MB.

Unloading 697 unused Assets to reduce memory usage. Loaded Objects now: 1875.
Total: 7.238734 ms (FindLiveObjects: 0.324938 ms CreateObjectMapping: 0.039038 ms MarkObjects: 4.257590 ms  DeleteObjects: 2.616426 ms)

Unloading 0 Unused Serialized files (Serialized files now loaded: 0)
Loaded scene 'Temp/__Backupscenes/0.backup'
	Deserialize:            0.715 ms
	Integration:            2.732 ms
	Integration of assets:  0.005 ms
	Thread Wait Time:       19.410 ms
	Total Operation Time:   22.862 ms
System memory in use before: 43.2 MB.
System memory in use after: 43.4 MB.

Unloading 0 unused Assets to reduce memory usage. Loaded Objects now: 1871.
Total: 4.210959 ms (FindLiveObjects: 0.220510 ms CreateObjectMapping: 0.019790 ms MarkObjects: 3.963749 ms  DeleteObjects: 0.006219 ms)

Batchmode quit successfully invoked - shutting down!
[Performance] Application.InitializeProject                               :        1 samples, Peak.  3.66 s (1.0x), Avg.  3.66 s, Total. 3.659 s (29.9%)
[Performance] Application.PackageManager.StartServer                      :        1 samples, Peak.  1.36 ms (1.0x), Avg.  1.36 ms, Total. 1.358 ms (0.0%)
[Performance] Application.IsBrowserCacheEmpty                             :        1 samples, Peak.   112 us (1.0x), Avg.   112 us, Total. 112.3 us (0.0%)
[Performance] Application.AcquireProjectLock                              :        1 samples, Peak.  3.25 ms (1.0x), Avg.  3.25 ms, Total. 3.248 ms (0.0%)
[Performance] Application.InitializeEngineNoGraphics                      :        1 samples, Peak.  7.90 ms (1.0x), Avg.  7.90 ms, Total. 7.901 ms (0.1%)
[Performance] Application.PackageManager.Initialize                       :        1 samples, Peak.   413 ms (1.0x), Avg.   413 ms, Total. 412.9 ms (3.4%)
[Performance] CurlRequestCheck                                            :        9 samples, Peak.  43.1 us (1.9x), Avg.  22.6 us, Total. 203.6 us (0.0%)
[Performance] PackageManager::RunRequestSynchronously                     :        9 samples, Peak.   443 us (7.5x), Avg.  58.7 us, Total. 528.4 us (0.0%)
[Performance] Application.EngineGraphics.Initialize                       :        1 samples, Peak.  34.1 ms (1.0x), Avg.  34.1 ms, Total. 34.11 ms (0.3%)
[Performance] Application.GI.Initialize                                   :        1 samples, Peak.  2.23 ms (1.0x), Avg.  2.23 ms, Total. 2.233 ms (0.0%)
[Performance] Application.LoadAllDefaultResourcesFromEditor               :        1 samples, Peak.  2.14 ms (1.0x), Avg.  2.14 ms, Total. 2.138 ms (0.0%)
[Performance] Application.LoadMonoAssemblies                              :        1 samples, Peak.   894 ms (1.0x), Avg.   894 ms, Total. 893.8 ms (7.3%)
[Performance] RestoreManagedReferences                                    :        2 samples, Peak.  2.40 ms (2.0x), Avg.  1.20 ms, Total. 2.399 ms (0.0%)
[Performance] ProcessService.EditorAfterLoadAllAssemblies                 :        2 samples, Peak.  23.9 ms (1.3x), Avg.  18.5 ms, Total. 36.97 ms (0.3%)
[Performance] Application.ReadLicenseInfo                                 :        1 samples, Peak.  13.7 ms (1.0x), Avg.  13.7 ms, Total. 13.68 ms (0.1%)
[Performance] Application.InitialScriptRefresh                            :        1 samples, Peak.  1.13 s (1.0x), Avg.  1.13 s, Total. 1.132 s (9.3%)
[Performance] Application.AssetDatabase.Refresh                           :        1 samples, Peak.   252 ms (1.0x), Avg.   252 ms, Total. 251.6 ms (2.1%)
[Performance] BuildCatalog                                                :        1 samples, Peak.  40.0 ms (1.0x), Avg.  40.0 ms, Total. 39.95 ms (0.3%)
[Performance] Application.ImportAssetsWithMismatchingAssetImporterVersion :        1 samples, Peak.   174 ms (1.0x), Avg.   174 ms, Total. 174.1 ms (1.4%)
[Performance] Application.SyncCurrentColorSpace                           :        1 samples, Peak.  5.40 ms (1.0x), Avg.  5.40 ms, Total. 5.398 ms (0.0%)
[Performance] Application.OnUsbDevicesChanged                             :        1 samples, Peak.  1.02 us (1.0x), Avg.  1.02 us, Total. 1.021 us (0.0%)
[Performance] Application.AssetInstanceCacheUpdate                        :        1 samples, Peak.   261 ns (1.0x), Avg.   261 ns, Total. 261.0 ns (0.0%)
[Performance] Application.UnityExtensions.Initialize                      :        1 samples, Peak.   673 us (1.0x), Avg.   673 us, Total. 673.1 us (0.0%)
[Performance] Application.InitializeManagedCompilationPipeline            :        1 samples, Peak.  35.9 ms (1.0x), Avg.  35.9 ms, Total. 35.86 ms (0.3%)
[Performance] Application.ExecuteStartups                                 :        1 samples, Peak.  5.39 ms (1.0x), Avg.  5.39 ms, Total. 5.395 ms (0.0%)
[Performance] Application.RebuildOSMenu                                   :        1 samples, Peak.  35.4 ms (1.0x), Avg.  35.4 ms, Total. 35.41 ms (0.3%)
[Performance] UpdateAllMenus                                              :        1 samples, Peak.  35.4 ms (1.0x), Avg.  35.4 ms, Total. 35.41 ms (0.3%)
[Performance] Application.editorInitializingProject                       :        1 samples, Peak.  17.5 us (1.0x), Avg.  17.5 us, Total. 17.48 us (0.0%)
[Performance] GUIView.RepaintAll.PlayerLoopController                     :        4 samples, Peak.   611 ns (1.1x), Avg.   558 ns, Total. 2.233 us (0.0%)
[Performance] Application.InvokeFinishedLoadingProject                    :        1 samples, Peak.  26.9 ms (1.0x), Avg.  26.9 ms, Total. 26.89 ms (0.2%)
[Performance] ProcessService.OnProjectLoaded                              :        1 samples, Peak.  24.3 ms (1.0x), Avg.  24.3 ms, Total. 24.32 ms (0.2%)
Cleanup mono
debugger-agent: Unable to listen on 41
Exiting batchmode successfully now!
Checking for leaked weakptr:
  Found no leaked weakptrs.
[Package Manager] Server::Kill -- Server was shutdown
##utp:{"type":"MemoryLeaks","version":2,"phase":"Immediate","time":1787379171623,"processId":1866592,"allocatedMemory":298534,"memoryLabels":[{"Default":-1092},{"Permanent":384},{"Thread":503},{"Manager":5600},{"Shader":6560},{"GfxDevice":31056},{"GfxThread":480},{"Physics":177},{"Serialization":456},{"Renderer":32},{"String":29357},{"DynamicArray":163733},{"HashMap":13435},{"Curl":1112},{"PoolAlloc":120},{"ScriptManager":13044},{"GI":720},{"VR":3867},{"Subsystems":-664},{"EditorUtility":408},{"AssetDatabase":6006},{"RestService":64},{"UnityConnect":21192},{"Collab":632},{"Licensing":1352}]}
