Unity Editor version:    2019.4.41f2 (6b23d448b533)
Branch:                  HEAD
Build type:              Debug
Batch mode:              YES
System name:             Linux
Distro version:          #35~24.04.1-Ubuntu SMP PREEMPT_DYNAMIC Tue May 26 19:30:42 UTC 2
Kernel version:          6.17.0-35-generic
Architecture:            x86_64
Available memory:        128159 MB
[redacted: Unity licensing line withheld from published provenance]
[redacted: Unity licensing line withheld from published provenance]
[redacted: Unity licensing line withheld from published provenance]
[SignatureVerifier] Application signature verification not supported on this platform.
[redacted: Unity licensing line withheld from published provenance]
[redacted: Unity licensing line withheld from published provenance]
Entitlement-based licensing initiated
[redacted: Unity licensing line withheld from published provenance]
[redacted: Unity licensing line withheld from published provenance]

[redacted: Unity licensing line withheld from published provenance]


[redacted: Unity licensing line withheld from published provenance]
[Package Manager] Server::Start -- Port 33201 was selected

COMMAND LINE ARGUMENTS:
/home/sukai/.local/share/novphy-unity/2019.4.41f2-6b23d448b533/editor/Editor/Unity
-batchmode
-nographics
-projectPath
/home/sukai/Project/NovPhy/tasks/task_template_designer
-executeMethod
NovPhyBuild.BuildPhysicsLinux
-quit
-logFile
/tmp/novphy_physics_build_fC1cHk/unity-build.log
Successfully changed project path to: /home/sukai/Project/NovPhy/tasks/task_template_designer
/home/sukai/Project/NovPhy/tasks/task_template_designer
Using Asset Import Pipeline V2.
DisplayProgressbar: Unity Package Manager
Adding genesis user token [Package Manager] Done resolving packages in 0.36s seconds
[Package Manager] Done checking package constraints in 0.00s seconds
[Package Manager]
Registered 41 packages:
  Packages from [https://packages.unity.com]:
    com.unity.collab-proxy@1.14.18 (location: /home/sukai/Project/NovPhy/tasks/task_template_designer/Library/PackageCache/com.unity.collab-proxy@1.14.18)
    com.unity.ide.rider@1.2.1 (location: /home/sukai/Project/NovPhy/tasks/task_template_designer/Library/PackageCache/com.unity.ide.rider@1.2.1)
    com.unity.ide.visualstudio@2.0.15 (location: /home/sukai/Project/NovPhy/tasks/task_template_designer/Library/PackageCache/com.unity.ide.visualstudio@2.0.15)
    com.unity.ide.vscode@1.2.5 (location: /home/sukai/Project/NovPhy/tasks/task_template_designer/Library/PackageCache/com.unity.ide.vscode@1.2.5)
    com.unity.test-framework@1.1.31 (location: /home/sukai/Project/NovPhy/tasks/task_template_designer/Library/PackageCache/com.unity.test-framework@1.1.31)
    com.unity.textmeshpro@2.1.6 (location: /home/sukai/Project/NovPhy/tasks/task_template_designer/Library/PackageCache/com.unity.textmeshpro@2.1.6)
    com.unity.timeline@1.2.18 (location: /home/sukai/Project/NovPhy/tasks/task_template_designer/Library/PackageCache/com.unity.timeline@1.2.18)
    com.unity.ext.nunit@1.0.6 (location: /home/sukai/Project/NovPhy/tasks/task_template_designer/Library/PackageCache/com.unity.ext.nunit@1.0.6)
  Built-in packages:
    com.unity.ugui@1.0.0 (location: /home/sukai/Project/NovPhy/tasks/task_template_designer/Library/PackageCache/com.unity.ugui@1.0.0)
    com.unity.modules.ai@1.0.0 (location: /home/sukai/Project/NovPhy/tasks/task_template_designer/Library/PackageCache/com.unity.modules.ai@1.0.0)
    com.unity.modules.androidjni@1.0.0 (location: /home/sukai/Project/NovPhy/tasks/task_template_designer/Library/PackageCache/com.unity.modules.androidjni@1.0.0)
    com.unity.modules.animation@1.0.0 (location: /home/sukai/Project/NovPhy/tasks/task_template_designer/Library/PackageCache/com.unity.modules.animation@1.0.0)
    com.unity.modules.assetbundle@1.0.0 (location: /home/sukai/Project/NovPhy/tasks/task_template_designer/Library/PackageCache/com.unity.modules.assetbundle@1.0.0)
    com.unity.modules.audio@1.0.0 (location: /home/sukai/Project/NovPhy/tasks/task_template_designer/Library/PackageCache/com.unity.modules.audio@1.0.0)
    com.unity.modules.cloth@1.0.0 (location: /home/sukai/Project/NovPhy/tasks/task_template_designer/Library/PackageCache/com.unity.modules.cloth@1.0.0)
    com.unity.modules.director@1.0.0 (location: /home/sukai/Project/NovPhy/tasks/task_template_designer/Library/PackageCache/com.unity.modules.director@1.0.0)
    com.unity.modules.imageconversion@1.0.0 (location: /home/sukai/Project/NovPhy/tasks/task_template_designer/Library/PackageCache/com.unity.modules.imageconversion@1.0.0)
    com.unity.modules.imgui@1.0.0 (location: /home/sukai/Project/NovPhy/tasks/task_template_designer/Library/PackageCache/com.unity.modules.imgui@1.0.0)
    com.unity.modules.jsonserialize@1.0.0 (location: /home/sukai/Project/NovPhy/tasks/task_template_designer/Library/PackageCache/com.unity.modules.jsonserialize@1.0.0)
    com.unity.modules.particlesystem@1.0.0 (location: /home/sukai/Project/NovPhy/tasks/task_template_designer/Library/PackageCache/com.unity.modules.particlesystem@1.0.0)
    com.unity.modules.physics@1.0.0 (location: /home/sukai/Project/NovPhy/tasks/task_template_designer/Library/PackageCache/com.unity.modules.physics@1.0.0)
    com.unity.modules.physics2d@1.0.0 (location: /home/sukai/Project/NovPhy/tasks/task_template_designer/Library/PackageCache/com.unity.modules.physics2d@1.0.0)
    com.unity.modules.screencapture@1.0.0 (location: /home/sukai/Project/NovPhy/tasks/task_template_designer/Library/PackageCache/com.unity.modules.screencapture@1.0.0)
    com.unity.modules.terrain@1.0.0 (location: /home/sukai/Project/NovPhy/tasks/task_template_designer/Library/PackageCache/com.unity.modules.terrain@1.0.0)
    com.unity.modules.terrainphysics@1.0.0 (location: /home/sukai/Project/NovPhy/tasks/task_template_designer/Library/PackageCache/com.unity.modules.terrainphysics@1.0.0)
    com.unity.modules.tilemap@1.0.0 (location: /home/sukai/Project/NovPhy/tasks/task_template_designer/Library/PackageCache/com.unity.modules.tilemap@1.0.0)
    com.unity.modules.ui@1.0.0 (location: /home/sukai/Project/NovPhy/tasks/task_template_designer/Library/PackageCache/com.unity.modules.ui@1.0.0)
    com.unity.modules.uielements@1.0.0 (location: /home/sukai/Project/NovPhy/tasks/task_template_designer/Library/PackageCache/com.unity.modules.uielements@1.0.0)
    com.unity.modules.umbra@1.0.0 (location: /home/sukai/Project/NovPhy/tasks/task_template_designer/Library/PackageCache/com.unity.modules.umbra@1.0.0)
    com.unity.modules.unityanalytics@1.0.0 (location: /home/sukai/Project/NovPhy/tasks/task_template_designer/Library/PackageCache/com.unity.modules.unityanalytics@1.0.0)
    com.unity.modules.unitywebrequest@1.0.0 (location: /home/sukai/Project/NovPhy/tasks/task_template_designer/Library/PackageCache/com.unity.modules.unitywebrequest@1.0.0)
    com.unity.modules.unitywebrequestassetbundle@1.0.0 (location: /home/sukai/Project/NovPhy/tasks/task_template_designer/Library/PackageCache/com.unity.modules.unitywebrequestassetbundle@1.0.0)
    com.unity.modules.unitywebrequestaudio@1.0.0 (location: /home/sukai/Project/NovPhy/tasks/task_template_designer/Library/PackageCache/com.unity.modules.unitywebrequestaudio@1.0.0)
    com.unity.modules.unitywebrequesttexture@1.0.0 (location: /home/sukai/Project/NovPhy/tasks/task_template_designer/Library/PackageCache/com.unity.modules.unitywebrequesttexture@1.0.0)
    com.unity.modules.unitywebrequestwww@1.0.0 (location: /home/sukai/Project/NovPhy/tasks/task_template_designer/Library/PackageCache/com.unity.modules.unitywebrequestwww@1.0.0)
    com.unity.modules.vehicles@1.0.0 (location: /home/sukai/Project/NovPhy/tasks/task_template_designer/Library/PackageCache/com.unity.modules.vehicles@1.0.0)
    com.unity.modules.video@1.0.0 (location: /home/sukai/Project/NovPhy/tasks/task_template_designer/Library/PackageCache/com.unity.modules.video@1.0.0)
    com.unity.modules.vr@1.0.0 (location: /home/sukai/Project/NovPhy/tasks/task_template_designer/Library/PackageCache/com.unity.modules.vr@1.0.0)
    com.unity.modules.wind@1.0.0 (location: /home/sukai/Project/NovPhy/tasks/task_template_designer/Library/PackageCache/com.unity.modules.wind@1.0.0)
    com.unity.modules.xr@1.0.0 (location: /home/sukai/Project/NovPhy/tasks/task_template_designer/Library/PackageCache/com.unity.modules.xr@1.0.0)
    com.unity.modules.subsystems@1.0.0 (location: /home/sukai/Project/NovPhy/tasks/task_template_designer/Library/PackageCache/com.unity.modules.subsystems@1.0.0)

[Subsystems] No new subsystems found in resolved package list.
[Package Manager] Done registering packages in 0.02s seconds
Refreshing native plugins compatible for Editor in 21.65 ms, found 0 plugins.
Preloading 0 native plugins for Editor in 0.00 ms.
Initialize engine version: 2019.4.41f2 (6b23d448b533)
[Subsystems] Discovering subsystems at path /home/sukai/.local/share/novphy-unity/2019.4.41f2-6b23d448b533/editor/Editor/Data/Resources/UnitySubsystems
[Subsystems] Discovering subsystems at path /mnt/array/sukaih/Project/NovPhy/tasks/task_template_designer/Assets
Forcing GfxDevice: Null
GfxDevice: creating device client; threaded=0
NullGfxDevice:
    Version:  NULL 1.0 [1.0]
    Renderer: Null Device
    Vendor:   Unity Technologies
Initialize mono
Mono path[0] = '/home/sukai/.local/share/novphy-unity/2019.4.41f2-6b23d448b533/editor/Editor/Data/Managed'
Mono path[1] = '/home/sukai/.local/share/novphy-unity/2019.4.41f2-6b23d448b533/editor/Editor/Data/MonoBleedingEdge/lib/mono/unityjit'
Mono config path = '/home/sukai/.local/share/novphy-unity/2019.4.41f2-6b23d448b533/editor/Editor/Data/MonoBleedingEdge/etc'
Using monoOptions --debugger-agent=transport=dt_socket,embedding=1,server=y,suspend=n,address=127.0.0.1:56327
ImportWorker Server TCP listen port: 36573
Begin MonoManager ReloadAssembly
Registering precompiled unity dll's ...
Register platform support module: /home/sukai/.local/share/novphy-unity/2019.4.41f2-6b23d448b533/editor/Editor/Data/PlaybackEngines/LinuxStandaloneSupport/UnityEditor.LinuxStandalone.Extensions.dll
Registered in 0.000786 seconds.
Native extension for LinuxStandalone target not found
Refreshing native plugins compatible for Editor in 18.93 ms, found 0 plugins.
Preloading 0 native plugins for Editor in 0.00 ms.
Mono: successfully reloaded assembly
- Completed reload, in  0.518 seconds
Domain Reload Profiling:
	ReloadAssembly (531ms)
		BeginReloadAssembly (17ms)
			ExecutionOrderSort (0ms)
			DisableScriptedObjects (0ms)
			BackupInstance (0ms)
			ReleaseScriptingObjects (0ms)
			CreateAndSetChildDomain (1ms)
		EndReloadAssembly (206ms)
			LoadAssemblies (16ms)
			RebuildTransferFunctionScriptingTraits (0ms)
			SetupTypeCache (78ms)
			ReleaseScriptCaches (0ms)
			RebuildScriptCaches (20ms)
			SetupLoadedEditorAssemblies (72ms)
				LogAssemblyErrors (0ms)
				InitializePlatformSupportModulesInManaged (3ms)
				SetLoadedEditorAssemblies (0ms)
				RefreshPlugins (19ms)
				BeforeProcessingInitializeOnLoad (1ms)
				ProcessInitializeOnLoadAttributes (44ms)
				ProcessInitializeOnLoadMethodAttributes (4ms)
				AfterProcessingInitializeOnLoad (0ms)
				EditorAssembliesLoaded (0ms)
			ExecutionOrderSort2 (0ms)
			AwakeInstancesAfterBackupRestoration (0ms)
Registering precompiled user dll's ...
Registered in 0.077453 seconds.
Platform modules already initialized, skipping
Validating Project structure ... 0.006180 seconds.
Shader import version has changed; will reimport all shaders...
Upgrading shader files ...0.005934 seconds.
Begin MonoManager ReloadAssembly
Native extension for LinuxStandalone target not found
Refreshing native plugins compatible for Editor in 0.37 ms, found 0 plugins.
Preloading 0 native plugins for Editor in 0.00 ms.
Mono: successfully reloaded assembly
- Completed reload, in  0.514 seconds
Domain Reload Profiling:
	ReloadAssembly (535ms)
		BeginReloadAssembly (32ms)
			ExecutionOrderSort (0ms)
			DisableScriptedObjects (1ms)
			BackupInstance (0ms)
			ReleaseScriptingObjects (0ms)
			CreateAndSetChildDomain (15ms)
		EndReloadAssembly (466ms)
			LoadAssemblies (43ms)
			RebuildTransferFunctionScriptingTraits (0ms)
			SetupTypeCache (145ms)
			ReleaseScriptCaches (0ms)
			RebuildScriptCaches (33ms)
			SetupLoadedEditorAssemblies (205ms)
				LogAssemblyErrors (0ms)
				InitializePlatformSupportModulesInManaged (5ms)
				SetLoadedEditorAssemblies (0ms)
				RefreshPlugins (0ms)
				BeforeProcessingInitializeOnLoad (53ms)
				ProcessInitializeOnLoadAttributes (142ms)
				ProcessInitializeOnLoadMethodAttributes (2ms)
				AfterProcessingInitializeOnLoad (1ms)
				EditorAssembliesLoaded (0ms)
			ExecutionOrderSort2 (0ms)
			AwakeInstancesAfterBackupRestoration (1ms)
Platform modules already initialized, skipping
RefreshInfo: InitialScriptRefreshV2(NoUpdateAssetOptions)
RefreshProfiler: Total: 915.068ms
	InvokeBeforeRefreshCallbacks: 0.319ms
	ApplyChangesToAssetFolders: 0.065ms
	WriteModifiedImportersToTextMetaFiles: 0.000ms
	CleanLegacyArtifacts: 0.000ms
	Scan: 106.859ms
	OnSourceAssetsModified: 0.000ms
	UnregisterDeletedAssets: 0.000ms
	InitializeImportedAssetsSnapshot: 0.186ms
	GetAllGuidsForCategorization: 0.066ms
	CategorizeAssets: 19.700ms
	ImportAndPostprocessOutOfDateAssets: 782.068ms (781.710ms without children)
		ImportManagerImport: 0.000ms (0.000ms without children)
			ImportInProcess: 0.000ms
			ImportOutOfProcess: 0.000ms
			UpdateCategorizedAssets: 0.000ms
			RemoteAssetCacheGetArtifact: 0.000ms (0.000ms without children)
				RemoteAssetCacheResolve: 0.000ms
				RemoteAssetCacheDownloadFile: 0.000ms
		CompileScripts: 0.000ms
		PostProcessAllAssets: 0.000ms
		ReloadImportedAssets: 0.000ms
		VerifyAssetsAreUpToDateAndCorrect: 0.000ms
		EnsureUptoDateAssetsAreRegisteredWithGuidPM: 0.130ms
		InitializingProgressBar: 0.002ms
		PostProcessAllAssetNotificationsAddChangedAssets: 0.097ms
		OnDemandSchedulerStart: 0.000ms
		RestoreLoadedAssetsState: 0.129ms
	InvokeProjectHasChanged: 0.000ms
	UpdateImportedAssetsSnapshot: 0.000ms
	ReloadSourceAssets: 0.303ms
	UnloadImportedAssets: 0.003ms
	Hotreload: 0.103ms
	FixTempGuids: 0.002ms
	VerifyGuidPMRegistrations: 0.000ms
	GatherAllCurrentPrimaryArtifactRevisions: 0.000ms
	UnloadStreamsBegin: 0.308ms
	LoadedImportedAssetsSnapshotReleaseGCHandles: 0.003ms
	GetLoadedSourceAssetsSnapshot: 0.179ms
	PersistCurrentRevisions: 0.000ms
	UnloadStreamsEnd: 4.555ms
	GenerateScriptTypeHashes: 0.163ms
	Untracked: 0.348ms
Refreshing native plugins compatible for Editor in 0.25 ms, found 0 plugins.
Preloading 0 native plugins for Editor in 0.00 ms.
Refresh completed in 0.185629 seconds.
RefreshInfo: RefreshV2(ForceSynchronousImport)
RefreshProfiler: Total: 185.623ms
	InvokeBeforeRefreshCallbacks: 0.531ms
	ApplyChangesToAssetFolders: 0.056ms
	WriteModifiedImportersToTextMetaFiles: 0.000ms
	CleanLegacyArtifacts: 0.000ms
	Scan: 111.507ms
	OnSourceAssetsModified: 0.000ms
	UnregisterDeletedAssets: 0.000ms
	InitializeImportedAssetsSnapshot: 2.861ms
	GetAllGuidsForCategorization: 0.046ms
	CategorizeAssets: 18.146ms
	ImportAndPostprocessOutOfDateAssets: 50.293ms (0.903ms without children)
		ImportManagerImport: 0.000ms (0.000ms without children)
			ImportInProcess: 0.000ms
			ImportOutOfProcess: 0.000ms
			UpdateCategorizedAssets: 0.000ms
			RemoteAssetCacheGetArtifact: 0.000ms (0.000ms without children)
				RemoteAssetCacheResolve: 0.000ms
				RemoteAssetCacheDownloadFile: 0.000ms
		CompileScripts: 0.000ms
		PostProcessAllAssets: 46.452ms
		ReloadImportedAssets: 0.002ms
		VerifyAssetsAreUpToDateAndCorrect: 0.000ms
		EnsureUptoDateAssetsAreRegisteredWithGuidPM: 0.150ms
		InitializingProgressBar: 0.000ms
		PostProcessAllAssetNotificationsAddChangedAssets: 0.082ms
		OnDemandSchedulerStart: 0.407ms
		RestoreLoadedAssetsState: 0.891ms
	InvokeProjectHasChanged: 0.000ms
	UpdateImportedAssetsSnapshot: 1.405ms
	ReloadSourceAssets: 0.248ms
	UnloadImportedAssets: 0.042ms
	Hotreload: 0.497ms
	FixTempGuids: 0.001ms
	VerifyGuidPMRegistrations: 0.000ms
	GatherAllCurrentPrimaryArtifactRevisions: 0.096ms
	UnloadStreamsBegin: 0.005ms
	LoadedImportedAssetsSnapshotReleaseGCHandles: 0.210ms
	GetLoadedSourceAssetsSnapshot: 1.506ms
	PersistCurrentRevisions: 0.000ms
	UnloadStreamsEnd: 0.428ms
	GenerateScriptTypeHashes: 0.378ms
	Untracked: -0.851ms
RefreshInfo: StopAssetImportingV2(ForceSynchronousImport)
RefreshProfiler: Total: 38.594ms
	InvokeBeforeRefreshCallbacks: 0.460ms
	ApplyChangesToAssetFolders: 0.052ms
	WriteModifiedImportersToTextMetaFiles: 0.000ms
	CleanLegacyArtifacts: 0.000ms
	Scan: 35.246ms
	OnSourceAssetsModified: 0.000ms
	UnregisterDeletedAssets: 0.000ms
	InitializeImportedAssetsSnapshot: 1.809ms
	GetAllGuidsForCategorization: 0.000ms
	CategorizeAssets: 0.000ms
	ImportAndPostprocessOutOfDateAssets: 0.000ms (0.000ms without children)
		ImportManagerImport: 0.000ms (0.000ms without children)
			ImportInProcess: 0.000ms
			ImportOutOfProcess: 0.000ms
			UpdateCategorizedAssets: 0.000ms
			RemoteAssetCacheGetArtifact: 0.000ms (0.000ms without children)
				RemoteAssetCacheResolve: 0.000ms
				RemoteAssetCacheDownloadFile: 0.000ms
		CompileScripts: 0.000ms
		PostProcessAllAssets: 0.000ms
		ReloadImportedAssets: 0.000ms
		VerifyAssetsAreUpToDateAndCorrect: 0.000ms
		EnsureUptoDateAssetsAreRegisteredWithGuidPM: 0.000ms
		InitializingProgressBar: 0.000ms
		PostProcessAllAssetNotificationsAddChangedAssets: 0.000ms
		OnDemandSchedulerStart: 0.000ms
		RestoreLoadedAssetsState: 0.000ms
	InvokeProjectHasChanged: 0.000ms
	UpdateImportedAssetsSnapshot: 0.000ms
	ReloadSourceAssets: 0.000ms
	UnloadImportedAssets: 0.000ms
	Hotreload: 0.014ms
	FixTempGuids: 0.002ms
	VerifyGuidPMRegistrations: 0.000ms
	GatherAllCurrentPrimaryArtifactRevisions: 0.102ms
	UnloadStreamsBegin: 0.044ms
	LoadedImportedAssetsSnapshotReleaseGCHandles: 0.195ms
	GetLoadedSourceAssetsSnapshot: 0.288ms
	PersistCurrentRevisions: 0.000ms
	UnloadStreamsEnd: 0.004ms
	GenerateScriptTypeHashes: 0.000ms
	Untracked: 0.376ms
Refresh completed in 0.119182 seconds.
RefreshInfo: RefreshV2(NoUpdateAssetOptions)
RefreshProfiler: Total: 119.176ms
	InvokeBeforeRefreshCallbacks: 0.001ms
	ApplyChangesToAssetFolders: 0.051ms
	WriteModifiedImportersToTextMetaFiles: 0.000ms
	CleanLegacyArtifacts: 0.000ms
	Scan: 96.656ms
	OnSourceAssetsModified: 0.001ms
	UnregisterDeletedAssets: 0.000ms
	InitializeImportedAssetsSnapshot: 1.324ms
	GetAllGuidsForCategorization: 0.042ms
	CategorizeAssets: 17.840ms
	ImportAndPostprocessOutOfDateAssets: 1.545ms (0.282ms without children)
		ImportManagerImport: 0.000ms (0.000ms without children)
			ImportInProcess: 0.000ms
			ImportOutOfProcess: 0.000ms
			UpdateCategorizedAssets: 0.000ms
			RemoteAssetCacheGetArtifact: 0.000ms (0.000ms without children)
				RemoteAssetCacheResolve: 0.000ms
				RemoteAssetCacheDownloadFile: 0.000ms
		CompileScripts: 0.000ms
		PostProcessAllAssets: 0.000ms
		ReloadImportedAssets: 0.000ms
		VerifyAssetsAreUpToDateAndCorrect: 0.000ms
		EnsureUptoDateAssetsAreRegisteredWithGuidPM: 0.140ms
		InitializingProgressBar: 0.000ms
		PostProcessAllAssetNotificationsAddChangedAssets: 0.069ms
		OnDemandSchedulerStart: 0.185ms
		RestoreLoadedAssetsState: 0.868ms
	InvokeProjectHasChanged: 0.000ms
	UpdateImportedAssetsSnapshot: 0.000ms
	ReloadSourceAssets: 0.271ms
	UnloadImportedAssets: 0.042ms
	Hotreload: 0.049ms
	FixTempGuids: 0.001ms
	VerifyGuidPMRegistrations: 0.000ms
	GatherAllCurrentPrimaryArtifactRevisions: 0.098ms
	UnloadStreamsBegin: 0.011ms
	LoadedImportedAssetsSnapshotReleaseGCHandles: 0.232ms
	GetLoadedSourceAssetsSnapshot: 1.163ms
	PersistCurrentRevisions: 0.000ms
	UnloadStreamsEnd: 0.004ms
	GenerateScriptTypeHashes: 0.000ms
	Untracked: -0.156ms
Initializing Unity extensions:
 '/home/sukai/.local/share/novphy-unity/2019.4.41f2-6b23d448b533/editor/Editor/Data/UnityExtensions/Unity/UnityVR/Editor/UnityEditor.VR.dll'  GUID: 4ba2329b63d54f0187bcaa12486b1b0f
UpdateMenuTitleForLanguage: 10
Unloading 87 Unused Serialized files (Serialized files now loaded: 0)
System memory in use before: 35.1 MB.
System memory in use after: 34.3 MB.

Unloading 139 unused Assets to reduce memory usage. Loaded Objects now: 1822.
Total: 2.216095 ms (FindLiveObjects: 0.130776 ms CreateObjectMapping: 0.028684 ms MarkObjects: 1.540572 ms  DeleteObjects: 0.515543 ms)

[ScriptCompilation] Recompiling all scripts because: Recompiling scripts for player build.
BuildPlayer: start building target 24
- Starting script compilation
- Starting compile Library/PlayerScriptAssemblies/UnityEngine.UI.dll
- Starting compile Library/PlayerScriptAssemblies/UnityEngine.TestRunner.dll
- Finished compile Library/PlayerScriptAssemblies/UnityEngine.TestRunner.dll in 1.196756 seconds
- Finished compile Library/PlayerScriptAssemblies/UnityEngine.UI.dll in 1.321602 seconds
- Starting compile Library/PlayerScriptAssemblies/Unity.TextMeshPro.dll
- Starting compile Library/PlayerScriptAssemblies/Unity.Timeline.dll
- Finished compile Library/PlayerScriptAssemblies/Unity.Timeline.dll in 1.208127 seconds
- Finished compile Library/PlayerScriptAssemblies/Unity.TextMeshPro.dll in 1.409742 seconds
- Starting compile Library/PlayerScriptAssemblies/Assembly-CSharp.dll
- Finished compile Library/PlayerScriptAssemblies/Assembly-CSharp.dll in 1.261332 seconds
- Finished script compilation in 4.031602 seconds
Assets/Scripts/GameWorld/ABSlingshot.cs(35,9): warning CS0618: 'LineRenderer.SetWidth(float, float)' is obsolete: 'Use startWidth, endWidth or widthCurve instead.'
Assets/Scripts/GameWorld/Characters/Birds/ABBird.cs(145,13): warning CS0618: 'LineRenderer.SetVertexCount(int)' is obsolete: 'Use positionCount instead.'
Assets/Scripts/GameWorld/Characters/Birds/ABBird.cs(271,9): warning CS0618: 'LineRenderer.SetColors(Color, Color)' is obsolete: 'Use startColor, endColor or colorGradient instead.'
Assets/Scripts/GameWorld/Characters/Birds/ABBird.cs(273,9): warning CS0618: 'LineRenderer.SetVertexCount(int)' is obsolete: 'Use positionCount instead.'
DisplayProgressbar: Building Player
Refresh completed in 0.166102 seconds.
RefreshInfo: RefreshV2()
RefreshProfiler: Total: 166.094ms
	InvokeBeforeRefreshCallbacks: 0.001ms
	ApplyChangesToAssetFolders: 0.069ms
	WriteModifiedImportersToTextMetaFiles: 0.000ms
	CleanLegacyArtifacts: 0.000ms
	Scan: 140.989ms
	OnSourceAssetsModified: 0.001ms
	UnregisterDeletedAssets: 0.000ms
	InitializeImportedAssetsSnapshot: 2.581ms
	GetAllGuidsForCategorization: 0.047ms
	CategorizeAssets: 17.798ms
	ImportAndPostprocessOutOfDateAssets: 1.697ms (0.285ms without children)
		ImportManagerImport: 0.000ms (0.000ms without children)
			ImportInProcess: 0.000ms
			ImportOutOfProcess: 0.000ms
			UpdateCategorizedAssets: 0.000ms
			RemoteAssetCacheGetArtifact: 0.000ms (0.000ms without children)
				RemoteAssetCacheResolve: 0.000ms
				RemoteAssetCacheDownloadFile: 0.000ms
		CompileScripts: 0.000ms
		PostProcessAllAssets: 0.000ms
		ReloadImportedAssets: 0.000ms
		VerifyAssetsAreUpToDateAndCorrect: 0.000ms
		EnsureUptoDateAssetsAreRegisteredWithGuidPM: 0.162ms
		InitializingProgressBar: 0.000ms
		PostProcessAllAssetNotificationsAddChangedAssets: 0.084ms
		OnDemandSchedulerStart: 0.151ms
		RestoreLoadedAssetsState: 1.016ms
	InvokeProjectHasChanged: 0.000ms
	UpdateImportedAssetsSnapshot: 0.000ms
	ReloadSourceAssets: 0.276ms
	UnloadImportedAssets: 0.042ms
	Hotreload: 0.032ms
	FixTempGuids: 0.001ms
	VerifyGuidPMRegistrations: 0.000ms
	GatherAllCurrentPrimaryArtifactRevisions: 0.202ms
	UnloadStreamsBegin: 0.426ms
	LoadedImportedAssetsSnapshotReleaseGCHandles: 0.253ms
	GetLoadedSourceAssetsSnapshot: 1.356ms
	PersistCurrentRevisions: 0.000ms
	UnloadStreamsEnd: 0.006ms
	GenerateScriptTypeHashes: 0.000ms
	Untracked: 0.318ms
- Collect Sprites to Pack : (SequentialAtlasing : 0)
[     33 MB ]- Grouping sprites using the selected SpritePackerPolicy.
[     45 MB ]- Completed grouping sprites to Atlas.
[     45 MB ]- Build Sprite Atlas.
[     45 MB ]- Packing 0 atlases.
[     45 MB ]- Packing completed.
[     45 MB ]- Update Sprites and Cleanup.
[     45 MB ]Opening scene 'Assets/Scenes/Menus/SplashScreen.unity'
LightmapEditorSettings: switching bake backend from 1 to 0.
Unloading 315 Unused Serialized files (Serialized files now loaded: 0)
Loaded scene 'Assets/Scenes/Menus/SplashScreen.unity'
	Deserialize:            7.150 ms
	Integration:            11.763 ms
	Integration of assets:  0.742 ms
	Thread Wait Time:       12.948 ms
	Total Operation Time:   32.604 ms
System memory in use before: 34.6 MB.
System memory in use after: 34.3 MB.

Unloading 27 unused Assets to reduce memory usage. Loaded Objects now: 1878.
Total: 3.820384 ms (FindLiveObjects: 0.153530 ms CreateObjectMapping: 0.028673 ms MarkObjects: 3.419753 ms  DeleteObjects: 0.217817 ms)

Opening scene 'Assets/Scenes/Menus/MainMenu.unity'
LightmapEditorSettings: switching bake backend from 1 to 0.
Unloading 120 Unused Serialized files (Serialized files now loaded: 0)
Loaded scene 'Assets/Scenes/Menus/MainMenu.unity'
	Deserialize:            2.821 ms
	Integration:            6.733 ms
	Integration of assets:  0.046 ms
	Thread Wait Time:       17.284 ms
	Total Operation Time:   26.883 ms
System memory in use before: 50.8 MB.
System memory in use after: 40.2 MB.

Unloading 671 unused Assets to reduce memory usage. Loaded Objects now: 1906.
Total: 4.418251 ms (FindLiveObjects: 0.238468 ms CreateObjectMapping: 0.038718 ms MarkObjects: 2.762375 ms  DeleteObjects: 1.378068 ms)

Opening scene 'Assets/Scenes/Menus/LevelSelectMenu.unity'
LightmapEditorSettings: switching bake backend from 1 to 0.
Unloading 5 Unused Serialized files (Serialized files now loaded: 0)
Loaded scene 'Assets/Scenes/Menus/LevelSelectMenu.unity'
	Deserialize:            6.172 ms
	Integration:            5.611 ms
	Integration of assets:  0.651 ms
	Thread Wait Time:       13.937 ms
	Total Operation Time:   26.371 ms
System memory in use before: 40.6 MB.
System memory in use after: 40.8 MB.

Unloading 3 unused Assets to reduce memory usage. Loaded Objects now: 1943.
Total: 2.892631 ms (FindLiveObjects: 0.134572 ms CreateObjectMapping: 0.028663 ms MarkObjects: 2.711950 ms  DeleteObjects: 0.016856 ms)

Opening scene 'Assets/Scenes/Menus/LoadingScene.unity'
LightmapEditorSettings: switching bake backend from 1 to 0.
Unloading 5 Unused Serialized files (Serialized files now loaded: 0)
Loaded scene 'Assets/Scenes/Menus/LoadingScene.unity'
	Deserialize:            0.642 ms
	Integration:            2.535 ms
	Integration of assets:  0.002 ms
	Thread Wait Time:       19.473 ms
	Total Operation Time:   22.652 ms
System memory in use before: 40.4 MB.
System memory in use after: 35.8 MB.

Unloading 20 unused Assets to reduce memory usage. Loaded Objects now: 1883.
Total: 2.930438 ms (FindLiveObjects: 0.083415 ms CreateObjectMapping: 0.016865 ms MarkObjects: 2.779201 ms  DeleteObjects: 0.050666 ms)

Script attached to 'Main Camera' in scene 'Assets/Scenes/Menus/LoadingScene.unity' is missing or no valid script is attached.
UnityEngine.StackTraceUtility:ExtractStackTrace () (at /home/bokken/build/output/unity/unity/Runtime/Export/Scripting/StackTrace.cs:37)
UnityEditor.BuildPipeline:BuildPlayerInternal (string[],string,string,UnityEditor.BuildTargetGroup,UnityEditor.BuildTarget,UnityEditor.BuildOptions) (at /home/bokken/build/output/unity/unity/Editor/Mono/BuildPipeline.bindings.cs:396)
UnityEditor.BuildPipeline:BuildPlayer (string[],string,string,UnityEditor.BuildTargetGroup,UnityEditor.BuildTarget,UnityEditor.BuildOptions) (at /home/bokken/build/output/unity/unity/Editor/Mono/BuildPipeline.bindings.cs:295)
UnityEditor.BuildPipeline:BuildPlayer (UnityEditor.BuildPlayerOptions) (at /home/bokken/build/output/unity/unity/Editor/Mono/BuildPipeline.bindings.cs:269)
NovPhyBuild:BuildPhysicsLinux () (at Assets/Scripts/Editor/NovPhyBuild.cs:41)

[./Runtime/Mono/ManagedMonoBehaviourRef.cpp line 181]
(Filename: /home/bokken/build/output/unity/unity/Runtime/Export/Scripting/StackTrace.cs Line: 37)

Script attached to 'Main Camera' in scene 'Assets/Scenes/Menus/LoadingScene.unity' is missing or no valid script is attached.
UnityEngine.StackTraceUtility:ExtractStackTrace () (at /home/bokken/build/output/unity/unity/Runtime/Export/Scripting/StackTrace.cs:37)
UnityEditor.BuildPipeline:BuildPlayerInternal (string[],string,string,UnityEditor.BuildTargetGroup,UnityEditor.BuildTarget,UnityEditor.BuildOptions) (at /home/bokken/build/output/unity/unity/Editor/Mono/BuildPipeline.bindings.cs:396)
UnityEditor.BuildPipeline:BuildPlayer (string[],string,string,UnityEditor.BuildTargetGroup,UnityEditor.BuildTarget,UnityEditor.BuildOptions) (at /home/bokken/build/output/unity/unity/Editor/Mono/BuildPipeline.bindings.cs:295)
UnityEditor.BuildPipeline:BuildPlayer (UnityEditor.BuildPlayerOptions) (at /home/bokken/build/output/unity/unity/Editor/Mono/BuildPipeline.bindings.cs:269)
NovPhyBuild:BuildPhysicsLinux () (at Assets/Scripts/Editor/NovPhyBuild.cs:41)

[./Runtime/Mono/ManagedMonoBehaviourRef.cpp line 181]
(Filename: /home/bokken/build/output/unity/unity/Runtime/Export/Scripting/StackTrace.cs Line: 37)

Opening scene 'Assets/Scenes/GameWorld.unity'
LightmapEditorSettings: switching bake backend from 1 to 0.
Unloading 4 Unused Serialized files (Serialized files now loaded: 0)
Loaded scene 'Assets/Scenes/GameWorld.unity'
	Deserialize:            7.616 ms
	Integration:            4.043 ms
	Integration of assets:  0.331 ms
	Thread Wait Time:       12.492 ms
	Total Operation Time:   24.483 ms
System memory in use before: 38.4 MB.
System memory in use after: 38.5 MB.

Unloading 1 unused Assets to reduce memory usage. Loaded Objects now: 2002.
Total: 2.812260 ms (FindLiveObjects: 0.133911 ms CreateObjectMapping: 0.029425 ms MarkObjects: 2.643166 ms  DeleteObjects: 0.005238 ms)

Script attached to 'Camera' in scene 'Assets/Scenes/GameWorld.unity' is missing or no valid script is attached.
UnityEngine.StackTraceUtility:ExtractStackTrace () (at /home/bokken/build/output/unity/unity/Runtime/Export/Scripting/StackTrace.cs:37)
UnityEditor.BuildPipeline:BuildPlayerInternal (string[],string,string,UnityEditor.BuildTargetGroup,UnityEditor.BuildTarget,UnityEditor.BuildOptions) (at /home/bokken/build/output/unity/unity/Editor/Mono/BuildPipeline.bindings.cs:396)
UnityEditor.BuildPipeline:BuildPlayer (string[],string,string,UnityEditor.BuildTargetGroup,UnityEditor.BuildTarget,UnityEditor.BuildOptions) (at /home/bokken/build/output/unity/unity/Editor/Mono/BuildPipeline.bindings.cs:295)
UnityEditor.BuildPipeline:BuildPlayer (UnityEditor.BuildPlayerOptions) (at /home/bokken/build/output/unity/unity/Editor/Mono/BuildPipeline.bindings.cs:269)
NovPhyBuild:BuildPhysicsLinux () (at Assets/Scripts/Editor/NovPhyBuild.cs:41)

[./Runtime/Mono/ManagedMonoBehaviourRef.cpp line 181]
(Filename: /home/bokken/build/output/unity/unity/Runtime/Export/Scripting/StackTrace.cs Line: 37)



Mono dependencies included in the build
Dependency assembly - System.Diagnostics.StackTrace.dll
Dependency assembly - System.Globalization.Extensions.dll
Dependency assembly - System.Runtime.Serialization.Xml.dll
Dependency assembly - System.Xml.XPath.XDocument.dll
Dependency assembly - netstandard.dll
Dependency assembly - Mono.Security.dll
Dependency assembly - System.ComponentModel.Composition.dll
Dependency assembly - System.Configuration.dll
Dependency assembly - System.Core.dll
Dependency assembly - System.Data.dll
Dependency assembly - System.Drawing.dll
Dependency assembly - System.EnterpriseServices.dll
Dependency assembly - System.IO.Compression.FileSystem.dll
Dependency assembly - System.IO.Compression.dll
Dependency assembly - System.Net.Http.dll
Dependency assembly - System.Numerics.dll
Dependency assembly - System.Runtime.Serialization.dll
Dependency assembly - System.ServiceModel.Internals.dll
Dependency assembly - System.Transactions.dll
Dependency assembly - System.Xml.Linq.dll
Dependency assembly - System.Xml.dll
Dependency assembly - System.dll
Dependency assembly - mscorlib.dll
Dependency assembly - websocket-sharp.dll
Dependency assembly - Assembly-CSharp.dll
Dependency assembly - Unity.TextMeshPro.dll
Dependency assembly - Unity.Timeline.dll
Dependency assembly - UnityEngine.UI.dll

Unloading 15 Unused Serialized files (Serialized files now loaded: 0)
System memory in use before: 43.3 MB.
System memory in use after: 40.8 MB.

Unloading 27 unused Assets to reduce memory usage. Loaded Objects now: 1853.
Total: 3.642826 ms (FindLiveObjects: 0.177877 ms CreateObjectMapping: 0.028563 ms MarkObjects: 3.336357 ms  DeleteObjects: 0.099259 ms)

[EnlightenBakeManager] m_Clear = false;
Setting up 24 worker threads for Enlighten.
Unloading 0 Unused Serialized files (Serialized files now loaded: 0)
  Thread -> id: 7ea09ffff6c0 -> priority: 1
  Thread -> id: 7ea09f7fe6c0 -> priority: 1
  Thread -> id: 7ea09effd6c0 -> priority: 1
  Thread -> id: 7ea09e7fc6c0 -> priority: 1
  Thread -> id: 7ea09dffb6c0 -> priority: 1
  Thread -> id: 7ea09d7fa6c0 -> priority: 1
  Thread -> id: 7ea09cff96c0 -> priority: 1
  Thread -> id: 7ea09c7f86c0 -> priority: 1
  Thread -> id: 7ea09bff76c0 -> priority: 1
  Thread -> id: 7ea09b7f66c0 -> priority: 1
  Thread -> id: 7ea09aff56c0 -> priority: 1
  Thread -> id: 7ea09a7f46c0 -> priority: 1
  Thread -> id: 7ea099ff36c0 -> priority: 1
  Thread -> id: 7ea0997f26c0 -> priority: 1
  Thread -> id: 7ea098ff16c0 -> priority: 1
  Thread -> id: 7ea0987f06c0 -> priority: 1
  Thread -> id: 7ea097fef6c0 -> priority: 1
  Thread -> id: 7ea0977ee6c0 -> priority: 1
  Thread -> id: 7ea096fed6c0 -> priority: 1
  Thread -> id: 7ea0967ec6c0 -> priority: 1
  Thread -> id: 7ea095feb6c0 -> priority: 1
  Thread -> id: 7ea0957ea6c0 -> priority: 1
  Thread -> id: 7ea094fe96c0 -> priority: 1
  Thread -> id: 7ea0947e86c0 -> priority: 1
System memory in use before: 40.3 MB.
System memory in use after: 40.5 MB.

Unloading 0 unused Assets to reduce memory usage. Loaded Objects now: 1861.
Total: 2.406963 ms (FindLiveObjects: 0.077085 ms CreateObjectMapping: 0.016585 ms MarkObjects: 2.309877 ms  DeleteObjects: 0.003035 ms)

Unloading 1 Unused Serialized files (Serialized files now loaded: 0)
System memory in use before: 174.9 MB.
System memory in use after: 40.6 MB.

Unloading 153 unused Assets to reduce memory usage. Loaded Objects now: 1853.
Total: 20.453105 ms (FindLiveObjects: 0.160731 ms CreateObjectMapping: 0.030105 ms MarkObjects: 3.365130 ms  DeleteObjects: 16.896557 ms)

Launched and connected shader compiler UnityShaderCompiler after 0.01 seconds
DisplayProgressbar: Compiling shader variants
DisplayProgressbar: Building Player
DisplayProgressbar: Compiling shader variants
Launched and connected shader compiler UnityShaderCompiler after 0.01 seconds
Launched and connected shader compiler UnityShaderCompiler after 0.01 seconds
DisplayProgressbar: Building Player
DisplayProgressbar: Compiling shader variants
DisplayProgressbar: Building Player

-------------------------------------------------------------------------------
Build Report
Uncompressed usage by category (Percentages based on user generated assets only):
Textures               13.8 mb	 47.5%
Meshes                 0.0 kb	 0.0%
Animations             86.7 kb	 0.3%
Sounds                 0.0 kb	 0.0%
Shaders                322.8 kb	 1.1%
Other Assets           268.4 kb	 0.9%
Levels                 48.7 kb	 0.2%
Scripts                1.2 mb	 4.1%
Included DLLs          13.3 mb	 45.9%
File headers           42.7 kb	 0.1%
Total User Assets      29.0 mb	 100.0%
Complete build size    40.0 mb
Used Assets and files from the Resources folder, sorted by uncompressed size:
 2.4 mb	 6.1% Assets/Sprites/Foreground/blocks.png
 2.3 mb	 5.8% Assets/Sprites/HUD/hud.png
 2.3 mb	 5.8% Assets/Sprites/Characters/pigs.png
 1.9 mb	 4.8% Assets/Sprites/Foreground/ground.png
 1.8 mb	 4.4% Assets/Sprites/Characters/birds.png
 1.0 mb	 2.6% Assets/Sprites/Effects/effects.png
 1.0 mb	 2.5% Assets/Sprites/Background/Background-2.png
 445.9 kb	 1.1% Assets/Sprites/Background/Background.png
 426.5 kb	 1.0% Assets/Sprites/Background/Background-1.png
 331.1 kb	 0.8% Resources/unity_builtin_extra
 244.3 kb	 0.6% Assets/Sprites/Effects/dot.png
 49.1 kb	 0.1% Assets/Fonts/angrybirds-regular.ttf
 4.1 kb	 0.0% Assets/Scripts/Shaders/SolidColor.shader
 2.6 kb	 0.0% Assets/Animations/Bird/BirdBlack/bird_black_explode.anim
 2.5 kb	 0.0% Assets/Animations/Effects/dust.anim
 2.5 kb	 0.0% Assets/Animations/Bird/BirdYellow/bird_yellow_hurled.anim
 2.4 kb	 0.0% Assets/Animations/Bird/BirdWhite/bird_white_hurled.anim
 2.4 kb	 0.0% Assets/Animations/Bird/BirdBlack/bird_black_hurled.anim
 2.4 kb	 0.0% Assets/Animations/Bird/BirdBlue/bird_blue_hurled.anim
 2.4 kb	 0.0% Assets/Animations/Effects/explosion.anim
 2.4 kb	 0.0% Assets/Animations/Bird/bird_hurled.anim
 2.4 kb	 0.0% Assets/Animations/Pig/basic_medium_hurt.anim
 2.4 kb	 0.0% Assets/Animations/Pig/basic_medium_blink.anim
 2.4 kb	 0.0% Assets/Animations/Bird/BirdYellow/bird_yellow_pressed.anim
 2.4 kb	 0.0% Assets/Animations/Bird/BirdYellow/bird_yellow_blink.anim
 2.4 kb	 0.0% Assets/Animations/Bird/BirdWhite/bird_white_pressed.anim
 2.4 kb	 0.0% Assets/Animations/Bird/BirdBlue/bird_blue_pressed.anim
 2.4 kb	 0.0% Assets/Animations/Bird/BirdBlack/bird_black_pressed.anim
 2.4 kb	 0.0% Assets/Animations/Pig/basic_big_blink.anim
 2.4 kb	 0.0% Assets/Animations/Bird/BirdWhite/bird_white_blink.anim
 2.4 kb	 0.0% Assets/Animations/Bird/BirdBlue/bird_blue_blink.anim
 2.4 kb	 0.0% Assets/Animations/Bird/BirdBlack/bird_black_blink.anim
 2.3 kb	 0.0% Assets/Animations/Pig/pig_blink.anim
 2.3 kb	 0.0% Assets/Animations/Bird/bird_pressed.anim
 2.3 kb	 0.0% Assets/Animations/Bird/bird_blink.anim
 2.3 kb	 0.0% Assets/Resources/Prefabs/GameWorld/Slingshot.prefab
 2.3 kb	 0.0% Assets/Animations/Pig/pig_hurt.anim
 2.3 kb	 0.0% Assets/Animations/Pig/basic_medium_idle.anim
 2.3 kb	 0.0% Assets/Animations/Pig/basic_big_idle.anim
 2.3 kb	 0.0% Assets/Animations/Pig/basic_big_hurt.anim
 2.3 kb	 0.0% Assets/Animations/Bird/BirdYellow/bird_yellow_idle.anim
 2.3 kb	 0.0% Assets/Animations/Bird/BirdYellow/bird_yellow_die.anim
 2.3 kb	 0.0% Assets/Animations/Bird/BirdWhite/bird_white_idle.anim
 2.3 kb	 0.0% Assets/Animations/Bird/BirdWhite/bird_white_die.anim
 2.3 kb	 0.0% Assets/Animations/Bird/BirdBlue/bird_blue_idle.anim
 2.3 kb	 0.0% Assets/Animations/Bird/BirdBlue/bird_blue_die.anim
 2.3 kb	 0.0% Assets/Animations/Bird/BirdBlack/bird_black_idle.anim
 2.3 kb	 0.0% Assets/Animations/Bird/BirdBlack/bird_black_die.anim
 2.3 kb	 0.0% Assets/Animations/Bird/bird_idle.anim
 2.3 kb	 0.0% Assets/Animations/Pig/pig_idle.anim
 2.3 kb	 0.0% Assets/Animations/Bird/bird_die.anim
 1.5 kb	 0.0% Assets/Animations/Bird/BirdBlack/BirdBlack.controller
 1.5 kb	 0.0% Assets/Resources/Prefabs/GameWorld/Landscape.prefab
 1.3 kb	 0.0% Assets/Animations/Bird/BirdYellow/BirdYellow.controller
 1.3 kb	 0.0% Assets/Animations/Bird/BirdWhite/BirdWhite.controller
 1.3 kb	 0.0% Assets/Animations/Bird/BirdBlue/BirdBlue.controller
 1.3 kb	 0.0% Assets/Animations/Bird/bird.controller
 1.2 kb	 0.0% Assets/Resources/Prefabs/GameWorld/Background.prefab
 1.2 kb	 0.0% Assets/Resources/Prefabs/GameWorld/Characters/Pigs/BasicBig.prefab
 1.1 kb	 0.0% Assets/Resources/Prefabs/GameWorld/Blocks/SquareTiny.prefab
 1.1 kb	 0.0% Assets/Resources/Prefabs/GameWorld/Characters/Pigs/BasicMedium.prefab
 1.1 kb	 0.0% Assets/Resources/Prefabs/GameWorld/Characters/Pigs/BasicSmall.prefab
 1.1 kb	 0.0% Assets/Resources/Prefabs/GameWorld/Blocks/Circle.prefab
 1.1 kb	 0.0% Assets/Resources/Prefabs/GameWorld/Blocks/SquareHole.prefab
 1.1 kb	 0.0% Assets/Resources/Prefabs/GameWorld/Particles/Egg.prefab
 1.0 kb	 0.0% Assets/Resources/Prefabs/Menus/LevelSelector.prefab
 1.0 kb	 0.0% Assets/Resources/Prefabs/GameWorld/Blocks/CircleSmall.prefab
 1.0 kb	 0.0% Assets/Resources/Materials/LineMat.mat
 1.0 kb	 0.0% Assets/Resources/Prefabs/GameWorld/TNT.prefab
 0.9 kb	 0.0% Assets/Resources/Prefabs/GameWorld/Blocks/TriangleHole.prefab
 0.9 kb	 0.0% Assets/Animations/Pig/BasicBig.controller
 0.9 kb	 0.0% Assets/Resources/Prefabs/GameWorld/Blocks/Triangle.prefab
 0.9 kb	 0.0% Assets/Animations/Pig/BasicMedium.controller
 0.9 kb	 0.0% Assets/Resources/Prefabs/GameWorld/Blocks/SquareSmall.prefab
 0.9 kb	 0.0% Assets/Resources/Prefabs/GameWorld/Blocks/RectSmall.prefab
 0.9 kb	 0.0% Assets/Resources/Prefabs/GameWorld/Blocks/RectMedium.prefab
 0.9 kb	 0.0% Assets/Resources/Prefabs/GameWorld/Blocks/RectTiny.prefab
 0.9 kb	 0.0% Assets/Resources/Prefabs/GameWorld/Blocks/RectFat.prefab
 0.9 kb	 0.0% Assets/Resources/Prefabs/GameWorld/Blocks/RectBig.prefab
 0.8 kb	 0.0% Assets/Animations/Pig/pig1.controller
 0.7 kb	 0.0% Assets/Resources/Prefabs/GameWorld/Characters/Birds/BirdBlack.prefab
 0.7 kb	 0.0% Assets/Resources/Prefabs/GameWorld/Characters/Birds/BirdWhite.prefab
 0.7 kb	 0.0% Assets/Resources/Prefabs/GameWorld/Characters/Birds/BirdYellow.prefab
 0.7 kb	 0.0% Assets/Resources/Prefabs/GameWorld/Characters/Birds/BirdBlue.prefab
 0.7 kb	 0.0% Assets/Resources/Prefabs/GameWorld/Characters/Birds/BirdRed.prefab
 0.5 kb	 0.0% Assets/Resources/Prefabs/GameWorld/Platform.prefab
 0.4 kb	 0.0% Assets/Animations/Effects/explosion_0.controller
 0.4 kb	 0.0% Assets/Animations/Effects/dust_0.controller
 0.4 kb	 0.0% Assets/Resources/Prefabs/GameWorld/Particles/Explosion.prefab
 0.4 kb	 0.0% Assets/Resources/Prefabs/GameWorld/Particles/Dust.prefab
 0.3 kb	 0.0% Assets/Resources/Prefabs/GameWorld/Particles/ScorePoints.prefab
 0.3 kb	 0.0% Assets/Resources/Prefabs/GameWorld/GroundExtension.prefab
 0.3 kb	 0.0% Assets/Resources/Prefabs/GameWorld/Particles/BirdTrail/Particle3.prefab
 0.3 kb	 0.0% Assets/Resources/Prefabs/GameWorld/Particles/BirdTrail/Particle2.prefab
 0.3 kb	 0.0% Assets/Resources/Prefabs/GameWorld/Particles/BirdTrail/Particle1.prefab
 0.3 kb	 0.0% Assets/Resources/Prefabs/GameWorld/Characters/Birds/Not Used/BirdRedBig.prefab
 0.3 kb	 0.0% Assets/Resources/Prefabs/GameWorld/Characters/Birds/Not Used/BirdOrange.prefab
 0.3 kb	 0.0% Assets/Resources/Prefabs/GameWorld/Characters/Birds/Not Used/BirdGreen.prefab
 0.3 kb	 0.0% Assets/Resources/Prefabs/GameWorld/Particles/Stone.prefab
 0.3 kb	 0.0% Assets/Resources/Prefabs/GameWorld/Particles/Feathers/Feather8.prefab
 0.3 kb	 0.0% Assets/Resources/Prefabs/GameWorld/Particles/Feathers/Feather7.prefab
 0.3 kb	 0.0% Assets/Resources/Prefabs/GameWorld/Particles/Feathers/Feather6.prefab
 0.3 kb	 0.0% Assets/Resources/Prefabs/GameWorld/Particles/Feathers/Feather5.prefab
 0.3 kb	 0.0% Assets/Resources/Prefabs/GameWorld/Particles/Feathers/Feather4.prefab
 0.3 kb	 0.0% Assets/Resources/Prefabs/GameWorld/Particles/Feathers/Feather3.prefab
 0.3 kb	 0.0% Assets/Resources/Prefabs/GameWorld/Particles/Feathers/Feather2.prefab
 0.3 kb	 0.0% Assets/Resources/Prefabs/GameWorld/Particles/Feathers/Feather1.prefab
 0.3 kb	 0.0% Assets/Resources/Prefabs/GameWorld/Particles/Wood.prefab
 0.2 kb	 0.0% Packages/com.unity.test-framework/UnityEngine.TestRunner/NUnitExtensions/Runner/RestoreTestContextAfterDomainReload.cs
 0.2 kb	 0.0% Packages/com.unity.test-framework/UnityEngine.TestRunner/NUnitExtensions/Runner/UnityLogCheckDelegatingCommand.cs
 0.2 kb	 0.0% Packages/com.unity.timeline/Runtime/AssetUpgrade/AnimationPlayableAssetUpgrade.cs
 0.2 kb	 0.0% Packages/com.unity.test-framework/UnityEngine.TestRunner/NUnitExtensions/Runner/UnityTestExecutionContext.cs
 0.2 kb	 0.0% Packages/com.unity.test-framework/UnityEngine.TestRunner/NUnitExtensions/Commands/EnumerableApplyChangesToContextCommand.cs
 0.2 kb	 0.0% Packages/com.unity.test-framework/UnityEngine.TestRunner/Utils/Vector4ComparerWithEqualsOperator.cs
 0.2 kb	 0.0% Packages/com.unity.test-framework/UnityEngine.TestRunner/Utils/Vector3ComparerWithEqualsOperator.cs
 0.2 kb	 0.0% Packages/com.unity.test-framework/UnityEngine.TestRunner/Utils/Vector2ComparerWithEqualsOperator.cs
 0.2 kb	 0.0% Packages/com.unity.test-framework/UnityEngine.TestRunner/TestRunner/RemoteHelpers/RemoteTestResultDataWithTestData.cs
 0.2 kb	 0.0% Packages/com.unity.test-framework/UnityEngine.TestRunner/TestRunner/Callbacks/TestResultRendererCallback.cs
 0.2 kb	 0.0% Packages/com.unity.test-framework/UnityEngine.TestRunner/TestRunner/PlaymodeTestsControllerSettings.cs
 0.2 kb	 0.0% Packages/com.unity.test-framework/UnityEngine.TestRunner/NUnitExtensions/Runner/UnityWorkItemDataHolder.cs
 0.2 kb	 0.0% Packages/com.unity.test-framework/UnityEngine.TestRunner/NUnitExtensions/Runner/UnityTestAssemblyRunner.cs
 0.2 kb	 0.0% Packages/com.unity.test-framework/UnityEngine.TestRunner/NUnitExtensions/Runner/PlaymodeWorkItemFactory.cs
 0.2 kb	 0.0% Packages/com.unity.test-framework/UnityEngine.TestRunner/NUnitExtensions/Runner/CoroutineTestWorkItem.cs
 0.2 kb	 0.0% Packages/com.unity.test-framework/UnityEngine.TestRunner/NUnitExtensions/Filters/CategoryFilterExtended.cs
 0.2 kb	 0.0% Packages/com.unity.test-framework/UnityEngine.TestRunner/Assertions/UnexpectedLogMessageException.cs
 0.2 kb	 0.0% Packages/com.unity.test-framework/UnityEngine.TestRunner/TestRunner/RemoteHelpers/RemoteTestResultDataFactory.cs
 0.2 kb	 0.0% Packages/com.unity.test-framework/UnityEngine.TestRunner/TestRunner/RemoteHelpers/PlayerConnectionMessageIds.cs
 0.2 kb	 0.0% Packages/com.unity.test-framework/UnityEngine.TestRunner/TestRunner/Callbacks/RemoteTestResultSender.cs
 0.2 kb	 0.0% Packages/com.unity.test-framework/UnityEngine.TestRunner/TestRunner/Callbacks/PlayModeRunnerCallback.cs
 0.2 kb	 0.0% Packages/com.unity.test-framework/UnityEngine.TestRunner/Assertions/AllocatingGCMemoryConstraint.cs
 0.1 kb	 0.0% Packages/com.unity.test-framework/UnityEngine.TestRunner/NUnitExtensions/UnityTestAssemblyBuilder.cs
 0.1 kb	 0.0% Packages/com.unity.test-framework/UnityEngine.TestRunner/NUnitExtensions/Runner/TestCommandBuilder.cs
 0.1 kb	 0.0% Packages/com.unity.test-framework/UnityEngine.TestRunner/NUnitExtensions/Runner/DefaultTestWorkItem.cs
 0.1 kb	 0.0% Packages/com.unity.test-framework/UnityEngine.TestRunner/NUnitExtensions/Runner/CompositeWorkItem.cs
 0.1 kb	 0.0% Packages/com.unity.test-framework/UnityEngine.TestRunner/NUnitExtensions/Filters/AssemblyNameFilter.cs
 0.1 kb	 0.0% Packages/com.unity.test-framework/UnityEngine.TestRunner/NUnitExtensions/Commands/EnumerableSetUpTearDownCommand.cs
 0.1 kb	 0.0% Packages/com.unity.test-framework/UnityEngine.TestRunner/NUnitExtensions/Commands/EnumerableRepeatedTestCommand.cs
 0.1 kb	 0.0% Packages/com.unity.test-framework/UnityEngine.TestRunner/NUnitExtensions/Attributes/TestMustExpectAllLogsAttribute.cs
 0.1 kb	 0.0% Packages/com.unity.test-framework/UnityEngine.TestRunner/Assertions/UnityTestTimeoutException.cs
 0.1 kb	 0.0% Packages/com.unity.test-framework/UnityEngine.TestRunner/Assertions/UnhandledLogMessageException.cs
 0.1 kb	 0.0% Packages/com.unity.test-framework/UnityEngine.TestRunner/Assertions/InvalidSignatureException.cs
 0.1 kb	 0.0% Packages/com.unity.test-framework/UnityEngine.TestRunner/Utils/QuaternionEqualityComparer.cs
 0.1 kb	 0.0% Packages/com.unity.test-framework/UnityEngine.TestRunner/Utils/AssemblyProvider/PlayerTestAssemblyProvider.cs
 0.1 kb	 0.0% Packages/com.unity.test-framework/UnityEngine.TestRunner/TestRunner/RuntimeTestRunnerFilter.cs
 0.1 kb	 0.0% Packages/com.unity.test-framework/UnityEngine.TestRunner/TestRunner/Callbacks/TestResultRenderer.cs
 0.1 kb	 0.0% Packages/com.unity.test-framework/UnityEngine.TestRunner/TestRunner/Callbacks/PlayerQuitHandler.cs
 0.1 kb	 0.0% Packages/com.unity.test-framework/UnityEngine.TestRunner/Utils/PostBuildCleanupAttribute.cs
 0.1 kb	 0.0% Packages/com.unity.test-framework/UnityEngine.TestRunner/TestRunner/TestEnumeratorWrapper.cs
 0.1 kb	 0.0% Packages/com.unity.test-framework/UnityEngine.TestRunner/TestRunner/PlaymodeTestsController.cs
 0.1 kb	 0.0% Packages/com.unity.test-framework/UnityEngine.TestRunner/NUnitExtensions/TestResultExtensions.cs
 0.1 kb	 0.0% Packages/com.unity.test-framework/UnityEngine.TestRunner/NUnitExtensions/Runner/WorkItemFactory.cs
 0.1 kb	 0.0% Packages/com.unity.test-framework/UnityEngine.TestRunner/NUnitExtensions/Runner/UnityWorkItem.cs
 0.1 kb	 0.0% Packages/com.unity.test-framework/UnityEngine.TestRunner/NUnitExtensions/Filters/FullNameFilter.cs
 0.1 kb	 0.0% Packages/com.unity.test-framework/UnityEngine.TestRunner/NUnitExtensions/ConstructDelegator.cs
 0.1 kb	 0.0% Packages/com.unity.test-framework/UnityEngine.TestRunner/NUnitExtensions/Commands/OuterUnityTestActionCommand.cs
 0.1 kb	 0.0% Packages/com.unity.test-framework/UnityEngine.TestRunner/NUnitExtensions/Commands/ImmediateEnumerableCommand.cs
 0.1 kb	 0.0% Packages/com.unity.test-framework/UnityEngine.TestRunner/NUnitExtensions/Commands/EnumerableTestMethodCommand.cs
 0.1 kb	 0.0% Packages/com.unity.test-framework/UnityEngine.TestRunner/NUnitExtensions/Commands/EnumerableRetryTestCommand.cs
 0.1 kb	 0.0% Packages/com.unity.test-framework/UnityEngine.TestRunner/NUnitExtensions/Commands/BeforeAfterTestCommandState.cs
 0.1 kb	 0.0% Packages/com.unity.test-framework/UnityEngine.TestRunner/NUnitExtensions/Attributes/UnityCombinatorialStrategy.cs
 0.1 kb	 0.0% Packages/com.unity.test-framework/UnityEngine.TestRunner/NUnitExtensions/Attributes/ConditionalIgnoreAttribute.cs
 0.1 kb	 0.0% Assets/Scripts/GroundTruth/PhysicsCaptureV2AlignedObservationRecorder.cs
 0.1 kb	 0.0% Packages/com.unity.timeline/Runtime/Animation/AnimationPreviewUpdateCallback.cs
 0.1 kb	 0.0% Packages/com.unity.timeline/Runtime/Animation/AnimationOutputWeightProcessor.cs
 0.1 kb	 0.0% Packages/com.unity.test-framework/UnityEngine.TestRunner/Utils/Vector4EqualityComparer.cs
 0.1 kb	 0.0% Packages/com.unity.test-framework/UnityEngine.TestRunner/Utils/Vector3EqualityComparer.cs
 0.1 kb	 0.0% Packages/com.unity.test-framework/UnityEngine.TestRunner/Utils/Vector2EqualityComparer.cs
 0.1 kb	 0.0% Packages/com.unity.test-framework/UnityEngine.TestRunner/Utils/TestRunCallbackListener.cs
 0.1 kb	 0.0% Packages/com.unity.test-framework/UnityEngine.TestRunner/Utils/FloatEqualityComparer.cs
 0.1 kb	 0.0% Packages/com.unity.test-framework/UnityEngine.TestRunner/Utils/ColorEqualityComparer.cs
 0.1 kb	 0.0% Packages/com.unity.test-framework/UnityEngine.TestRunner/Utils/AssemblyProvider/ScriptingRuntimeProxy.cs
 0.1 kb	 0.0% Packages/com.unity.test-framework/UnityEngine.TestRunner/TestRunner/SynchronousFilter.cs
 0.1 kb	 0.0% Packages/com.unity.test-framework/UnityEngine.TestRunner/TestRunner/RemoteHelpers/RemoteTestResultData.cs
 0.1 kb	 0.0% Packages/com.unity.ugui/Runtime/UI/Core/Layout/HorizontalOrVerticalLayoutGroup.cs
 0.1 kb	 0.0% Packages/com.unity.test-framework/UnityEngine.TestRunner/Utils/TestRunCallbackAttribute.cs
 0.1 kb	 0.0% Packages/com.unity.test-framework/UnityEngine.TestRunner/TestRunner/TestListenerWrapper.cs
 0.1 kb	 0.0% Packages/com.unity.test-framework/UnityEngine.TestRunner/NUnitExtensions/TestExtensions.cs
 0.1 kb	 0.0% Packages/com.unity.test-framework/UnityEngine.TestRunner/NUnitExtensions/Runner/FailCommand.cs
 0.1 kb	 0.0% Packages/com.unity.test-framework/UnityEngine.TestRunner/NUnitExtensions/Commands/UnityTestMethodCommand.cs
 0.1 kb	 0.0% Packages/com.unity.test-framework/UnityEngine.TestRunner/NUnitExtensions/BaseDelegator.cs
 0.1 kb	 0.0% Packages/com.unity.test-framework/UnityEngine.TestRunner/NUnitExtensions/Attributes/UnityTearDownAttribute.cs
 0.1 kb	 0.0% Packages/com.unity.test-framework/UnityEngine.TestRunner/NUnitExtensions/Attributes/UnityPlatformAttribute.cs
 0.1 kb	 0.0% Packages/com.unity.test-framework/UnityEngine.TestRunner/NUnitExtensions/ActionDelegator.cs
 0.1 kb	 0.0% Packages/com.unity.timeline/Runtime/Utilities/AnimationPreviewUtilities.cs
 0.1 kb	 0.0% Packages/com.unity.timeline/Runtime/Playables/TimeNotificationBehaviour.cs
 0.1 kb	 0.0% Packages/com.unity.timeline/Runtime/Playables/ActivationControlPlayable.cs
 0.1 kb	 0.0% Packages/com.unity.test-framework/UnityEngine.TestRunner/Utils/AssemblyProvider/AssemblyLoadProxy.cs
 0.1 kb	 0.0% Packages/com.unity.test-framework/UnityEngine.TestRunner/TestRunner/RemoteHelpers/RemoteTestData.cs
 0.1 kb	 0.0% Packages/com.unity.ugui/Runtime/EventSystem/InputModules/StandaloneInputModule.cs
 0.1 kb	 0.0% Packages/com.unity.timeline/Runtime/AssetUpgrade/AnimationTrackUpgrade.cs
 0.1 kb	 0.0% Packages/com.unity.test-framework/UnityEngine.TestRunner/TestRunner/Messages/IEditModeTestYieldInstruction.cs
 0.1 kb	 0.0% Packages/com.unity.test-framework/UnityEngine.TestRunner/NUnitExtensions/Commands/TestCommandPcHelper.cs
 0.1 kb	 0.0% Packages/com.unity.test-framework/UnityEngine.TestRunner/NUnitExtensions/Commands/TestActionCommand.cs
 0.1 kb	 0.0% Packages/com.unity.test-framework/UnityEngine.TestRunner/NUnitExtensions/Commands/SetUpTearDownCommand.cs
 0.1 kb	 0.0% Packages/com.unity.test-framework/UnityEngine.TestRunner/NUnitExtensions/Commands/EnumerableTestState.cs
 0.1 kb	 0.0% Packages/com.unity.test-framework/UnityEngine.TestRunner/NUnitExtensions/Attributes/UnityTestAttribute.cs
 0.1 kb	 0.0% Packages/com.unity.test-framework/UnityEngine.TestRunner/NUnitExtensions/Attributes/UnitySetUpAttribute.cs
 0.1 kb	 0.0% Assets/Scripts/GroundTruth/PhysicsCaptureV2FixedStepRecorder.cs
 0.1 kb	 0.0% Packages/com.unity.timeline/Runtime/Utilities/TimelineCreateUtilities.cs
 0.1 kb	 0.0% Packages/com.unity.timeline/Runtime/Utilities/NotificationUtilities.cs
 0.1 kb	 0.0% Packages/com.unity.timeline/Runtime/Playables/PrefabControlPlayable.cs
 0.1 kb	 0.0% Packages/com.unity.timeline/Runtime/Playables/ParticleControlPlayable.cs
 0.1 kb	 0.0% Packages/com.unity.timeline/Runtime/Playables/DirectorControlPlayable.cs
 0.1 kb	 0.0% Packages/com.unity.timeline/Runtime/Events/Signals/CustomSignalEventDrawer.cs
 0.1 kb	 0.0% Packages/com.unity.timeline/Runtime/Animation/AnimationPlayableAsset.cs
 0.1 kb	 0.0% Packages/com.unity.timeline/Runtime/Activation/ActivationPlayableAsset.cs
 0.1 kb	 0.0% Packages/com.unity.timeline/Runtime/Activation/ActivationMixerPlayable.cs
 0.1 kb	 0.0% Packages/com.unity.textmeshpro/Scripts/Runtime/TMP_ScrollbarEventHandler.cs
 0.1 kb	 0.0% Packages/com.unity.textmeshpro/Scripts/Runtime/TMP_PackageResourceImporter.cs
 0.1 kb	 0.0% Packages/com.unity.textmeshpro/Scripts/Runtime/TMP_EditorResourceManager.cs
 0.1 kb	 0.0% Packages/com.unity.test-framework/UnityEngine.TestRunner/Utils/CoroutineRunner.cs
 0.1 kb	 0.0% Packages/com.unity.test-framework/UnityEngine.TestRunner/Utils/AssemblyProvider/AssemblyWrapper.cs
 0.1 kb	 0.0% Packages/com.unity.ugui/Runtime/UI/Core/Utility/ReflectionMethodsCache.cs
 0.1 kb	 0.0% Packages/com.unity.ugui/Runtime/UI/Core/MultipleDisplayUtilities.cs
 0.1 kb	 0.0% Packages/com.unity.ugui/Runtime/UI/Core/Layout/HorizontalLayoutGroup.cs
 0.1 kb	 0.0% Packages/com.unity.ugui/Runtime/UI/Core/GraphicRebuildTracker.cs
 0.1 kb	 0.0% Packages/com.unity.ugui/Runtime/UI/Core/Culling/RectangularVertexClipper.cs
 0.1 kb	 0.0% Packages/com.unity.ugui/Runtime/EventSystem/Raycasters/Physics2DRaycaster.cs
 0.1 kb	 0.0% Packages/com.unity.ugui/Runtime/EventSystem/InputModules/PointerInputModule.cs
 0.1 kb	 0.0% Packages/com.unity.test-framework/UnityEngine.TestRunner/Utils/PrebuildSceneSetupAttribute.cs
 0.1 kb	 0.0% Packages/com.unity.test-framework/UnityEngine.TestRunner/Utils/AttributeHelper.cs
 0.1 kb	 0.0% Packages/com.unity.test-framework/UnityEngine.TestRunner/TestRunner/RemoteHelpers/IRemoteTestResultDataFactory.cs
 0.1 kb	 0.0% Packages/com.unity.test-framework/UnityEngine.TestRunner/NUnitExtensions/Runner/IEnumerableTestMethodCommand.cs
 0.1 kb	 0.0% Packages/com.unity.test-framework/UnityEngine.TestRunner/NUnitExtensions/IAsyncTestAssemblyBuilder.cs
 0.1 kb	 0.0% Packages/com.unity.test-framework/UnityEngine.TestRunner/NUnitExtensions/Commands/BeforeAfterTestCommandBase.cs
 0.1 kb	 0.0% Packages/com.unity.test-framework/UnityEngine.TestRunner/NUnitExtensions/Attributes/TestEnumerator.cs
 0.1 kb	 0.0% Assets/Scripts/GroundTruth/PhysicsViolationEngineEvidence.cs
 0.1 kb	 0.0% Assets/Scripts/GroundTruth/PhysicsCaptureV2EntityGeometry.cs
 0.1 kb	 0.0% Assets/Scripts/GroundTruth/PhysicsCaptureV2EngineProtocol.cs
 0.1 kb	 0.0% Packages/com.unity.timeline/Runtime/Utilities/AnimatorBindingCache.cs
 0.1 kb	 0.0% Packages/com.unity.timeline/Runtime/Playables/TimeControlPlayable.cs
 0.1 kb	 0.0% Packages/com.unity.timeline/Runtime/Evaluation/ScheduleRuntimeClip.cs
 0.1 kb	 0.0% Packages/com.unity.timeline/Runtime/Evaluation/InfiniteRuntimeClip.cs
 0.1 kb	 0.0% Packages/com.unity.timeline/Runtime/Control/ControlPlayableAsset.cs
 0.1 kb	 0.0% Packages/com.unity.timeline/Runtime/Audio/AudioPlayableAsset.cs
 0.1 kb	 0.0% Packages/com.unity.timeline/Runtime/Audio/AudioMixerProperties.cs
 0.1 kb	 0.0% Packages/com.unity.timeline/Runtime/Audio/AudioClipProperties.cs
 0.1 kb	 0.0% Packages/com.unity.timeline/Runtime/Attributes/TrackColorAttribute.cs
 0.1 kb	 0.0% Packages/com.unity.textmeshpro/Scripts/Runtime/TMPro_ExtensionMethods.cs
 0.1 kb	 0.0% Packages/com.unity.textmeshpro/Scripts/Runtime/TMP_TextParsingUtilities.cs
 0.1 kb	 0.0% Packages/com.unity.textmeshpro/Scripts/Runtime/TMP_TextElement_Legacy.cs
 0.1 kb	 0.0% Packages/com.unity.textmeshpro/Scripts/Runtime/TMP_SpriteAssetImportFormats.cs
 0.1 kb	 0.0% Packages/com.unity.textmeshpro/Scripts/Runtime/TMP_FontAssetUtilities.cs
 0.1 kb	 0.0% Packages/com.unity.textmeshpro/Scripts/Runtime/MaterialReferenceManager.cs
 0.1 kb	 0.0% Packages/com.unity.ugui/Runtime/UI/Core/SetPropertyUtility.cs
 0.1 kb	 0.0% Packages/com.unity.ugui/Runtime/UI/Core/Layout/VerticalLayoutGroup.cs
 0.1 kb	 0.0% Packages/com.unity.ugui/Runtime/UI/Core/Layout/ContentSizeFitter.cs
 0.1 kb	 0.0% Packages/com.unity.ugui/Runtime/UI/Core/Layout/AspectRatioFitter.cs
 0.1 kb	 0.0% Packages/com.unity.ugui/Runtime/UI/Core/FontUpdateTracker.cs
 0.1 kb	 0.0% Packages/com.unity.ugui/Runtime/UI/Core/CanvasUpdateRegistry.cs
 0.1 kb	 0.0% Packages/com.unity.ugui/Runtime/UI/Core/AnimationTriggers.cs
 0.1 kb	 0.0% Packages/com.unity.ugui/Runtime/EventSystem/Raycasters/PhysicsRaycaster.cs
 0.1 kb	 0.0% Packages/com.unity.ugui/Runtime/EventSystem/Raycasters/BaseRaycaster.cs
 0.1 kb	 0.0% Packages/com.unity.ugui/Runtime/EventSystem/RaycasterManager.cs
 0.1 kb	 0.0% Packages/com.unity.ugui/Runtime/EventSystem/InputModules/TouchInputModule.cs
 0.1 kb	 0.0% Packages/com.unity.ugui/Runtime/EventSystem/InputModules/BaseInputModule.cs
 0.1 kb	 0.0% Packages/com.unity.ugui/Runtime/EventSystem/ExecuteEvents.cs
 0.1 kb	 0.0% Packages/com.unity.ugui/Runtime/EventSystem/EventData/PointerEventData.cs
 0.1 kb	 0.0% Packages/com.unity.ugui/Runtime/EventSystem/EventData/BaseEventData.cs
 0.1 kb	 0.0% Packages/com.unity.ugui/Runtime/EventSystem/EventData/AxisEventData.cs
 0.1 kb	 0.0% Packages/com.unity.timeline/Runtime/TimelineAsset_CreateRemove.cs
 0.1 kb	 0.0% Packages/com.unity.timeline/Runtime/Events/INotificationOptionProvider.cs
 0.1 kb	 0.0% Packages/com.unity.test-framework/UnityEngine.TestRunner/Utils/IOuterUnityTestAction.cs
 0.1 kb	 0.0% Packages/com.unity.test-framework/UnityEngine.TestRunner/Utils/AssemblyProvider/ITestAssemblyProvider.cs
 0.1 kb	 0.0% Packages/com.unity.test-framework/UnityEngine.TestRunner/Utils/AssemblyProvider/IScriptingRuntimeProxy.cs
 0.1 kb	 0.0% Packages/com.unity.test-framework/UnityEngine.TestRunner/Assertions/LogScope/LogScope.cs
 0.1 kb	 0.0% Packages/com.unity.test-framework/UnityEngine.TestRunner/Assertions/LogScope/LogMatch.cs
 0.1 kb	 0.0% Packages/com.unity.test-framework/UnityEngine.TestRunner/Assertions/LogScope/LogEvent.cs
 0.1 kb	 0.0% Packages/com.unity.test-framework/UnityEngine.TestRunner/Assertions/LogAssert.cs
 0.1 kb	 0.0% Packages/com.unity.test-framework/UnityEngine.TestRunner/Assertions/ConstraintsExtensions.cs
 0.1 kb	 0.0% Assets/Scripts/GroundTruth/ObservationCaptureProtocol.cs
 0.1 kb	 0.0% Packages/com.unity.timeline/Runtime/Utilities/WeightUtility.cs
 0.1 kb	 0.0% Packages/com.unity.timeline/Runtime/Utilities/Extrapolation.cs
 0.1 kb	 0.0% Packages/com.unity.timeline/Runtime/TimelinePlayable.cs
 0.1 kb	 0.0% Packages/com.unity.timeline/Runtime/TimelineAsset.cs
 0.1 kb	 0.0% Packages/com.unity.timeline/Runtime/Scripting/PlayableTrack.cs
 0.1 kb	 0.0% Packages/com.unity.timeline/Runtime/Events/Signals/SignalReceiver.cs
 0.1 kb	 0.0% Packages/com.unity.timeline/Runtime/Events/Signals/SignalEmitter.cs
 0.1 kb	 0.0% Packages/com.unity.timeline/Runtime/Evaluation/RuntimeElement.cs
 0.1 kb	 0.0% Packages/com.unity.timeline/Runtime/Evaluation/RuntimeClipBase.cs
 0.1 kb	 0.0% Packages/com.unity.timeline/Runtime/Animation/AnimationTrack.cs
 0.1 kb	 0.0% Packages/com.unity.timeline/Runtime/Activation/ActivationTrack.cs
 0.1 kb	 0.0% Packages/com.unity.textmeshpro/Scripts/Runtime/TMPro_EventManager.cs
 0.1 kb	 0.0% Packages/com.unity.textmeshpro/Scripts/Runtime/TMP_UpdateManager.cs
 0.1 kb	 0.0% Packages/com.unity.textmeshpro/Scripts/Runtime/TMP_TextUtilities.cs
 0.1 kb	 0.0% Packages/com.unity.textmeshpro/Scripts/Runtime/TMP_TextProcessingStack.cs
 0.1 kb	 0.0% Packages/com.unity.textmeshpro/Scripts/Runtime/TMP_SpriteCharacter.cs
 0.1 kb	 0.0% Packages/com.unity.textmeshpro/Scripts/Runtime/TMP_SpriteAnimator.cs
 0.1 kb	 0.0% Packages/com.unity.textmeshpro/Scripts/Runtime/TMP_SelectionCaret.cs
 0.1 kb	 0.0% Packages/com.unity.textmeshpro/Scripts/Runtime/TMP_RichTextTagsCommon.cs
 0.1 kb	 0.0% Packages/com.unity.textmeshpro/Scripts/Runtime/TMP_MaterialManager.cs
 0.1 kb	 0.0% Packages/com.unity.textmeshpro/Scripts/Runtime/TMP_InputValidator.cs
 0.1 kb	 0.0% Packages/com.unity.textmeshpro/Scripts/Runtime/TMP_FontFeaturesCommon.cs
 0.1 kb	 0.0% Packages/com.unity.textmeshpro/Scripts/Runtime/TMP_FontFeatureTable.cs
 0.1 kb	 0.0% Packages/com.unity.textmeshpro/Scripts/Runtime/TMP_DefaultControls.cs
 0.1 kb	 0.0% Packages/com.unity.textmeshpro/Scripts/Runtime/TMP_Compatibility.cs
 0.1 kb	 0.0% Packages/com.unity.textmeshpro/Scripts/Runtime/TMP_ColorGradient.cs
 0.1 kb	 0.0% Packages/com.unity.test-framework/UnityEngine.TestRunner/Utils/Utils.cs
 0.1 kb	 0.0% Packages/com.unity.test-framework/UnityEngine.TestRunner/Assertions/Is.cs
 0.1 kb	 0.0% Packages/com.unity.ugui/Runtime/UI/Core/VertexModifiers/PositionAsUV1.cs
 0.1 kb	 0.0% Packages/com.unity.ugui/Runtime/UI/Core/VertexModifiers/BaseMeshEffect.cs
 0.1 kb	 0.0% Packages/com.unity.ugui/Runtime/UI/Core/StencilMaterial.cs
 0.1 kb	 0.0% Packages/com.unity.ugui/Runtime/UI/Core/MaskableGraphic.cs
 0.1 kb	 0.0% Packages/com.unity.ugui/Runtime/UI/Core/MaskUtilities.cs
 0.1 kb	 0.0% Packages/com.unity.ugui/Runtime/UI/Core/Layout/LayoutUtility.cs
 0.1 kb	 0.0% Packages/com.unity.ugui/Runtime/UI/Core/Layout/LayoutRebuilder.cs
 0.1 kb	 0.0% Packages/com.unity.ugui/Runtime/UI/Core/Layout/LayoutElement.cs
 0.1 kb	 0.0% Packages/com.unity.ugui/Runtime/UI/Core/Layout/GridLayoutGroup.cs
 0.1 kb	 0.0% Packages/com.unity.ugui/Runtime/UI/Core/IGraphicEnabledDisabled.cs
 0.1 kb	 0.0% Packages/com.unity.ugui/Runtime/UI/Core/GraphicRegistry.cs
 0.1 kb	 0.0% Packages/com.unity.ugui/Runtime/UI/Core/GraphicRaycaster.cs
 0.1 kb	 0.0% Packages/com.unity.ugui/Runtime/UI/Core/DefaultControls.cs
 0.1 kb	 0.0% Packages/com.unity.ugui/Runtime/UI/Core/Culling/ClipperRegistry.cs
 0.1 kb	 0.0% Packages/com.unity.ugui/Runtime/EventSystem/UIBehaviour.cs
 0.1 kb	 0.0% Packages/com.unity.ugui/Runtime/EventSystem/InputModules/BaseInput.cs
 0.1 kb	 0.0% Packages/com.unity.ugui/Runtime/EventSystem/EventTrigger.cs
 0.1 kb	 0.0% Packages/com.unity.ugui/Runtime/EventSystem/EventSystem.cs
 0.1 kb	 0.0% Packages/com.unity.test-framework/UnityEngine.TestRunner/Utils/MonoBehaviourTest/MonoBehaviourTest.cs
 0.1 kb	 0.0% Packages/com.unity.test-framework/UnityEngine.TestRunner/Utils/MonoBehaviourTest/IMonoBehaviourTest.cs
 0.1 kb	 0.0% Packages/com.unity.test-framework/UnityEngine.TestRunner/Utils/IPrebuildSceneSetup.cs
 0.1 kb	 0.0% Packages/com.unity.test-framework/UnityEngine.TestRunner/Utils/IPostBuildCleanup.cs
 0.1 kb	 0.0% Packages/com.unity.test-framework/UnityEngine.TestRunner/Utils/AssemblyProvider/IAssemblyLoadProxy.cs
 0.1 kb	 0.0% Packages/com.unity.test-framework/UnityEngine.TestRunner/TestRunner/ITestRunnerListener.cs
 0.1 kb	 0.0% Assets/Scripts/RepresentationNovelty.cs
 0.1 kb	 0.0% Assets/Scripts/GroundTruth/ScenarioObjectIdentity.cs
 0.1 kb	 0.0% Assets/Scripts/GroundTruth/PhysicsCaptureV2Events.cs
 0.1 kb	 0.0% Assets/Scripts/GroundTruth/PhysicsCaptureV2Contacts.cs
 0.1 kb	 0.0% Assets/Scripts/GroundTruth/PhysicsCaptureProtocol.cs
 0.1 kb	 0.0% Assets/Scripts/GroundTruth/PhysicalSnapshotRuntime.cs
 0.1 kb	 0.0% Assets/Scripts/GroundTruth/PhysicalSnapshotModels.cs
 0.1 kb	 0.0% Assets/Scripts/GroundTruth/PhysicalSnapshotExporter.cs
 0.1 kb	 0.0% Assets/Scripts/GroundTruth/PhysicalEntityRegistry.cs
 0.1 kb	 0.0% Assets/Scripts/GroundTruth/PhysicalCaptureModels.cs
 0.1 kb	 0.0% Packages/com.unity.timeline/Runtime/Utilities/TimelineUndo.cs
 0.1 kb	 0.0% Packages/com.unity.timeline/Runtime/Utilities/TimeUtility.cs
 0.1 kb	 0.0% Packages/com.unity.timeline/Runtime/Utilities/HashUtility.cs
 0.1 kb	 0.0% Packages/com.unity.timeline/Runtime/TrackAsset.cs
 0.1 kb	 0.0% Packages/com.unity.timeline/Runtime/TimelineClip.cs
 0.1 kb	 0.0% Packages/com.unity.timeline/Runtime/GroupTrack.cs
 0.1 kb	 0.0% Packages/com.unity.timeline/Runtime/Events/Signals/SignalAsset.cs
 0.1 kb	 0.0% Packages/com.unity.timeline/Runtime/Events/SignalTrack.cs
 0.1 kb	 0.0% Packages/com.unity.timeline/Runtime/Events/MarkerTrack.cs
 0.1 kb	 0.0% Packages/com.unity.timeline/Runtime/Evaluation/RuntimeClip.cs
 0.1 kb	 0.0% Packages/com.unity.timeline/Runtime/Control/ControlTrack.cs
 0.1 kb	 0.0% Packages/com.unity.timeline/Runtime/Audio/AudioTrack.cs
 0.1 kb	 0.0% Packages/com.unity.textmeshpro/Scripts/Runtime/TextMeshProUGUI.cs
 0.1 kb	 0.0% Packages/com.unity.textmeshpro/Scripts/Runtime/TextContainer.cs
 0.1 kb	 0.0% Packages/com.unity.textmeshpro/Scripts/Runtime/TMPro_UGUI_Private.cs
 0.1 kb	 0.0% Packages/com.unity.textmeshpro/Scripts/Runtime/TMPro_MeshUtilities.cs
 0.1 kb	 0.0% Packages/com.unity.textmeshpro/Scripts/Runtime/TMP_UpdateRegistery.cs
 0.1 kb	 0.0% Packages/com.unity.textmeshpro/Scripts/Runtime/TMP_TextElement.cs
 0.1 kb	 0.0% Packages/com.unity.textmeshpro/Scripts/Runtime/TMP_SubMeshUI.cs
 0.1 kb	 0.0% Packages/com.unity.textmeshpro/Scripts/Runtime/TMP_StyleSheet.cs
 0.1 kb	 0.0% Packages/com.unity.textmeshpro/Scripts/Runtime/TMP_SpriteGlyph.cs
 0.1 kb	 0.0% Packages/com.unity.textmeshpro/Scripts/Runtime/TMP_SpriteAsset.cs
 0.1 kb	 0.0% Packages/com.unity.textmeshpro/Scripts/Runtime/TMP_ShaderUtilities.cs
 0.1 kb	 0.0% Packages/com.unity.textmeshpro/Scripts/Runtime/TMP_ResourcesManager.cs
 0.1 kb	 0.0% Packages/com.unity.textmeshpro/Scripts/Runtime/TMP_InputField.cs
 0.1 kb	 0.0% Packages/com.unity.textmeshpro/Scripts/Runtime/TMP_FontAssetCommon.cs
 0.1 kb	 0.0% Packages/com.unity.textmeshpro/Scripts/Runtime/TMP_FontAsset.cs
 0.1 kb	 0.0% Packages/com.unity.textmeshpro/Scripts/Runtime/TMP_CoroutineTween.cs
 0.1 kb	 0.0% Packages/com.unity.textmeshpro/Scripts/Runtime/TMP_CharacterInfo.cs
 0.1 kb	 0.0% Packages/com.unity.textmeshpro/Scripts/Runtime/TMP_Character.cs
 0.1 kb	 0.0% Packages/com.unity.textmeshpro/Scripts/Runtime/ITextPreProcessor.cs
 0.1 kb	 0.0% Packages/com.unity.ugui/Runtime/UI/Core/Utility/VertexHelper.cs
 0.1 kb	 0.0% Packages/com.unity.ugui/Runtime/UI/Core/ToggleGroup.cs
 0.1 kb	 0.0% Packages/com.unity.ugui/Runtime/UI/Core/Selectable.cs
 0.1 kb	 0.0% Packages/com.unity.ugui/Runtime/UI/Core/Scrollbar.cs
 0.1 kb	 0.0% Packages/com.unity.ugui/Runtime/UI/Core/ScrollRect.cs
 0.1 kb	 0.0% Packages/com.unity.ugui/Runtime/UI/Core/RectMask2D.cs
 0.1 kb	 0.0% Packages/com.unity.ugui/Runtime/UI/Core/MaterialModifiers/IMaterialModifier.cs
 0.1 kb	 0.0% Packages/com.unity.ugui/Runtime/UI/Core/Layout/LayoutGroup.cs
 0.1 kb	 0.0% Packages/com.unity.ugui/Runtime/UI/Core/Layout/CanvasScaler.cs
 0.1 kb	 0.0% Packages/com.unity.ugui/Runtime/UI/Core/InputField.cs
 0.1 kb	 0.0% Packages/com.unity.timeline/Runtime/Utilities/IPropertyCollector.cs
 0.1 kb	 0.0% Packages/com.unity.timeline/Runtime/TimelineAttributes.cs
 0.1 kb	 0.0% Packages/com.unity.timeline/Runtime/Timeline.deprecated.cs
 0.1 kb	 0.0% Packages/com.unity.timeline/Runtime/Playables/NotificationFlags.cs
 0.1 kb	 0.0% Packages/com.unity.timeline/Runtime/Playables/BasicScriptPlayable.cs
 0.1 kb	 0.0% Packages/com.unity.test-framework/UnityEngine.TestRunner/Utils/StacktraceFilter.cs
 0.1 kb	 0.0% Packages/com.unity.test-framework/UnityEngine.TestRunner/Utils/ITestRunCallback.cs
 0.1 kb	 0.0% Packages/com.unity.test-framework/UnityEngine.TestRunner/Utils/AssemblyProvider/IAssemblyWrapper.cs
 0.1 kb	 0.0% Packages/com.unity.test-framework/UnityEngine.TestRunner/NUnitExtensions/IStateSerializer.cs
 0.1 kb	 0.0% Assets/Scripts/Utils/ABAudioController.cs
 0.1 kb	 0.0% Assets/Scripts/ScreenshotHandler.cs
 0.1 kb	 0.0% Assets/Scripts/GroundTruth/SymbolicGameState.cs
 0.1 kb	 0.0% Assets/Scripts/GroundTruth/PhysicsShotRecorder.cs
 0.1 kb	 0.0% Assets/Scripts/GroundTruth/PhysicalSnapshotJson.cs
 0.1 kb	 0.0% Assets/Scripts/EvaluationHandler.cs
 0.1 kb	 0.0% Assets/Scripts/AIBirdsConnection.cs
 0.1 kb	 0.0% Packages/com.unity.timeline/Runtime/Events/Marker.cs
 0.1 kb	 0.0% Packages/com.unity.textmeshpro/Scripts/Runtime/TextMeshPro.cs
 0.1 kb	 0.0% Packages/com.unity.textmeshpro/Scripts/Runtime/TMPro_Private.cs
 0.1 kb	 0.0% Packages/com.unity.textmeshpro/Scripts/Runtime/TMP_TextInfo.cs
 0.1 kb	 0.0% Packages/com.unity.textmeshpro/Scripts/Runtime/TMP_SubMesh.cs
 0.1 kb	 0.0% Packages/com.unity.textmeshpro/Scripts/Runtime/TMP_Style.cs
 0.1 kb	 0.0% Packages/com.unity.textmeshpro/Scripts/Runtime/TMP_Sprite.cs
 0.1 kb	 0.0% Packages/com.unity.textmeshpro/Scripts/Runtime/TMP_Settings.cs
 0.1 kb	 0.0% Packages/com.unity.textmeshpro/Scripts/Runtime/TMP_ObjectPool.cs
 0.1 kb	 0.0% Packages/com.unity.textmeshpro/Scripts/Runtime/TMP_Dropdown.cs
 0.1 kb	 0.0% Packages/com.unity.textmeshpro/Scripts/Runtime/TMP_Asset.cs
 0.1 kb	 0.0% Packages/com.unity.textmeshpro/Scripts/Runtime/FastAction.cs
 0.1 kb	 0.0% Packages/com.unity.ugui/Runtime/UI/Core/VertexModifiers/Shadow.cs
 0.1 kb	 0.0% Packages/com.unity.ugui/Runtime/UI/Core/VertexModifiers/Outline.cs
 0.1 kb	 0.0% Packages/com.unity.ugui/Runtime/UI/Core/VertexModifiers/IMeshModifier.cs
 0.1 kb	 0.0% Packages/com.unity.ugui/Runtime/UI/Core/Toggle.cs
 0.1 kb	 0.0% Packages/com.unity.ugui/Runtime/UI/Core/Slider.cs
 0.1 kb	 0.0% Packages/com.unity.ugui/Runtime/UI/Core/RawImage.cs
 0.1 kb	 0.0% Packages/com.unity.ugui/Runtime/UI/Core/Layout/ILayoutElement.cs
 0.1 kb	 0.0% Packages/com.unity.ugui/Runtime/UI/Core/Image.cs
 0.1 kb	 0.0% Packages/com.unity.ugui/Runtime/UI/Core/Graphic.cs
 0.1 kb	 0.0% Packages/com.unity.ugui/Runtime/UI/Core/FontData.cs
 0.1 kb	 0.0% Packages/com.unity.ugui/Runtime/UI/Core/Dropdown.cs
 0.1 kb	 0.0% Packages/com.unity.ugui/Runtime/UI/Core/Culling/Clipping.cs
 0.1 kb	 0.0% Packages/com.unity.ugui/Runtime/UI/Core/Button.cs
 0.1 kb	 0.0% Packages/com.unity.ugui/Runtime/UI/Animation/CoroutineTween.cs
 0.1 kb	 0.0% Packages/com.unity.ugui/Runtime/EventSystem/RaycastResult.cs
 0.1 kb	 0.0% Packages/com.unity.ugui/Runtime/EventSystem/MoveDirection.cs
 0.1 kb	 0.0% Packages/com.unity.ugui/Runtime/EventSystem/EventTriggerType.cs
 0.1 kb	 0.0% Packages/com.unity.ugui/Runtime/EventSystem/EventInterfaces.cs
 0.1 kb	 0.0% Packages/com.unity.timeline/Runtime/Utilities/IPropertyPreview.cs
 0.1 kb	 0.0% Packages/com.unity.timeline/Runtime/Extensions/TrackExtensions.cs
 0.1 kb	 0.0% Packages/com.unity.timeline/Runtime/AssetUpgrade/TimelineUpgrade.cs
 0.1 kb	 0.0% Packages/com.unity.test-framework/UnityEngine.TestRunner/TestRunner/TestPlatform.cs
 0.1 kb	 0.0% Packages/com.unity.test-framework/UnityEngine.TestRunner/Assertions/LogScope/ILogScope.cs
 0.1 kb	 0.0% Packages/com.unity.test-framework/UnityEngine.TestRunner/AssemblyInfo.cs
 0.1 kb	 0.0% Assets/Scripts/Utils/ABSceneManager.cs
 0.1 kb	 0.0% Assets/Scripts/Utils/ABGameManager.cs
 0.1 kb	 0.0% Assets/Scripts/TestHarness/LoadLevelSchema.cs
 0.1 kb	 0.0% Assets/Scripts/TestHarness/GameLevelSetInfo.cs
 0.1 kb	 0.0% Assets/Scripts/TestHarness/ConfigGenerator.cs
 0.1 kb	 0.0% Assets/Scripts/ParticleSystem/ABParticleSystem.cs
 0.1 kb	 0.0% Assets/Scripts/Menus/Buttons/ABLevelSelector.cs
 0.1 kb	 0.0% Assets/Scripts/Menus/ABSplashScreen.cs
 0.1 kb	 0.0% Assets/Scripts/Menus/ABLevelSelect.cs
 0.1 kb	 0.0% Assets/Scripts/Levels/ABLevelUpdate.cs
 0.1 kb	 0.0% Assets/Scripts/GameWorld/Characters/Camera/ABParallaxLayer.cs
 0.1 kb	 0.0% Assets/Scripts/GameWorld/Characters/Camera/ABGameplayCamera.cs
 0.1 kb	 0.0% Packages/com.unity.textmeshpro/Scripts/Runtime/TMP_Text.cs
 0.1 kb	 0.0% Packages/com.unity.textmeshpro/Scripts/Runtime/TMP_MeshInfo.cs
 0.1 kb	 0.0% Packages/com.unity.textmeshpro/Scripts/Runtime/TMP_ListPool.cs
 0.1 kb	 0.0% Packages/com.unity.textmeshpro/Scripts/Runtime/TMP_LineInfo.cs
 0.1 kb	 0.0% Packages/com.unity.textmeshpro/Scripts/Runtime/AssemblyInfo.cs
 0.1 kb	 0.0% Packages/com.unity.ugui/Runtime/UI/Core/Utility/ObjectPool.cs
 0.1 kb	 0.0% Packages/com.unity.ugui/Runtime/UI/Core/Text.cs
 0.1 kb	 0.0% Packages/com.unity.ugui/Runtime/UI/Core/SpriteState.cs
 0.1 kb	 0.0% Packages/com.unity.ugui/Runtime/UI/Core/SpecializedCollections/IndexedSet.cs
 0.1 kb	 0.0% Packages/com.unity.ugui/Runtime/UI/Core/Navigation.cs
 0.1 kb	 0.0% Packages/com.unity.ugui/Runtime/UI/Core/Misc.cs
 0.1 kb	 0.0% Packages/com.unity.ugui/Runtime/UI/Core/Mask.cs
 0.1 kb	 0.0% Packages/com.unity.ugui/Runtime/UI/Core/IMaskable.cs
 0.1 kb	 0.0% Packages/com.unity.ugui/Runtime/UI/Core/Culling/IClipRegion.cs
 0.1 kb	 0.0% Packages/com.unity.ugui/Runtime/UI/Core/ColorBlock.cs
 0.1 kb	 0.0% Packages/com.unity.ugui/Runtime/Properties/AssemblyInfo.cs
 0.1 kb	 0.0% Packages/com.unity.ugui/Runtime/EventSystem/EventHandle.cs
 0.1 kb	 0.0% Packages/com.unity.timeline/Runtime/Properties/AssemblyInfo.cs
 0.1 kb	 0.0% Packages/com.unity.timeline/Runtime/Playables/ITimeControl.cs
 0.1 kb	 0.0% Packages/com.unity.timeline/Runtime/ILayerable.cs
 0.1 kb	 0.0% Packages/com.unity.timeline/Runtime/Events/MarkerList.cs
 0.1 kb	 0.0% Packages/com.unity.timeline/Runtime/Evaluation/IntervalTree.cs
 0.1 kb	 0.0% Packages/com.unity.timeline/Runtime/DiscreteTime.cs
 0.1 kb	 0.0% Packages/com.unity.timeline/Runtime/AssetUpgrade/TrackUpgrade.cs
 0.1 kb	 0.0% Packages/com.unity.timeline/Runtime/AssetUpgrade/ClipUpgrade.cs
 0.1 kb	 0.0% Packages/com.unity.timeline/Runtime/Animation/ICurvesOwner.cs
 0.1 kb	 0.0% Assets/Scripts/Utils/ABSingleton.cs
 0.1 kb	 0.0% Assets/Scripts/Utils/ABObjectPool.cs
 0.1 kb	 0.0% Assets/Scripts/Utils/ABConstants.cs
 0.1 kb	 0.0% Assets/Scripts/Utils/ABArrayUtils.cs
 0.1 kb	 0.0% Assets/Scripts/TestHarness/TrialInfo.cs
 0.1 kb	 0.0% Assets/Scripts/TestHarness/TrainingSet.cs
 0.1 kb	 0.0% Assets/Scripts/Plugins/WebSocket/WebSocket.cs
 0.1 kb	 0.0% Assets/Scripts/Plugins/SimpleJSON.cs
 0.1 kb	 0.0% Assets/Scripts/ParticleSystem/PhysicalBody.cs
 0.1 kb	 0.0% Assets/Scripts/ParticleSystem/ABParticle.cs
 0.1 kb	 0.0% Assets/Scripts/Levels/LevelLoader.cs
 0.1 kb	 0.0% Assets/Scripts/Levels/LevelList.cs
 0.1 kb	 0.0% Assets/Scripts/GroundTruth/GTTrajectory.cs
 0.1 kb	 0.0% Assets/Scripts/GroundTruth/GTObjectBase.cs
 0.1 kb	 0.0% Assets/Scripts/GameWorld/Characters/Birds/ABBirdYellow.cs
 0.1 kb	 0.0% Assets/Scripts/GameWorld/Characters/Birds/ABBirdWhite.cs
 0.1 kb	 0.0% Assets/Scripts/GameWorld/Characters/Birds/ABBirdDown.cs
 0.1 kb	 0.0% Assets/Scripts/GameWorld/Characters/Birds/ABBirdBlack.cs
 0.1 kb	 0.0% Assets/Scripts/GameWorld/Characters/Birds/ABBBirdBlue.cs
 0.1 kb	 0.0% Assets/Scripts/GameWorld/Characters/ABCharacter.cs
 0.1 kb	 0.0% Assets/Scripts/GameWorld/ABSlingshot.cs
 0.1 kb	 0.0% Assets/Scripts/GameWorld/ABGameWorld.cs
 0.1 kb	 0.0% Assets/Scripts/GameWorld/ABGameObject.cs
 0.1 kb	 0.0% Packages/com.unity.ugui/Runtime/UI/Core/Utility/ListPool.cs
 0.1 kb	 0.0% Packages/com.unity.ugui/Runtime/UI/Core/IMask.cs
 0.1 kb	 0.0% Packages/com.unity.timeline/Runtime/Events/IMarker.cs
 0.1 kb	 0.0% Packages/com.unity.timeline/Runtime/ClipCaps.cs
 0.1 kb	 0.0% Assets/Scripts/Utils/ABMath.cs
 0.1 kb	 0.0% Assets/Scripts/TestHarness/TestSet.cs
 0.1 kb	 0.0% Assets/Scripts/Menus/ABMenu.cs
 0.1 kb	 0.0% Assets/Scripts/Levels/ABLevel.cs
 0.1 kb	 0.0% Assets/Scripts/HUD/ScoreHud.cs
 0.1 kb	 0.0% Assets/Scripts/GroundTruth/GTObject.cs
 0.1 kb	 0.0% Assets/Scripts/GroundTruth/GTNoise.cs
 0.1 kb	 0.0% Assets/Scripts/GroundTruth/GTGround.cs
 0.1 kb	 0.0% Assets/Scripts/GroundTruth/ColorMap.cs
 0.1 kb	 0.0% Assets/Scripts/GameWorld/Characters/Birds/ABBird.cs
 0.1 kb	 0.0% Assets/Scripts/GameWorld/Characters/ABPig.cs
 0.1 kb	 0.0% Assets/Scripts/GameWorld/ABTNT.cs
 0.1 kb	 0.0% Assets/Scripts/GameWorld/ABEggTNT.cs
 0.1 kb	 0.0% Assets/Scripts/GameWorld/ABEgg.cs
 0.1 kb	 0.0% Assets/Scripts/GameWorld/ABBlock.cs
 0.1 kb	 0.0% Assets/Scripts/HUD/HUD.cs
 0.0 kb	 0.0% Assets/Resources/Materials/YellowBird.physicsMaterial2D
 0.0 kb	 0.0% Assets/Resources/Materials/WhiteBird.physicsMaterial2D
 0.0 kb	 0.0% Assets/Resources/Materials/PigMedium.physicsMaterial2D
 0.0 kb	 0.0% Assets/Resources/Materials/BlackBird.physicsMaterial2D
 0.0 kb	 0.0% Assets/Resources/Materials/Stone.physicsMaterial2D
 0.0 kb	 0.0% Assets/Resources/Materials/RedBird.physicsMaterial2D
 0.0 kb	 0.0% Assets/Resources/Materials/PigSmall.physicsMaterial2D
 0.0 kb	 0.0% Assets/Resources/Materials/PigBig.physicsMaterial2D
 0.0 kb	 0.0% Assets/Resources/Materials/BlueBird.physicsMaterial2D
 0.0 kb	 0.0% Assets/Resources/Materials/Wood.physicsMaterial2D
 0.0 kb	 0.0% Assets/Resources/Materials/Ice.physicsMaterial2D
-------------------------------------------------------------------------------
DisplayProgressbar:
Unloading 136 Unused Serialized files (Serialized files now loaded: 0)
System memory in use before: 59.2 MB.
System memory in use after: 46.0 MB.

Unloading 697 unused Assets to reduce memory usage. Loaded Objects now: 1876.
Total: 6.056339 ms (FindLiveObjects: 0.260270 ms CreateObjectMapping: 0.026440 ms MarkObjects: 3.559882 ms  DeleteObjects: 2.209215 ms)

Unloading 0 Unused Serialized files (Serialized files now loaded: 0)
Loaded scene 'Temp/__Backupscenes/0.backup'
	Deserialize:            0.606 ms
	Integration:            1.884 ms
	Integration of assets:  0.002 ms
	Thread Wait Time:       19.488 ms
	Total Operation Time:   21.980 ms
System memory in use before: 43.3 MB.
System memory in use after: 43.4 MB.

Unloading 0 unused Assets to reduce memory usage. Loaded Objects now: 1872.
Total: 2.980573 ms (FindLiveObjects: 0.179339 ms CreateObjectMapping: 0.028262 ms MarkObjects: 2.769006 ms  DeleteObjects: 0.003195 ms)

Batchmode quit successfully invoked - shutting down!
[Performance] Application.InitializeProject                               :        1 samples, Peak.  2.96 s (1.0x), Avg.  2.96 s, Total. 2.960 s (29.7%)
[Performance] Application.PackageManager.StartServer                      :        1 samples, Peak.  1.17 ms (1.0x), Avg.  1.17 ms, Total. 1.173 ms (0.0%)
[Performance] Application.IsBrowserCacheEmpty                             :        1 samples, Peak.  87.5 us (1.0x), Avg.  87.5 us, Total. 87.54 us (0.0%)
[Performance] Application.AcquireProjectLock                              :        1 samples, Peak.  2.03 ms (1.0x), Avg.  2.03 ms, Total. 2.035 ms (0.0%)
[Performance] Application.InitializeEngineNoGraphics                      :        1 samples, Peak.  6.71 ms (1.0x), Avg.  6.71 ms, Total. 6.714 ms (0.1%)
[Performance] Application.PackageManager.Initialize                       :        1 samples, Peak.   413 ms (1.0x), Avg.   413 ms, Total. 412.6 ms (4.1%)
[Performance] CurlRequestCheck                                            :        9 samples, Peak.  40.5 us (2.5x), Avg.  16.1 us, Total. 144.8 us (0.0%)
[Performance] PackageManager::RunRequestSynchronously                     :        8 samples, Peak.   434 us (6.9x), Avg.  62.8 us, Total. 502.0 us (0.0%)
[Performance] Application.EngineGraphics.Initialize                       :        1 samples, Peak.  29.4 ms (1.0x), Avg.  29.4 ms, Total. 29.41 ms (0.3%)
[Performance] Application.GI.Initialize                                   :        1 samples, Peak.  2.18 ms (1.0x), Avg.  2.18 ms, Total. 2.181 ms (0.0%)
[Performance] Application.LoadAllDefaultResourcesFromEditor               :        1 samples, Peak.  1.86 ms (1.0x), Avg.  1.86 ms, Total. 1.860 ms (0.0%)
[Performance] Application.LoadMonoAssemblies                              :        1 samples, Peak.   618 ms (1.0x), Avg.   618 ms, Total. 618.3 ms (6.2%)
[Performance] RestoreManagedReferences                                    :        2 samples, Peak.  1.98 ms (2.0x), Avg.   993 us, Total. 1.985 ms (0.0%)
[Performance] ProcessService.EditorAfterLoadAllAssemblies                 :        2 samples, Peak.  20.2 ms (1.2x), Avg.  16.3 ms, Total. 32.69 ms (0.3%)
[Performance] Application.ReadLicenseInfo                                 :        1 samples, Peak.  12.7 ms (1.0x), Avg.  12.7 ms, Total. 12.71 ms (0.1%)
[Performance] Application.InitialScriptRefresh                            :        1 samples, Peak.   916 ms (1.0x), Avg.   916 ms, Total. 916.0 ms (9.2%)
[Performance] Application.AssetDatabase.Refresh                           :        1 samples, Peak.   186 ms (1.0x), Avg.   186 ms, Total. 185.7 ms (1.9%)
[Performance] BuildCatalog                                                :        1 samples, Peak.  30.4 ms (1.0x), Avg.  30.4 ms, Total. 30.38 ms (0.3%)
[Performance] Application.ImportAssetsWithMismatchingAssetImporterVersion :        1 samples, Peak.   168 ms (1.0x), Avg.   168 ms, Total. 167.6 ms (1.7%)
[Performance] Application.SyncCurrentColorSpace                           :        1 samples, Peak.  5.87 ms (1.0x), Avg.  5.87 ms, Total. 5.874 ms (0.1%)
[Performance] Application.OnUsbDevicesChanged                             :        1 samples, Peak.  1.09 us (1.0x), Avg.  1.09 us, Total. 1.092 us (0.0%)
[Performance] Application.AssetInstanceCacheUpdate                        :        1 samples, Peak.   240 ns (1.0x), Avg.   240 ns, Total. 240.0 ns (0.0%)
[Performance] Application.UnityExtensions.Initialize                      :        1 samples, Peak.   501 us (1.0x), Avg.   501 us, Total. 500.8 us (0.0%)
[Performance] Application.InitializeManagedCompilationPipeline            :        1 samples, Peak.  28.2 ms (1.0x), Avg.  28.2 ms, Total. 28.21 ms (0.3%)
[Performance] Application.ExecuteStartups                                 :        1 samples, Peak.  4.28 ms (1.0x), Avg.  4.28 ms, Total. 4.276 ms (0.0%)
[Performance] Application.RebuildOSMenu                                   :        1 samples, Peak.  30.7 ms (1.0x), Avg.  30.7 ms, Total. 30.74 ms (0.3%)
[Performance] UpdateAllMenus                                              :        1 samples, Peak.  30.7 ms (1.0x), Avg.  30.7 ms, Total. 30.74 ms (0.3%)
[Performance] Application.editorInitializingProject                       :        1 samples, Peak.  13.7 us (1.0x), Avg.  13.7 us, Total. 13.74 us (0.0%)
[Performance] GUIView.RepaintAll.PlayerLoopController                     :        4 samples, Peak.   581 ns (1.2x), Avg.   476 ns, Total. 1.903 us (0.0%)
[Performance] Application.InvokeFinishedLoadingProject                    :        1 samples, Peak.  21.2 ms (1.0x), Avg.  21.2 ms, Total. 21.21 ms (0.2%)
[Performance] ProcessService.OnProjectLoaded                              :        1 samples, Peak.  19.2 ms (1.0x), Avg.  19.2 ms, Total. 19.19 ms (0.2%)
Cleanup mono
debugger-agent: Unable to listen on 41
Exiting batchmode successfully now!
Checking for leaked weakptr:
  Found no leaked weakptrs.
[Package Manager] Server::Kill -- Server was shutdown
##utp:{"type":"MemoryLeaks","version":2,"phase":"Immediate","time":1787844198274,"processId":2958327,"allocatedMemory":293286,"memoryLabels":[{"Default":-1092},{"Permanent":384},{"Thread":503},{"Manager":5600},{"Shader":1312},{"GfxDevice":31056},{"GfxThread":480},{"Physics":177},{"Serialization":456},{"Renderer":32},{"String":29357},{"DynamicArray":163733},{"HashMap":13435},{"Curl":1112},{"PoolAlloc":120},{"ScriptManager":13044},{"GI":720},{"VR":3867},{"Subsystems":-664},{"EditorUtility":408},{"AssetDatabase":6006},{"RestService":64},{"UnityConnect":21192},{"Collab":632},{"Licensing":1352}]}
