[native-refit] event-hybrid-760930001 updates=101/9000 applied=101 skipped=0 loss=1.7000418901443481 budget=5.0/1800s ETA=443.4s CUDA=51.6MiB
[native-refit] event-hybrid-760930001 updates=217/9000 applied=217 skipped=0 loss=1.9672821760177612 budget=10.1/1800s ETA=407.5s CUDA=51.6MiB
[native-refit] event-hybrid-760930001 updates=335/9000 applied=335 skipped=0 loss=1.0023194551467896 budget=15.1/1800s ETA=391.4s CUDA=51.6MiB
[native-refit] event-hybrid-760930001 updates=442/9000 applied=442 skipped=0 loss=0.9296987652778625 budget=20.2/1800s ETA=390.4s CUDA=51.6MiB
[native-refit] event-hybrid-760930001 updates=551/9000 applied=551 skipped=0 loss=0.9306650161743164 budget=25.2/1800s ETA=386.4s CUDA=51.6MiB
[native-refit] event-hybrid-760930001 updates=664/9000 applied=664 skipped=0 loss=0.7853474617004395 budget=30.2/1800s ETA=379.3s CUDA=51.6MiB
[native-refit] event-hybrid-760930001 updates=776/9000 applied=776 skipped=0 loss=0.7761236429214478 budget=35.2/1800s ETA=373.6s CUDA=51.6MiB
[native-refit] event-hybrid-760930001 updates=886/9000 applied=886 skipped=0 loss=0.7528992295265198 budget=40.3/1800s ETA=368.8s CUDA=51.6MiB
[native-refit] event-hybrid-760930001 updates=998/9000 applied=998 skipped=0 loss=0.6895953416824341 budget=45.3/1800s ETA=363.0s CUDA=51.6MiB
[native-refit] event-hybrid-760930001 updates=1115/9000 applied=1115 skipped=0 loss=0.6696482300758362 budget=50.3/1800s ETA=355.6s CUDA=51.6MiB
[native-refit] event-hybrid-760930001 updates=1232/9000 applied=1232 skipped=0 loss=0.7415584921836853 budget=55.3/1800s ETA=348.6s CUDA=51.6MiB
[native-refit] event-hybrid-760930001 updates=1346/9000 applied=1346 skipped=0 loss=0.933488130569458 budget=60.3/1800s ETA=343.1s CUDA=51.6MiB
[native-refit] event-hybrid-760930001 updates=1461/9000 applied=1461 skipped=0 loss=1.133276343345642 budget=65.3/1800s ETA=337.2s CUDA=51.6MiB
[native-refit] event-hybrid-760930001 updates=1571/9000 applied=1571 skipped=0 loss=0.815078616142273 budget=70.4/1800s ETA=332.8s CUDA=51.6MiB
[native-refit] event-hybrid-760930001 updates=1681/9000 applied=1681 skipped=0 loss=0.6504023671150208 budget=75.4/1800s ETA=328.3s CUDA=51.6MiB
[native-refit] event-hybrid-760930001 updates=1791/9000 applied=1791 skipped=0 loss=0.5198684334754944 budget=80.4/1800s ETA=323.8s CUDA=51.6MiB
[native-refit] event-hybrid-760930001 updates=1903/9000 applied=1903 skipped=0 loss=0.6182361841201782 budget=85.4/1800s ETA=318.7s CUDA=51.6MiB
[native-refit] event-hybrid-760930001 updates=2012/9000 applied=2012 skipped=0 loss=0.5246391296386719 budget=90.5/1800s ETA=314.3s CUDA=51.6MiB
[native-refit] event-hybrid-760930001 updates=2127/9000 applied=2127 skipped=0 loss=0.5143417716026306 budget=95.5/1800s ETA=308.6s CUDA=51.6MiB
[native-refit] event-hybrid-760930001 updates=2240/9000 applied=2240 skipped=0 loss=0.42035144567489624 budget=100.5/1800s ETA=303.5s CUDA=51.6MiB
[native-refit] event-hybrid-760930001 updates=2347/9000 applied=2347 skipped=0 loss=0.3920017182826996 budget=105.6/1800s ETA=299.3s CUDA=51.6MiB
[native-refit] event-hybrid-760930001 updates=2456/9000 applied=2456 skipped=0 loss=0.3851463496685028 budget=110.6/1800s ETA=294.7s CUDA=51.6MiB
[native-refit] event-hybrid-760930001 updates=2566/9000 applied=2566 skipped=0 loss=0.5299170017242432 budget=115.6/1800s ETA=289.9s CUDA=51.6MiB
[native-refit] event-hybrid-760930001 updates=2679/9000 applied=2679 skipped=0 loss=0.3324260115623474 budget=120.6/1800s ETA=284.6s CUDA=51.6MiB
[native-refit] event-hybrid-760930001 updates=2789/9000 applied=2789 skipped=0 loss=0.3193477690219879 budget=125.6/1800s ETA=279.8s CUDA=51.6MiB
[native-refit] event-hybrid-760930001 updates=2904/9000 applied=2904 skipped=0 loss=0.39792028069496155 budget=130.6/1800s ETA=274.3s CUDA=51.6MiB
[native-refit] event-hybrid-760930001 updates=3018/9000 applied=3018 skipped=0 loss=0.28271207213401794 budget=135.6/1800s ETA=268.9s CUDA=51.6MiB
[native-refit] event-hybrid-760930001 updates=3131/9000 applied=3131 skipped=0 loss=0.2916117310523987 budget=140.7/1800s ETA=263.7s CUDA=51.6MiB
[native-refit] event-hybrid-760930001 updates=3246/9000 applied=3246 skipped=0 loss=0.27581027150154114 budget=145.7/1800s ETA=258.3s CUDA=51.6MiB
[native-refit] event-hybrid-760930001 updates=3359/9000 applied=3359 skipped=0 loss=0.273293673992157 budget=150.7/1800s ETA=253.1s CUDA=51.6MiB
[native-refit] event-hybrid-760930001 updates=3470/9000 applied=3470 skipped=0 loss=0.31948646903038025 budget=155.7/1800s ETA=248.2s CUDA=51.6MiB
[native-refit] event-hybrid-760930001 updates=3582/9000 applied=3582 skipped=0 loss=0.28614652156829834 budget=160.8/1800s ETA=243.2s CUDA=51.6MiB
[native-refit] event-hybrid-760930001 updates=3695/9000 applied=3695 skipped=0 loss=0.2325345277786255 budget=165.8/1800s ETA=238.0s CUDA=51.6MiB
[native-refit] event-hybrid-760930001 updates=3803/9000 applied=3803 skipped=0 loss=0.23631075024604797 budget=170.8/1800s ETA=233.4s CUDA=51.6MiB
[native-refit] event-hybrid-760930001 updates=3914/9000 applied=3914 skipped=0 loss=0.2255711704492569 budget=175.8/1800s ETA=228.5s CUDA=51.6MiB
[native-refit] event-hybrid-760930001 updates=4022/9000 applied=4022 skipped=0 loss=0.1986573040485382 budget=180.8/1800s ETA=223.8s CUDA=51.6MiB
[native-refit] event-hybrid-760930001 updates=4132/9000 applied=4132 skipped=0 loss=0.6538047790527344 budget=185.9/1800s ETA=219.0s CUDA=51.6MiB
[native-refit] event-hybrid-760930001 updates=4241/9000 applied=4241 skipped=0 loss=0.18359822034835815 budget=190.9/1800s ETA=214.2s CUDA=51.6MiB
[native-refit] event-hybrid-760930001 updates=4354/9000 applied=4354 skipped=0 loss=0.2053525447845459 budget=195.9/1800s ETA=209.1s CUDA=51.6MiB
[native-refit] event-hybrid-760930001 updates=4466/9000 applied=4466 skipped=0 loss=0.2184208184480667 budget=201.0/1800s ETA=204.0s CUDA=51.6MiB
[native-refit] event-hybrid-760930001 updates=4575/9000 applied=4575 skipped=0 loss=0.16186609864234924 budget=206.0/1800s ETA=199.2s CUDA=51.6MiB
[native-refit] event-hybrid-760930001 updates=4683/9000 applied=4683 skipped=0 loss=0.17949983477592468 budget=211.0/1800s ETA=194.5s CUDA=51.6MiB
[native-refit] event-hybrid-760930001 updates=4796/9000 applied=4796 skipped=0 loss=0.18328559398651123 budget=216.0/1800s ETA=189.4s CUDA=51.6MiB
[native-refit] event-hybrid-760930001 updates=4908/9000 applied=4908 skipped=0 loss=0.17711792886257172 budget=221.1/1800s ETA=184.3s CUDA=51.6MiB
[native-refit] event-hybrid-760930001 updates=5025/9000 applied=5025 skipped=0 loss=0.18246307969093323 budget=226.1/1800s ETA=178.9s CUDA=51.6MiB
[native-refit] event-hybrid-760930001 updates=5136/9000 applied=5136 skipped=0 loss=0.19881410896778107 budget=231.1/1800s ETA=173.9s CUDA=51.6MiB
[native-refit] event-hybrid-760930001 updates=5247/9000 applied=5247 skipped=0 loss=0.13880053162574768 budget=236.1/1800s ETA=168.9s CUDA=51.6MiB
[native-refit] event-hybrid-760930001 updates=5354/9000 applied=5354 skipped=0 loss=0.12247854471206665 budget=241.2/1800s ETA=164.2s CUDA=51.6MiB
[native-refit] event-hybrid-760930001 updates=5463/9000 applied=5463 skipped=0 loss=0.11598172038793564 budget=246.2/1800s ETA=159.4s CUDA=51.6MiB
[native-refit] event-hybrid-760930001 updates=5576/9000 applied=5576 skipped=0 loss=0.18311436474323273 budget=251.2/1800s ETA=154.3s CUDA=51.6MiB
[native-refit] event-hybrid-760930001 updates=5689/9000 applied=5689 skipped=0 loss=0.35704612731933594 budget=256.3/1800s ETA=149.2s CUDA=51.6MiB
[native-refit] event-hybrid-760930001 updates=5800/9000 applied=5800 skipped=0 loss=0.14842653274536133 budget=261.3/1800s ETA=144.2s CUDA=51.6MiB
[native-refit] event-hybrid-760930001 updates=5912/9000 applied=5912 skipped=0 loss=0.12172307819128036 budget=266.3/1800s ETA=139.1s CUDA=51.6MiB
[native-refit] event-hybrid-760930001 updates=6021/9000 applied=6021 skipped=0 loss=0.08857634663581848 budget=271.3/1800s ETA=134.2s CUDA=51.6MiB
[native-refit] event-hybrid-760930001 updates=6132/9000 applied=6132 skipped=0 loss=0.14340640604496002 budget=276.3/1800s ETA=129.2s CUDA=51.6MiB
[native-refit] event-hybrid-760930001 updates=6245/9000 applied=6245 skipped=0 loss=0.1089288666844368 budget=281.3/1800s ETA=124.1s CUDA=51.6MiB
[native-refit] event-hybrid-760930001 updates=6354/9000 applied=6354 skipped=0 loss=0.0809304341673851 budget=286.3/1800s ETA=119.2s CUDA=51.6MiB
[native-refit] event-hybrid-760930001 updates=6463/9000 applied=6463 skipped=0 loss=0.38356509804725647 budget=291.4/1800s ETA=114.4s CUDA=51.6MiB
[native-refit] event-hybrid-760930001 updates=6574/9000 applied=6574 skipped=0 loss=0.17485550045967102 budget=296.4/1800s ETA=109.4s CUDA=51.6MiB
[native-refit] event-hybrid-760930001 updates=6685/9000 applied=6685 skipped=0 loss=0.08419395238161087 budget=301.4/1800s ETA=104.4s CUDA=51.6MiB
[native-refit] event-hybrid-760930001 updates=6798/9000 applied=6798 skipped=0 loss=0.07708384841680527 budget=306.5/1800s ETA=99.3s CUDA=51.6MiB
[native-refit] event-hybrid-760930001 updates=6906/9000 applied=6906 skipped=0 loss=0.09012911468744278 budget=311.5/1800s ETA=94.5s CUDA=51.6MiB
[native-refit] event-hybrid-760930001 updates=7019/9000 applied=7019 skipped=0 loss=0.07378754764795303 budget=316.5/1800s ETA=89.3s CUDA=51.6MiB
[native-refit] event-hybrid-760930001 updates=7129/9000 applied=7129 skipped=0 loss=0.14011496305465698 budget=321.5/1800s ETA=84.4s CUDA=51.6MiB
[native-refit] event-hybrid-760930001 updates=7242/9000 applied=7242 skipped=0 loss=0.12306854873895645 budget=326.5/1800s ETA=79.3s CUDA=51.6MiB
[native-refit] event-hybrid-760930001 updates=7353/9000 applied=7353 skipped=0 loss=0.05269532650709152 budget=331.6/1800s ETA=74.3s CUDA=51.6MiB
[native-refit] event-hybrid-760930001 updates=7463/9000 applied=7463 skipped=0 loss=0.10019172728061676 budget=336.6/1800s ETA=69.3s CUDA=51.6MiB
[native-refit] event-hybrid-760930001 updates=7572/9000 applied=7572 skipped=0 loss=0.07495373487472534 budget=341.7/1800s ETA=64.4s CUDA=51.6MiB
[native-refit] event-hybrid-760930001 updates=7684/9000 applied=7684 skipped=0 loss=0.1379569172859192 budget=346.7/1800s ETA=59.4s CUDA=51.6MiB
[native-refit] event-hybrid-760930001 updates=7797/9000 applied=7797 skipped=0 loss=0.07186199724674225 budget=351.8/1800s ETA=54.3s CUDA=51.6MiB
[native-refit] event-hybrid-760930001 updates=7911/9000 applied=7911 skipped=0 loss=0.04921162873506546 budget=356.8/1800s ETA=49.1s CUDA=51.6MiB
[native-refit] event-hybrid-760930001 updates=8021/9000 applied=8021 skipped=0 loss=0.06583411991596222 budget=361.9/1800s ETA=44.2s CUDA=51.6MiB
[native-refit] event-hybrid-760930001 updates=8134/9000 applied=8134 skipped=0 loss=0.09397482126951218 budget=366.9/1800s ETA=39.1s CUDA=51.6MiB
[native-refit] event-hybrid-760930001 updates=8247/9000 applied=8247 skipped=0 loss=0.2703883945941925 budget=371.9/1800s ETA=34.0s CUDA=51.6MiB
[native-refit] event-hybrid-760930001 updates=8359/9000 applied=8359 skipped=0 loss=0.052903059870004654 budget=377.0/1800s ETA=28.9s CUDA=51.6MiB
[native-refit] event-hybrid-760930001 updates=8467/9000 applied=8467 skipped=0 loss=0.04396205022931099 budget=382.0/1800s ETA=24.0s CUDA=51.6MiB
[native-refit] event-hybrid-760930001 updates=8577/9000 applied=8577 skipped=0 loss=0.030684292316436768 budget=387.0/1800s ETA=19.1s CUDA=51.6MiB
[native-refit] event-hybrid-760930001 updates=8690/9000 applied=8690 skipped=0 loss=0.047784335911273956 budget=392.0/1800s ETA=14.0s CUDA=51.6MiB
[native-refit] event-hybrid-760930001 updates=8794/9000 applied=8794 skipped=0 loss=0.04329149052500725 budget=397.0/1800s ETA=9.3s CUDA=51.6MiB
[native-refit] event-hybrid-760930001 updates=8904/9000 applied=8904 skipped=0 loss=0.04546242579817772 budget=402.0/1800s ETA=4.3s CUDA=51.6MiB
[native-refit] event-hybrid-760930001 updates=9000/9000 applied=9000 skipped=0 loss=0.04706956446170807 budget=406.3/1800s ETA=0.0s CUDA=51.6MiB
[native-refit] selector-hybrid-760930001 updates=173/2000 applied=173 skipped=0 loss=1.1498863697052002 budget=5.0/1800s ETA=53.0s CUDA=39.3MiB
[native-refit] selector-hybrid-760930001 updates=353/2000 applied=353 skipped=0 loss=0.9555650949478149 budget=10.0/1800s ETA=46.8s CUDA=39.3MiB
[native-refit] selector-hybrid-760930001 updates=538/2000 applied=538 skipped=0 loss=0.9506860971450806 budget=15.0/1800s ETA=40.9s CUDA=39.3MiB
[native-refit] selector-hybrid-760930001 updates=723/2000 applied=723 skipped=0 loss=0.808871328830719 budget=20.1/1800s ETA=35.4s CUDA=39.3MiB
[native-refit] selector-hybrid-760930001 updates=898/2000 applied=898 skipped=0 loss=0.7050392627716064 budget=25.1/1800s ETA=30.8s CUDA=39.3MiB
[native-refit] selector-hybrid-760930001 updates=1069/2000 applied=1069 skipped=0 loss=0.5773327350616455 budget=30.1/1800s ETA=26.2s CUDA=39.3MiB
[native-refit] selector-hybrid-760930001 updates=1250/2000 applied=1250 skipped=0 loss=0.6070214509963989 budget=35.1/1800s ETA=21.1s CUDA=39.3MiB
[native-refit] selector-hybrid-760930001 updates=1425/2000 applied=1425 skipped=0 loss=0.5224379301071167 budget=40.1/1800s ETA=16.2s CUDA=39.3MiB
[native-refit] selector-hybrid-760930001 updates=1604/2000 applied=1604 skipped=0 loss=0.45398271083831787 budget=45.1/1800s ETA=11.1s CUDA=39.3MiB
[native-refit] selector-hybrid-760930001 updates=1789/2000 applied=1789 skipped=0 loss=0.3752205967903137 budget=50.1/1800s ETA=5.9s CUDA=39.3MiB
[native-refit] selector-hybrid-760930001 updates=1972/2000 applied=1972 skipped=0 loss=0.38118869066238403 budget=55.1/1800s ETA=0.8s CUDA=39.3MiB
[native-refit] selector-hybrid-760930001 updates=2000/2000 applied=2000 skipped=0 loss=0.31342077255249023 budget=56.0/1800s ETA=0.0s CUDA=39.3MiB
[native-refit] event-pure-760930001 updates=108/9000 applied=108 skipped=0 loss=1.5813698768615723 budget=5.0/1800s ETA=413.7s CUDA=44.6MiB
[native-refit] event-pure-760930001 updates=219/9000 applied=219 skipped=0 loss=1.2798454761505127 budget=10.0/1800s ETA=402.6s CUDA=44.6MiB
[native-refit] event-pure-760930001 updates=329/9000 applied=329 skipped=0 loss=0.9946873784065247 budget=15.0/1800s ETA=396.9s CUDA=44.6MiB
[native-refit] event-pure-760930001 updates=432/9000 applied=432 skipped=0 loss=0.8499558568000793 budget=20.1/1800s ETA=398.6s CUDA=44.6MiB
[native-refit] event-pure-760930001 updates=543/9000 applied=543 skipped=0 loss=0.8074234127998352 budget=25.1/1800s ETA=391.1s CUDA=44.6MiB
[native-refit] event-pure-760930001 updates=655/9000 applied=655 skipped=0 loss=0.7204391360282898 budget=30.1/1800s ETA=383.7s CUDA=44.6MiB
[native-refit] event-pure-760930001 updates=769/9000 applied=769 skipped=0 loss=0.6920773386955261 budget=35.1/1800s ETA=376.3s CUDA=44.6MiB
[native-refit] event-pure-760930001 updates=879/9000 applied=879 skipped=0 loss=0.6048808097839355 budget=40.2/1800s ETA=371.2s CUDA=44.6MiB
[native-refit] event-pure-760930001 updates=988/9000 applied=988 skipped=0 loss=0.5893570184707642 budget=45.2/1800s ETA=366.7s CUDA=44.6MiB
[native-refit] event-pure-760930001 updates=1097/9000 applied=1097 skipped=0 loss=0.5481279492378235 budget=50.2/1800s ETA=361.9s CUDA=44.6MiB
[native-refit] event-pure-760930001 updates=1204/9000 applied=1204 skipped=0 loss=0.5361757874488831 budget=55.2/1800s ETA=357.8s CUDA=44.6MiB
[native-refit] event-pure-760930001 updates=1316/9000 applied=1316 skipped=0 loss=0.4764752984046936 budget=60.3/1800s ETA=352.0s CUDA=44.6MiB
[native-refit] event-pure-760930001 updates=1428/9000 applied=1428 skipped=0 loss=0.4650590121746063 budget=65.3/1800s ETA=346.3s CUDA=44.6MiB
[native-refit] event-pure-760930001 updates=1535/9000 applied=1535 skipped=0 loss=0.44234076142311096 budget=70.3/1800s ETA=342.1s CUDA=44.6MiB
[native-refit] event-pure-760930001 updates=1648/9000 applied=1648 skipped=0 loss=0.4103632867336273 budget=75.4/1800s ETA=336.3s CUDA=44.6MiB
[native-refit] event-pure-760930001 updates=1755/9000 applied=1755 skipped=0 loss=0.38339173793792725 budget=80.4/1800s ETA=331.9s CUDA=44.6MiB
[native-refit] event-pure-760930001 updates=1869/9000 applied=1869 skipped=0 loss=0.3679283857345581 budget=85.4/1800s ETA=326.0s CUDA=44.6MiB
[native-refit] event-pure-760930001 updates=1978/9000 applied=1978 skipped=0 loss=0.3669845461845398 budget=90.4/1800s ETA=321.1s CUDA=44.6MiB
[native-refit] event-pure-760930001 updates=2090/9000 applied=2090 skipped=0 loss=0.334865003824234 budget=95.4/1800s ETA=315.6s CUDA=44.6MiB
[native-refit] event-pure-760930001 updates=2196/9000 applied=2196 skipped=0 loss=0.44904088973999023 budget=100.5/1800s ETA=311.3s CUDA=44.6MiB
[native-refit] event-pure-760930001 updates=2303/9000 applied=2303 skipped=0 loss=0.3166353106498718 budget=105.5/1800s ETA=306.8s CUDA=44.6MiB
[native-refit] event-pure-760930001 updates=2413/9000 applied=2413 skipped=0 loss=0.33137190341949463 budget=110.5/1800s ETA=301.7s CUDA=44.6MiB
[native-refit] event-pure-760930001 updates=2519/9000 applied=2519 skipped=0 loss=0.2802821397781372 budget=115.5/1800s ETA=297.3s CUDA=44.6MiB
[native-refit] event-pure-760930001 updates=2631/9000 applied=2631 skipped=0 loss=0.3185594081878662 budget=120.5/1800s ETA=291.8s CUDA=44.6MiB
[native-refit] event-pure-760930001 updates=2739/9000 applied=2739 skipped=0 loss=0.2594553232192993 budget=125.5/1800s ETA=287.0s CUDA=44.6MiB
[native-refit] event-pure-760930001 updates=2853/9000 applied=2853 skipped=0 loss=0.27471038699150085 budget=130.5/1800s ETA=281.3s CUDA=44.6MiB
[native-refit] event-pure-760930001 updates=2963/9000 applied=2963 skipped=0 loss=0.2430165559053421 budget=135.6/1800s ETA=276.2s CUDA=44.6MiB
[native-refit] event-pure-760930001 updates=3072/9000 applied=3072 skipped=0 loss=0.24972832202911377 budget=140.6/1800s ETA=271.3s CUDA=44.6MiB
[native-refit] event-pure-760930001 updates=3186/9000 applied=3186 skipped=0 loss=0.21630069613456726 budget=145.6/1800s ETA=265.7s CUDA=44.6MiB
[native-refit] event-pure-760930001 updates=3303/9000 applied=3303 skipped=0 loss=0.31404465436935425 budget=150.6/1800s ETA=259.8s CUDA=44.6MiB
[native-refit] event-pure-760930001 updates=3411/9000 applied=3411 skipped=0 loss=0.20858873426914215 budget=155.6/1800s ETA=255.0s CUDA=44.6MiB
[native-refit] event-pure-760930001 updates=3526/9000 applied=3526 skipped=0 loss=0.30693820118904114 budget=160.7/1800s ETA=249.4s CUDA=44.6MiB
[native-refit] event-pure-760930001 updates=3639/9000 applied=3639 skipped=0 loss=0.20165884494781494 budget=165.7/1800s ETA=244.1s CUDA=44.6MiB
[native-refit] event-pure-760930001 updates=3753/9000 applied=3753 skipped=0 loss=0.20242594182491302 budget=170.7/1800s ETA=238.7s CUDA=44.6MiB
[native-refit] event-pure-760930001 updates=3864/9000 applied=3864 skipped=0 loss=0.18002727627754211 budget=175.7/1800s ETA=233.6s CUDA=44.6MiB
[native-refit] event-pure-760930001 updates=3975/9000 applied=3975 skipped=0 loss=0.16635815799236298 budget=180.8/1800s ETA=228.5s CUDA=44.6MiB
[native-refit] event-pure-760930001 updates=4085/9000 applied=4085 skipped=0 loss=0.16727441549301147 budget=185.8/1800s ETA=223.5s CUDA=44.6MiB
[native-refit] event-pure-760930001 updates=4195/9000 applied=4195 skipped=0 loss=0.1829095482826233 budget=190.8/1800s ETA=218.5s CUDA=44.6MiB
[native-refit] event-pure-760930001 updates=4303/9000 applied=4303 skipped=0 loss=0.2281528264284134 budget=195.8/1800s ETA=213.7s CUDA=44.6MiB
[native-refit] event-pure-760930001 updates=4409/9000 applied=4409 skipped=0 loss=0.1565672606229782 budget=200.8/1800s ETA=209.1s CUDA=44.6MiB
[native-refit] event-pure-760930001 updates=4520/9000 applied=4520 skipped=0 loss=0.15009348094463348 budget=205.8/1800s ETA=204.0s CUDA=44.6MiB
[native-refit] event-pure-760930001 updates=4631/9000 applied=4631 skipped=0 loss=0.14908316731452942 budget=210.8/1800s ETA=198.9s CUDA=44.6MiB
[native-refit] event-pure-760930001 updates=4743/9000 applied=4743 skipped=0 loss=0.13705214858055115 budget=215.9/1800s ETA=193.8s CUDA=44.6MiB
[native-refit] event-pure-760930001 updates=4846/9000 applied=4846 skipped=0 loss=0.19447869062423706 budget=220.9/1800s ETA=189.3s CUDA=44.6MiB
[native-refit] event-pure-760930001 updates=4958/9000 applied=4958 skipped=0 loss=0.16688722372055054 budget=225.9/1800s ETA=184.2s CUDA=44.6MiB
[native-refit] event-pure-760930001 updates=5069/9000 applied=5069 skipped=0 loss=0.15028567612171173 budget=230.9/1800s ETA=179.1s CUDA=44.6MiB
[native-refit] event-pure-760930001 updates=5180/9000 applied=5180 skipped=0 loss=0.12873181700706482 budget=235.9/1800s ETA=174.0s CUDA=44.6MiB
[native-refit] event-pure-760930001 updates=5297/9000 applied=5297 skipped=0 loss=0.1306530237197876 budget=241.0/1800s ETA=168.5s CUDA=44.6MiB
[native-refit] event-pure-760930001 updates=5407/9000 applied=5407 skipped=0 loss=0.1381906270980835 budget=246.0/1800s ETA=163.5s CUDA=44.6MiB
[native-refit] event-pure-760930001 updates=5517/9000 applied=5517 skipped=0 loss=0.119061678647995 budget=251.0/1800s ETA=158.5s CUDA=44.6MiB
[native-refit] event-pure-760930001 updates=5629/9000 applied=5629 skipped=0 loss=0.12156733870506287 budget=256.0/1800s ETA=153.3s CUDA=44.6MiB
[native-refit] event-pure-760930001 updates=5745/9000 applied=5745 skipped=0 loss=0.21250057220458984 budget=261.1/1800s ETA=147.9s CUDA=44.6MiB
[native-refit] event-pure-760930001 updates=5856/9000 applied=5856 skipped=0 loss=0.10207056254148483 budget=266.1/1800s ETA=142.9s CUDA=44.6MiB
[native-refit] event-pure-760930001 updates=5963/9000 applied=5963 skipped=0 loss=0.11275690048933029 budget=271.2/1800s ETA=138.1s CUDA=44.6MiB
[native-refit] event-pure-760930001 updates=6072/9000 applied=6072 skipped=0 loss=0.09086604416370392 budget=276.2/1800s ETA=133.2s CUDA=44.6MiB
[native-refit] event-pure-760930001 updates=6181/9000 applied=6181 skipped=0 loss=0.11080759763717651 budget=281.2/1800s ETA=128.3s CUDA=44.6MiB
[native-refit] event-pure-760930001 updates=6292/9000 applied=6292 skipped=0 loss=0.10733470320701599 budget=286.3/1800s ETA=123.2s CUDA=44.6MiB
[native-refit] event-pure-760930001 updates=6407/9000 applied=6407 skipped=0 loss=0.09075833857059479 budget=291.3/1800s ETA=117.9s CUDA=44.6MiB
[native-refit] event-pure-760930001 updates=6517/9000 applied=6517 skipped=0 loss=0.10680623352527618 budget=296.3/1800s ETA=112.9s CUDA=44.6MiB
[native-refit] event-pure-760930001 updates=6626/9000 applied=6626 skipped=0 loss=0.08653195947408676 budget=301.3/1800s ETA=108.0s CUDA=44.6MiB
[native-refit] event-pure-760930001 updates=6738/9000 applied=6738 skipped=0 loss=0.21477030217647552 budget=306.4/1800s ETA=102.9s CUDA=44.6MiB
[native-refit] event-pure-760930001 updates=6845/9000 applied=6845 skipped=0 loss=0.08433309197425842 budget=311.4/1800s ETA=98.0s CUDA=44.6MiB
[native-refit] event-pure-760930001 updates=6960/9000 applied=6960 skipped=0 loss=0.07776781171560287 budget=316.4/1800s ETA=92.7s CUDA=44.6MiB
[native-refit] event-pure-760930001 updates=7076/9000 applied=7076 skipped=0 loss=0.0727003961801529 budget=321.4/1800s ETA=87.4s CUDA=44.6MiB
[native-refit] event-pure-760930001 updates=7185/9000 applied=7185 skipped=0 loss=0.06864415109157562 budget=326.4/1800s ETA=82.5s CUDA=44.6MiB
[native-refit] event-pure-760930001 updates=7296/9000 applied=7296 skipped=0 loss=0.09090626984834671 budget=331.5/1800s ETA=77.4s CUDA=44.6MiB
[native-refit] event-pure-760930001 updates=7407/9000 applied=7407 skipped=0 loss=0.06518574804067612 budget=336.5/1800s ETA=72.4s CUDA=44.6MiB
[native-refit] event-pure-760930001 updates=7515/9000 applied=7515 skipped=0 loss=0.08164653182029724 budget=341.5/1800s ETA=67.5s CUDA=44.6MiB
[native-refit] event-pure-760930001 updates=7633/9000 applied=7633 skipped=0 loss=0.09084313362836838 budget=346.5/1800s ETA=62.1s CUDA=44.6MiB
[native-refit] event-pure-760930001 updates=7745/9000 applied=7745 skipped=0 loss=0.07283461093902588 budget=351.5/1800s ETA=57.0s CUDA=44.6MiB
[native-refit] event-pure-760930001 updates=7851/9000 applied=7851 skipped=0 loss=0.0483291819691658 budget=356.6/1800s ETA=52.2s CUDA=44.6MiB
[native-refit] event-pure-760930001 updates=7961/9000 applied=7961 skipped=0 loss=0.0508527047932148 budget=361.6/1800s ETA=47.2s CUDA=44.6MiB
[native-refit] event-pure-760930001 updates=8072/9000 applied=8072 skipped=0 loss=0.053718019276857376 budget=366.6/1800s ETA=42.1s CUDA=44.6MiB
[native-refit] event-pure-760930001 updates=8181/9000 applied=8181 skipped=0 loss=0.04524490609765053 budget=371.6/1800s ETA=37.2s CUDA=44.6MiB
[native-refit] event-pure-760930001 updates=8293/9000 applied=8293 skipped=0 loss=0.056498438119888306 budget=376.6/1800s ETA=32.1s CUDA=44.6MiB
[native-refit] event-pure-760930001 updates=8406/9000 applied=8406 skipped=0 loss=0.04718513414263725 budget=381.6/1800s ETA=27.0s CUDA=44.6MiB
[native-refit] event-pure-760930001 updates=8519/9000 applied=8519 skipped=0 loss=0.058358993381261826 budget=386.7/1800s ETA=21.8s CUDA=44.6MiB
[native-refit] event-pure-760930001 updates=8633/9000 applied=8633 skipped=0 loss=0.03819556161761284 budget=391.7/1800s ETA=16.7s CUDA=44.6MiB
[native-refit] event-pure-760930001 updates=8745/9000 applied=8745 skipped=0 loss=0.03737299144268036 budget=396.7/1800s ETA=11.6s CUDA=44.6MiB
[native-refit] event-pure-760930001 updates=8855/9000 applied=8855 skipped=0 loss=0.06792079657316208 budget=401.7/1800s ETA=6.6s CUDA=44.6MiB
[native-refit] event-pure-760930001 updates=8961/9000 applied=8961 skipped=0 loss=0.033681951463222504 budget=406.8/1800s ETA=1.8s CUDA=44.6MiB
[native-refit] event-pure-760930001 updates=9000/9000 applied=9000 skipped=0 loss=0.057025715708732605 budget=408.5/1800s ETA=0.0s CUDA=44.6MiB
[native-refit] selector-pure-760930001 updates=179/2000 applied=179 skipped=0 loss=0.3864157795906067 budget=5.0/1800s ETA=50.9s CUDA=29.0MiB
[native-refit] selector-pure-760930001 updates=356/2000 applied=356 skipped=0 loss=0.32835403084754944 budget=10.0/1800s ETA=46.3s CUDA=29.0MiB
[native-refit] selector-pure-760930001 updates=534/2000 applied=534 skipped=0 loss=0.19096723198890686 budget=15.0/1800s ETA=41.3s CUDA=29.0MiB
[native-refit] selector-pure-760930001 updates=719/2000 applied=719 skipped=0 loss=0.19330188632011414 budget=20.1/1800s ETA=35.8s CUDA=29.0MiB
[native-refit] selector-pure-760930001 updates=903/2000 applied=903 skipped=0 loss=0.1625436246395111 budget=25.1/1800s ETA=30.5s CUDA=29.0MiB
[native-refit] selector-pure-760930001 updates=1081/2000 applied=1081 skipped=0 loss=0.1441502869129181 budget=30.1/1800s ETA=25.6s CUDA=29.0MiB
[native-refit] selector-pure-760930001 updates=1262/2000 applied=1262 skipped=0 loss=0.16193360090255737 budget=35.1/1800s ETA=20.5s CUDA=29.0MiB
[native-refit] selector-pure-760930001 updates=1446/2000 applied=1446 skipped=0 loss=0.313993901014328 budget=40.1/1800s ETA=15.4s CUDA=29.0MiB
[native-refit] selector-pure-760930001 updates=1633/2000 applied=1633 skipped=0 loss=0.07858841866254807 budget=45.1/1800s ETA=10.1s CUDA=29.0MiB
[native-refit] selector-pure-760930001 updates=1814/2000 applied=1814 skipped=0 loss=0.13349062204360962 budget=50.1/1800s ETA=5.1s CUDA=29.0MiB
[native-refit] selector-pure-760930001 updates=2000/2000 applied=2000 skipped=0 loss=0.1542370617389679 budget=55.1/1800s ETA=0.0s CUDA=29.0MiB
[native-refit] event-hybrid-760930002 updates=113/9000 applied=113 skipped=0 loss=1.6669983863830566 budget=5.0/1800s ETA=395.8s CUDA=55.6MiB
[native-refit] event-hybrid-760930002 updates=228/9000 applied=228 skipped=0 loss=1.5088402032852173 budget=10.0/1800s ETA=387.3s CUDA=55.6MiB
[native-refit] event-hybrid-760930002 updates=336/9000 applied=336 skipped=0 loss=1.3049408197402954 budget=15.1/1800s ETA=388.7s CUDA=55.6MiB
[native-refit] event-hybrid-760930002 updates=447/9000 applied=447 skipped=0 loss=1.069629192352295 budget=20.1/1800s ETA=384.8s CUDA=55.6MiB
[native-refit] event-hybrid-760930002 updates=562/9000 applied=562 skipped=0 loss=1.0114203691482544 budget=25.1/1800s ETA=377.2s CUDA=55.6MiB
[native-refit] event-hybrid-760930002 updates=669/9000 applied=669 skipped=0 loss=0.8410980701446533 budget=30.1/1800s ETA=375.3s CUDA=55.6MiB
[native-refit] event-hybrid-760930002 updates=780/9000 applied=780 skipped=0 loss=0.8716099262237549 budget=35.1/1800s ETA=370.4s CUDA=55.6MiB
[native-refit] event-hybrid-760930002 updates=896/9000 applied=896 skipped=0 loss=0.7924712896347046 budget=40.2/1800s ETA=363.5s CUDA=55.6MiB
[native-refit] event-hybrid-760930002 updates=1008/9000 applied=1008 skipped=0 loss=0.6632837057113647 budget=45.2/1800s ETA=358.4s CUDA=55.6MiB
[native-refit] event-hybrid-760930002 updates=1114/9000 applied=1114 skipped=0 loss=0.596669614315033 budget=50.2/1800s ETA=355.5s CUDA=55.6MiB
[native-refit] event-hybrid-760930002 updates=1228/9000 applied=1228 skipped=0 loss=0.7155470848083496 budget=55.2/1800s ETA=349.7s CUDA=55.6MiB
[native-refit] event-hybrid-760930002 updates=1331/9000 applied=1331 skipped=0 loss=0.5408024787902832 budget=60.3/1800s ETA=347.3s CUDA=55.6MiB
[native-refit] event-hybrid-760930002 updates=1445/9000 applied=1445 skipped=0 loss=0.6804587244987488 budget=65.3/1800s ETA=341.5s CUDA=55.6MiB
[native-refit] event-hybrid-760930002 updates=1560/9000 applied=1560 skipped=0 loss=0.5366559028625488 budget=70.3/1800s ETA=335.5s CUDA=55.6MiB
[native-refit] event-hybrid-760930002 updates=1677/9000 applied=1677 skipped=0 loss=0.5001837611198425 budget=75.3/1800s ETA=329.0s CUDA=55.6MiB
[native-refit] event-hybrid-760930002 updates=1787/9000 applied=1787 skipped=0 loss=0.4469679594039917 budget=80.4/1800s ETA=324.3s CUDA=55.6MiB
[native-refit] event-hybrid-760930002 updates=1895/9000 applied=1895 skipped=0 loss=1.135799527168274 budget=85.4/1800s ETA=320.1s CUDA=55.6MiB
[native-refit] event-hybrid-760930002 updates=2002/9000 applied=2002 skipped=0 loss=0.553321897983551 budget=90.4/1800s ETA=316.0s CUDA=55.6MiB
[native-refit] event-hybrid-760930002 updates=2107/9000 applied=2107 skipped=0 loss=0.4289882183074951 budget=95.4/1800s ETA=312.1s CUDA=55.6MiB
[native-refit] event-hybrid-760930002 updates=2219/9000 applied=2219 skipped=0 loss=0.4922657608985901 budget=100.4/1800s ETA=306.9s CUDA=55.6MiB
[native-refit] event-hybrid-760930002 updates=2328/9000 applied=2328 skipped=0 loss=0.3391508162021637 budget=105.4/1800s ETA=302.2s CUDA=55.6MiB
[native-refit] event-hybrid-760930002 updates=2435/9000 applied=2435 skipped=0 loss=0.37115469574928284 budget=110.5/1800s ETA=297.9s CUDA=55.6MiB
[native-refit] event-hybrid-760930002 updates=2544/9000 applied=2544 skipped=0 loss=0.358084112405777 budget=115.5/1800s ETA=293.1s CUDA=55.6MiB
[native-refit] event-hybrid-760930002 updates=2654/9000 applied=2654 skipped=0 loss=0.3999567925930023 budget=120.5/1800s ETA=288.2s CUDA=55.6MiB
[native-refit] event-hybrid-760930002 updates=2766/9000 applied=2766 skipped=0 loss=0.38583025336265564 budget=125.6/1800s ETA=283.1s CUDA=55.6MiB
[native-refit] event-hybrid-760930002 updates=2877/9000 applied=2877 skipped=0 loss=0.37584030628204346 budget=130.6/1800s ETA=278.0s CUDA=55.6MiB
[native-refit] event-hybrid-760930002 updates=2990/9000 applied=2990 skipped=0 loss=0.4883328080177307 budget=135.6/1800s ETA=272.7s CUDA=55.6MiB
[native-refit] event-hybrid-760930002 updates=3101/9000 applied=3101 skipped=0 loss=0.27908188104629517 budget=140.6/1800s ETA=267.6s CUDA=55.6MiB
[native-refit] event-hybrid-760930002 updates=3207/9000 applied=3207 skipped=0 loss=0.2671070098876953 budget=145.7/1800s ETA=263.2s CUDA=55.6MiB
[native-refit] event-hybrid-760930002 updates=3317/9000 applied=3317 skipped=0 loss=0.2772084176540375 budget=150.8/1800s ETA=258.3s CUDA=55.6MiB
[native-refit] event-hybrid-760930002 updates=3427/9000 applied=3427 skipped=0 loss=0.27771174907684326 budget=155.8/1800s ETA=253.4s CUDA=55.6MiB
[native-refit] event-hybrid-760930002 updates=3541/9000 applied=3541 skipped=0 loss=0.29331129789352417 budget=160.8/1800s ETA=248.0s CUDA=55.6MiB
[native-refit] event-hybrid-760930002 updates=3658/9000 applied=3658 skipped=0 loss=0.25395846366882324 budget=165.8/1800s ETA=242.2s CUDA=55.6MiB
[native-refit] event-hybrid-760930002 updates=3769/9000 applied=3769 skipped=0 loss=0.24139799177646637 budget=170.8/1800s ETA=237.1s CUDA=55.6MiB
[native-refit] event-hybrid-760930002 updates=3882/9000 applied=3882 skipped=0 loss=0.18352016806602478 budget=175.9/1800s ETA=231.9s CUDA=55.6MiB
[native-refit] event-hybrid-760930002 updates=3998/9000 applied=3998 skipped=0 loss=0.5397555232048035 budget=180.9/1800s ETA=226.4s CUDA=55.6MiB
[native-refit] event-hybrid-760930002 updates=4112/9000 applied=4112 skipped=0 loss=0.22112737596035004 budget=186.0/1800s ETA=221.1s CUDA=55.6MiB
[native-refit] event-hybrid-760930002 updates=4223/9000 applied=4223 skipped=0 loss=0.2750125825405121 budget=191.0/1800s ETA=216.1s CUDA=55.6MiB
[native-refit] event-hybrid-760930002 updates=4337/9000 applied=4337 skipped=0 loss=0.15797977149486542 budget=196.0/1800s ETA=210.8s CUDA=55.6MiB
[native-refit] event-hybrid-760930002 updates=4452/9000 applied=4452 skipped=0 loss=0.15897051990032196 budget=201.0/1800s ETA=205.4s CUDA=55.6MiB
[native-refit] event-hybrid-760930002 updates=4562/9000 applied=4562 skipped=0 loss=0.1448349952697754 budget=206.1/1800s ETA=200.5s CUDA=55.6MiB
[native-refit] event-hybrid-760930002 updates=4671/9000 applied=4671 skipped=0 loss=0.14544828236103058 budget=211.1/1800s ETA=195.6s CUDA=55.6MiB
[native-refit] event-hybrid-760930002 updates=4784/9000 applied=4784 skipped=0 loss=0.16401337087154388 budget=216.1/1800s ETA=190.4s CUDA=55.6MiB
[native-refit] event-hybrid-760930002 updates=4895/9000 applied=4895 skipped=0 loss=0.12838707864284515 budget=221.1/1800s ETA=185.5s CUDA=55.6MiB
[native-refit] event-hybrid-760930002 updates=5001/9000 applied=5001 skipped=0 loss=0.14599420130252838 budget=226.2/1800s ETA=180.9s CUDA=55.6MiB
[native-refit] event-hybrid-760930002 updates=5110/9000 applied=5110 skipped=0 loss=0.15295056998729706 budget=231.2/1800s ETA=176.0s CUDA=55.6MiB
[native-refit] event-hybrid-760930002 updates=5221/9000 applied=5221 skipped=0 loss=0.1595250964164734 budget=236.2/1800s ETA=171.0s CUDA=55.6MiB
[native-refit] event-hybrid-760930002 updates=5331/9000 applied=5331 skipped=0 loss=0.1256195455789566 budget=241.2/1800s ETA=166.0s CUDA=55.6MiB
[native-refit] event-hybrid-760930002 updates=5443/9000 applied=5443 skipped=0 loss=0.11086396872997284 budget=246.3/1800s ETA=160.9s CUDA=55.6MiB
[native-refit] event-hybrid-760930002 updates=5556/9000 applied=5556 skipped=0 loss=0.11047326028347015 budget=251.3/1800s ETA=155.8s CUDA=55.6MiB
[native-refit] event-hybrid-760930002 updates=5664/9000 applied=5664 skipped=0 loss=0.15279893577098846 budget=256.3/1800s ETA=151.0s CUDA=55.6MiB
[native-refit] event-hybrid-760930002 updates=5772/9000 applied=5772 skipped=0 loss=0.1285671889781952 budget=261.3/1800s ETA=146.1s CUDA=55.6MiB
[native-refit] event-hybrid-760930002 updates=5882/9000 applied=5882 skipped=0 loss=0.15780042111873627 budget=266.4/1800s ETA=141.2s CUDA=55.6MiB
[native-refit] event-hybrid-760930002 updates=5993/9000 applied=5993 skipped=0 loss=0.08273147791624069 budget=271.4/1800s ETA=136.2s CUDA=55.6MiB
[native-refit] event-hybrid-760930002 updates=6108/9000 applied=6108 skipped=0 loss=0.14744219183921814 budget=276.4/1800s ETA=130.9s CUDA=55.6MiB
[native-refit] event-hybrid-760930002 updates=6219/9000 applied=6219 skipped=0 loss=0.0841725543141365 budget=281.5/1800s ETA=125.9s CUDA=55.6MiB
[native-refit] event-hybrid-760930002 updates=6331/9000 applied=6331 skipped=0 loss=0.08927801251411438 budget=286.5/1800s ETA=120.8s CUDA=55.6MiB
[native-refit] event-hybrid-760930002 updates=6443/9000 applied=6443 skipped=0 loss=0.0678725615143776 budget=291.5/1800s ETA=115.7s CUDA=55.6MiB
[native-refit] event-hybrid-760930002 updates=6551/9000 applied=6551 skipped=0 loss=0.07288171350955963 budget=296.5/1800s ETA=110.8s CUDA=55.6MiB
[native-refit] event-hybrid-760930002 updates=6665/9000 applied=6665 skipped=0 loss=0.2059374898672104 budget=301.6/1800s ETA=105.6s CUDA=55.6MiB
[native-refit] event-hybrid-760930002 updates=6774/9000 applied=6774 skipped=0 loss=0.15689145028591156 budget=306.6/1800s ETA=100.7s CUDA=55.6MiB
[native-refit] event-hybrid-760930002 updates=6887/9000 applied=6887 skipped=0 loss=0.10176891833543777 budget=311.6/1800s ETA=95.6s CUDA=55.6MiB
[native-refit] event-hybrid-760930002 updates=6999/9000 applied=6999 skipped=0 loss=0.12124859541654587 budget=316.6/1800s ETA=90.5s CUDA=55.6MiB
[native-refit] event-hybrid-760930002 updates=7110/9000 applied=7110 skipped=0 loss=0.06679414957761765 budget=321.7/1800s ETA=85.5s CUDA=55.6MiB
[native-refit] event-hybrid-760930002 updates=7222/9000 applied=7222 skipped=0 loss=0.1422993391752243 budget=326.7/1800s ETA=80.4s CUDA=55.6MiB
[native-refit] event-hybrid-760930002 updates=7332/9000 applied=7332 skipped=0 loss=0.12315218895673752 budget=331.7/1800s ETA=75.5s CUDA=55.6MiB
[native-refit] event-hybrid-760930002 updates=7442/9000 applied=7442 skipped=0 loss=0.14477381110191345 budget=336.7/1800s ETA=70.5s CUDA=55.6MiB
[native-refit] event-hybrid-760930002 updates=7548/9000 applied=7548 skipped=0 loss=0.10002633929252625 budget=341.8/1800s ETA=65.7s CUDA=55.6MiB
[native-refit] event-hybrid-760930002 updates=7661/9000 applied=7661 skipped=0 loss=0.14557130634784698 budget=346.8/1800s ETA=60.6s CUDA=55.6MiB
[native-refit] event-hybrid-760930002 updates=7773/9000 applied=7773 skipped=0 loss=0.07656773924827576 budget=351.8/1800s ETA=55.5s CUDA=55.6MiB
[native-refit] event-hybrid-760930002 updates=7885/9000 applied=7885 skipped=0 loss=0.12399284541606903 budget=356.8/1800s ETA=50.5s CUDA=55.6MiB
[native-refit] event-hybrid-760930002 updates=7998/9000 applied=7998 skipped=0 loss=0.10927584767341614 budget=361.8/1800s ETA=45.3s CUDA=55.6MiB
[native-refit] event-hybrid-760930002 updates=8110/9000 applied=8110 skipped=0 loss=0.153082013130188 budget=366.9/1800s ETA=40.3s CUDA=55.6MiB
[native-refit] event-hybrid-760930002 updates=8222/9000 applied=8222 skipped=0 loss=0.05715564638376236 budget=371.9/1800s ETA=35.2s CUDA=55.6MiB
[native-refit] event-hybrid-760930002 updates=8336/9000 applied=8336 skipped=0 loss=0.043918218463659286 budget=376.9/1800s ETA=30.0s CUDA=55.6MiB
[native-refit] event-hybrid-760930002 updates=8449/9000 applied=8449 skipped=0 loss=0.04073551297187805 budget=382.0/1800s ETA=24.9s CUDA=55.6MiB
[native-refit] event-hybrid-760930002 updates=8558/9000 applied=8558 skipped=0 loss=0.04548186808824539 budget=387.0/1800s ETA=20.0s CUDA=55.6MiB
[native-refit] event-hybrid-760930002 updates=8670/9000 applied=8670 skipped=0 loss=0.048002731055021286 budget=392.0/1800s ETA=14.9s CUDA=55.6MiB
[native-refit] event-hybrid-760930002 updates=8785/9000 applied=8785 skipped=0 loss=0.039272334426641464 budget=397.0/1800s ETA=9.7s CUDA=55.6MiB
[native-refit] event-hybrid-760930002 updates=8896/9000 applied=8896 skipped=0 loss=0.11728252470493317 budget=402.0/1800s ETA=4.7s CUDA=55.6MiB
[native-refit] event-hybrid-760930002 updates=9000/9000 applied=9000 skipped=0 loss=0.04472358152270317 budget=406.8/1800s ETA=0.0s CUDA=55.6MiB
[native-refit] selector-hybrid-760930002 updates=180/2000 applied=180 skipped=0 loss=0.8408302664756775 budget=5.0/1800s ETA=50.7s CUDA=39.3MiB
[native-refit] selector-hybrid-760930002 updates=359/2000 applied=359 skipped=0 loss=0.6338920593261719 budget=10.0/1800s ETA=45.9s CUDA=39.3MiB
[native-refit] selector-hybrid-760930002 updates=541/2000 applied=541 skipped=0 loss=0.5195764899253845 budget=15.1/1800s ETA=40.6s CUDA=39.3MiB
[native-refit] selector-hybrid-760930002 updates=720/2000 applied=720 skipped=0 loss=0.36752867698669434 budget=20.1/1800s ETA=35.7s CUDA=39.3MiB
[native-refit] selector-hybrid-760930002 updates=907/2000 applied=907 skipped=0 loss=0.5257447361946106 budget=25.1/1800s ETA=30.2s CUDA=39.3MiB
[native-refit] selector-hybrid-760930002 updates=1084/2000 applied=1084 skipped=0 loss=0.32077544927597046 budget=30.1/1800s ETA=25.5s CUDA=39.3MiB
[native-refit] selector-hybrid-760930002 updates=1268/2000 applied=1268 skipped=0 loss=0.3964976966381073 budget=35.1/1800s ETA=20.3s CUDA=39.3MiB
[native-refit] selector-hybrid-760930002 updates=1449/2000 applied=1449 skipped=0 loss=0.4062196612358093 budget=40.1/1800s ETA=15.3s CUDA=39.3MiB
[native-refit] selector-hybrid-760930002 updates=1622/2000 applied=1622 skipped=0 loss=0.44133180379867554 budget=45.1/1800s ETA=10.5s CUDA=39.3MiB
[native-refit] selector-hybrid-760930002 updates=1807/2000 applied=1807 skipped=0 loss=0.282055526971817 budget=50.1/1800s ETA=5.4s CUDA=39.3MiB
[native-refit] selector-hybrid-760930002 updates=1993/2000 applied=1993 skipped=0 loss=0.4913317859172821 budget=55.1/1800s ETA=0.2s CUDA=39.3MiB
[native-refit] selector-hybrid-760930002 updates=2000/2000 applied=2000 skipped=0 loss=0.30553293228149414 budget=55.3/1800s ETA=0.0s CUDA=39.3MiB
[native-refit] event-pure-760930002 updates=107/9000 applied=107 skipped=0 loss=1.5873500108718872 budget=5.0/1800s ETA=416.7s CUDA=46.1MiB
[native-refit] event-pure-760930002 updates=220/9000 applied=220 skipped=0 loss=1.3376762866973877 budget=10.0/1800s ETA=400.3s CUDA=46.1MiB
[native-refit] event-pure-760930002 updates=330/9000 applied=330 skipped=0 loss=1.0985249280929565 budget=15.0/1800s ETA=395.1s CUDA=46.1MiB
[native-refit] event-pure-760930002 updates=439/9000 applied=439 skipped=0 loss=0.9231317043304443 budget=20.0/1800s ETA=390.9s CUDA=46.1MiB
[native-refit] event-pure-760930002 updates=549/9000 applied=549 skipped=0 loss=0.8075624704360962 budget=25.1/1800s ETA=386.1s CUDA=46.1MiB
[native-refit] event-pure-760930002 updates=658/9000 applied=658 skipped=0 loss=0.7297743558883667 budget=30.1/1800s ETA=381.8s CUDA=46.1MiB
[native-refit] event-pure-760930002 updates=773/9000 applied=773 skipped=0 loss=0.6905214786529541 budget=35.1/1800s ETA=374.2s CUDA=46.1MiB
[native-refit] event-pure-760930002 updates=885/9000 applied=885 skipped=0 loss=0.6077967882156372 budget=40.2/1800s ETA=368.4s CUDA=46.1MiB
[native-refit] event-pure-760930002 updates=994/9000 applied=994 skipped=0 loss=0.6108384132385254 budget=45.2/1800s ETA=364.0s CUDA=46.1MiB
[native-refit] event-pure-760930002 updates=1101/9000 applied=1101 skipped=0 loss=0.5355204343795776 budget=50.2/1800s ETA=360.3s CUDA=46.1MiB
[native-refit] event-pure-760930002 updates=1205/9000 applied=1205 skipped=0 loss=0.5044882893562317 budget=55.2/1800s ETA=357.5s CUDA=46.1MiB
[native-refit] event-pure-760930002 updates=1315/9000 applied=1315 skipped=0 loss=0.5038138628005981 budget=60.3/1800s ETA=352.3s CUDA=46.1MiB
[native-refit] event-pure-760930002 updates=1422/9000 applied=1422 skipped=0 loss=0.4451480805873871 budget=65.3/1800s ETA=348.1s CUDA=46.1MiB
[native-refit] event-pure-760930002 updates=1539/9000 applied=1539 skipped=0 loss=0.4348594546318054 budget=70.3/1800s ETA=341.0s CUDA=46.1MiB
[native-refit] event-pure-760930002 updates=1650/9000 applied=1650 skipped=0 loss=0.4114115238189697 budget=75.4/1800s ETA=335.8s CUDA=46.1MiB
[native-refit] event-pure-760930002 updates=1766/9000 applied=1766 skipped=0 loss=0.3860941231250763 budget=80.4/1800s ETA=329.3s CUDA=46.1MiB
[native-refit] event-pure-760930002 updates=1879/9000 applied=1879 skipped=0 loss=0.376982718706131 budget=85.4/1800s ETA=323.7s CUDA=46.1MiB
[native-refit] event-pure-760930002 updates=1988/9000 applied=1988 skipped=0 loss=0.37564995884895325 budget=90.4/1800s ETA=319.0s CUDA=46.1MiB
[native-refit] event-pure-760930002 updates=2099/9000 applied=2099 skipped=0 loss=0.33598747849464417 budget=95.5/1800s ETA=313.9s CUDA=46.1MiB
[native-refit] event-pure-760930002 updates=2207/9000 applied=2207 skipped=0 loss=0.31744009256362915 budget=100.5/1800s ETA=309.3s CUDA=46.1MiB
[native-refit] event-pure-760930002 updates=2316/9000 applied=2316 skipped=0 loss=0.3057914078235626 budget=105.5/1800s ETA=304.5s CUDA=46.1MiB
[native-refit] event-pure-760930002 updates=2430/9000 applied=2430 skipped=0 loss=0.2907358407974243 budget=110.5/1800s ETA=298.9s CUDA=46.1MiB
[native-refit] event-pure-760930002 updates=2543/9000 applied=2543 skipped=0 loss=0.2803315222263336 budget=115.6/1800s ETA=293.4s CUDA=46.1MiB
[native-refit] event-pure-760930002 updates=2654/9000 applied=2654 skipped=0 loss=0.27232834696769714 budget=120.6/1800s ETA=288.3s CUDA=46.1MiB
[native-refit] event-pure-760930002 updates=2762/9000 applied=2762 skipped=0 loss=0.2823861241340637 budget=125.6/1800s ETA=283.7s CUDA=46.1MiB
[native-refit] event-pure-760930002 updates=2871/9000 applied=2871 skipped=0 loss=0.24449075758457184 budget=130.6/1800s ETA=278.8s CUDA=46.1MiB
[native-refit] event-pure-760930002 updates=2977/9000 applied=2977 skipped=0 loss=0.26414746046066284 budget=135.6/1800s ETA=274.4s CUDA=46.1MiB
[native-refit] event-pure-760930002 updates=3085/9000 applied=3085 skipped=0 loss=0.25293442606925964 budget=140.6/1800s ETA=269.7s CUDA=46.1MiB
[native-refit] event-pure-760930002 updates=3193/9000 applied=3193 skipped=0 loss=0.23903173208236694 budget=145.7/1800s ETA=265.0s CUDA=46.1MiB
[native-refit] event-pure-760930002 updates=3305/9000 applied=3305 skipped=0 loss=0.23374147713184357 budget=150.7/1800s ETA=259.7s CUDA=46.1MiB
[native-refit] event-pure-760930002 updates=3413/9000 applied=3413 skipped=0 loss=0.2910209596157074 budget=155.7/1800s ETA=255.0s CUDA=46.1MiB
[native-refit] event-pure-760930002 updates=3527/9000 applied=3527 skipped=0 loss=0.20600007474422455 budget=160.8/1800s ETA=249.5s CUDA=46.1MiB
[native-refit] event-pure-760930002 updates=3635/9000 applied=3635 skipped=0 loss=0.1915842443704605 budget=165.8/1800s ETA=244.7s CUDA=46.1MiB
[native-refit] event-pure-760930002 updates=3747/9000 applied=3747 skipped=0 loss=0.19998595118522644 budget=170.8/1800s ETA=239.5s CUDA=46.1MiB
[native-refit] event-pure-760930002 updates=3858/9000 applied=3858 skipped=0 loss=0.18606078624725342 budget=175.8/1800s ETA=234.4s CUDA=46.1MiB
[native-refit] event-pure-760930002 updates=3967/9000 applied=3967 skipped=0 loss=0.18909287452697754 budget=180.9/1800s ETA=229.5s CUDA=46.1MiB
[native-refit] event-pure-760930002 updates=4077/9000 applied=4077 skipped=0 loss=0.17185890674591064 budget=185.9/1800s ETA=224.5s CUDA=46.1MiB
[native-refit] event-pure-760930002 updates=4182/9000 applied=4182 skipped=0 loss=0.16231954097747803 budget=190.9/1800s ETA=219.9s CUDA=46.1MiB
[native-refit] event-pure-760930002 updates=4296/9000 applied=4296 skipped=0 loss=0.1751830130815506 budget=195.9/1800s ETA=214.6s CUDA=46.1MiB
[native-refit] event-pure-760930002 updates=4408/9000 applied=4408 skipped=0 loss=0.16264672577381134 budget=200.9/1800s ETA=209.3s CUDA=46.1MiB
[native-refit] event-pure-760930002 updates=4515/9000 applied=4515 skipped=0 loss=0.1837080419063568 budget=206.0/1800s ETA=204.6s CUDA=46.1MiB
[native-refit] event-pure-760930002 updates=4624/9000 applied=4624 skipped=0 loss=0.15670683979988098 budget=211.0/1800s ETA=199.7s CUDA=46.1MiB
[native-refit] event-pure-760930002 updates=4735/9000 applied=4735 skipped=0 loss=0.21068930625915527 budget=216.0/1800s ETA=194.6s CUDA=46.1MiB
[native-refit] event-pure-760930002 updates=4847/9000 applied=4847 skipped=0 loss=0.13552728295326233 budget=221.1/1800s ETA=189.4s CUDA=46.1MiB
[native-refit] event-pure-760930002 updates=4957/9000 applied=4957 skipped=0 loss=0.14130954444408417 budget=226.1/1800s ETA=184.5s CUDA=46.1MiB
[native-refit] event-pure-760930002 updates=5068/9000 applied=5068 skipped=0 loss=0.1306183785200119 budget=231.1/1800s ETA=179.3s CUDA=46.1MiB
[native-refit] event-pure-760930002 updates=5177/9000 applied=5177 skipped=0 loss=0.1193622350692749 budget=236.2/1800s ETA=174.4s CUDA=46.1MiB
[native-refit] event-pure-760930002 updates=5285/9000 applied=5285 skipped=0 loss=0.12869524955749512 budget=241.2/1800s ETA=169.5s CUDA=46.1MiB
[native-refit] event-pure-760930002 updates=5396/9000 applied=5396 skipped=0 loss=0.12203454971313477 budget=246.2/1800s ETA=164.5s CUDA=46.1MiB
[native-refit] event-pure-760930002 updates=5506/9000 applied=5506 skipped=0 loss=0.12287494540214539 budget=251.2/1800s ETA=159.4s CUDA=46.1MiB
[native-refit] event-pure-760930002 updates=5617/9000 applied=5617 skipped=0 loss=0.11358363926410675 budget=256.3/1800s ETA=154.4s CUDA=46.1MiB
[native-refit] event-pure-760930002 updates=5731/9000 applied=5731 skipped=0 loss=0.11740287393331528 budget=261.3/1800s ETA=149.0s CUDA=46.1MiB
[native-refit] event-pure-760930002 updates=5843/9000 applied=5843 skipped=0 loss=0.12991103529930115 budget=266.3/1800s ETA=143.9s CUDA=46.1MiB
[native-refit] event-pure-760930002 updates=5954/9000 applied=5954 skipped=0 loss=0.13877417147159576 budget=271.3/1800s ETA=138.8s CUDA=46.1MiB
[native-refit] event-pure-760930002 updates=6059/9000 applied=6059 skipped=0 loss=0.09228455275297165 budget=276.3/1800s ETA=134.1s CUDA=46.1MiB
[native-refit] event-pure-760930002 updates=6170/9000 applied=6170 skipped=0 loss=0.0992068275809288 budget=281.3/1800s ETA=129.1s CUDA=46.1MiB
[native-refit] event-pure-760930002 updates=6273/9000 applied=6273 skipped=0 loss=0.1011817529797554 budget=286.4/1800s ETA=124.5s CUDA=46.1MiB
[native-refit] event-pure-760930002 updates=6385/9000 applied=6385 skipped=0 loss=0.13866561651229858 budget=291.4/1800s ETA=119.3s CUDA=46.1MiB
[native-refit] event-pure-760930002 updates=6496/9000 applied=6496 skipped=0 loss=0.11303894966840744 budget=296.4/1800s ETA=114.3s CUDA=46.1MiB
[native-refit] event-pure-760930002 updates=6603/9000 applied=6603 skipped=0 loss=0.09394016861915588 budget=301.4/1800s ETA=109.4s CUDA=46.1MiB
[native-refit] event-pure-760930002 updates=6715/9000 applied=6715 skipped=0 loss=0.10960780084133148 budget=306.4/1800s ETA=104.3s CUDA=46.1MiB
[native-refit] event-pure-760930002 updates=6826/9000 applied=6826 skipped=0 loss=0.103785939514637 budget=311.5/1800s ETA=99.2s CUDA=46.1MiB
[native-refit] event-pure-760930002 updates=6939/9000 applied=6939 skipped=0 loss=0.08560656011104584 budget=316.5/1800s ETA=94.0s CUDA=46.1MiB
[native-refit] event-pure-760930002 updates=7048/9000 applied=7048 skipped=0 loss=0.07792644202709198 budget=321.5/1800s ETA=89.1s CUDA=46.1MiB
[native-refit] event-pure-760930002 updates=7153/9000 applied=7153 skipped=0 loss=0.08067701756954193 budget=326.5/1800s ETA=84.3s CUDA=46.1MiB
[native-refit] event-pure-760930002 updates=7263/9000 applied=7263 skipped=0 loss=0.08670508861541748 budget=331.6/1800s ETA=79.3s CUDA=46.1MiB
[native-refit] event-pure-760930002 updates=7372/9000 applied=7372 skipped=0 loss=0.08122336119413376 budget=336.6/1800s ETA=74.3s CUDA=46.1MiB
[native-refit] event-pure-760930002 updates=7481/9000 applied=7481 skipped=0 loss=0.08111163228750229 budget=341.6/1800s ETA=69.4s CUDA=46.1MiB
[native-refit] event-pure-760930002 updates=7594/9000 applied=7594 skipped=0 loss=0.06817254424095154 budget=346.6/1800s ETA=64.2s CUDA=46.1MiB
[native-refit] event-pure-760930002 updates=7706/9000 applied=7706 skipped=0 loss=0.0640581026673317 budget=351.7/1800s ETA=59.1s CUDA=46.1MiB
[native-refit] event-pure-760930002 updates=7820/9000 applied=7820 skipped=0 loss=0.06261581927537918 budget=356.7/1800s ETA=53.8s CUDA=46.1MiB
[native-refit] event-pure-760930002 updates=7931/9000 applied=7931 skipped=0 loss=0.06309933215379715 budget=361.8/1800s ETA=48.8s CUDA=46.1MiB
[native-refit] event-pure-760930002 updates=8042/9000 applied=8042 skipped=0 loss=0.12057379633188248 budget=366.8/1800s ETA=43.7s CUDA=46.1MiB
[native-refit] event-pure-760930002 updates=8149/9000 applied=8149 skipped=0 loss=0.07797122746706009 budget=371.8/1800s ETA=38.8s CUDA=46.1MiB
[native-refit] event-pure-760930002 updates=8258/9000 applied=8258 skipped=0 loss=0.05725276842713356 budget=376.8/1800s ETA=33.9s CUDA=46.1MiB
[native-refit] event-pure-760930002 updates=8372/9000 applied=8372 skipped=0 loss=0.05156613141298294 budget=381.9/1800s ETA=28.6s CUDA=46.1MiB
[native-refit] event-pure-760930002 updates=8478/9000 applied=8478 skipped=0 loss=0.046536412090063095 budget=386.9/1800s ETA=23.8s CUDA=46.1MiB
[native-refit] event-pure-760930002 updates=8585/9000 applied=8585 skipped=0 loss=0.04530704766511917 budget=391.9/1800s ETA=18.9s CUDA=46.1MiB
[native-refit] event-pure-760930002 updates=8695/9000 applied=8695 skipped=0 loss=0.05823921784758568 budget=396.9/1800s ETA=13.9s CUDA=46.1MiB
[native-refit] event-pure-760930002 updates=8805/9000 applied=8805 skipped=0 loss=0.05387258529663086 budget=402.0/1800s ETA=8.9s CUDA=46.1MiB
[native-refit] event-pure-760930002 updates=8924/9000 applied=8924 skipped=0 loss=0.045525599271059036 budget=407.0/1800s ETA=3.5s CUDA=46.1MiB
[native-refit] event-pure-760930002 updates=9000/9000 applied=9000 skipped=0 loss=0.04366053640842438 budget=410.4/1800s ETA=0.0s CUDA=46.1MiB
[native-refit] selector-pure-760930002 updates=179/2000 applied=179 skipped=0 loss=0.4490653872489929 budget=5.0/1800s ETA=51.1s CUDA=29.0MiB
[native-refit] selector-pure-760930002 updates=365/2000 applied=365 skipped=0 loss=0.3780691921710968 budget=10.0/1800s ETA=45.0s CUDA=29.0MiB
[native-refit] selector-pure-760930002 updates=544/2000 applied=544 skipped=0 loss=0.33197256922721863 budget=15.0/1800s ETA=40.3s CUDA=29.0MiB
[native-refit] selector-pure-760930002 updates=723/2000 applied=723 skipped=0 loss=0.21194958686828613 budget=20.1/1800s ETA=35.4s CUDA=29.0MiB
[native-refit] selector-pure-760930002 updates=905/2000 applied=905 skipped=0 loss=0.2301996797323227 budget=25.1/1800s ETA=30.3s CUDA=29.0MiB
[native-refit] selector-pure-760930002 updates=1081/2000 applied=1081 skipped=0 loss=0.31575828790664673 budget=30.1/1800s ETA=25.6s CUDA=29.0MiB
[native-refit] selector-pure-760930002 updates=1260/2000 applied=1260 skipped=0 loss=0.13994720578193665 budget=35.1/1800s ETA=20.6s CUDA=29.0MiB
[native-refit] selector-pure-760930002 updates=1440/2000 applied=1440 skipped=0 loss=0.20274269580841064 budget=40.1/1800s ETA=15.6s CUDA=29.0MiB
[native-refit] selector-pure-760930002 updates=1618/2000 applied=1618 skipped=0 loss=0.12043482065200806 budget=45.1/1800s ETA=10.7s CUDA=29.0MiB
[native-refit] selector-pure-760930002 updates=1801/2000 applied=1801 skipped=0 loss=0.1795847862958908 budget=50.2/1800s ETA=5.5s CUDA=29.0MiB
[native-refit] selector-pure-760930002 updates=1983/2000 applied=1983 skipped=0 loss=0.12784282863140106 budget=55.2/1800s ETA=0.5s CUDA=29.0MiB
[native-refit] selector-pure-760930002 updates=2000/2000 applied=2000 skipped=0 loss=0.1821376234292984 budget=55.7/1800s ETA=0.0s CUDA=29.0MiB
[native-refit] event-hybrid-760930003 updates=113/9000 applied=113 skipped=0 loss=1.6352691650390625 budget=5.0/1800s ETA=395.0s CUDA=55.2MiB
[native-refit] event-hybrid-760930003 updates=227/9000 applied=227 skipped=0 loss=1.5241502523422241 budget=10.1/1800s ETA=389.0s CUDA=55.2MiB
[native-refit] event-hybrid-760930003 updates=339/9000 applied=339 skipped=0 loss=1.2153778076171875 budget=15.1/1800s ETA=385.8s CUDA=55.2MiB
[native-refit] event-hybrid-760930003 updates=448/9000 applied=448 skipped=0 loss=1.038133978843689 budget=20.1/1800s ETA=384.3s CUDA=55.2MiB
[native-refit] event-hybrid-760930003 updates=558/9000 applied=558 skipped=0 loss=0.9246417284011841 budget=25.2/1800s ETA=380.7s CUDA=55.2MiB
[native-refit] event-hybrid-760930003 updates=667/9000 applied=667 skipped=0 loss=0.8698585033416748 budget=30.1/1800s ETA=376.9s CUDA=55.2MiB
[native-refit] event-hybrid-760930003 updates=779/9000 applied=779 skipped=0 loss=0.7790651917457581 budget=35.2/1800s ETA=371.4s CUDA=55.2MiB
[native-refit] event-hybrid-760930003 updates=887/9000 applied=887 skipped=0 loss=0.7404290437698364 budget=40.2/1800s ETA=367.8s CUDA=55.2MiB
[native-refit] event-hybrid-760930003 updates=996/9000 applied=996 skipped=0 loss=1.9031269550323486 budget=45.2/1800s ETA=363.5s CUDA=55.2MiB
[native-refit] event-hybrid-760930003 updates=1106/9000 applied=1106 skipped=0 loss=0.7541359066963196 budget=50.2/1800s ETA=358.7s CUDA=55.2MiB
[native-refit] event-hybrid-760930003 updates=1217/9000 applied=1217 skipped=0 loss=0.611616313457489 budget=55.3/1800s ETA=353.6s CUDA=55.2MiB
[native-refit] event-hybrid-760930003 updates=1327/9000 applied=1327 skipped=0 loss=0.6328899264335632 budget=60.3/1800s ETA=349.0s CUDA=55.2MiB
[native-refit] event-hybrid-760930003 updates=1437/9000 applied=1437 skipped=0 loss=0.5425590872764587 budget=65.4/1800s ETA=344.0s CUDA=55.2MiB
[native-refit] event-hybrid-760930003 updates=1546/9000 applied=1546 skipped=0 loss=0.5811446905136108 budget=70.4/1800s ETA=339.3s CUDA=55.2MiB
[native-refit] event-hybrid-760930003 updates=1658/9000 applied=1658 skipped=0 loss=0.6332710385322571 budget=75.4/1800s ETA=333.9s CUDA=55.2MiB
[native-refit] event-hybrid-760930003 updates=1777/9000 applied=1777 skipped=0 loss=0.5678953528404236 budget=80.4/1800s ETA=327.0s CUDA=55.2MiB
[native-refit] event-hybrid-760930003 updates=1889/9000 applied=1889 skipped=0 loss=0.4659357964992523 budget=85.5/1800s ETA=321.8s CUDA=55.2MiB
[native-refit] event-hybrid-760930003 updates=2001/9000 applied=2001 skipped=0 loss=0.4512570798397064 budget=90.5/1800s ETA=316.6s CUDA=55.2MiB
[native-refit] event-hybrid-760930003 updates=2113/9000 applied=2113 skipped=0 loss=0.47340285778045654 budget=95.5/1800s ETA=311.4s CUDA=55.2MiB
[native-refit] event-hybrid-760930003 updates=2223/9000 applied=2223 skipped=0 loss=0.381155401468277 budget=100.5/1800s ETA=306.5s CUDA=55.2MiB
[native-refit] event-hybrid-760930003 updates=2329/9000 applied=2329 skipped=0 loss=0.39833423495292664 budget=105.5/1800s ETA=302.3s CUDA=55.2MiB
[native-refit] event-hybrid-760930003 updates=2436/9000 applied=2436 skipped=0 loss=0.3690353333950043 budget=110.6/1800s ETA=297.9s CUDA=55.2MiB
[native-refit] event-hybrid-760930003 updates=2544/9000 applied=2544 skipped=0 loss=0.34491828083992004 budget=115.6/1800s ETA=293.4s CUDA=55.2MiB
[native-refit] event-hybrid-760930003 updates=2658/9000 applied=2658 skipped=0 loss=0.35026225447654724 budget=120.6/1800s ETA=287.9s CUDA=55.2MiB
[native-refit] event-hybrid-760930003 updates=2770/9000 applied=2770 skipped=0 loss=0.32341131567955017 budget=125.6/1800s ETA=282.6s CUDA=55.2MiB
[native-refit] event-hybrid-760930003 updates=2881/9000 applied=2881 skipped=0 loss=0.3369764983654022 budget=130.7/1800s ETA=277.6s CUDA=55.2MiB
[native-refit] event-hybrid-760930003 updates=2988/9000 applied=2988 skipped=0 loss=0.3083747327327728 budget=135.7/1800s ETA=273.1s CUDA=55.2MiB
[native-refit] event-hybrid-760930003 updates=3091/9000 applied=3091 skipped=0 loss=0.36746153235435486 budget=140.7/1800s ETA=269.1s CUDA=55.2MiB
[native-refit] event-hybrid-760930003 updates=3201/9000 applied=3201 skipped=0 loss=0.3247034549713135 budget=145.8/1800s ETA=264.1s CUDA=55.2MiB
[native-refit] event-hybrid-760930003 updates=3313/9000 applied=3313 skipped=0 loss=0.43831539154052734 budget=150.8/1800s ETA=258.9s CUDA=55.2MiB
[native-refit] event-hybrid-760930003 updates=3422/9000 applied=3422 skipped=0 loss=0.32671594619750977 budget=155.8/1800s ETA=254.0s CUDA=55.2MiB
[native-refit] event-hybrid-760930003 updates=3535/9000 applied=3535 skipped=0 loss=0.23907838761806488 budget=160.8/1800s ETA=248.7s CUDA=55.2MiB
[native-refit] event-hybrid-760930003 updates=3649/9000 applied=3649 skipped=0 loss=0.2585095763206482 budget=165.9/1800s ETA=243.2s CUDA=55.2MiB
[native-refit] event-hybrid-760930003 updates=3762/9000 applied=3762 skipped=0 loss=0.26570481061935425 budget=170.9/1800s ETA=238.0s CUDA=55.2MiB
[native-refit] event-hybrid-760930003 updates=3874/9000 applied=3874 skipped=0 loss=0.2745644450187683 budget=175.9/1800s ETA=232.8s CUDA=55.2MiB
[native-refit] event-hybrid-760930003 updates=3989/9000 applied=3989 skipped=0 loss=0.36423489451408386 budget=181.0/1800s ETA=227.3s CUDA=55.2MiB
[native-refit] event-hybrid-760930003 updates=4099/9000 applied=4099 skipped=0 loss=0.27686187624931335 budget=186.0/1800s ETA=222.4s CUDA=55.2MiB
[native-refit] event-hybrid-760930003 updates=4214/9000 applied=4214 skipped=0 loss=0.24892064929008484 budget=191.0/1800s ETA=217.0s CUDA=55.2MiB
[native-refit] event-hybrid-760930003 updates=4321/9000 applied=4321 skipped=0 loss=0.2260119765996933 budget=196.0/1800s ETA=212.3s CUDA=55.2MiB
[native-refit] event-hybrid-760930003 updates=4432/9000 applied=4432 skipped=0 loss=0.23957426846027374 budget=201.0/1800s ETA=207.2s CUDA=55.2MiB
[native-refit] event-hybrid-760930003 updates=4541/9000 applied=4541 skipped=0 loss=0.22105059027671814 budget=206.1/1800s ETA=202.3s CUDA=55.2MiB
[native-refit] event-hybrid-760930003 updates=4652/9000 applied=4652 skipped=0 loss=0.18244390189647675 budget=211.1/1800s ETA=197.3s CUDA=55.2MiB
[native-refit] event-hybrid-760930003 updates=4762/9000 applied=4762 skipped=0 loss=0.21184556186199188 budget=216.1/1800s ETA=192.3s CUDA=55.2MiB
[native-refit] event-hybrid-760930003 updates=4873/9000 applied=4873 skipped=0 loss=0.30058324337005615 budget=221.1/1800s ETA=187.3s CUDA=55.2MiB
[native-refit] event-hybrid-760930003 updates=4987/9000 applied=4987 skipped=0 loss=0.15735258162021637 budget=226.2/1800s ETA=182.0s CUDA=55.2MiB
[native-refit] event-hybrid-760930003 updates=5097/9000 applied=5097 skipped=0 loss=0.1506347358226776 budget=231.2/1800s ETA=177.1s CUDA=55.2MiB
[native-refit] event-hybrid-760930003 updates=5211/9000 applied=5211 skipped=0 loss=0.16772453486919403 budget=236.2/1800s ETA=171.8s CUDA=55.2MiB
[native-refit] event-hybrid-760930003 updates=5318/9000 applied=5318 skipped=0 loss=0.12927527725696564 budget=241.3/1800s ETA=167.1s CUDA=55.2MiB
[native-refit] event-hybrid-760930003 updates=5429/9000 applied=5429 skipped=0 loss=0.1326739490032196 budget=246.3/1800s ETA=162.0s CUDA=55.2MiB
[native-refit] event-hybrid-760930003 updates=5541/9000 applied=5541 skipped=0 loss=0.15935185551643372 budget=251.4/1800s ETA=156.9s CUDA=55.2MiB
[native-refit] event-hybrid-760930003 updates=5658/9000 applied=5658 skipped=0 loss=0.11596045643091202 budget=256.4/1800s ETA=151.4s CUDA=55.2MiB
[native-refit] event-hybrid-760930003 updates=5770/9000 applied=5770 skipped=0 loss=0.2906160056591034 budget=261.4/1800s ETA=146.3s CUDA=55.2MiB
[native-refit] event-hybrid-760930003 updates=5885/9000 applied=5885 skipped=0 loss=0.10609446465969086 budget=266.5/1800s ETA=141.0s CUDA=55.2MiB
[native-refit] event-hybrid-760930003 updates=5996/9000 applied=5996 skipped=0 loss=0.19179679453372955 budget=271.5/1800s ETA=136.0s CUDA=55.2MiB
[native-refit] event-hybrid-760930003 updates=6106/9000 applied=6106 skipped=0 loss=0.15071772038936615 budget=276.5/1800s ETA=131.0s CUDA=55.2MiB
[native-refit] event-hybrid-760930003 updates=6218/9000 applied=6218 skipped=0 loss=0.09992343187332153 budget=281.5/1800s ETA=126.0s CUDA=55.2MiB
[native-refit] event-hybrid-760930003 updates=6328/9000 applied=6328 skipped=0 loss=0.16168230772018433 budget=286.5/1800s ETA=121.0s CUDA=55.2MiB
[native-refit] event-hybrid-760930003 updates=6442/9000 applied=6442 skipped=0 loss=0.09920540452003479 budget=291.6/1800s ETA=115.8s CUDA=55.2MiB
[native-refit] event-hybrid-760930003 updates=6553/9000 applied=6553 skipped=0 loss=0.3347262144088745 budget=296.6/1800s ETA=110.8s CUDA=55.2MiB
[native-refit] event-hybrid-760930003 updates=6665/9000 applied=6665 skipped=0 loss=0.11536143720149994 budget=301.6/1800s ETA=105.7s CUDA=55.2MiB
[native-refit] event-hybrid-760930003 updates=6774/9000 applied=6774 skipped=0 loss=0.11245792359113693 budget=306.7/1800s ETA=100.8s CUDA=55.2MiB
[native-refit] event-hybrid-760930003 updates=6885/9000 applied=6885 skipped=0 loss=0.0938417986035347 budget=311.7/1800s ETA=95.7s CUDA=55.2MiB
[native-refit] event-hybrid-760930003 updates=6989/9000 applied=6989 skipped=0 loss=0.07794559746980667 budget=316.7/1800s ETA=91.1s CUDA=55.2MiB
[native-refit] event-hybrid-760930003 updates=7102/9000 applied=7102 skipped=0 loss=0.16566064953804016 budget=321.7/1800s ETA=86.0s CUDA=55.2MiB
[native-refit] event-hybrid-760930003 updates=7213/9000 applied=7213 skipped=0 loss=0.26521003246307373 budget=326.8/1800s ETA=81.0s CUDA=55.2MiB
[native-refit] event-hybrid-760930003 updates=7323/9000 applied=7323 skipped=0 loss=0.09050625562667847 budget=331.8/1800s ETA=76.0s CUDA=55.2MiB
[native-refit] event-hybrid-760930003 updates=7430/9000 applied=7430 skipped=0 loss=0.0914606899023056 budget=336.8/1800s ETA=71.2s CUDA=55.2MiB
[native-refit] event-hybrid-760930003 updates=7540/9000 applied=7540 skipped=0 loss=0.0896289199590683 budget=341.8/1800s ETA=66.2s CUDA=55.2MiB
[native-refit] event-hybrid-760930003 updates=7654/9000 applied=7654 skipped=0 loss=0.21399089694023132 budget=346.8/1800s ETA=61.0s CUDA=55.2MiB
[native-refit] event-hybrid-760930003 updates=7764/9000 applied=7764 skipped=0 loss=0.0702652707695961 budget=351.9/1800s ETA=56.0s CUDA=55.2MiB
[native-refit] event-hybrid-760930003 updates=7875/9000 applied=7875 skipped=0 loss=0.10515531897544861 budget=356.9/1800s ETA=51.0s CUDA=55.2MiB
[native-refit] event-hybrid-760930003 updates=7982/9000 applied=7982 skipped=0 loss=0.1341840773820877 budget=361.9/1800s ETA=46.2s CUDA=55.2MiB
[native-refit] event-hybrid-760930003 updates=8095/9000 applied=8095 skipped=0 loss=0.07880791276693344 budget=367.0/1800s ETA=41.0s CUDA=55.2MiB
[native-refit] event-hybrid-760930003 updates=8205/9000 applied=8205 skipped=0 loss=0.11771903932094574 budget=372.0/1800s ETA=36.0s CUDA=55.2MiB
[native-refit] event-hybrid-760930003 updates=8313/9000 applied=8313 skipped=0 loss=0.09600216895341873 budget=377.0/1800s ETA=31.2s CUDA=55.2MiB
[native-refit] event-hybrid-760930003 updates=8426/9000 applied=8426 skipped=0 loss=0.06891420483589172 budget=382.0/1800s ETA=26.0s CUDA=55.2MiB
[native-refit] event-hybrid-760930003 updates=8532/9000 applied=8532 skipped=0 loss=0.06766130775213242 budget=387.0/1800s ETA=21.2s CUDA=55.2MiB
[native-refit] event-hybrid-760930003 updates=8645/9000 applied=8645 skipped=0 loss=0.14257244765758514 budget=392.1/1800s ETA=16.1s CUDA=55.2MiB
[native-refit] event-hybrid-760930003 updates=8756/9000 applied=8756 skipped=0 loss=0.06305824965238571 budget=397.1/1800s ETA=11.1s CUDA=55.2MiB
[native-refit] event-hybrid-760930003 updates=8869/9000 applied=8869 skipped=0 loss=0.15784399211406708 budget=402.2/1800s ETA=5.9s CUDA=55.2MiB
[native-refit] event-hybrid-760930003 updates=8981/9000 applied=8981 skipped=0 loss=0.08389583230018616 budget=407.2/1800s ETA=0.9s CUDA=55.2MiB
[native-refit] event-hybrid-760930003 updates=9000/9000 applied=9000 skipped=0 loss=0.05753510072827339 budget=408.1/1800s ETA=0.0s CUDA=55.2MiB
[native-refit] selector-hybrid-760930003 updates=171/2000 applied=171 skipped=0 loss=1.293587565422058 budget=5.0/1800s ETA=53.7s CUDA=39.9MiB
[native-refit] selector-hybrid-760930003 updates=337/2000 applied=337 skipped=0 loss=1.0299770832061768 budget=10.0/1800s ETA=49.6s CUDA=39.9MiB
[native-refit] selector-hybrid-760930003 updates=519/2000 applied=519 skipped=0 loss=0.9073843955993652 budget=15.1/1800s ETA=43.0s CUDA=39.9MiB
[native-refit] selector-hybrid-760930003 updates=690/2000 applied=690 skipped=0 loss=0.846415102481842 budget=20.1/1800s ETA=38.1s CUDA=39.9MiB
[native-refit] selector-hybrid-760930003 updates=866/2000 applied=866 skipped=0 loss=0.678419828414917 budget=25.1/1800s ETA=32.9s CUDA=39.9MiB
[native-refit] selector-hybrid-760930003 updates=1048/2000 applied=1048 skipped=0 loss=0.5804880857467651 budget=30.1/1800s ETA=27.4s CUDA=39.9MiB
[native-refit] selector-hybrid-760930003 updates=1230/2000 applied=1230 skipped=0 loss=0.5694212913513184 budget=35.1/1800s ETA=22.0s CUDA=39.9MiB
[native-refit] selector-hybrid-760930003 updates=1410/2000 applied=1410 skipped=0 loss=0.4592975080013275 budget=40.1/1800s ETA=16.8s CUDA=39.9MiB
[native-refit] selector-hybrid-760930003 updates=1583/2000 applied=1583 skipped=0 loss=0.506824254989624 budget=45.1/1800s ETA=11.9s CUDA=39.9MiB
[native-refit] selector-hybrid-760930003 updates=1760/2000 applied=1760 skipped=0 loss=0.48972541093826294 budget=50.1/1800s ETA=6.8s CUDA=39.9MiB
[native-refit] selector-hybrid-760930003 updates=1941/2000 applied=1941 skipped=0 loss=0.3516581058502197 budget=55.1/1800s ETA=1.7s CUDA=39.9MiB
[native-refit] selector-hybrid-760930003 updates=2000/2000 applied=2000 skipped=0 loss=0.49923646450042725 budget=56.9/1800s ETA=0.0s CUDA=39.9MiB
[native-refit] event-pure-760930003 updates=111/9000 applied=111 skipped=0 loss=1.5957422256469727 budget=5.0/1800s ETA=402.9s CUDA=44.2MiB
[native-refit] event-pure-760930003 updates=217/9000 applied=217 skipped=0 loss=1.3321402072906494 budget=10.1/1800s ETA=408.7s CUDA=44.2MiB
[native-refit] event-pure-760930003 updates=326/9000 applied=326 skipped=0 loss=1.1048554182052612 budget=15.1/1800s ETA=402.5s CUDA=44.2MiB
[native-refit] event-pure-760930003 updates=442/9000 applied=442 skipped=0 loss=1.0764832496643066 budget=20.2/1800s ETA=390.5s CUDA=44.2MiB
[native-refit] event-pure-760930003 updates=557/9000 applied=557 skipped=0 loss=0.9409799575805664 budget=25.2/1800s ETA=381.7s CUDA=44.2MiB
[native-refit] event-pure-760930003 updates=670/9000 applied=670 skipped=0 loss=0.8235774636268616 budget=30.2/1800s ETA=375.9s CUDA=44.2MiB
[native-refit] event-pure-760930003 updates=781/9000 applied=781 skipped=0 loss=0.7596365213394165 budget=35.3/1800s ETA=371.2s CUDA=44.2MiB
[native-refit] event-pure-760930003 updates=891/9000 applied=891 skipped=0 loss=0.6768748760223389 budget=40.3/1800s ETA=366.7s CUDA=44.2MiB
[native-refit] event-pure-760930003 updates=1001/9000 applied=1001 skipped=0 loss=0.5991780757904053 budget=45.3/1800s ETA=362.1s CUDA=44.2MiB
[native-refit] event-pure-760930003 updates=1106/9000 applied=1106 skipped=0 loss=0.5563302040100098 budget=50.3/1800s ETA=359.1s CUDA=44.2MiB
[native-refit] event-pure-760930003 updates=1211/9000 applied=1211 skipped=0 loss=0.55140221118927 budget=55.3/1800s ETA=355.9s CUDA=44.2MiB
[native-refit] event-pure-760930003 updates=1323/9000 applied=1323 skipped=0 loss=0.48802420496940613 budget=60.3/1800s ETA=350.3s CUDA=44.2MiB
[native-refit] event-pure-760930003 updates=1433/9000 applied=1433 skipped=0 loss=0.46407854557037354 budget=65.4/1800s ETA=345.3s CUDA=44.2MiB
[native-refit] event-pure-760930003 updates=1539/9000 applied=1539 skipped=0 loss=0.44609421491622925 budget=70.4/1800s ETA=341.5s CUDA=44.2MiB
[native-refit] event-pure-760930003 updates=1651/9000 applied=1651 skipped=0 loss=0.4374585747718811 budget=75.5/1800s ETA=336.0s CUDA=44.2MiB
[native-refit] event-pure-760930003 updates=1761/9000 applied=1761 skipped=0 loss=0.396616131067276 budget=80.5/1800s ETA=330.9s CUDA=44.2MiB
[native-refit] event-pure-760930003 updates=1872/9000 applied=1872 skipped=0 loss=0.385268896818161 budget=85.5/1800s ETA=325.6s CUDA=44.2MiB
[native-refit] event-pure-760930003 updates=1978/9000 applied=1978 skipped=0 loss=0.40118327736854553 budget=90.5/1800s ETA=321.3s CUDA=44.2MiB
[native-refit] event-pure-760930003 updates=2089/9000 applied=2089 skipped=0 loss=0.371017724275589 budget=95.5/1800s ETA=316.1s CUDA=44.2MiB
[native-refit] event-pure-760930003 updates=2202/9000 applied=2202 skipped=0 loss=0.33525294065475464 budget=100.6/1800s ETA=310.5s CUDA=44.2MiB
[native-refit] event-pure-760930003 updates=2313/9000 applied=2313 skipped=0 loss=0.32048338651657104 budget=105.6/1800s ETA=305.4s CUDA=44.2MiB
[native-refit] event-pure-760930003 updates=2426/9000 applied=2426 skipped=0 loss=0.2926439642906189 budget=110.6/1800s ETA=299.8s CUDA=44.2MiB
[native-refit] event-pure-760930003 updates=2540/9000 applied=2540 skipped=0 loss=0.29928192496299744 budget=115.6/1800s ETA=294.2s CUDA=44.2MiB
[native-refit] event-pure-760930003 updates=2649/9000 applied=2649 skipped=0 loss=0.29214251041412354 budget=120.7/1800s ETA=289.4s CUDA=44.2MiB
[native-refit] event-pure-760930003 updates=2759/9000 applied=2759 skipped=0 loss=0.3031579256057739 budget=125.7/1800s ETA=284.4s CUDA=44.2MiB
[native-refit] event-pure-760930003 updates=2874/9000 applied=2874 skipped=0 loss=0.2668572962284088 budget=130.7/1800s ETA=278.7s CUDA=44.2MiB
[native-refit] event-pure-760930003 updates=2982/9000 applied=2982 skipped=0 loss=0.2737099826335907 budget=135.8/1800s ETA=274.0s CUDA=44.2MiB
[native-refit] event-pure-760930003 updates=3092/9000 applied=3092 skipped=0 loss=0.24588200449943542 budget=140.8/1800s ETA=269.0s CUDA=44.2MiB
[native-refit] event-pure-760930003 updates=3201/9000 applied=3201 skipped=0 loss=0.24022498726844788 budget=145.8/1800s ETA=264.2s CUDA=44.2MiB
[native-refit] event-pure-760930003 updates=3314/9000 applied=3314 skipped=0 loss=0.2289702296257019 budget=150.8/1800s ETA=258.8s CUDA=44.2MiB
[native-refit] event-pure-760930003 updates=3428/9000 applied=3428 skipped=0 loss=0.2051069438457489 budget=155.8/1800s ETA=253.3s CUDA=44.2MiB
[native-refit] event-pure-760930003 updates=3542/9000 applied=3542 skipped=0 loss=0.2215019017457962 budget=160.9/1800s ETA=248.0s CUDA=44.2MiB
[native-refit] event-pure-760930003 updates=3652/9000 applied=3652 skipped=0 loss=0.268576055765152 budget=165.9/1800s ETA=243.0s CUDA=44.2MiB
[native-refit] event-pure-760930003 updates=3763/9000 applied=3763 skipped=0 loss=0.2336440533399582 budget=170.9/1800s ETA=237.9s CUDA=44.2MiB
[native-refit] event-pure-760930003 updates=3873/9000 applied=3873 skipped=0 loss=0.18580369651317596 budget=175.9/1800s ETA=232.9s CUDA=44.2MiB
[native-refit] event-pure-760930003 updates=3983/9000 applied=3983 skipped=0 loss=0.18863655626773834 budget=180.9/1800s ETA=227.9s CUDA=44.2MiB
[native-refit] event-pure-760930003 updates=4092/9000 applied=4092 skipped=0 loss=0.16439975798130035 budget=186.0/1800s ETA=223.1s CUDA=44.2MiB
[native-refit] event-pure-760930003 updates=4198/9000 applied=4198 skipped=0 loss=0.25915825366973877 budget=191.0/1800s ETA=218.5s CUDA=44.2MiB
[native-refit] event-pure-760930003 updates=4309/9000 applied=4309 skipped=0 loss=0.19770702719688416 budget=196.0/1800s ETA=213.4s CUDA=44.2MiB
[native-refit] event-pure-760930003 updates=4428/9000 applied=4428 skipped=0 loss=0.15921056270599365 budget=201.0/1800s ETA=207.6s CUDA=44.2MiB
[native-refit] event-pure-760930003 updates=4531/9000 applied=4531 skipped=0 loss=0.2506960928440094 budget=206.0/1800s ETA=203.2s CUDA=44.2MiB
[native-refit] event-pure-760930003 updates=4643/9000 applied=4643 skipped=0 loss=0.13909688591957092 budget=211.0/1800s ETA=198.0s CUDA=44.2MiB
[native-refit] event-pure-760930003 updates=4751/9000 applied=4751 skipped=0 loss=0.17463956773281097 budget=216.1/1800s ETA=193.2s CUDA=44.2MiB
[native-refit] event-pure-760930003 updates=4863/9000 applied=4863 skipped=0 loss=0.1324874758720398 budget=221.1/1800s ETA=188.1s CUDA=44.2MiB
[native-refit] event-pure-760930003 updates=4975/9000 applied=4975 skipped=0 loss=0.163922518491745 budget=226.1/1800s ETA=182.9s CUDA=44.2MiB
[native-refit] event-pure-760930003 updates=5084/9000 applied=5084 skipped=0 loss=0.17427872121334076 budget=231.1/1800s ETA=178.0s CUDA=44.2MiB
[native-refit] event-pure-760930003 updates=5197/9000 applied=5197 skipped=0 loss=0.13562189042568207 budget=236.1/1800s ETA=172.8s CUDA=44.2MiB
[native-refit] event-pure-760930003 updates=5308/9000 applied=5308 skipped=0 loss=0.14233478903770447 budget=241.1/1800s ETA=167.7s CUDA=44.2MiB
[native-refit] event-pure-760930003 updates=5420/9000 applied=5420 skipped=0 loss=0.12226202338933945 budget=246.2/1800s ETA=162.6s CUDA=44.2MiB
[native-refit] event-pure-760930003 updates=5528/9000 applied=5528 skipped=0 loss=0.12378815561532974 budget=251.2/1800s ETA=157.8s CUDA=44.2MiB
[native-refit] event-pure-760930003 updates=5636/9000 applied=5636 skipped=0 loss=0.10794556885957718 budget=256.2/1800s ETA=152.9s CUDA=44.2MiB
[native-refit] event-pure-760930003 updates=5749/9000 applied=5749 skipped=0 loss=0.14825834333896637 budget=261.2/1800s ETA=147.7s CUDA=44.2MiB
[native-refit] event-pure-760930003 updates=5860/9000 applied=5860 skipped=0 loss=0.1101406142115593 budget=266.3/1800s ETA=142.7s CUDA=44.2MiB
[native-refit] event-pure-760930003 updates=5973/9000 applied=5973 skipped=0 loss=0.30911779403686523 budget=271.3/1800s ETA=137.5s CUDA=44.2MiB
[native-refit] event-pure-760930003 updates=6088/9000 applied=6088 skipped=0 loss=0.13867942988872528 budget=276.3/1800s ETA=132.2s CUDA=44.2MiB
[native-refit] event-pure-760930003 updates=6201/9000 applied=6201 skipped=0 loss=0.09195489436388016 budget=281.3/1800s ETA=127.0s CUDA=44.2MiB
[native-refit] event-pure-760930003 updates=6311/9000 applied=6311 skipped=0 loss=0.08226212859153748 budget=286.4/1800s ETA=122.0s CUDA=44.2MiB
[native-refit] event-pure-760930003 updates=6414/9000 applied=6414 skipped=0 loss=0.09433764219284058 budget=291.4/1800s ETA=117.5s CUDA=44.2MiB
[native-refit] event-pure-760930003 updates=6525/9000 applied=6525 skipped=0 loss=0.0788726657629013 budget=296.4/1800s ETA=112.4s CUDA=44.2MiB
[native-refit] event-pure-760930003 updates=6631/9000 applied=6631 skipped=0 loss=0.0843401700258255 budget=301.4/1800s ETA=107.7s CUDA=44.2MiB
[native-refit] event-pure-760930003 updates=6743/9000 applied=6743 skipped=0 loss=0.23697331547737122 budget=306.4/1800s ETA=102.6s CUDA=44.2MiB
[native-refit] event-pure-760930003 updates=6854/9000 applied=6854 skipped=0 loss=0.08306246995925903 budget=311.5/1800s ETA=97.5s CUDA=44.2MiB
[native-refit] event-pure-760930003 updates=6963/9000 applied=6963 skipped=0 loss=0.07394257187843323 budget=316.5/1800s ETA=92.6s CUDA=44.2MiB
[native-refit] event-pure-760930003 updates=7076/9000 applied=7076 skipped=0 loss=0.06965700536966324 budget=321.5/1800s ETA=87.4s CUDA=44.2MiB
[native-refit] event-pure-760930003 updates=7184/9000 applied=7184 skipped=0 loss=0.07806902378797531 budget=326.5/1800s ETA=82.5s CUDA=44.2MiB
[native-refit] event-pure-760930003 updates=7299/9000 applied=7299 skipped=0 loss=0.06956540048122406 budget=331.5/1800s ETA=77.3s CUDA=44.2MiB
[native-refit] event-pure-760930003 updates=7410/9000 applied=7410 skipped=0 loss=0.14995194971561432 budget=336.6/1800s ETA=72.2s CUDA=44.2MiB
[native-refit] event-pure-760930003 updates=7520/9000 applied=7520 skipped=0 loss=0.06766203790903091 budget=341.6/1800s ETA=67.2s CUDA=44.2MiB
[native-refit] event-pure-760930003 updates=7633/9000 applied=7633 skipped=0 loss=0.05975520983338356 budget=346.6/1800s ETA=62.1s CUDA=44.2MiB
[native-refit] event-pure-760930003 updates=7739/9000 applied=7739 skipped=0 loss=0.06656602770090103 budget=351.7/1800s ETA=57.3s CUDA=44.2MiB
[native-refit] event-pure-760930003 updates=7849/9000 applied=7849 skipped=0 loss=0.07833454012870789 budget=356.7/1800s ETA=52.3s CUDA=44.2MiB
[native-refit] event-pure-760930003 updates=7959/9000 applied=7959 skipped=0 loss=0.057625867426395416 budget=361.7/1800s ETA=47.3s CUDA=44.2MiB
[native-refit] event-pure-760930003 updates=8069/9000 applied=8069 skipped=0 loss=0.06246528774499893 budget=366.7/1800s ETA=42.3s CUDA=44.2MiB
[native-refit] event-pure-760930003 updates=8181/9000 applied=8181 skipped=0 loss=0.08912381529808044 budget=371.7/1800s ETA=37.2s CUDA=44.2MiB
[native-refit] event-pure-760930003 updates=8290/9000 applied=8290 skipped=0 loss=0.07884492725133896 budget=376.8/1800s ETA=32.3s CUDA=44.2MiB
[native-refit] event-pure-760930003 updates=8401/9000 applied=8401 skipped=0 loss=0.05868608132004738 budget=381.8/1800s ETA=27.2s CUDA=44.2MiB
[native-refit] event-pure-760930003 updates=8506/9000 applied=8506 skipped=0 loss=0.05573278293013573 budget=386.8/1800s ETA=22.5s CUDA=44.2MiB
[native-refit] event-pure-760930003 updates=8614/9000 applied=8614 skipped=0 loss=0.06740018725395203 budget=391.8/1800s ETA=17.6s CUDA=44.2MiB
[native-refit] event-pure-760930003 updates=8723/9000 applied=8723 skipped=0 loss=0.05887593328952789 budget=396.9/1800s ETA=12.6s CUDA=44.2MiB
[native-refit] event-pure-760930003 updates=8831/9000 applied=8831 skipped=0 loss=0.046070750802755356 budget=401.9/1800s ETA=7.7s CUDA=44.2MiB
[native-refit] event-pure-760930003 updates=8940/9000 applied=8940 skipped=0 loss=0.04799281060695648 budget=406.9/1800s ETA=2.7s CUDA=44.2MiB
[native-refit] event-pure-760930003 updates=9000/9000 applied=9000 skipped=0 loss=0.040516238659620285 budget=409.7/1800s ETA=0.0s CUDA=44.2MiB
[native-refit] selector-pure-760930003 updates=173/2000 applied=173 skipped=0 loss=0.0796658843755722 budget=5.0/1800s ETA=53.0s CUDA=29.0MiB
[native-refit] selector-pure-760930003 updates=353/2000 applied=353 skipped=0 loss=0.2086203396320343 budget=10.0/1800s ETA=46.7s CUDA=29.0MiB
[native-refit] selector-pure-760930003 updates=530/2000 applied=530 skipped=0 loss=0.13603699207305908 budget=15.0/1800s ETA=41.7s CUDA=29.0MiB
[native-refit] selector-pure-760930003 updates=709/2000 applied=709 skipped=0 loss=0.13524891436100006 budget=20.0/1800s ETA=36.5s CUDA=29.0MiB
[native-refit] selector-pure-760930003 updates=888/2000 applied=888 skipped=0 loss=0.04690895974636078 budget=25.0/1800s ETA=31.4s CUDA=29.0MiB
[native-refit] selector-pure-760930003 updates=1061/2000 applied=1061 skipped=0 loss=0.11416452378034592 budget=30.0/1800s ETA=26.6s CUDA=29.0MiB
[native-refit] selector-pure-760930003 updates=1241/2000 applied=1241 skipped=0 loss=0.2089020013809204 budget=35.1/1800s ETA=21.4s CUDA=29.0MiB
[native-refit] selector-pure-760930003 updates=1417/2000 applied=1417 skipped=0 loss=0.20859086513519287 budget=40.1/1800s ETA=16.5s CUDA=29.0MiB
[native-refit] selector-pure-760930003 updates=1600/2000 applied=1600 skipped=0 loss=0.0849328339099884 budget=45.1/1800s ETA=11.3s CUDA=29.0MiB
[native-refit] selector-pure-760930003 updates=1781/2000 applied=1781 skipped=0 loss=0.11324144154787064 budget=50.1/1800s ETA=6.2s CUDA=29.0MiB
[native-refit] selector-pure-760930003 updates=1958/2000 applied=1958 skipped=0 loss=0.0533289760351181 budget=55.1/1800s ETA=1.2s CUDA=29.0MiB
[native-refit] selector-pure-760930003 updates=2000/2000 applied=2000 skipped=0 loss=0.09483537077903748 budget=56.3/1800s ETA=0.0s CUDA=29.0MiB
[native-refit] conditioned event engineering promising=False checks={'complete_finite_score_inventory': True, 'useful_clear_hits': True, 'beats_primary_pure': False, 'beats_same_hybrid_fixed': False, 'beats_no_model': False, 'nondegenerate_mode_use': True, 'nondegenerate_horizon_use': False, 'matched_primary_pure_compute': True}
