[native-refit] event initial carriers=64/2600
[native-refit] event initial carriers=128/2600
[native-refit] event initial carriers=192/2600
[native-refit] event initial carriers=256/2600
[native-refit] event initial carriers=320/2600
[native-refit] event initial carriers=384/2600
[native-refit] event initial carriers=448/2600
[native-refit] event initial carriers=512/2600
[native-refit] event initial carriers=576/2600
[native-refit] event initial carriers=640/2600
[native-refit] event initial carriers=704/2600
[native-refit] event initial carriers=768/2600
[native-refit] event initial carriers=832/2600
[native-refit] event initial carriers=896/2600
[native-refit] event initial carriers=960/2600
[native-refit] event initial carriers=1024/2600
[native-refit] event initial carriers=1088/2600
[native-refit] event initial carriers=1152/2600
[native-refit] event initial carriers=1216/2600
[native-refit] event initial carriers=1280/2600
[native-refit] event initial carriers=1344/2600
[native-refit] event initial carriers=1408/2600
[native-refit] event initial carriers=1472/2600
[native-refit] event initial carriers=1536/2600
[native-refit] event initial carriers=1600/2600
[native-refit] event initial carriers=1664/2600
[native-refit] event initial carriers=1728/2600
[native-refit] event initial carriers=1792/2600
[native-refit] event initial carriers=1856/2600
[native-refit] event initial carriers=1920/2600
[native-refit] event initial carriers=1984/2600
[native-refit] event initial carriers=2048/2600
[native-refit] event initial carriers=2112/2600
[native-refit] event initial carriers=2176/2600
[native-refit] event initial carriers=2240/2600
[native-refit] event initial carriers=2304/2600
[native-refit] event initial carriers=2368/2600
[native-refit] event initial carriers=2432/2600
[native-refit] event initial carriers=2496/2600
[native-refit] event initial carriers=2560/2600
[native-refit] event initial carriers=2600/2600
[native-refit] balanced event features seed=760930001 arm=hybrid pair=fixed-50-continuous
[native-refit] balanced event features seed=760930001 arm=hybrid pair=fixed-50-micro
[native-refit] balanced event features seed=760930001 arm=hybrid pair=fixed-50-macro
[native-refit] balanced event features seed=760930001 arm=hybrid pair=fixed-250-continuous
[native-refit] balanced event features seed=760930001 arm=hybrid pair=fixed-250-micro
[native-refit] balanced event features seed=760930001 arm=hybrid pair=fixed-250-macro
[native-refit] balanced event features seed=760930001 arm=hybrid pair=fixed-750-continuous
[native-refit] balanced event features seed=760930001 arm=hybrid pair=fixed-750-micro
[native-refit] balanced event features seed=760930001 arm=hybrid pair=fixed-750-macro
[native-refit] balanced event features seed=760930001 arm=pure pair=fixed-50-continuous
[native-refit] balanced event features seed=760930001 arm=pure pair=fixed-250-continuous
[native-refit] balanced event features seed=760930001 arm=pure pair=fixed-750-continuous
[native-refit] event initial carriers=64/2600
[native-refit] event initial carriers=128/2600
[native-refit] event initial carriers=192/2600
[native-refit] event initial carriers=256/2600
[native-refit] event initial carriers=320/2600
[native-refit] event initial carriers=384/2600
[native-refit] event initial carriers=448/2600
[native-refit] event initial carriers=512/2600
[native-refit] event initial carriers=576/2600
[native-refit] event initial carriers=640/2600
[native-refit] event initial carriers=704/2600
[native-refit] event initial carriers=768/2600
[native-refit] event initial carriers=832/2600
[native-refit] event initial carriers=896/2600
[native-refit] event initial carriers=960/2600
[native-refit] event initial carriers=1024/2600
[native-refit] event initial carriers=1088/2600
[native-refit] event initial carriers=1152/2600
[native-refit] event initial carriers=1216/2600
[native-refit] event initial carriers=1280/2600
[native-refit] event initial carriers=1344/2600
[native-refit] event initial carriers=1408/2600
[native-refit] event initial carriers=1472/2600
[native-refit] event initial carriers=1536/2600
[native-refit] event initial carriers=1600/2600
[native-refit] event initial carriers=1664/2600
[native-refit] event initial carriers=1728/2600
[native-refit] event initial carriers=1792/2600
[native-refit] event initial carriers=1856/2600
[native-refit] event initial carriers=1920/2600
[native-refit] event initial carriers=1984/2600
[native-refit] event initial carriers=2048/2600
[native-refit] event initial carriers=2112/2600
[native-refit] event initial carriers=2176/2600
[native-refit] event initial carriers=2240/2600
[native-refit] event initial carriers=2304/2600
[native-refit] event initial carriers=2368/2600
[native-refit] event initial carriers=2432/2600
[native-refit] event initial carriers=2496/2600
[native-refit] event initial carriers=2560/2600
[native-refit] event initial carriers=2600/2600
[native-refit] balanced event features seed=760930002 arm=hybrid pair=fixed-50-continuous
[native-refit] balanced event features seed=760930002 arm=hybrid pair=fixed-50-micro
[native-refit] balanced event features seed=760930002 arm=hybrid pair=fixed-50-macro
[native-refit] balanced event features seed=760930002 arm=hybrid pair=fixed-250-continuous
[native-refit] balanced event features seed=760930002 arm=hybrid pair=fixed-250-micro
[native-refit] balanced event features seed=760930002 arm=hybrid pair=fixed-250-macro
[native-refit] balanced event features seed=760930002 arm=hybrid pair=fixed-750-continuous
[native-refit] balanced event features seed=760930002 arm=hybrid pair=fixed-750-micro
[native-refit] balanced event features seed=760930002 arm=hybrid pair=fixed-750-macro
[native-refit] balanced event features seed=760930002 arm=pure pair=fixed-50-continuous
[native-refit] balanced event features seed=760930002 arm=pure pair=fixed-250-continuous
[native-refit] balanced event features seed=760930002 arm=pure pair=fixed-750-continuous
[native-refit] event initial carriers=64/2600
[native-refit] event initial carriers=128/2600
[native-refit] event initial carriers=192/2600
[native-refit] event initial carriers=256/2600
[native-refit] event initial carriers=320/2600
[native-refit] event initial carriers=384/2600
[native-refit] event initial carriers=448/2600
[native-refit] event initial carriers=512/2600
[native-refit] event initial carriers=576/2600
[native-refit] event initial carriers=640/2600
[native-refit] event initial carriers=704/2600
[native-refit] event initial carriers=768/2600
[native-refit] event initial carriers=832/2600
[native-refit] event initial carriers=896/2600
[native-refit] event initial carriers=960/2600
[native-refit] event initial carriers=1024/2600
[native-refit] event initial carriers=1088/2600
[native-refit] event initial carriers=1152/2600
[native-refit] event initial carriers=1216/2600
[native-refit] event initial carriers=1280/2600
[native-refit] event initial carriers=1344/2600
[native-refit] event initial carriers=1408/2600
[native-refit] event initial carriers=1472/2600
[native-refit] event initial carriers=1536/2600
[native-refit] event initial carriers=1600/2600
[native-refit] event initial carriers=1664/2600
[native-refit] event initial carriers=1728/2600
[native-refit] event initial carriers=1792/2600
[native-refit] event initial carriers=1856/2600
[native-refit] event initial carriers=1920/2600
[native-refit] event initial carriers=1984/2600
[native-refit] event initial carriers=2048/2600
[native-refit] event initial carriers=2112/2600
[native-refit] event initial carriers=2176/2600
[native-refit] event initial carriers=2240/2600
[native-refit] event initial carriers=2304/2600
[native-refit] event initial carriers=2368/2600
[native-refit] event initial carriers=2432/2600
[native-refit] event initial carriers=2496/2600
[native-refit] event initial carriers=2560/2600
[native-refit] event initial carriers=2600/2600
[native-refit] balanced event features seed=760930003 arm=hybrid pair=fixed-50-continuous
[native-refit] balanced event features seed=760930003 arm=hybrid pair=fixed-50-micro
[native-refit] balanced event features seed=760930003 arm=hybrid pair=fixed-50-macro
[native-refit] balanced event features seed=760930003 arm=hybrid pair=fixed-250-continuous
[native-refit] balanced event features seed=760930003 arm=hybrid pair=fixed-250-micro
[native-refit] balanced event features seed=760930003 arm=hybrid pair=fixed-250-macro
[native-refit] balanced event features seed=760930003 arm=hybrid pair=fixed-750-continuous
[native-refit] balanced event features seed=760930003 arm=hybrid pair=fixed-750-micro
[native-refit] balanced event features seed=760930003 arm=hybrid pair=fixed-750-macro
[native-refit] balanced event features seed=760930003 arm=pure pair=fixed-50-continuous
[native-refit] balanced event features seed=760930003 arm=pure pair=fixed-250-continuous
[native-refit] balanced event features seed=760930003 arm=pure pair=fixed-750-continuous
[native-refit] event-hybrid-760930001 updates=178/4500 applied=178 skipped=0 loss=1.2478232383728027 budget=5.0/1800s ETA=121.9s CUDA=20.4MiB
[native-refit] event-hybrid-760930001 updates=359/4500 applied=359 skipped=0 loss=1.1388192176818848 budget=10.0/1800s ETA=115.7s CUDA=20.4MiB
[native-refit] event-hybrid-760930001 updates=537/4500 applied=537 skipped=0 loss=0.719395101070404 budget=15.0/1800s ETA=110.9s CUDA=20.4MiB
[native-refit] event-hybrid-760930001 updates=720/4500 applied=720 skipped=0 loss=4.101622581481934 budget=20.0/1800s ETA=105.2s CUDA=20.4MiB
[native-refit] event-hybrid-760930001 updates=910/4500 applied=910 skipped=0 loss=1.3602664470672607 budget=25.0/1800s ETA=98.8s CUDA=20.4MiB
[native-refit] event-hybrid-760930001 updates=1085/4500 applied=1085 skipped=0 loss=0.8234397172927856 budget=30.1/1800s ETA=94.7s CUDA=20.4MiB
[native-refit] event-hybrid-760930001 updates=1265/4500 applied=1265 skipped=0 loss=1.4062111377716064 budget=35.1/1800s ETA=89.7s CUDA=20.4MiB
[native-refit] event-hybrid-760930001 updates=1447/4500 applied=1447 skipped=0 loss=1.45577073097229 budget=40.1/1800s ETA=84.6s CUDA=20.4MiB
[native-refit] event-hybrid-760930001 updates=1629/4500 applied=1629 skipped=0 loss=0.7164717316627502 budget=45.1/1800s ETA=79.5s CUDA=20.4MiB
[native-refit] event-hybrid-760930001 updates=1815/4500 applied=1815 skipped=0 loss=1.2038464546203613 budget=50.1/1800s ETA=74.2s CUDA=20.4MiB
[native-refit] event-hybrid-760930001 updates=1998/4500 applied=1998 skipped=0 loss=3.903886079788208 budget=55.2/1800s ETA=69.1s CUDA=20.4MiB
[native-refit] event-hybrid-760930001 updates=2179/4500 applied=2179 skipped=0 loss=1.0935953855514526 budget=60.2/1800s ETA=64.1s CUDA=20.4MiB
[native-refit] event-hybrid-760930001 updates=2365/4500 applied=2365 skipped=0 loss=1.152979850769043 budget=65.2/1800s ETA=58.8s CUDA=20.4MiB
[native-refit] event-hybrid-760930001 updates=2543/4500 applied=2543 skipped=0 loss=1.3402920961380005 budget=70.2/1800s ETA=54.0s CUDA=20.4MiB
[native-refit] event-hybrid-760930001 updates=2729/4500 applied=2729 skipped=0 loss=0.6974737048149109 budget=75.2/1800s ETA=48.8s CUDA=20.4MiB
[native-refit] event-hybrid-760930001 updates=2914/4500 applied=2914 skipped=0 loss=1.1137791872024536 budget=80.2/1800s ETA=43.7s CUDA=20.4MiB
[native-refit] event-hybrid-760930001 updates=3095/4500 applied=3095 skipped=0 loss=1.1298465728759766 budget=85.2/1800s ETA=38.7s CUDA=20.4MiB
[native-refit] event-hybrid-760930001 updates=3275/4500 applied=3275 skipped=0 loss=1.1734920740127563 budget=90.3/1800s ETA=33.8s CUDA=20.4MiB
[native-refit] event-hybrid-760930001 updates=3447/4500 applied=3447 skipped=0 loss=1.1879979372024536 budget=95.3/1800s ETA=29.1s CUDA=20.4MiB
[native-refit] event-hybrid-760930001 updates=3631/4500 applied=3631 skipped=0 loss=0.7094078063964844 budget=100.3/1800s ETA=24.0s CUDA=20.4MiB
[native-refit] event-hybrid-760930001 updates=3816/4500 applied=3816 skipped=0 loss=4.053572654724121 budget=105.3/1800s ETA=18.9s CUDA=20.4MiB
[native-refit] event-hybrid-760930001 updates=3999/4500 applied=3999 skipped=0 loss=4.082281112670898 budget=110.3/1800s ETA=13.8s CUDA=20.4MiB
[native-refit] event-hybrid-760930001 updates=4179/4500 applied=4179 skipped=0 loss=1.1086759567260742 budget=115.4/1800s ETA=8.9s CUDA=20.4MiB
[native-refit] event-hybrid-760930001 updates=4359/4500 applied=4359 skipped=0 loss=1.426547884941101 budget=120.4/1800s ETA=3.9s CUDA=20.4MiB
[native-refit] event-hybrid-760930001 updates=4500/4500 applied=4500 skipped=0 loss=1.3318352699279785 budget=124.3/1800s ETA=0.0s CUDA=20.4MiB
[native-refit] selector-hybrid-760930001 updates=185/2000 applied=185 skipped=0 loss=0.43988922238349915 budget=5.0/1800s ETA=49.1s CUDA=20.8MiB
[native-refit] selector-hybrid-760930001 updates=371/2000 applied=371 skipped=0 loss=0.3388112187385559 budget=10.0/1800s ETA=44.1s CUDA=20.8MiB
[native-refit] selector-hybrid-760930001 updates=557/2000 applied=557 skipped=0 loss=0.31719887256622314 budget=15.0/1800s ETA=39.0s CUDA=20.8MiB
[native-refit] selector-hybrid-760930001 updates=739/2000 applied=739 skipped=0 loss=0.39741477370262146 budget=20.0/1800s ETA=34.2s CUDA=20.8MiB
[native-refit] selector-hybrid-760930001 updates=915/2000 applied=915 skipped=0 loss=0.21128645539283752 budget=25.1/1800s ETA=29.7s CUDA=20.8MiB
[native-refit] selector-hybrid-760930001 updates=1096/2000 applied=1096 skipped=0 loss=0.21914121508598328 budget=30.1/1800s ETA=24.8s CUDA=20.8MiB
[native-refit] selector-hybrid-760930001 updates=1277/2000 applied=1277 skipped=0 loss=0.1712750494480133 budget=35.1/1800s ETA=19.9s CUDA=20.8MiB
[native-refit] selector-hybrid-760930001 updates=1459/2000 applied=1459 skipped=0 loss=0.10043759644031525 budget=40.1/1800s ETA=14.9s CUDA=20.8MiB
[native-refit] selector-hybrid-760930001 updates=1640/2000 applied=1640 skipped=0 loss=0.3013930916786194 budget=45.1/1800s ETA=9.9s CUDA=20.8MiB
[native-refit] selector-hybrid-760930001 updates=1822/2000 applied=1822 skipped=0 loss=0.23372921347618103 budget=50.1/1800s ETA=4.9s CUDA=20.8MiB
[native-refit] selector-hybrid-760930001 updates=1998/2000 applied=1998 skipped=0 loss=0.2491721659898758 budget=55.1/1800s ETA=0.1s CUDA=20.8MiB
[native-refit] selector-hybrid-760930001 updates=2000/2000 applied=2000 skipped=0 loss=0.2511308491230011 budget=55.3/1800s ETA=0.0s CUDA=20.8MiB
[native-refit] event-pure-760930001 updates=175/4500 applied=175 skipped=0 loss=1.1331233978271484 budget=5.0/1800s ETA=124.2s CUDA=22.5MiB
[native-refit] event-pure-760930001 updates=348/4500 applied=348 skipped=0 loss=6.604024887084961 budget=10.0/1800s ETA=119.9s CUDA=22.5MiB
[native-refit] event-pure-760930001 updates=526/4500 applied=526 skipped=0 loss=0.766549289226532 budget=15.0/1800s ETA=113.9s CUDA=22.5MiB
[native-refit] event-pure-760930001 updates=703/4500 applied=703 skipped=0 loss=1.4819538593292236 budget=20.1/1800s ETA=108.5s CUDA=22.5MiB
[native-refit] event-pure-760930001 updates=882/4500 applied=882 skipped=0 loss=1.1157498359680176 budget=25.1/1800s ETA=102.9s CUDA=22.5MiB
[native-refit] event-pure-760930001 updates=1056/4500 applied=1056 skipped=0 loss=1.4546440839767456 budget=30.1/1800s ETA=98.2s CUDA=22.5MiB
[native-refit] event-pure-760930001 updates=1237/4500 applied=1237 skipped=0 loss=0.6585065126419067 budget=35.1/1800s ETA=92.7s CUDA=22.5MiB
[native-refit] event-pure-760930001 updates=1415/4500 applied=1415 skipped=0 loss=0.9166841506958008 budget=40.1/1800s ETA=87.5s CUDA=22.5MiB
[native-refit] event-pure-760930001 updates=1602/4500 applied=1602 skipped=0 loss=1.5129352807998657 budget=45.2/1800s ETA=81.7s CUDA=22.5MiB
[native-refit] event-pure-760930001 updates=1784/4500 applied=1784 skipped=0 loss=1.3517500162124634 budget=50.2/1800s ETA=76.4s CUDA=22.5MiB
[native-refit] event-pure-760930001 updates=1972/4500 applied=1972 skipped=0 loss=1.2805631160736084 budget=55.2/1800s ETA=70.8s CUDA=22.5MiB
[native-refit] event-pure-760930001 updates=2154/4500 applied=2154 skipped=0 loss=1.3300100564956665 budget=60.2/1800s ETA=65.6s CUDA=22.5MiB
[native-refit] event-pure-760930001 updates=2335/4500 applied=2335 skipped=0 loss=0.7587836384773254 budget=65.2/1800s ETA=60.5s CUDA=22.5MiB
[native-refit] event-pure-760930001 updates=2517/4500 applied=2517 skipped=0 loss=1.2725495100021362 budget=70.2/1800s ETA=55.4s CUDA=22.5MiB
[native-refit] event-pure-760930001 updates=2705/4500 applied=2705 skipped=0 loss=1.2401697635650635 budget=75.3/1800s ETA=49.9s CUDA=22.5MiB
[native-refit] event-pure-760930001 updates=2890/4500 applied=2890 skipped=0 loss=4.011266708374023 budget=80.3/1800s ETA=44.7s CUDA=22.5MiB
[native-refit] event-pure-760930001 updates=3071/4500 applied=3071 skipped=0 loss=1.3447846174240112 budget=85.3/1800s ETA=39.7s CUDA=22.5MiB
[native-refit] event-pure-760930001 updates=3255/4500 applied=3255 skipped=0 loss=1.1070194244384766 budget=90.3/1800s ETA=34.5s CUDA=22.5MiB
[native-refit] event-pure-760930001 updates=3437/4500 applied=3437 skipped=0 loss=0.6553700566291809 budget=95.3/1800s ETA=29.5s CUDA=22.5MiB
[native-refit] event-pure-760930001 updates=3621/4500 applied=3621 skipped=0 loss=0.7900623679161072 budget=100.3/1800s ETA=24.4s CUDA=22.5MiB
[native-refit] event-pure-760930001 updates=3803/4500 applied=3803 skipped=0 loss=1.2495802640914917 budget=105.4/1800s ETA=19.3s CUDA=22.5MiB
[native-refit] event-pure-760930001 updates=3976/4500 applied=3976 skipped=0 loss=1.0569761991500854 budget=110.4/1800s ETA=14.6s CUDA=22.5MiB
[native-refit] event-pure-760930001 updates=4154/4500 applied=4154 skipped=0 loss=1.1631948947906494 budget=115.4/1800s ETA=9.6s CUDA=22.5MiB
[native-refit] event-pure-760930001 updates=4331/4500 applied=4331 skipped=0 loss=0.6835389733314514 budget=120.4/1800s ETA=4.7s CUDA=22.5MiB
[native-refit] event-pure-760930001 updates=4500/4500 applied=4500 skipped=0 loss=1.4164091348648071 budget=125.2/1800s ETA=0.0s CUDA=22.5MiB
[native-refit] selector-pure-760930001 updates=181/2000 applied=181 skipped=0 loss=0.33881819248199463 budget=5.0/1800s ETA=50.3s CUDA=20.8MiB
[native-refit] selector-pure-760930001 updates=358/2000 applied=358 skipped=0 loss=0.2777738869190216 budget=10.0/1800s ETA=45.9s CUDA=20.8MiB
[native-refit] selector-pure-760930001 updates=537/2000 applied=537 skipped=0 loss=0.26341140270233154 budget=15.0/1800s ETA=41.0s CUDA=20.8MiB
[native-refit] selector-pure-760930001 updates=724/2000 applied=724 skipped=0 loss=0.15618270635604858 budget=20.0/1800s ETA=35.3s CUDA=20.8MiB
[native-refit] selector-pure-760930001 updates=906/2000 applied=906 skipped=0 loss=0.1901455968618393 budget=25.1/1800s ETA=30.3s CUDA=20.8MiB
[native-refit] selector-pure-760930001 updates=1091/2000 applied=1091 skipped=0 loss=0.18019026517868042 budget=30.1/1800s ETA=25.1s CUDA=20.8MiB
[native-refit] selector-pure-760930001 updates=1267/2000 applied=1267 skipped=0 loss=0.2142849713563919 budget=35.1/1800s ETA=20.3s CUDA=20.8MiB
[native-refit] selector-pure-760930001 updates=1446/2000 applied=1446 skipped=0 loss=0.15734903514385223 budget=40.1/1800s ETA=15.4s CUDA=20.8MiB
[native-refit] selector-pure-760930001 updates=1622/2000 applied=1622 skipped=0 loss=0.1969863921403885 budget=45.1/1800s ETA=10.5s CUDA=20.8MiB
[native-refit] selector-pure-760930001 updates=1809/2000 applied=1809 skipped=0 loss=0.20260216295719147 budget=50.2/1800s ETA=5.3s CUDA=20.8MiB
[native-refit] selector-pure-760930001 updates=1992/2000 applied=1992 skipped=0 loss=0.17439410090446472 budget=55.2/1800s ETA=0.2s CUDA=20.8MiB
[native-refit] selector-pure-760930001 updates=2000/2000 applied=2000 skipped=0 loss=0.20457583665847778 budget=55.4/1800s ETA=0.0s CUDA=20.8MiB
[native-refit] event-hybrid-760930002 updates=184/4500 applied=184 skipped=0 loss=1.1557538509368896 budget=5.0/1800s ETA=117.4s CUDA=22.5MiB
[native-refit] event-hybrid-760930002 updates=364/4500 applied=364 skipped=0 loss=1.3360073566436768 budget=10.0/1800s ETA=114.1s CUDA=22.5MiB
[native-refit] event-hybrid-760930002 updates=549/4500 applied=549 skipped=0 loss=0.7345355749130249 budget=15.0/1800s ETA=108.3s CUDA=22.5MiB
[native-refit] event-hybrid-760930002 updates=722/4500 applied=722 skipped=0 loss=1.012392520904541 budget=20.0/1800s ETA=104.9s CUDA=22.5MiB
[native-refit] event-hybrid-760930002 updates=898/4500 applied=898 skipped=0 loss=4.49067497253418 budget=25.0/1800s ETA=100.5s CUDA=22.5MiB
[native-refit] event-hybrid-760930002 updates=1081/4500 applied=1081 skipped=0 loss=5.270287990570068 budget=30.1/1800s ETA=95.1s CUDA=22.5MiB
[native-refit] event-hybrid-760930002 updates=1270/4500 applied=1270 skipped=0 loss=1.1131930351257324 budget=35.1/1800s ETA=89.2s CUDA=22.5MiB
[native-refit] event-hybrid-760930002 updates=1456/4500 applied=1456 skipped=0 loss=1.2573639154434204 budget=40.1/1800s ETA=83.9s CUDA=22.5MiB
[native-refit] event-hybrid-760930002 updates=1629/4500 applied=1629 skipped=0 loss=0.6935694813728333 budget=45.1/1800s ETA=79.5s CUDA=22.5MiB
[native-refit] event-hybrid-760930002 updates=1816/4500 applied=1816 skipped=0 loss=3.9922127723693848 budget=50.1/1800s ETA=74.1s CUDA=22.5MiB
[native-refit] event-hybrid-760930002 updates=1996/4500 applied=1996 skipped=0 loss=1.4208513498306274 budget=55.1/1800s ETA=69.2s CUDA=22.5MiB
[native-refit] event-hybrid-760930002 updates=2174/4500 applied=2174 skipped=0 loss=1.1105589866638184 budget=60.1/1800s ETA=64.4s CUDA=22.5MiB
[native-refit] event-hybrid-760930002 updates=2349/4500 applied=2349 skipped=0 loss=1.440649390220642 budget=65.1/1800s ETA=59.7s CUDA=22.5MiB
[native-refit] event-hybrid-760930002 updates=2535/4500 applied=2535 skipped=0 loss=0.744140088558197 budget=70.2/1800s ETA=54.4s CUDA=22.5MiB
[native-refit] event-hybrid-760930002 updates=2715/4500 applied=2715 skipped=0 loss=0.9163163900375366 budget=75.2/1800s ETA=49.4s CUDA=22.5MiB
[native-refit] event-hybrid-760930002 updates=2895/4500 applied=2895 skipped=0 loss=1.0983476638793945 budget=80.2/1800s ETA=44.5s CUDA=22.5MiB
[native-refit] event-hybrid-760930002 updates=3073/4500 applied=3073 skipped=0 loss=1.1093084812164307 budget=85.2/1800s ETA=39.6s CUDA=22.5MiB
[native-refit] event-hybrid-760930002 updates=3258/4500 applied=3258 skipped=0 loss=1.1960444450378418 budget=90.2/1800s ETA=34.4s CUDA=22.5MiB
[native-refit] event-hybrid-760930002 updates=3442/4500 applied=3442 skipped=0 loss=3.907548427581787 budget=95.2/1800s ETA=29.3s CUDA=22.5MiB
[native-refit] event-hybrid-760930002 updates=3627/4500 applied=3627 skipped=0 loss=0.6528820991516113 budget=100.2/1800s ETA=24.1s CUDA=22.5MiB
[native-refit] event-hybrid-760930002 updates=3807/4500 applied=3807 skipped=0 loss=1.2452689409255981 budget=105.2/1800s ETA=19.2s CUDA=22.5MiB
[native-refit] event-hybrid-760930002 updates=3990/4500 applied=3990 skipped=0 loss=4.5250773429870605 budget=110.3/1800s ETA=14.1s CUDA=22.5MiB
[native-refit] event-hybrid-760930002 updates=4174/4500 applied=4174 skipped=0 loss=1.0856343507766724 budget=115.3/1800s ETA=9.0s CUDA=22.5MiB
[native-refit] event-hybrid-760930002 updates=4350/4500 applied=4350 skipped=0 loss=4.522382736206055 budget=120.3/1800s ETA=4.1s CUDA=22.5MiB
[native-refit] event-hybrid-760930002 updates=4500/4500 applied=4500 skipped=0 loss=1.3986520767211914 budget=124.6/1800s ETA=0.0s CUDA=22.5MiB
[native-refit] selector-hybrid-760930002 updates=180/2000 applied=180 skipped=0 loss=0.46755295991897583 budget=5.0/1800s ETA=50.7s CUDA=20.8MiB
[native-refit] selector-hybrid-760930002 updates=361/2000 applied=361 skipped=0 loss=0.27882638573646545 budget=10.0/1800s ETA=45.6s CUDA=20.8MiB
[native-refit] selector-hybrid-760930002 updates=542/2000 applied=542 skipped=0 loss=0.34734177589416504 budget=15.0/1800s ETA=40.5s CUDA=20.8MiB
[native-refit] selector-hybrid-760930002 updates=727/2000 applied=727 skipped=0 loss=0.2782447338104248 budget=20.0/1800s ETA=35.1s CUDA=20.8MiB
[native-refit] selector-hybrid-760930002 updates=910/2000 applied=910 skipped=0 loss=0.3296012282371521 budget=25.1/1800s ETA=30.0s CUDA=20.8MiB
[native-refit] selector-hybrid-760930002 updates=1094/2000 applied=1094 skipped=0 loss=0.31777966022491455 budget=30.1/1800s ETA=24.9s CUDA=20.8MiB
[native-refit] selector-hybrid-760930002 updates=1266/2000 applied=1266 skipped=0 loss=0.2561027705669403 budget=35.1/1800s ETA=20.3s CUDA=20.8MiB
[native-refit] selector-hybrid-760930002 updates=1443/2000 applied=1443 skipped=0 loss=0.17661593854427338 budget=40.1/1800s ETA=15.5s CUDA=20.8MiB
[native-refit] selector-hybrid-760930002 updates=1622/2000 applied=1622 skipped=0 loss=0.30621370673179626 budget=45.1/1800s ETA=10.5s CUDA=20.8MiB
[native-refit] selector-hybrid-760930002 updates=1802/2000 applied=1802 skipped=0 loss=0.2364092618227005 budget=50.1/1800s ETA=5.5s CUDA=20.8MiB
[native-refit] selector-hybrid-760930002 updates=1986/2000 applied=1986 skipped=0 loss=0.289903849363327 budget=55.1/1800s ETA=0.4s CUDA=20.8MiB
[native-refit] selector-hybrid-760930002 updates=2000/2000 applied=2000 skipped=0 loss=0.306864470243454 budget=55.5/1800s ETA=0.0s CUDA=20.8MiB
[native-refit] event-pure-760930002 updates=179/4500 applied=179 skipped=0 loss=1.185956358909607 budget=5.0/1800s ETA=121.2s CUDA=22.5MiB
[native-refit] event-pure-760930002 updates=356/4500 applied=356 skipped=0 loss=1.348183512687683 budget=10.0/1800s ETA=116.8s CUDA=22.5MiB
[native-refit] event-pure-760930002 updates=532/4500 applied=532 skipped=0 loss=0.733234167098999 budget=15.0/1800s ETA=112.3s CUDA=22.5MiB
[native-refit] event-pure-760930002 updates=704/4500 applied=704 skipped=0 loss=1.0267518758773804 budget=20.1/1800s ETA=108.2s CUDA=22.5MiB
[native-refit] event-pure-760930002 updates=889/4500 applied=889 skipped=0 loss=4.851144790649414 budget=25.1/1800s ETA=101.9s CUDA=22.5MiB
[native-refit] event-pure-760930002 updates=1066/4500 applied=1066 skipped=0 loss=0.9102230668067932 budget=30.1/1800s ETA=96.9s CUDA=22.5MiB
[native-refit] event-pure-760930002 updates=1247/4500 applied=1247 skipped=0 loss=1.321364164352417 budget=35.1/1800s ETA=91.6s CUDA=22.5MiB
[native-refit] event-pure-760930002 updates=1433/4500 applied=1433 skipped=0 loss=0.648945152759552 budget=40.1/1800s ETA=85.9s CUDA=22.5MiB
[native-refit] event-pure-760930002 updates=1605/4500 applied=1605 skipped=0 loss=0.7828161716461182 budget=45.1/1800s ETA=81.4s CUDA=22.5MiB
[native-refit] event-pure-760930002 updates=1785/4500 applied=1785 skipped=0 loss=1.3986711502075195 budget=50.1/1800s ETA=76.3s CUDA=22.5MiB
[native-refit] event-pure-760930002 updates=1968/4500 applied=1968 skipped=0 loss=1.0501165390014648 budget=55.2/1800s ETA=71.0s CUDA=22.5MiB
[native-refit] event-pure-760930002 updates=2146/4500 applied=2146 skipped=0 loss=1.103123426437378 budget=60.2/1800s ETA=66.0s CUDA=22.5MiB
[native-refit] event-pure-760930002 updates=2330/4500 applied=2330 skipped=0 loss=0.6555885076522827 budget=65.2/1800s ETA=60.7s CUDA=22.5MiB
[native-refit] event-pure-760930002 updates=2516/4500 applied=2516 skipped=0 loss=3.674715995788574 budget=70.2/1800s ETA=55.4s CUDA=22.5MiB
[native-refit] event-pure-760930002 updates=2699/4500 applied=2699 skipped=0 loss=3.8097054958343506 budget=75.2/1800s ETA=50.2s CUDA=22.5MiB
[native-refit] event-pure-760930002 updates=2876/4500 applied=2876 skipped=0 loss=0.8118747472763062 budget=80.3/1800s ETA=45.3s CUDA=22.5MiB
[native-refit] event-pure-760930002 updates=3058/4500 applied=3058 skipped=0 loss=1.1979843378067017 budget=85.3/1800s ETA=40.2s CUDA=22.5MiB
[native-refit] event-pure-760930002 updates=3235/4500 applied=3235 skipped=0 loss=0.7396776676177979 budget=90.3/1800s ETA=35.3s CUDA=22.5MiB
[native-refit] event-pure-760930002 updates=3415/4500 applied=3415 skipped=0 loss=0.7457208633422852 budget=95.3/1800s ETA=30.3s CUDA=22.5MiB
[native-refit] event-pure-760930002 updates=3601/4500 applied=3601 skipped=0 loss=0.7376853227615356 budget=100.3/1800s ETA=25.0s CUDA=22.5MiB
[native-refit] event-pure-760930002 updates=3776/4500 applied=3776 skipped=0 loss=0.7582184076309204 budget=105.3/1800s ETA=20.2s CUDA=22.5MiB
[native-refit] event-pure-760930002 updates=3960/4500 applied=3960 skipped=0 loss=4.526958465576172 budget=110.3/1800s ETA=15.0s CUDA=22.5MiB
[native-refit] event-pure-760930002 updates=4136/4500 applied=4136 skipped=0 loss=0.7007997035980225 budget=115.3/1800s ETA=10.2s CUDA=22.5MiB
[native-refit] event-pure-760930002 updates=4318/4500 applied=4318 skipped=0 loss=0.7213355302810669 budget=120.4/1800s ETA=5.1s CUDA=22.5MiB
[native-refit] event-pure-760930002 updates=4495/4500 applied=4495 skipped=0 loss=0.9793341755867004 budget=125.4/1800s ETA=0.1s CUDA=22.5MiB
[native-refit] event-pure-760930002 updates=4500/4500 applied=4500 skipped=0 loss=1.7455873489379883 budget=125.5/1800s ETA=0.0s CUDA=22.5MiB
[native-refit] selector-pure-760930002 updates=181/2000 applied=181 skipped=0 loss=0.5578709840774536 budget=5.0/1800s ETA=50.3s CUDA=20.8MiB
[native-refit] selector-pure-760930002 updates=365/2000 applied=365 skipped=0 loss=0.5031088590621948 budget=10.0/1800s ETA=44.9s CUDA=20.8MiB
[native-refit] selector-pure-760930002 updates=540/2000 applied=540 skipped=0 loss=0.3876967132091522 budget=15.0/1800s ETA=40.7s CUDA=20.8MiB
[native-refit] selector-pure-760930002 updates=720/2000 applied=720 skipped=0 loss=0.32063937187194824 budget=20.0/1800s ETA=35.7s CUDA=20.8MiB
[native-refit] selector-pure-760930002 updates=901/2000 applied=901 skipped=0 loss=0.20627552270889282 budget=25.1/1800s ETA=30.6s CUDA=20.8MiB
[native-refit] selector-pure-760930002 updates=1075/2000 applied=1075 skipped=0 loss=0.3232909142971039 budget=30.1/1800s ETA=25.9s CUDA=20.8MiB
[native-refit] selector-pure-760930002 updates=1259/2000 applied=1259 skipped=0 loss=0.22199195623397827 budget=35.1/1800s ETA=20.6s CUDA=20.8MiB
[native-refit] selector-pure-760930002 updates=1440/2000 applied=1440 skipped=0 loss=0.22801709175109863 budget=40.1/1800s ETA=15.6s CUDA=20.8MiB
[native-refit] selector-pure-760930002 updates=1620/2000 applied=1620 skipped=0 loss=0.22233310341835022 budget=45.1/1800s ETA=10.6s CUDA=20.8MiB
[native-refit] selector-pure-760930002 updates=1798/2000 applied=1798 skipped=0 loss=0.21918779611587524 budget=50.1/1800s ETA=5.6s CUDA=20.8MiB
[native-refit] selector-pure-760930002 updates=1975/2000 applied=1975 skipped=0 loss=0.2725679874420166 budget=55.1/1800s ETA=0.7s CUDA=20.8MiB
[native-refit] selector-pure-760930002 updates=2000/2000 applied=2000 skipped=0 loss=0.20909783244132996 budget=55.9/1800s ETA=0.0s CUDA=20.8MiB
[native-refit] event-hybrid-760930003 updates=178/4500 applied=178 skipped=0 loss=1.2546807527542114 budget=5.0/1800s ETA=122.1s CUDA=22.5MiB
[native-refit] event-hybrid-760930003 updates=358/4500 applied=358 skipped=0 loss=1.3596622943878174 budget=10.0/1800s ETA=116.1s CUDA=22.5MiB
[native-refit] event-hybrid-760930003 updates=530/4500 applied=530 skipped=0 loss=0.7355281114578247 budget=15.0/1800s ETA=112.8s CUDA=22.5MiB
[native-refit] event-hybrid-760930003 updates=710/4500 applied=710 skipped=0 loss=1.3460685014724731 budget=20.1/1800s ETA=107.2s CUDA=22.5MiB
[native-refit] event-hybrid-760930003 updates=893/4500 applied=893 skipped=0 loss=5.638852119445801 budget=25.1/1800s ETA=101.4s CUDA=22.5MiB
[native-refit] event-hybrid-760930003 updates=1078/4500 applied=1078 skipped=0 loss=1.2238539457321167 budget=30.1/1800s ETA=95.6s CUDA=22.5MiB
[native-refit] event-hybrid-760930003 updates=1263/4500 applied=1263 skipped=0 loss=1.4352312088012695 budget=35.1/1800s ETA=90.1s CUDA=22.5MiB
[native-refit] event-hybrid-760930003 updates=1442/4500 applied=1442 skipped=0 loss=4.083027362823486 budget=40.1/1800s ETA=85.2s CUDA=22.5MiB
[native-refit] event-hybrid-760930003 updates=1621/4500 applied=1621 skipped=0 loss=0.7214607000350952 budget=45.2/1800s ETA=80.3s CUDA=22.5MiB
[native-refit] event-hybrid-760930003 updates=1787/4500 applied=1787 skipped=0 loss=1.1360244750976562 budget=50.2/1800s ETA=76.2s CUDA=22.5MiB
[native-refit] event-hybrid-760930003 updates=1969/4500 applied=1969 skipped=0 loss=1.2668492794036865 budget=55.2/1800s ETA=71.0s CUDA=22.5MiB
[native-refit] event-hybrid-760930003 updates=2154/4500 applied=2154 skipped=0 loss=1.34178626537323 budget=60.2/1800s ETA=65.6s CUDA=22.5MiB
[native-refit] event-hybrid-760930003 updates=2344/4500 applied=2344 skipped=0 loss=1.4767727851867676 budget=65.2/1800s ETA=60.0s CUDA=22.5MiB
[native-refit] event-hybrid-760930003 updates=2524/4500 applied=2524 skipped=0 loss=0.7549386620521545 budget=70.3/1800s ETA=55.0s CUDA=22.5MiB
[native-refit] event-hybrid-760930003 updates=2711/4500 applied=2711 skipped=0 loss=1.1665802001953125 budget=75.3/1800s ETA=49.7s CUDA=22.5MiB
[native-refit] event-hybrid-760930003 updates=2880/4500 applied=2880 skipped=0 loss=1.170891523361206 budget=80.3/1800s ETA=45.2s CUDA=22.5MiB
[native-refit] event-hybrid-760930003 updates=3065/4500 applied=3065 skipped=0 loss=1.226637363433838 budget=85.3/1800s ETA=39.9s CUDA=22.5MiB
[native-refit] event-hybrid-760930003 updates=3251/4500 applied=3251 skipped=0 loss=4.423321723937988 budget=90.3/1800s ETA=34.7s CUDA=22.5MiB
[native-refit] event-hybrid-760930003 updates=3437/4500 applied=3437 skipped=0 loss=0.6486964225769043 budget=95.3/1800s ETA=29.5s CUDA=22.5MiB
[native-refit] event-hybrid-760930003 updates=3620/4500 applied=3620 skipped=0 loss=3.662670612335205 budget=100.3/1800s ETA=24.4s CUDA=22.5MiB
[native-refit] event-hybrid-760930003 updates=3796/4500 applied=3796 skipped=0 loss=1.6964759826660156 budget=105.3/1800s ETA=19.5s CUDA=22.5MiB
[native-refit] event-hybrid-760930003 updates=3978/4500 applied=3978 skipped=0 loss=1.1626275777816772 budget=110.4/1800s ETA=14.5s CUDA=22.5MiB
[native-refit] event-hybrid-760930003 updates=4158/4500 applied=4158 skipped=0 loss=1.1531707048416138 budget=115.4/1800s ETA=9.5s CUDA=22.5MiB
[native-refit] event-hybrid-760930003 updates=4337/4500 applied=4337 skipped=0 loss=0.6380293369293213 budget=120.4/1800s ETA=4.5s CUDA=22.5MiB
[native-refit] event-hybrid-760930003 updates=4500/4500 applied=4500 skipped=0 loss=1.3008415699005127 budget=125.1/1800s ETA=0.0s CUDA=22.5MiB
[native-refit] selector-hybrid-760930003 updates=177/2000 applied=177 skipped=0 loss=0.38993319869041443 budget=5.0/1800s ETA=51.9s CUDA=20.8MiB
[native-refit] selector-hybrid-760930003 updates=351/2000 applied=351 skipped=0 loss=0.3719909191131592 budget=10.0/1800s ETA=47.2s CUDA=20.8MiB
[native-refit] selector-hybrid-760930003 updates=532/2000 applied=532 skipped=0 loss=0.35871565341949463 budget=15.1/1800s ETA=41.6s CUDA=20.8MiB
[native-refit] selector-hybrid-760930003 updates=717/2000 applied=717 skipped=0 loss=0.36183175444602966 budget=20.1/1800s ETA=36.0s CUDA=20.8MiB
[native-refit] selector-hybrid-760930003 updates=896/2000 applied=896 skipped=0 loss=0.2106022834777832 budget=25.1/1800s ETA=30.9s CUDA=20.8MiB
[native-refit] selector-hybrid-760930003 updates=1078/2000 applied=1078 skipped=0 loss=0.1853938102722168 budget=30.1/1800s ETA=25.8s CUDA=20.8MiB
[native-refit] selector-hybrid-760930003 updates=1252/2000 applied=1252 skipped=0 loss=0.32179099321365356 budget=35.1/1800s ETA=21.0s CUDA=20.8MiB
[native-refit] selector-hybrid-760930003 updates=1437/2000 applied=1437 skipped=0 loss=0.17606180906295776 budget=40.1/1800s ETA=15.7s CUDA=20.8MiB
[native-refit] selector-hybrid-760930003 updates=1622/2000 applied=1622 skipped=0 loss=0.1721058040857315 budget=45.2/1800s ETA=10.5s CUDA=20.8MiB
[native-refit] selector-hybrid-760930003 updates=1801/2000 applied=1801 skipped=0 loss=0.2336222529411316 budget=50.2/1800s ETA=5.5s CUDA=20.8MiB
[native-refit] selector-hybrid-760930003 updates=1983/2000 applied=1983 skipped=0 loss=0.23892368376255035 budget=55.2/1800s ETA=0.5s CUDA=20.8MiB
[native-refit] selector-hybrid-760930003 updates=2000/2000 applied=2000 skipped=0 loss=0.16139774024486542 budget=55.7/1800s ETA=0.0s CUDA=20.8MiB
[native-refit] event-pure-760930003 updates=184/4500 applied=184 skipped=0 loss=1.1685682535171509 budget=5.0/1800s ETA=117.3s CUDA=22.5MiB
[native-refit] event-pure-760930003 updates=365/4500 applied=365 skipped=0 loss=1.5510450601577759 budget=10.0/1800s ETA=113.6s CUDA=22.5MiB
[native-refit] event-pure-760930003 updates=549/4500 applied=549 skipped=0 loss=0.692609965801239 budget=15.0/1800s ETA=108.2s CUDA=22.5MiB
[native-refit] event-pure-760930003 updates=734/4500 applied=734 skipped=0 loss=0.7223824858665466 budget=20.0/1800s ETA=102.9s CUDA=22.5MiB
[native-refit] event-pure-760930003 updates=912/4500 applied=912 skipped=0 loss=4.072656631469727 budget=25.1/1800s ETA=98.7s CUDA=22.5MiB
[native-refit] event-pure-760930003 updates=1089/4500 applied=1089 skipped=0 loss=5.189513206481934 budget=30.1/1800s ETA=94.3s CUDA=22.5MiB
[native-refit] event-pure-760930003 updates=1268/4500 applied=1268 skipped=0 loss=1.201831340789795 budget=35.1/1800s ETA=89.5s CUDA=22.5MiB
[native-refit] event-pure-760930003 updates=1444/4500 applied=1444 skipped=0 loss=1.722930908203125 budget=40.1/1800s ETA=84.9s CUDA=22.5MiB
[native-refit] event-pure-760930003 updates=1626/4500 applied=1626 skipped=0 loss=0.6179197430610657 budget=45.1/1800s ETA=79.8s CUDA=22.5MiB
[native-refit] event-pure-760930003 updates=1810/4500 applied=1810 skipped=0 loss=1.436174750328064 budget=50.1/1800s ETA=74.6s CUDA=22.5MiB
[native-refit] event-pure-760930003 updates=1989/4500 applied=1989 skipped=0 loss=4.611749649047852 budget=55.2/1800s ETA=69.6s CUDA=22.5MiB
[native-refit] event-pure-760930003 updates=2168/4500 applied=2168 skipped=0 loss=1.1986252069473267 budget=60.2/1800s ETA=64.7s CUDA=22.5MiB
[native-refit] event-pure-760930003 updates=2350/4500 applied=2350 skipped=0 loss=4.340683460235596 budget=65.2/1800s ETA=59.7s CUDA=22.5MiB
[native-refit] event-pure-760930003 updates=2535/4500 applied=2535 skipped=0 loss=0.7868713736534119 budget=70.2/1800s ETA=54.4s CUDA=22.5MiB
[native-refit] event-pure-760930003 updates=2716/4500 applied=2716 skipped=0 loss=3.836845874786377 budget=75.2/1800s ETA=49.4s CUDA=22.5MiB
[native-refit] event-pure-760930003 updates=2894/4500 applied=2894 skipped=0 loss=1.2773427963256836 budget=80.3/1800s ETA=44.5s CUDA=22.5MiB
[native-refit] event-pure-760930003 updates=3077/4500 applied=3077 skipped=0 loss=1.0894337892532349 budget=85.3/1800s ETA=39.4s CUDA=22.5MiB
[native-refit] event-pure-760930003 updates=3266/4500 applied=3266 skipped=0 loss=0.9197474122047424 budget=90.3/1800s ETA=34.1s CUDA=22.5MiB
[native-refit] event-pure-760930003 updates=3450/4500 applied=3450 skipped=0 loss=4.583167552947998 budget=95.3/1800s ETA=29.0s CUDA=22.5MiB
[native-refit] event-pure-760930003 updates=3629/4500 applied=3629 skipped=0 loss=0.6970562934875488 budget=100.3/1800s ETA=24.1s CUDA=22.5MiB
[native-refit] event-pure-760930003 updates=3811/4500 applied=3811 skipped=0 loss=1.1849223375320435 budget=105.3/1800s ETA=19.0s CUDA=22.5MiB
[native-refit] event-pure-760930003 updates=3994/4500 applied=3994 skipped=0 loss=1.34792959690094 budget=110.3/1800s ETA=14.0s CUDA=22.5MiB
[native-refit] event-pure-760930003 updates=4171/4500 applied=4171 skipped=0 loss=1.2529336214065552 budget=115.3/1800s ETA=9.1s CUDA=22.5MiB
[native-refit] event-pure-760930003 updates=4349/4500 applied=4349 skipped=0 loss=1.362774133682251 budget=120.3/1800s ETA=4.2s CUDA=22.5MiB
[native-refit] event-pure-760930003 updates=4500/4500 applied=4500 skipped=0 loss=1.3718559741973877 budget=124.6/1800s ETA=0.0s CUDA=22.5MiB
[native-refit] selector-pure-760930003 updates=181/2000 applied=181 skipped=0 loss=0.20398886501789093 budget=5.0/1800s ETA=50.3s CUDA=20.8MiB
[native-refit] selector-pure-760930003 updates=359/2000 applied=359 skipped=0 loss=0.18936380743980408 budget=10.0/1800s ETA=45.8s CUDA=20.8MiB
[native-refit] selector-pure-760930003 updates=535/2000 applied=535 skipped=0 loss=0.24065697193145752 budget=15.0/1800s ETA=41.2s CUDA=20.8MiB
[native-refit] selector-pure-760930003 updates=708/2000 applied=708 skipped=0 loss=0.24993520975112915 budget=20.0/1800s ETA=36.6s CUDA=20.8MiB
[native-refit] selector-pure-760930003 updates=884/2000 applied=884 skipped=0 loss=0.13262493908405304 budget=25.0/1800s ETA=31.6s CUDA=20.8MiB
[native-refit] selector-pure-760930003 updates=1061/2000 applied=1061 skipped=0 loss=0.2125234603881836 budget=30.1/1800s ETA=26.6s CUDA=20.8MiB
[native-refit] selector-pure-760930003 updates=1241/2000 applied=1241 skipped=0 loss=0.21254479885101318 budget=35.1/1800s ETA=21.5s CUDA=20.8MiB
[native-refit] selector-pure-760930003 updates=1421/2000 applied=1421 skipped=0 loss=0.1616678237915039 budget=40.1/1800s ETA=16.3s CUDA=20.8MiB
[native-refit] selector-pure-760930003 updates=1601/2000 applied=1601 skipped=0 loss=0.14432387053966522 budget=45.1/1800s ETA=11.2s CUDA=20.8MiB
[native-refit] selector-pure-760930003 updates=1775/2000 applied=1775 skipped=0 loss=0.13197669386863708 budget=50.1/1800s ETA=6.4s CUDA=20.8MiB
[native-refit] selector-pure-760930003 updates=1952/2000 applied=1952 skipped=0 loss=0.15759527683258057 budget=55.1/1800s ETA=1.4s CUDA=20.8MiB
[native-refit] selector-pure-760930003 updates=2000/2000 applied=2000 skipped=0 loss=0.1501029133796692 budget=56.4/1800s ETA=0.0s CUDA=20.8MiB
[native-refit] balanced event engineering promising=False checks={'complete_finite_score_inventory': True, 'useful_clear_hits': True, 'beats_primary_pure': False, 'beats_same_hybrid_fixed': False, 'beats_no_model': False, 'nondegenerate_mode_use': True, 'nondegenerate_horizon_use': True, 'matched_primary_pure_compute': True}
