[native-refit] event-hybrid-760930001 updates=135/4500 applied=135 skipped=0 loss=0.71043461561203 budget=5.0/1800s ETA=162.2s CUDA=19.7MiB
[native-refit] event-hybrid-760930001 updates=278/4500 applied=278 skipped=0 loss=1.4471476078033447 budget=10.0/1800s ETA=152.2s CUDA=19.7MiB
[native-refit] event-hybrid-760930001 updates=421/4500 applied=421 skipped=0 loss=1.1319665908813477 budget=15.0/1800s ETA=145.9s CUDA=19.7MiB
[native-refit] event-hybrid-760930001 updates=562/4500 applied=562 skipped=0 loss=0.9053561091423035 budget=20.1/1800s ETA=140.7s CUDA=19.7MiB
[native-refit] event-hybrid-760930001 updates=709/4500 applied=709 skipped=0 loss=1.4291338920593262 budget=25.1/1800s ETA=134.2s CUDA=19.7MiB
[native-refit] event-hybrid-760930001 updates=850/4500 applied=850 skipped=0 loss=5.718625545501709 budget=30.1/1800s ETA=129.2s CUDA=19.7MiB
[native-refit] event-hybrid-760930001 updates=982/4500 applied=982 skipped=0 loss=1.319382667541504 budget=35.1/1800s ETA=125.9s CUDA=19.7MiB
[native-refit] event-hybrid-760930001 updates=1120/4500 applied=1120 skipped=0 loss=4.175407409667969 budget=40.1/1800s ETA=121.1s CUDA=19.7MiB
[native-refit] event-hybrid-760930001 updates=1250/4500 applied=1250 skipped=0 loss=5.88966703414917 budget=45.1/1800s ETA=117.4s CUDA=19.7MiB
[native-refit] event-hybrid-760930001 updates=1387/4500 applied=1387 skipped=0 loss=0.9986612200737 budget=50.2/1800s ETA=112.6s CUDA=19.7MiB
[native-refit] event-hybrid-760930001 updates=1532/4500 applied=1532 skipped=0 loss=0.7412371039390564 budget=55.2/1800s ETA=106.9s CUDA=19.7MiB
[native-refit] event-hybrid-760930001 updates=1674/4500 applied=1674 skipped=0 loss=1.1605929136276245 budget=60.2/1800s ETA=101.6s CUDA=19.7MiB
[native-refit] event-hybrid-760930001 updates=1814/4500 applied=1814 skipped=0 loss=1.0822999477386475 budget=65.2/1800s ETA=96.6s CUDA=19.7MiB
[native-refit] event-hybrid-760930001 updates=1958/4500 applied=1958 skipped=0 loss=1.543135643005371 budget=70.2/1800s ETA=91.2s CUDA=19.7MiB
[native-refit] event-hybrid-760930001 updates=2090/4500 applied=2090 skipped=0 loss=5.7033305168151855 budget=75.3/1800s ETA=86.8s CUDA=19.7MiB
[native-refit] event-hybrid-760930001 updates=2229/4500 applied=2229 skipped=0 loss=0.8933339715003967 budget=80.3/1800s ETA=81.8s CUDA=19.7MiB
[native-refit] event-hybrid-760930001 updates=2366/4500 applied=2366 skipped=0 loss=1.8354244232177734 budget=85.3/1800s ETA=76.9s CUDA=19.7MiB
[native-refit] event-hybrid-760930001 updates=2510/4500 applied=2510 skipped=0 loss=1.2297929525375366 budget=90.3/1800s ETA=71.6s CUDA=19.7MiB
[native-refit] event-hybrid-760930001 updates=2652/4500 applied=2652 skipped=0 loss=1.3536906242370605 budget=95.4/1800s ETA=66.5s CUDA=19.7MiB
[native-refit] event-hybrid-760930001 updates=2794/4500 applied=2794 skipped=0 loss=1.1677205562591553 budget=100.4/1800s ETA=61.3s CUDA=19.7MiB
[native-refit] event-hybrid-760930001 updates=2917/4500 applied=2917 skipped=0 loss=1.2334004640579224 budget=105.4/1800s ETA=57.2s CUDA=19.7MiB
[native-refit] event-hybrid-760930001 updates=3052/4500 applied=3052 skipped=0 loss=1.2385149002075195 budget=110.4/1800s ETA=52.4s CUDA=19.7MiB
[native-refit] event-hybrid-760930001 updates=3196/4500 applied=3196 skipped=0 loss=1.0758274793624878 budget=115.4/1800s ETA=47.1s CUDA=19.7MiB
[native-refit] event-hybrid-760930001 updates=3344/4500 applied=3344 skipped=0 loss=1.3614702224731445 budget=120.5/1800s ETA=41.7s CUDA=19.7MiB
[native-refit] event-hybrid-760930001 updates=3484/4500 applied=3484 skipped=0 loss=1.1626367568969727 budget=125.5/1800s ETA=36.6s CUDA=19.7MiB
[native-refit] event-hybrid-760930001 updates=3624/4500 applied=3624 skipped=0 loss=1.0967209339141846 budget=130.5/1800s ETA=31.6s CUDA=19.7MiB
[native-refit] event-hybrid-760930001 updates=3771/4500 applied=3771 skipped=0 loss=1.181985855102539 budget=135.6/1800s ETA=26.2s CUDA=19.7MiB
[native-refit] event-hybrid-760930001 updates=3916/4500 applied=3916 skipped=0 loss=4.538020610809326 budget=140.6/1800s ETA=21.0s CUDA=19.7MiB
[native-refit] event-hybrid-760930001 updates=4062/4500 applied=4062 skipped=0 loss=1.432438611984253 budget=145.6/1800s ETA=15.7s CUDA=19.7MiB
[native-refit] event-hybrid-760930001 updates=4194/4500 applied=4194 skipped=0 loss=1.1921939849853516 budget=150.6/1800s ETA=11.0s CUDA=19.7MiB
[native-refit] event-hybrid-760930001 updates=4340/4500 applied=4340 skipped=0 loss=1.0637691020965576 budget=155.6/1800s ETA=5.7s CUDA=19.7MiB
[native-refit] event-hybrid-760930001 updates=4478/4500 applied=4478 skipped=0 loss=1.158831000328064 budget=160.6/1800s ETA=0.8s CUDA=19.7MiB
[native-refit] event-hybrid-760930001 updates=4500/4500 applied=4500 skipped=0 loss=1.1456453800201416 budget=161.4/1800s ETA=0.0s CUDA=19.7MiB
[native-refit] selector-hybrid-760930001 updates=153/2000 applied=153 skipped=0 loss=0.9602402448654175 budget=5.0/1800s ETA=60.6s CUDA=20.8MiB
[native-refit] selector-hybrid-760930001 updates=315/2000 applied=315 skipped=0 loss=0.903744101524353 budget=10.0/1800s ETA=53.6s CUDA=20.8MiB
[native-refit] selector-hybrid-760930001 updates=471/2000 applied=471 skipped=0 loss=0.8327906727790833 budget=15.0/1800s ETA=48.8s CUDA=20.8MiB
[native-refit] selector-hybrid-760930001 updates=617/2000 applied=617 skipped=0 loss=0.8631057739257812 budget=20.0/1800s ETA=44.9s CUDA=20.8MiB
[native-refit] selector-hybrid-760930001 updates=772/2000 applied=772 skipped=0 loss=1.054814100265503 budget=25.0/1800s ETA=39.9s CUDA=20.8MiB
[native-refit] selector-hybrid-760930001 updates=928/2000 applied=928 skipped=0 loss=0.8076715469360352 budget=30.1/1800s ETA=34.7s CUDA=20.8MiB
[native-refit] selector-hybrid-760930001 updates=1085/2000 applied=1085 skipped=0 loss=1.010155439376831 budget=35.1/1800s ETA=29.6s CUDA=20.8MiB
[native-refit] selector-hybrid-760930001 updates=1234/2000 applied=1234 skipped=0 loss=0.9169796705245972 budget=40.1/1800s ETA=24.9s CUDA=20.8MiB
[native-refit] selector-hybrid-760930001 updates=1387/2000 applied=1387 skipped=0 loss=0.9031774401664734 budget=45.1/1800s ETA=19.9s CUDA=20.8MiB
[native-refit] selector-hybrid-760930001 updates=1544/2000 applied=1544 skipped=0 loss=0.9041644334793091 budget=50.1/1800s ETA=14.8s CUDA=20.8MiB
[native-refit] selector-hybrid-760930001 updates=1699/2000 applied=1699 skipped=0 loss=0.8521818518638611 budget=55.1/1800s ETA=9.8s CUDA=20.8MiB
[native-refit] selector-hybrid-760930001 updates=1857/2000 applied=1857 skipped=0 loss=0.9088771939277649 budget=60.1/1800s ETA=4.6s CUDA=20.8MiB
[native-refit] selector-hybrid-760930001 updates=2000/2000 applied=2000 skipped=0 loss=0.8975580930709839 budget=64.8/1800s ETA=0.0s CUDA=20.8MiB
[native-refit] event-pure-760930001 updates=137/4500 applied=137 skipped=0 loss=0.6860702037811279 budget=5.0/1800s ETA=159.6s CUDA=21.8MiB
[native-refit] event-pure-760930001 updates=281/4500 applied=281 skipped=0 loss=6.405235767364502 budget=10.0/1800s ETA=150.3s CUDA=21.8MiB
[native-refit] event-pure-760930001 updates=429/4500 applied=429 skipped=0 loss=0.7925614714622498 budget=15.0/1800s ETA=142.7s CUDA=21.8MiB
[native-refit] event-pure-760930001 updates=573/4500 applied=573 skipped=0 loss=1.361912488937378 budget=20.1/1800s ETA=137.6s CUDA=21.8MiB
[native-refit] event-pure-760930001 updates=711/4500 applied=711 skipped=0 loss=1.2122886180877686 budget=25.1/1800s ETA=133.7s CUDA=21.8MiB
[native-refit] event-pure-760930001 updates=857/4500 applied=857 skipped=0 loss=0.8989365100860596 budget=30.1/1800s ETA=127.9s CUDA=21.8MiB
[native-refit] event-pure-760930001 updates=1003/4500 applied=1003 skipped=0 loss=2.1184539794921875 budget=35.1/1800s ETA=122.4s CUDA=21.8MiB
[native-refit] event-pure-760930001 updates=1139/4500 applied=1139 skipped=0 loss=0.7195895314216614 budget=40.1/1800s ETA=118.4s CUDA=21.8MiB
[native-refit] event-pure-760930001 updates=1276/4500 applied=1276 skipped=0 loss=1.242767095565796 budget=45.1/1800s ETA=114.0s CUDA=21.8MiB
[native-refit] event-pure-760930001 updates=1421/4500 applied=1421 skipped=0 loss=1.085343599319458 budget=50.1/1800s ETA=108.7s CUDA=21.8MiB
[native-refit] event-pure-760930001 updates=1563/4500 applied=1563 skipped=0 loss=1.3299226760864258 budget=55.2/1800s ETA=103.7s CUDA=21.8MiB
[native-refit] event-pure-760930001 updates=1711/4500 applied=1711 skipped=0 loss=1.2326751947402954 budget=60.2/1800s ETA=98.2s CUDA=21.8MiB
[native-refit] event-pure-760930001 updates=1849/4500 applied=1849 skipped=0 loss=0.6748308539390564 budget=65.2/1800s ETA=93.5s CUDA=21.8MiB
[native-refit] event-pure-760930001 updates=1994/4500 applied=1994 skipped=0 loss=1.143952488899231 budget=70.2/1800s ETA=88.3s CUDA=21.8MiB
[native-refit] event-pure-760930001 updates=2135/4500 applied=2135 skipped=0 loss=0.7558053135871887 budget=75.3/1800s ETA=83.4s CUDA=21.8MiB
[native-refit] event-pure-760930001 updates=2269/4500 applied=2269 skipped=0 loss=1.5080548524856567 budget=80.3/1800s ETA=79.0s CUDA=21.8MiB
[native-refit] event-pure-760930001 updates=2413/4500 applied=2413 skipped=0 loss=3.6771998405456543 budget=85.3/1800s ETA=73.8s CUDA=21.8MiB
[native-refit] event-pure-760930001 updates=2559/4500 applied=2559 skipped=0 loss=2.242504596710205 budget=90.3/1800s ETA=68.5s CUDA=21.8MiB
[native-refit] event-pure-760930001 updates=2708/4500 applied=2708 skipped=0 loss=4.693906307220459 budget=95.3/1800s ETA=63.1s CUDA=21.8MiB
[native-refit] event-pure-760930001 updates=2856/4500 applied=2856 skipped=0 loss=0.8380508422851562 budget=100.4/1800s ETA=57.8s CUDA=21.8MiB
[native-refit] event-pure-760930001 updates=2985/4500 applied=2985 skipped=0 loss=1.4483880996704102 budget=105.4/1800s ETA=53.5s CUDA=21.8MiB
[native-refit] event-pure-760930001 updates=3132/4500 applied=3132 skipped=0 loss=1.1286144256591797 budget=110.4/1800s ETA=48.2s CUDA=21.8MiB
[native-refit] event-pure-760930001 updates=3265/4500 applied=3265 skipped=0 loss=1.2702618837356567 budget=115.4/1800s ETA=43.7s CUDA=21.8MiB
[native-refit] event-pure-760930001 updates=3399/4500 applied=3399 skipped=0 loss=4.473896503448486 budget=120.5/1800s ETA=39.0s CUDA=21.8MiB
[native-refit] event-pure-760930001 updates=3536/4500 applied=3536 skipped=0 loss=0.8681228160858154 budget=125.5/1800s ETA=34.2s CUDA=21.8MiB
[native-refit] event-pure-760930001 updates=3682/4500 applied=3682 skipped=0 loss=1.120613694190979 budget=130.5/1800s ETA=29.0s CUDA=21.8MiB
[native-refit] event-pure-760930001 updates=3832/4500 applied=3832 skipped=0 loss=1.1174448728561401 budget=135.5/1800s ETA=23.6s CUDA=21.8MiB
[native-refit] event-pure-760930001 updates=3963/4500 applied=3963 skipped=0 loss=1.1790204048156738 budget=140.5/1800s ETA=19.0s CUDA=21.8MiB
[native-refit] event-pure-760930001 updates=4105/4500 applied=4105 skipped=0 loss=1.1323840618133545 budget=145.6/1800s ETA=14.0s CUDA=21.8MiB
[native-refit] event-pure-760930001 updates=4237/4500 applied=4237 skipped=0 loss=0.9732089042663574 budget=150.6/1800s ETA=9.4s CUDA=21.8MiB
[native-refit] event-pure-760930001 updates=4382/4500 applied=4382 skipped=0 loss=1.1316765546798706 budget=155.6/1800s ETA=4.2s CUDA=21.8MiB
[native-refit] event-pure-760930001 updates=4500/4500 applied=4500 skipped=0 loss=1.1492925882339478 budget=159.8/1800s ETA=0.0s CUDA=21.8MiB
[native-refit] selector-pure-760930001 updates=160/2000 applied=160 skipped=0 loss=0.6551936864852905 budget=5.0/1800s ETA=57.5s CUDA=20.8MiB
[native-refit] selector-pure-760930001 updates=316/2000 applied=316 skipped=0 loss=0.6786496639251709 budget=10.0/1800s ETA=53.3s CUDA=20.8MiB
[native-refit] selector-pure-760930001 updates=472/2000 applied=472 skipped=0 loss=0.6690740585327148 budget=15.0/1800s ETA=48.6s CUDA=20.8MiB
[native-refit] selector-pure-760930001 updates=622/2000 applied=622 skipped=0 loss=0.6270482540130615 budget=20.0/1800s ETA=44.4s CUDA=20.8MiB
[native-refit] selector-pure-760930001 updates=785/2000 applied=785 skipped=0 loss=0.6444487571716309 budget=25.0/1800s ETA=38.8s CUDA=20.8MiB
[native-refit] selector-pure-760930001 updates=933/2000 applied=933 skipped=0 loss=0.6336889266967773 budget=30.0/1800s ETA=34.4s CUDA=20.8MiB
[native-refit] selector-pure-760930001 updates=1095/2000 applied=1095 skipped=0 loss=0.6422111988067627 budget=35.0/1800s ETA=29.0s CUDA=20.8MiB
[native-refit] selector-pure-760930001 updates=1257/2000 applied=1257 skipped=0 loss=0.6560031175613403 budget=40.1/1800s ETA=23.7s CUDA=20.8MiB
[native-refit] selector-pure-760930001 updates=1413/2000 applied=1413 skipped=0 loss=0.6773191690444946 budget=45.1/1800s ETA=18.7s CUDA=20.8MiB
[native-refit] selector-pure-760930001 updates=1562/2000 applied=1562 skipped=0 loss=0.6386783123016357 budget=50.1/1800s ETA=14.0s CUDA=20.8MiB
[native-refit] selector-pure-760930001 updates=1719/2000 applied=1719 skipped=0 loss=0.6669178009033203 budget=55.1/1800s ETA=9.0s CUDA=20.8MiB
[native-refit] selector-pure-760930001 updates=1872/2000 applied=1872 skipped=0 loss=0.6361329555511475 budget=60.2/1800s ETA=4.1s CUDA=20.8MiB
[native-refit] selector-pure-760930001 updates=2000/2000 applied=2000 skipped=0 loss=0.6787917613983154 budget=64.5/1800s ETA=0.0s CUDA=20.8MiB
[native-refit] event-hybrid-760930002 updates=145/4500 applied=145 skipped=0 loss=0.6848212480545044 budget=5.0/1800s ETA=150.5s CUDA=21.8MiB
[native-refit] event-hybrid-760930002 updates=287/4500 applied=287 skipped=0 loss=1.0388591289520264 budget=10.0/1800s ETA=147.2s CUDA=21.8MiB
[native-refit] event-hybrid-760930002 updates=425/4500 applied=425 skipped=0 loss=0.9733374118804932 budget=15.1/1800s ETA=144.4s CUDA=21.8MiB
[native-refit] event-hybrid-760930002 updates=565/4500 applied=565 skipped=0 loss=1.3342502117156982 budget=20.1/1800s ETA=140.0s CUDA=21.8MiB
[native-refit] event-hybrid-760930002 updates=705/4500 applied=705 skipped=0 loss=1.0375038385391235 budget=25.1/1800s ETA=135.2s CUDA=21.8MiB
[native-refit] event-hybrid-760930002 updates=826/4500 applied=826 skipped=0 loss=0.8626645803451538 budget=30.1/1800s ETA=134.1s CUDA=21.8MiB
[native-refit] event-hybrid-760930002 updates=973/4500 applied=973 skipped=0 loss=1.3969144821166992 budget=35.1/1800s ETA=127.4s CUDA=21.8MiB
[native-refit] event-hybrid-760930002 updates=1104/4500 applied=1104 skipped=0 loss=1.0199658870697021 budget=40.1/1800s ETA=123.5s CUDA=21.8MiB
[native-refit] event-hybrid-760930002 updates=1247/4500 applied=1247 skipped=0 loss=3.04655122756958 budget=45.2/1800s ETA=117.8s CUDA=21.8MiB
[native-refit] event-hybrid-760930002 updates=1388/4500 applied=1388 skipped=0 loss=5.753109931945801 budget=50.2/1800s ETA=112.5s CUDA=21.8MiB
[native-refit] event-hybrid-760930002 updates=1533/4500 applied=1533 skipped=0 loss=0.7061751484870911 budget=55.2/1800s ETA=106.9s CUDA=21.8MiB
[native-refit] event-hybrid-760930002 updates=1677/4500 applied=1677 skipped=0 loss=1.1862246990203857 budget=60.2/1800s ETA=101.4s CUDA=21.8MiB
[native-refit] event-hybrid-760930002 updates=1818/4500 applied=1818 skipped=0 loss=1.0560449361801147 budget=65.3/1800s ETA=96.3s CUDA=21.8MiB
[native-refit] event-hybrid-760930002 updates=1962/4500 applied=1962 skipped=0 loss=0.9988031387329102 budget=70.3/1800s ETA=90.9s CUDA=21.8MiB
[native-refit] event-hybrid-760930002 updates=2102/4500 applied=2102 skipped=0 loss=1.1671559810638428 budget=75.3/1800s ETA=85.9s CUDA=21.8MiB
[native-refit] event-hybrid-760930002 updates=2239/4500 applied=2239 skipped=0 loss=0.7764801979064941 budget=80.3/1800s ETA=81.1s CUDA=21.8MiB
[native-refit] event-hybrid-760930002 updates=2376/4500 applied=2376 skipped=0 loss=1.0294650793075562 budget=85.3/1800s ETA=76.3s CUDA=21.8MiB
[native-refit] event-hybrid-760930002 updates=2505/4500 applied=2505 skipped=0 loss=1.076440691947937 budget=90.3/1800s ETA=72.0s CUDA=21.8MiB
[native-refit] event-hybrid-760930002 updates=2635/4500 applied=2635 skipped=0 loss=0.9261565804481506 budget=95.4/1800s ETA=67.5s CUDA=21.8MiB
[native-refit] event-hybrid-760930002 updates=2773/4500 applied=2773 skipped=0 loss=1.4294592142105103 budget=100.4/1800s ETA=62.5s CUDA=21.8MiB
[native-refit] event-hybrid-760930002 updates=2914/4500 applied=2914 skipped=0 loss=1.1896663904190063 budget=105.4/1800s ETA=57.4s CUDA=21.8MiB
[native-refit] event-hybrid-760930002 updates=3045/4500 applied=3045 skipped=0 loss=1.0851026773452759 budget=110.4/1800s ETA=52.8s CUDA=21.8MiB
[native-refit] event-hybrid-760930002 updates=3190/4500 applied=3190 skipped=0 loss=4.659543037414551 budget=115.4/1800s ETA=47.4s CUDA=21.8MiB
[native-refit] event-hybrid-760930002 updates=3325/4500 applied=3325 skipped=0 loss=1.1314836740493774 budget=120.5/1800s ETA=42.6s CUDA=21.8MiB
[native-refit] event-hybrid-760930002 updates=3464/4500 applied=3464 skipped=0 loss=1.3219820261001587 budget=125.5/1800s ETA=37.5s CUDA=21.8MiB
[native-refit] event-hybrid-760930002 updates=3603/4500 applied=3603 skipped=0 loss=2.0152242183685303 budget=130.5/1800s ETA=32.5s CUDA=21.8MiB
[native-refit] event-hybrid-760930002 updates=3740/4500 applied=3740 skipped=0 loss=1.0806758403778076 budget=135.5/1800s ETA=27.5s CUDA=21.8MiB
[native-refit] event-hybrid-760930002 updates=3880/4500 applied=3880 skipped=0 loss=1.2522705793380737 budget=140.5/1800s ETA=22.5s CUDA=21.8MiB
[native-refit] event-hybrid-760930002 updates=4017/4500 applied=4017 skipped=0 loss=1.181678056716919 budget=145.6/1800s ETA=17.5s CUDA=21.8MiB
[native-refit] event-hybrid-760930002 updates=4161/4500 applied=4161 skipped=0 loss=1.4392770528793335 budget=150.6/1800s ETA=12.3s CUDA=21.8MiB
[native-refit] event-hybrid-760930002 updates=4293/4500 applied=4293 skipped=0 loss=4.838766098022461 budget=155.6/1800s ETA=7.5s CUDA=21.8MiB
[native-refit] event-hybrid-760930002 updates=4426/4500 applied=4426 skipped=0 loss=1.068217158317566 budget=160.6/1800s ETA=2.7s CUDA=21.8MiB
[native-refit] event-hybrid-760930002 updates=4500/4500 applied=4500 skipped=0 loss=1.1477142572402954 budget=163.4/1800s ETA=0.0s CUDA=21.8MiB
[native-refit] selector-hybrid-760930002 updates=155/2000 applied=155 skipped=0 loss=0.6501346230506897 budget=5.0/1800s ETA=60.1s CUDA=20.8MiB
[native-refit] selector-hybrid-760930002 updates=305/2000 applied=305 skipped=0 loss=0.6419992446899414 budget=10.1/1800s ETA=56.0s CUDA=20.8MiB
[native-refit] selector-hybrid-760930002 updates=458/2000 applied=458 skipped=0 loss=0.6640722155570984 budget=15.1/1800s ETA=50.8s CUDA=20.8MiB
[native-refit] selector-hybrid-760930002 updates=609/2000 applied=609 skipped=0 loss=0.669157862663269 budget=20.1/1800s ETA=45.9s CUDA=20.8MiB
[native-refit] selector-hybrid-760930002 updates=761/2000 applied=761 skipped=0 loss=0.6159781813621521 budget=25.1/1800s ETA=40.9s CUDA=20.8MiB
[native-refit] selector-hybrid-760930002 updates=911/2000 applied=911 skipped=0 loss=0.6768091917037964 budget=30.1/1800s ETA=36.0s CUDA=20.8MiB
[native-refit] selector-hybrid-760930002 updates=1066/2000 applied=1066 skipped=0 loss=0.6136854290962219 budget=35.1/1800s ETA=30.8s CUDA=20.8MiB
[native-refit] selector-hybrid-760930002 updates=1215/2000 applied=1215 skipped=0 loss=0.6630313992500305 budget=40.2/1800s ETA=26.0s CUDA=20.8MiB
[native-refit] selector-hybrid-760930002 updates=1362/2000 applied=1362 skipped=0 loss=0.6495932340621948 budget=45.2/1800s ETA=21.2s CUDA=20.8MiB
[native-refit] selector-hybrid-760930002 updates=1505/2000 applied=1505 skipped=0 loss=0.613536536693573 budget=50.2/1800s ETA=16.5s CUDA=20.8MiB
[native-refit] selector-hybrid-760930002 updates=1660/2000 applied=1660 skipped=0 loss=0.6882237195968628 budget=55.2/1800s ETA=11.3s CUDA=20.8MiB
[native-refit] selector-hybrid-760930002 updates=1814/2000 applied=1814 skipped=0 loss=0.6199305057525635 budget=60.3/1800s ETA=6.2s CUDA=20.8MiB
[native-refit] selector-hybrid-760930002 updates=1972/2000 applied=1972 skipped=0 loss=0.6604617834091187 budget=65.3/1800s ETA=0.9s CUDA=20.8MiB
[native-refit] selector-hybrid-760930002 updates=2000/2000 applied=2000 skipped=0 loss=0.6716984510421753 budget=66.1/1800s ETA=0.0s CUDA=20.8MiB
[native-refit] event-pure-760930002 updates=145/4500 applied=145 skipped=0 loss=0.7773787975311279 budget=5.0/1800s ETA=152.2s CUDA=21.8MiB
[native-refit] event-pure-760930002 updates=285/4500 applied=285 skipped=0 loss=0.8384584188461304 budget=10.1/1800s ETA=149.1s CUDA=21.8MiB
[native-refit] event-pure-760930002 updates=424/4500 applied=424 skipped=0 loss=0.9190524220466614 budget=15.1/1800s ETA=145.2s CUDA=21.8MiB
[native-refit] event-pure-760930002 updates=561/4500 applied=561 skipped=0 loss=0.849535346031189 budget=20.1/1800s ETA=141.3s CUDA=21.8MiB
[native-refit] event-pure-760930002 updates=700/4500 applied=700 skipped=0 loss=1.1808282136917114 budget=25.1/1800s ETA=136.4s CUDA=21.8MiB
[native-refit] event-pure-760930002 updates=837/4500 applied=837 skipped=0 loss=0.6819685697555542 budget=30.1/1800s ETA=131.9s CUDA=21.8MiB
[native-refit] event-pure-760930002 updates=978/4500 applied=978 skipped=0 loss=1.373643159866333 budget=35.2/1800s ETA=126.7s CUDA=21.8MiB
[native-refit] event-pure-760930002 updates=1118/4500 applied=1118 skipped=0 loss=1.2493562698364258 budget=40.2/1800s ETA=121.6s CUDA=21.8MiB
[native-refit] event-pure-760930002 updates=1253/4500 applied=1253 skipped=0 loss=4.907816410064697 budget=45.2/1800s ETA=117.1s CUDA=21.8MiB
[native-refit] event-pure-760930002 updates=1390/4500 applied=1390 skipped=0 loss=5.751486778259277 budget=50.2/1800s ETA=112.3s CUDA=21.8MiB
[native-refit] event-pure-760930002 updates=1520/4500 applied=1520 skipped=0 loss=4.112087249755859 budget=55.2/1800s ETA=108.3s CUDA=21.8MiB
[native-refit] event-pure-760930002 updates=1656/4500 applied=1656 skipped=0 loss=0.7206010818481445 budget=60.2/1800s ETA=103.5s CUDA=21.8MiB
[native-refit] event-pure-760930002 updates=1798/4500 applied=1798 skipped=0 loss=4.605196475982666 budget=65.3/1800s ETA=98.1s CUDA=21.8MiB
[native-refit] event-pure-760930002 updates=1940/4500 applied=1940 skipped=0 loss=0.7646580934524536 budget=70.3/1800s ETA=92.8s CUDA=21.8MiB
[native-refit] event-pure-760930002 updates=2078/4500 applied=2078 skipped=0 loss=1.1554096937179565 budget=75.3/1800s ETA=87.8s CUDA=21.8MiB
[native-refit] event-pure-760930002 updates=2211/4500 applied=2211 skipped=0 loss=1.2824788093566895 budget=80.4/1800s ETA=83.2s CUDA=21.8MiB
[native-refit] event-pure-760930002 updates=2354/4500 applied=2354 skipped=0 loss=1.8196905851364136 budget=85.4/1800s ETA=77.8s CUDA=21.8MiB
[native-refit] event-pure-760930002 updates=2500/4500 applied=2500 skipped=0 loss=1.2241976261138916 budget=90.4/1800s ETA=72.3s CUDA=21.8MiB
[native-refit] event-pure-760930002 updates=2631/4500 applied=2631 skipped=0 loss=1.0384860038757324 budget=95.4/1800s ETA=67.8s CUDA=21.8MiB
[native-refit] event-pure-760930002 updates=2774/4500 applied=2774 skipped=0 loss=1.3618978261947632 budget=100.5/1800s ETA=62.5s CUDA=21.8MiB
[native-refit] event-pure-760930002 updates=2912/4500 applied=2912 skipped=0 loss=4.468170642852783 budget=105.5/1800s ETA=57.5s CUDA=21.8MiB
[native-refit] event-pure-760930002 updates=3050/4500 applied=3050 skipped=0 loss=5.023253440856934 budget=110.5/1800s ETA=52.5s CUDA=21.8MiB
[native-refit] event-pure-760930002 updates=3191/4500 applied=3191 skipped=0 loss=1.2942895889282227 budget=115.5/1800s ETA=47.4s CUDA=21.8MiB
[native-refit] event-pure-760930002 updates=3333/4500 applied=3333 skipped=0 loss=0.9654228091239929 budget=120.5/1800s ETA=42.2s CUDA=21.8MiB
[native-refit] event-pure-760930002 updates=3475/4500 applied=3475 skipped=0 loss=1.1642931699752808 budget=125.5/1800s ETA=37.0s CUDA=21.8MiB
[native-refit] event-pure-760930002 updates=3613/4500 applied=3613 skipped=0 loss=3.9855613708496094 budget=130.6/1800s ETA=32.1s CUDA=21.8MiB
[native-refit] event-pure-760930002 updates=3752/4500 applied=3752 skipped=0 loss=1.1851565837860107 budget=135.6/1800s ETA=27.0s CUDA=21.8MiB
[native-refit] event-pure-760930002 updates=3890/4500 applied=3890 skipped=0 loss=4.920722961425781 budget=140.6/1800s ETA=22.1s CUDA=21.8MiB
[native-refit] event-pure-760930002 updates=4034/4500 applied=4034 skipped=0 loss=1.0901983976364136 budget=145.6/1800s ETA=16.8s CUDA=21.8MiB
[native-refit] event-pure-760930002 updates=4167/4500 applied=4167 skipped=0 loss=1.3137874603271484 budget=150.7/1800s ETA=12.0s CUDA=21.8MiB
[native-refit] event-pure-760930002 updates=4307/4500 applied=4307 skipped=0 loss=1.1848293542861938 budget=155.7/1800s ETA=7.0s CUDA=21.8MiB
[native-refit] event-pure-760930002 updates=4446/4500 applied=4446 skipped=0 loss=1.1236605644226074 budget=160.7/1800s ETA=2.0s CUDA=21.8MiB
[native-refit] event-pure-760930002 updates=4500/4500 applied=4500 skipped=0 loss=1.1476938724517822 budget=162.5/1800s ETA=0.0s CUDA=21.8MiB
[native-refit] selector-pure-760930002 updates=144/2000 applied=144 skipped=0 loss=0.6529560685157776 budget=5.0/1800s ETA=64.7s CUDA=20.8MiB
[native-refit] selector-pure-760930002 updates=303/2000 applied=303 skipped=0 loss=0.666634738445282 budget=10.0/1800s ETA=56.2s CUDA=20.8MiB
[native-refit] selector-pure-760930002 updates=457/2000 applied=457 skipped=0 loss=0.6811953186988831 budget=15.0/1800s ETA=50.8s CUDA=20.8MiB
[native-refit] selector-pure-760930002 updates=611/2000 applied=611 skipped=0 loss=0.6462883949279785 budget=20.1/1800s ETA=45.6s CUDA=20.8MiB
[native-refit] selector-pure-760930002 updates=770/2000 applied=770 skipped=0 loss=0.655951976776123 budget=25.1/1800s ETA=40.1s CUDA=20.8MiB
[native-refit] selector-pure-760930002 updates=925/2000 applied=925 skipped=0 loss=0.638701319694519 budget=30.1/1800s ETA=35.0s CUDA=20.8MiB
[native-refit] selector-pure-760930002 updates=1076/2000 applied=1076 skipped=0 loss=0.65401691198349 budget=35.1/1800s ETA=30.2s CUDA=20.8MiB
[native-refit] selector-pure-760930002 updates=1237/2000 applied=1237 skipped=0 loss=0.6694236993789673 budget=40.1/1800s ETA=24.8s CUDA=20.8MiB
[native-refit] selector-pure-760930002 updates=1383/2000 applied=1383 skipped=0 loss=0.6501739025115967 budget=45.2/1800s ETA=20.2s CUDA=20.8MiB
[native-refit] selector-pure-760930002 updates=1535/2000 applied=1535 skipped=0 loss=0.6547280550003052 budget=50.2/1800s ETA=15.2s CUDA=20.8MiB
[native-refit] selector-pure-760930002 updates=1687/2000 applied=1687 skipped=0 loss=0.6335896253585815 budget=55.2/1800s ETA=10.2s CUDA=20.8MiB
[native-refit] selector-pure-760930002 updates=1833/2000 applied=1833 skipped=0 loss=0.6457602381706238 budget=60.2/1800s ETA=5.5s CUDA=20.8MiB
[native-refit] selector-pure-760930002 updates=1985/2000 applied=1985 skipped=0 loss=0.6567803621292114 budget=65.2/1800s ETA=0.5s CUDA=20.8MiB
[native-refit] selector-pure-760930002 updates=2000/2000 applied=2000 skipped=0 loss=0.6555498838424683 budget=65.7/1800s ETA=0.0s CUDA=20.8MiB
[native-refit] event-hybrid-760930003 updates=133/4500 applied=133 skipped=0 loss=0.6809384822845459 budget=5.0/1800s ETA=164.8s CUDA=21.8MiB
[native-refit] event-hybrid-760930003 updates=265/4500 applied=265 skipped=0 loss=1.3463428020477295 budget=10.0/1800s ETA=160.6s CUDA=21.8MiB
[native-refit] event-hybrid-760930003 updates=402/4500 applied=402 skipped=0 loss=1.204197645187378 budget=15.0/1800s ETA=153.5s CUDA=21.8MiB
[native-refit] event-hybrid-760930003 updates=546/4500 applied=546 skipped=0 loss=0.7007976174354553 budget=20.1/1800s ETA=145.4s CUDA=21.8MiB
[native-refit] event-hybrid-760930003 updates=688/4500 applied=688 skipped=0 loss=6.243431091308594 budget=25.1/1800s ETA=139.0s CUDA=21.8MiB
[native-refit] event-hybrid-760930003 updates=831/4500 applied=831 skipped=0 loss=0.7797083854675293 budget=30.1/1800s ETA=132.9s CUDA=21.8MiB
[native-refit] event-hybrid-760930003 updates=975/4500 applied=975 skipped=0 loss=1.0992733240127563 budget=35.1/1800s ETA=127.0s CUDA=21.8MiB
[native-refit] event-hybrid-760930003 updates=1107/4500 applied=1107 skipped=0 loss=1.4229371547698975 budget=40.1/1800s ETA=123.1s CUDA=21.8MiB
[native-refit] event-hybrid-760930003 updates=1246/4500 applied=1246 skipped=0 loss=0.707979142665863 budget=45.2/1800s ETA=118.0s CUDA=21.8MiB
[native-refit] event-hybrid-760930003 updates=1377/4500 applied=1377 skipped=0 loss=1.3697153329849243 budget=50.2/1800s ETA=113.8s CUDA=21.8MiB
[native-refit] event-hybrid-760930003 updates=1516/4500 applied=1516 skipped=0 loss=4.091378688812256 budget=55.2/1800s ETA=108.7s CUDA=21.8MiB
[native-refit] event-hybrid-760930003 updates=1647/4500 applied=1647 skipped=0 loss=2.9015283584594727 budget=60.2/1800s ETA=104.3s CUDA=21.8MiB
[native-refit] event-hybrid-760930003 updates=1775/4500 applied=1775 skipped=0 loss=1.1974639892578125 budget=65.2/1800s ETA=100.1s CUDA=21.8MiB
[native-refit] event-hybrid-760930003 updates=1910/4500 applied=1910 skipped=0 loss=1.2779446840286255 budget=70.2/1800s ETA=95.3s CUDA=21.8MiB
[native-refit] event-hybrid-760930003 updates=2050/4500 applied=2050 skipped=0 loss=5.440524578094482 budget=75.3/1800s ETA=89.9s CUDA=21.8MiB
[native-refit] event-hybrid-760930003 updates=2190/4500 applied=2190 skipped=0 loss=5.611408233642578 budget=80.3/1800s ETA=84.7s CUDA=21.8MiB
[native-refit] event-hybrid-760930003 updates=2324/4500 applied=2324 skipped=0 loss=0.9613651633262634 budget=85.3/1800s ETA=79.9s CUDA=21.8MiB
[native-refit] event-hybrid-760930003 updates=2458/4500 applied=2458 skipped=0 loss=2.3921585083007812 budget=90.3/1800s ETA=75.0s CUDA=21.8MiB
[native-refit] event-hybrid-760930003 updates=2598/4500 applied=2598 skipped=0 loss=4.6154279708862305 budget=95.4/1800s ETA=69.8s CUDA=21.8MiB
[native-refit] event-hybrid-760930003 updates=2741/4500 applied=2741 skipped=0 loss=5.224501132965088 budget=100.4/1800s ETA=64.4s CUDA=21.8MiB
[native-refit] event-hybrid-760930003 updates=2885/4500 applied=2885 skipped=0 loss=1.2465265989303589 budget=105.4/1800s ETA=59.0s CUDA=21.8MiB
[native-refit] event-hybrid-760930003 updates=3020/4500 applied=3020 skipped=0 loss=4.349708557128906 budget=110.4/1800s ETA=54.1s CUDA=21.8MiB
[native-refit] event-hybrid-760930003 updates=3164/4500 applied=3164 skipped=0 loss=1.346722960472107 budget=115.4/1800s ETA=48.7s CUDA=21.8MiB
[native-refit] event-hybrid-760930003 updates=3303/4500 applied=3303 skipped=0 loss=2.130082845687866 budget=120.4/1800s ETA=43.6s CUDA=21.8MiB
[native-refit] event-hybrid-760930003 updates=3440/4500 applied=3440 skipped=0 loss=1.0184235572814941 budget=125.4/1800s ETA=38.7s CUDA=21.8MiB
[native-refit] event-hybrid-760930003 updates=3574/4500 applied=3574 skipped=0 loss=1.2506897449493408 budget=130.4/1800s ETA=33.8s CUDA=21.8MiB
[native-refit] event-hybrid-760930003 updates=3715/4500 applied=3715 skipped=0 loss=1.1304888725280762 budget=135.5/1800s ETA=28.6s CUDA=21.8MiB
[native-refit] event-hybrid-760930003 updates=3844/4500 applied=3844 skipped=0 loss=1.326432704925537 budget=140.5/1800s ETA=24.0s CUDA=21.8MiB
[native-refit] event-hybrid-760930003 updates=3982/4500 applied=3982 skipped=0 loss=1.1361205577850342 budget=145.5/1800s ETA=18.9s CUDA=21.8MiB
[native-refit] event-hybrid-760930003 updates=4127/4500 applied=4127 skipped=0 loss=1.0926928520202637 budget=150.5/1800s ETA=13.6s CUDA=21.8MiB
[native-refit] event-hybrid-760930003 updates=4262/4500 applied=4262 skipped=0 loss=1.4050536155700684 budget=155.5/1800s ETA=8.7s CUDA=21.8MiB
[native-refit] event-hybrid-760930003 updates=4396/4500 applied=4396 skipped=0 loss=1.1277843713760376 budget=160.6/1800s ETA=3.8s CUDA=21.8MiB
[native-refit] event-hybrid-760930003 updates=4500/4500 applied=4500 skipped=0 loss=1.1473920345306396 budget=164.6/1800s ETA=0.0s CUDA=21.8MiB
[native-refit] selector-hybrid-760930003 updates=148/2000 applied=148 skipped=0 loss=0.6526939868927002 budget=5.0/1800s ETA=62.9s CUDA=20.8MiB
[native-refit] selector-hybrid-760930003 updates=299/2000 applied=299 skipped=0 loss=0.6260268688201904 budget=10.0/1800s ETA=57.0s CUDA=20.8MiB
[native-refit] selector-hybrid-760930003 updates=455/2000 applied=455 skipped=0 loss=0.5908651947975159 budget=15.0/1800s ETA=51.1s CUDA=20.8MiB
[native-refit] selector-hybrid-760930003 updates=603/2000 applied=603 skipped=0 loss=0.6519895792007446 budget=20.0/1800s ETA=46.5s CUDA=20.8MiB
[native-refit] selector-hybrid-760930003 updates=751/2000 applied=751 skipped=0 loss=0.654906153678894 budget=25.1/1800s ETA=41.7s CUDA=20.8MiB
[native-refit] selector-hybrid-760930003 updates=897/2000 applied=897 skipped=0 loss=0.6190186738967896 budget=30.1/1800s ETA=37.0s CUDA=20.8MiB
[native-refit] selector-hybrid-760930003 updates=1048/2000 applied=1048 skipped=0 loss=0.6512150764465332 budget=35.1/1800s ETA=31.9s CUDA=20.8MiB
[native-refit] selector-hybrid-760930003 updates=1203/2000 applied=1203 skipped=0 loss=0.6446967124938965 budget=40.1/1800s ETA=26.6s CUDA=20.8MiB
[native-refit] selector-hybrid-760930003 updates=1351/2000 applied=1351 skipped=0 loss=0.6534135937690735 budget=45.1/1800s ETA=21.7s CUDA=20.8MiB
[native-refit] selector-hybrid-760930003 updates=1499/2000 applied=1499 skipped=0 loss=0.6397289633750916 budget=50.2/1800s ETA=16.8s CUDA=20.8MiB
[native-refit] selector-hybrid-760930003 updates=1651/2000 applied=1651 skipped=0 loss=0.5774732828140259 budget=55.2/1800s ETA=11.7s CUDA=20.8MiB
[native-refit] selector-hybrid-760930003 updates=1812/2000 applied=1812 skipped=0 loss=0.6202554702758789 budget=60.2/1800s ETA=6.2s CUDA=20.8MiB
[native-refit] selector-hybrid-760930003 updates=1966/2000 applied=1966 skipped=0 loss=0.6129759550094604 budget=65.2/1800s ETA=1.1s CUDA=20.8MiB
[native-refit] selector-hybrid-760930003 updates=2000/2000 applied=2000 skipped=0 loss=0.6490575671195984 budget=66.3/1800s ETA=0.0s CUDA=20.8MiB
[native-refit] event-pure-760930003 updates=141/4500 applied=141 skipped=0 loss=7.250964641571045 budget=5.0/1800s ETA=155.9s CUDA=21.8MiB
[native-refit] event-pure-760930003 updates=289/4500 applied=289 skipped=0 loss=5.342251300811768 budget=10.1/1800s ETA=146.7s CUDA=21.8MiB
[native-refit] event-pure-760930003 updates=426/4500 applied=426 skipped=0 loss=0.8353348970413208 budget=15.1/1800s ETA=144.3s CUDA=21.8MiB
[native-refit] event-pure-760930003 updates=566/4500 applied=566 skipped=0 loss=1.132887840270996 budget=20.1/1800s ETA=139.9s CUDA=21.8MiB
[native-refit] event-pure-760930003 updates=699/4500 applied=699 skipped=0 loss=5.037086009979248 budget=25.1/1800s ETA=136.8s CUDA=21.8MiB
[native-refit] event-pure-760930003 updates=829/4500 applied=829 skipped=0 loss=0.7970015406608582 budget=30.2/1800s ETA=133.6s CUDA=21.8MiB
[native-refit] event-pure-760930003 updates=966/4500 applied=966 skipped=0 loss=1.0843011140823364 budget=35.2/1800s ETA=128.8s CUDA=21.8MiB
[native-refit] event-pure-760930003 updates=1098/4500 applied=1098 skipped=0 loss=4.931442737579346 budget=40.2/1800s ETA=124.5s CUDA=21.8MiB
[native-refit] event-pure-760930003 updates=1237/4500 applied=1237 skipped=0 loss=0.6783447265625 budget=45.2/1800s ETA=119.3s CUDA=21.8MiB
[native-refit] event-pure-760930003 updates=1380/4500 applied=1380 skipped=0 loss=0.990652859210968 budget=50.2/1800s ETA=113.7s CUDA=21.8MiB
[native-refit] event-pure-760930003 updates=1521/4500 applied=1521 skipped=0 loss=1.0914660692214966 budget=55.3/1800s ETA=108.3s CUDA=21.8MiB
[native-refit] event-pure-760930003 updates=1652/4500 applied=1652 skipped=0 loss=2.0322649478912354 budget=60.3/1800s ETA=104.0s CUDA=21.8MiB
[native-refit] event-pure-760930003 updates=1788/4500 applied=1788 skipped=0 loss=5.957794189453125 budget=65.3/1800s ETA=99.1s CUDA=21.8MiB
[native-refit] event-pure-760930003 updates=1924/4500 applied=1924 skipped=0 loss=0.9489712715148926 budget=70.3/1800s ETA=94.2s CUDA=21.8MiB
[native-refit] event-pure-760930003 updates=2065/4500 applied=2065 skipped=0 loss=1.5984947681427002 budget=75.4/1800s ETA=88.9s CUDA=21.8MiB
[native-refit] event-pure-760930003 updates=2206/4500 applied=2206 skipped=0 loss=2.045515298843384 budget=80.4/1800s ETA=83.6s CUDA=21.8MiB
[native-refit] event-pure-760930003 updates=2352/4500 applied=2352 skipped=0 loss=1.4494705200195312 budget=85.4/1800s ETA=78.0s CUDA=21.8MiB
[native-refit] event-pure-760930003 updates=2490/4500 applied=2490 skipped=0 loss=5.006001949310303 budget=90.4/1800s ETA=73.0s CUDA=21.8MiB
[native-refit] event-pure-760930003 updates=2622/4500 applied=2622 skipped=0 loss=1.0480362176895142 budget=95.4/1800s ETA=68.3s CUDA=21.8MiB
[native-refit] event-pure-760930003 updates=2757/4500 applied=2757 skipped=0 loss=0.8032646775245667 budget=100.4/1800s ETA=63.5s CUDA=21.8MiB
[native-refit] event-pure-760930003 updates=2891/4500 applied=2891 skipped=0 loss=1.1329110860824585 budget=105.4/1800s ETA=58.7s CUDA=21.8MiB
[native-refit] event-pure-760930003 updates=3030/4500 applied=3030 skipped=0 loss=1.0444895029067993 budget=110.5/1800s ETA=53.6s CUDA=21.8MiB
[native-refit] event-pure-760930003 updates=3165/4500 applied=3165 skipped=0 loss=1.2772270441055298 budget=115.5/1800s ETA=48.7s CUDA=21.8MiB
[native-refit] event-pure-760930003 updates=3304/4500 applied=3304 skipped=0 loss=1.1376192569732666 budget=120.5/1800s ETA=43.6s CUDA=21.8MiB
[native-refit] event-pure-760930003 updates=3448/4500 applied=3448 skipped=0 loss=4.582268714904785 budget=125.5/1800s ETA=38.3s CUDA=21.8MiB
[native-refit] event-pure-760930003 updates=3592/4500 applied=3592 skipped=0 loss=4.724151611328125 budget=130.5/1800s ETA=33.0s CUDA=21.8MiB
[native-refit] event-pure-760930003 updates=3737/4500 applied=3737 skipped=0 loss=1.0757262706756592 budget=135.6/1800s ETA=27.7s CUDA=21.8MiB
[native-refit] event-pure-760930003 updates=3878/4500 applied=3878 skipped=0 loss=1.1585371494293213 budget=140.6/1800s ETA=22.5s CUDA=21.8MiB
[native-refit] event-pure-760930003 updates=4017/4500 applied=4017 skipped=0 loss=1.1817011833190918 budget=145.6/1800s ETA=17.5s CUDA=21.8MiB
[native-refit] event-pure-760930003 updates=4160/4500 applied=4160 skipped=0 loss=4.519032001495361 budget=150.6/1800s ETA=12.3s CUDA=21.8MiB
[native-refit] event-pure-760930003 updates=4299/4500 applied=4299 skipped=0 loss=4.910660266876221 budget=155.7/1800s ETA=7.3s CUDA=21.8MiB
[native-refit] event-pure-760930003 updates=4436/4500 applied=4436 skipped=0 loss=1.0743602514266968 budget=160.7/1800s ETA=2.3s CUDA=21.8MiB
[native-refit] event-pure-760930003 updates=4500/4500 applied=4500 skipped=0 loss=1.1473944187164307 budget=163.0/1800s ETA=0.0s CUDA=21.8MiB
[native-refit] selector-pure-760930003 updates=155/2000 applied=155 skipped=0 loss=0.6506239175796509 budget=5.0/1800s ETA=59.9s CUDA=20.8MiB
[native-refit] selector-pure-760930003 updates=309/2000 applied=309 skipped=0 loss=0.6841946244239807 budget=10.0/1800s ETA=54.9s CUDA=20.8MiB
[native-refit] selector-pure-760930003 updates=457/2000 applied=457 skipped=0 loss=0.6622173190116882 budget=15.0/1800s ETA=50.8s CUDA=20.8MiB
[native-refit] selector-pure-760930003 updates=612/2000 applied=612 skipped=0 loss=0.6494418382644653 budget=20.0/1800s ETA=45.5s CUDA=20.8MiB
[native-refit] selector-pure-760930003 updates=771/2000 applied=771 skipped=0 loss=0.6993920803070068 budget=25.1/1800s ETA=40.0s CUDA=20.8MiB
[native-refit] selector-pure-760930003 updates=918/2000 applied=918 skipped=0 loss=0.6825886964797974 budget=30.1/1800s ETA=35.5s CUDA=20.8MiB
[native-refit] selector-pure-760930003 updates=1072/2000 applied=1072 skipped=0 loss=0.6383129358291626 budget=35.1/1800s ETA=30.4s CUDA=20.8MiB
[native-refit] selector-pure-760930003 updates=1229/2000 applied=1229 skipped=0 loss=0.6759271621704102 budget=40.1/1800s ETA=25.2s CUDA=20.8MiB
[native-refit] selector-pure-760930003 updates=1378/2000 applied=1378 skipped=0 loss=0.6186753511428833 budget=45.1/1800s ETA=20.4s CUDA=20.8MiB
[native-refit] selector-pure-760930003 updates=1532/2000 applied=1532 skipped=0 loss=0.682724118232727 budget=50.1/1800s ETA=15.3s CUDA=20.8MiB
[native-refit] selector-pure-760930003 updates=1675/2000 applied=1675 skipped=0 loss=0.6437798738479614 budget=55.2/1800s ETA=10.7s CUDA=20.8MiB
[native-refit] selector-pure-760930003 updates=1833/2000 applied=1833 skipped=0 loss=0.6702384948730469 budget=60.2/1800s ETA=5.5s CUDA=20.8MiB
[native-refit] selector-pure-760930003 updates=1979/2000 applied=1979 skipped=0 loss=0.6405224800109863 budget=65.2/1800s ETA=0.7s CUDA=20.8MiB
[native-refit] selector-pure-760930003 updates=2000/2000 applied=2000 skipped=0 loss=0.6065200567245483 budget=65.8/1800s ETA=0.0s CUDA=20.8MiB
